Java HotSpot(TM) 64-Bit Server VM (25.231-b11) for bsd-amd64 JRE (1.8.0_231-b11), built on Oct  5 2019 03:15:25 by "java_re" with gcc 4.2.1 (Based on Apple Inc. build 5658) (LLVM build 2336.11.00)
Memory: 4k page, physical 8388608k(602172k free)

/proc/meminfo:

CommandLine flags: -XX:+ExplicitGCInvokesConcurrent -XX:GCLogFileSize=104857600 -XX:InitialHeapSize=268435456 -XX:InitiatingHeapOccupancyPercent=35 -XX:+ManagementServer -XX:MaxGCPauseMillis=20 -XX:MaxHeapSize=1073741824 -XX:NumberOfGCLogFiles=10 -XX:+PrintGC -XX:+PrintGCDateStamps -XX:+PrintGCDetails -XX:+PrintGCTimeStamps -XX:+UseCompressedClassPointers -XX:+UseCompressedOops -XX:+UseG1GC -XX:+UseGCLogFileRotation 
2020-04-16T13:29:22.446+0800: 5.530: [GC pause (G1 Evacuation Pause) (young), 0.0043719 secs]
   [Parallel Time: 3.3 ms, GC Workers: 4]
      [GC Worker Start (ms): Min: 5530.1, Avg: 5530.2, Max: 5530.2, Diff: 0.0]
      [Ext Root Scanning (ms): Min: 0.3, Avg: 0.5, Max: 1.1, Diff: 0.8, Sum: 2.1]
      [Update RS (ms): Min: 0.0, Avg: 0.0, Max: 0.0, Diff: 0.0, Sum: 0.0]
         [Processed Buffers: Min: 0, Avg: 0.0, Max: 0, Diff: 0, Sum: 0]
      [Scan RS (ms): Min: 0.0, Avg: 0.0, Max: 0.0, Diff: 0.0, Sum: 0.0]
      [Code Root Scanning (ms): Min: 0.0, Avg: 0.2, Max: 0.4, Diff: 0.4, Sum: 0.6]
      [Object Copy (ms): Min: 2.1, Avg: 2.5, Max: 2.8, Diff: 0.7, Sum: 9.9]
      [Termination (ms): Min: 0.0, Avg: 0.0, Max: 0.0, Diff: 0.0, Sum: 0.0]
         [Termination Attempts: Min: 1, Avg: 3.2, Max: 6, Diff: 5, Sum: 13]
      [GC Worker Other (ms): Min: 0.0, Avg: 0.0, Max: 0.0, Diff: 0.0, Sum: 0.1]
      [GC Worker Total (ms): Min: 3.2, Avg: 3.2, Max: 3.2, Diff: 0.1, Sum: 12.8]
      [GC Worker End (ms): Min: 5533.3, Avg: 5533.3, Max: 5533.3, Diff: 0.0]
   [Code Root Fixup: 0.0 ms]
   [Code Root Purge: 0.0 ms]
   [Clear CT: 0.1 ms]
   [Other: 1.0 ms]
      [Choose CSet: 0.0 ms]
      [Ref Proc: 0.7 ms]
      [Ref Enq: 0.0 ms]
      [Redirty Cards: 0.1 ms]
      [Humongous Register: 0.0 ms]
      [Humongous Reclaim: 0.0 ms]
      [Free CSet: 0.0 ms]
   [Eden: 12.0M(12.0M)->0.0B(10.0M) Survivors: 0.0B->2048.0K Heap: 12.0M(256.0M)->2792.5K(256.0M)]
 [Times: user=0.01 sys=0.00, real=0.01 secs] 
2020-04-16T13:29:22.611+0800: 5.695: [GC pause (G1 Evacuation Pause) (young), 0.0046028 secs]
   [Parallel Time: 3.1 ms, GC Workers: 4]
      [GC Worker Start (ms): Min: 5695.0, Avg: 5695.1, Max: 5695.1, Diff: 0.0]
      [Ext Root Scanning (ms): Min: 0.2, Avg: 0.4, Max: 0.9, Diff: 0.8, Sum: 1.5]
      [Update RS (ms): Min: 0.0, Avg: 0.0, Max: 0.2, Diff: 0.2, Sum: 0.2]
         [Processed Buffers: Min: 0, Avg: 0.2, Max: 1, Diff: 1, Sum: 1]
      [Scan RS (ms): Min: 0.0, Avg: 0.0, Max: 0.0, Diff: 0.0, Sum: 0.0]
      [Code Root Scanning (ms): Min: 0.0, Avg: 0.2, Max: 0.6, Diff: 0.6, Sum: 0.6]
      [Object Copy (ms): Min: 2.1, Avg: 2.5, Max: 2.7, Diff: 0.5, Sum: 9.8]
      [Termination (ms): Min: 0.0, Avg: 0.0, Max: 0.0, Diff: 0.0, Sum: 0.0]
         [Termination Attempts: Min: 1, Avg: 2.2, Max: 3, Diff: 2, Sum: 9]
      [GC Worker Other (ms): Min: 0.0, Avg: 0.0, Max: 0.0, Diff: 0.0, Sum: 0.0]
      [GC Worker Total (ms): Min: 3.0, Avg: 3.1, Max: 3.1, Diff: 0.0, Sum: 12.2]
      [GC Worker End (ms): Min: 5698.1, Avg: 5698.1, Max: 5698.1, Diff: 0.0]
   [Code Root Fixup: 0.0 ms]
   [Code Root Purge: 0.0 ms]
   [Clear CT: 0.1 ms]
   [Other: 1.4 ms]
      [Choose CSet: 0.0 ms]
      [Ref Proc: 1.1 ms]
      [Ref Enq: 0.0 ms]
      [Redirty Cards: 0.1 ms]
      [Humongous Register: 0.0 ms]
      [Humongous Reclaim: 0.0 ms]
      [Free CSet: 0.0 ms]
   [Eden: 10.0M(10.0M)->0.0B(10.0M) Survivors: 2048.0K->2048.0K Heap: 12.7M(256.0M)->6336.0K(256.0M)]
 [Times: user=0.01 sys=0.00, real=0.00 secs] 
2020-04-16T13:29:22.767+0800: 5.851: [GC pause (G1 Evacuation Pause) (young), 0.0029361 secs]
   [Parallel Time: 2.1 ms, GC Workers: 4]
      [GC Worker Start (ms): Min: 5851.4, Avg: 5851.9, Max: 5853.1, Diff: 1.7]
      [Ext Root Scanning (ms): Min: 0.0, Avg: 0.7, Max: 2.0, Diff: 2.0, Sum: 2.8]
      [Update RS (ms): Min: 0.0, Avg: 0.2, Max: 0.3, Diff: 0.3, Sum: 0.6]
         [Processed Buffers: Min: 0, Avg: 2.0, Max: 6, Diff: 6, Sum: 8]
      [Scan RS (ms): Min: 0.0, Avg: 0.0, Max: 0.1, Diff: 0.1, Sum: 0.2]
      [Code Root Scanning (ms): Min: 0.0, Avg: 0.0, Max: 0.1, Diff: 0.1, Sum: 0.1]
      [Object Copy (ms): Min: 0.0, Avg: 0.3, Max: 0.6, Diff: 0.6, Sum: 1.3]
      [Termination (ms): Min: 0.0, Avg: 0.3, Max: 0.4, Diff: 0.4, Sum: 1.0]
         [Termination Attempts: Min: 1, Avg: 1.5, Max: 2, Diff: 1, Sum: 6]
      [GC Worker Other (ms): Min: 0.0, Avg: 0.0, Max: 0.0, Diff: 0.0, Sum: 0.1]
      [GC Worker Total (ms): Min: 0.3, Avg: 1.5, Max: 2.0, Diff: 1.7, Sum: 6.0]
      [GC Worker End (ms): Min: 5853.4, Avg: 5853.4, Max: 5853.4, Diff: 0.0]
   [Code Root Fixup: 0.0 ms]
   [Code Root Purge: 0.0 ms]
   [Clear CT: 0.1 ms]
   [Other: 0.8 ms]
      [Choose CSet: 0.0 ms]
      [Ref Proc: 0.6 ms]
      [Ref Enq: 0.0 ms]
      [Redirty Cards: 0.1 ms]
      [Humongous Register: 0.0 ms]
      [Humongous Reclaim: 0.0 ms]
      [Free CSet: 0.0 ms]
   [Eden: 10.0M(10.0M)->0.0B(10.0M) Survivors: 2048.0K->2048.0K Heap: 16.2M(256.0M)->6848.0K(256.0M)]
 [Times: user=0.01 sys=0.00, real=0.01 secs] 
2020-04-16T13:29:27.936+0800: 11.020: [GC pause (G1 Evacuation Pause) (young), 0.0041091 secs]
   [Parallel Time: 2.8 ms, GC Workers: 4]
      [GC Worker Start (ms): Min: 11019.8, Avg: 11019.8, Max: 11019.8, Diff: 0.0]
      [Ext Root Scanning (ms): Min: 0.7, Avg: 1.3, Max: 2.7, Diff: 2.0, Sum: 5.0]
      [Update RS (ms): Min: 0.0, Avg: 0.1, Max: 0.2, Diff: 0.2, Sum: 0.5]
         [Processed Buffers: Min: 0, Avg: 2.0, Max: 4, Diff: 4, Sum: 8]
      [Scan RS (ms): Min: 0.0, Avg: 0.0, Max: 0.0, Diff: 0.0, Sum: 0.0]
      [Code Root Scanning (ms): Min: 0.0, Avg: 0.0, Max: 0.1, Diff: 0.1, Sum: 0.2]
      [Object Copy (ms): Min: 0.0, Avg: 0.8, Max: 1.1, Diff: 1.1, Sum: 3.2]
      [Termination (ms): Min: 0.0, Avg: 0.5, Max: 0.6, Diff: 0.6, Sum: 1.8]
         [Termination Attempts: Min: 2, Avg: 2.5, Max: 3, Diff: 1, Sum: 10]
      [GC Worker Other (ms): Min: 0.0, Avg: 0.0, Max: 0.0, Diff: 0.0, Sum: 0.1]
      [GC Worker Total (ms): Min: 2.7, Avg: 2.7, Max: 2.7, Diff: 0.1, Sum: 10.8]
      [GC Worker End (ms): Min: 11022.5, Avg: 11022.5, Max: 11022.5, Diff: 0.0]
   [Code Root Fixup: 0.0 ms]
   [Code Root Purge: 0.0 ms]
   [Clear CT: 0.1 ms]
   [Other: 1.2 ms]
      [Choose CSet: 0.0 ms]
      [Ref Proc: 1.1 ms]
      [Ref Enq: 0.0 ms]
      [Redirty Cards: 0.1 ms]
      [Humongous Register: 0.0 ms]
      [Humongous Reclaim: 0.0 ms]
      [Free CSet: 0.0 ms]
   [Eden: 10.0M(10.0M)->0.0B(10.0M) Survivors: 2048.0K->2048.0K Heap: 16.7M(256.0M)->7772.0K(256.0M)]
 [Times: user=0.00 sys=0.00, real=0.01 secs] 
2020-04-16T13:29:28.192+0800: 11.276: [GC pause (G1 Evacuation Pause) (young), 0.0025998 secs]
   [Parallel Time: 1.5 ms, GC Workers: 4]
      [GC Worker Start (ms): Min: 11276.3, Avg: 11276.3, Max: 11276.3, Diff: 0.0]
      [Ext Root Scanning (ms): Min: 0.4, Avg: 0.5, Max: 0.7, Diff: 0.3, Sum: 2.0]
      [Update RS (ms): Min: 0.0, Avg: 0.1, Max: 0.2, Diff: 0.2, Sum: 0.5]
         [Processed Buffers: Min: 1, Avg: 2.2, Max: 5, Diff: 4, Sum: 9]
      [Scan RS (ms): Min: 0.0, Avg: 0.0, Max: 0.0, Diff: 0.0, Sum: 0.0]
      [Code Root Scanning (ms): Min: 0.0, Avg: 0.0, Max: 0.1, Diff: 0.1, Sum: 0.2]
      [Object Copy (ms): Min: 0.7, Avg: 0.8, Max: 0.8, Diff: 0.1, Sum: 3.1]
      [Termination (ms): Min: 0.0, Avg: 0.0, Max: 0.0, Diff: 0.0, Sum: 0.0]
         [Termination Attempts: Min: 1, Avg: 1.2, Max: 2, Diff: 1, Sum: 5]
      [GC Worker Other (ms): Min: 0.0, Avg: 0.0, Max: 0.0, Diff: 0.0, Sum: 0.1]
      [GC Worker Total (ms): Min: 1.4, Avg: 1.4, Max: 1.5, Diff: 0.0, Sum: 5.8]
      [GC Worker End (ms): Min: 11277.7, Avg: 11277.7, Max: 11277.7, Diff: 0.0]
   [Code Root Fixup: 0.0 ms]
   [Code Root Purge: 0.0 ms]
   [Clear CT: 0.1 ms]
   [Other: 1.0 ms]
      [Choose CSet: 0.0 ms]
      [Ref Proc: 0.9 ms]
      [Ref Enq: 0.0 ms]
      [Redirty Cards: 0.0 ms]
      [Humongous Register: 0.0 ms]
      [Humongous Reclaim: 0.0 ms]
      [Free CSet: 0.0 ms]
   [Eden: 10.0M(10.0M)->0.0B(14.0M) Survivors: 2048.0K->2048.0K Heap: 17.6M(256.0M)->8984.0K(256.0M)]
 [Times: user=0.01 sys=0.00, real=0.00 secs] 
2020-04-16T13:29:28.449+0800: 11.533: [GC pause (G1 Evacuation Pause) (young), 0.0051710 secs]
   [Parallel Time: 3.2 ms, GC Workers: 4]
      [GC Worker Start (ms): Min: 11533.1, Avg: 11533.5, Max: 11534.8, Diff: 1.7]
      [Ext Root Scanning (ms): Min: 0.0, Avg: 0.6, Max: 1.1, Diff: 1.1, Sum: 2.5]
      [Update RS (ms): Min: 0.0, Avg: 0.1, Max: 0.3, Diff: 0.3, Sum: 0.6]
         [Processed Buffers: Min: 0, Avg: 2.0, Max: 6, Diff: 6, Sum: 8]
      [Scan RS (ms): Min: 0.0, Avg: 0.2, Max: 0.8, Diff: 0.8, Sum: 0.8]
      [Code Root Scanning (ms): Min: 0.0, Avg: 0.1, Max: 0.2, Diff: 0.2, Sum: 0.2]
      [Object Copy (ms): Min: 0.4, Avg: 1.5, Max: 2.1, Diff: 1.6, Sum: 6.1]
      [Termination (ms): Min: 0.0, Avg: 0.1, Max: 0.1, Diff: 0.1, Sum: 0.3]
         [Termination Attempts: Min: 1, Avg: 1.0, Max: 1, Diff: 0, Sum: 4]
      [GC Worker Other (ms): Min: 0.0, Avg: 0.0, Max: 0.0, Diff: 0.0, Sum: 0.1]
      [GC Worker Total (ms): Min: 1.4, Avg: 2.7, Max: 3.1, Diff: 1.7, Sum: 10.6]
      [GC Worker End (ms): Min: 11536.2, Avg: 11536.2, Max: 11536.2, Diff: 0.0]
   [Code Root Fixup: 0.0 ms]
   [Code Root Purge: 0.0 ms]
   [Clear CT: 0.1 ms]
   [Other: 1.9 ms]
      [Choose CSet: 0.0 ms]
      [Ref Proc: 1.7 ms]
      [Ref Enq: 0.0 ms]
      [Redirty Cards: 0.0 ms]
      [Humongous Register: 0.0 ms]
      [Humongous Reclaim: 0.0 ms]
      [Free CSet: 0.0 ms]
   [Eden: 14.0M(14.0M)->0.0B(41.0M) Survivors: 2048.0K->2048.0K Heap: 22.8M(256.0M)->11.4M(256.0M)]
 [Times: user=0.01 sys=0.00, real=0.01 secs] 
2020-04-16T13:29:28.682+0800: 11.766: [GC pause (G1 Humongous Allocation) (young) (initial-mark), 0.0074387 secs]
   [Parallel Time: 5.3 ms, GC Workers: 4]
      [GC Worker Start (ms): Min: 11766.4, Avg: 11766.4, Max: 11766.4, Diff: 0.1]
      [Ext Root Scanning (ms): Min: 1.9, Avg: 2.1, Max: 2.1, Diff: 0.2, Sum: 8.3]
      [Update RS (ms): Min: 0.5, Avg: 0.5, Max: 0.6, Diff: 0.2, Sum: 2.1]
         [Processed Buffers: Min: 1, Avg: 2.8, Max: 6, Diff: 5, Sum: 11]
      [Scan RS (ms): Min: 0.0, Avg: 0.0, Max: 0.0, Diff: 0.0, Sum: 0.0]
      [Code Root Scanning (ms): Min: 0.0, Avg: 0.2, Max: 0.5, Diff: 0.5, Sum: 0.7]
      [Object Copy (ms): Min: 1.9, Avg: 2.3, Max: 2.7, Diff: 0.8, Sum: 9.3]
      [Termination (ms): Min: 0.0, Avg: 0.0, Max: 0.0, Diff: 0.0, Sum: 0.0]
         [Termination Attempts: Min: 1, Avg: 2.0, Max: 3, Diff: 2, Sum: 8]
      [GC Worker Other (ms): Min: 0.0, Avg: 0.0, Max: 0.1, Diff: 0.0, Sum: 0.2]
      [GC Worker Total (ms): Min: 5.1, Avg: 5.2, Max: 5.2, Diff: 0.1, Sum: 20.6]
      [GC Worker End (ms): Min: 11771.5, Avg: 11771.5, Max: 11771.6, Diff: 0.0]
   [Code Root Fixup: 0.0 ms]
   [Code Root Purge: 0.0 ms]
   [Clear CT: 0.2 ms]
   [Other: 1.9 ms]
      [Choose CSet: 0.0 ms]
      [Ref Proc: 1.6 ms]
      [Ref Enq: 0.0 ms]
      [Redirty Cards: 0.1 ms]
      [Humongous Register: 0.0 ms]
      [Humongous Reclaim: 0.0 ms]
      [Free CSet: 0.0 ms]
   [Eden: 12.0M(41.0M)->0.0B(51.0M) Survivors: 2048.0K->3072.0K Heap: 23.1M(256.0M)->12.3M(256.0M)]
 [Times: user=0.02 sys=0.00, real=0.01 secs] 
2020-04-16T13:29:28.690+0800: 11.774: [GC concurrent-root-region-scan-start]
2020-04-16T13:29:28.695+0800: 11.779: [GC concurrent-root-region-scan-end, 0.0047696 secs]
2020-04-16T13:29:28.695+0800: 11.779: [GC concurrent-mark-start]
2020-04-16T13:29:28.775+0800: 11.859: [GC concurrent-mark-end, 0.0806515 secs]
2020-04-16T13:29:28.776+0800: 11.860: [GC remark 2020-04-16T13:29:28.776+0800: 11.860: [Finalize Marking, 0.0000816 secs] 2020-04-16T13:29:28.776+0800: 11.860: [GC ref-proc, 0.0000591 secs] 2020-04-16T13:29:28.776+0800: 11.860: [Unloading, 0.0026737 secs], 0.0029823 secs]
 [Times: user=0.01 sys=0.00, real=0.00 secs] 
2020-04-16T13:29:28.779+0800: 11.863: [GC cleanup 142M->136M(256M), 0.0004159 secs]
 [Times: user=0.00 sys=0.00, real=0.00 secs] 
2020-04-16T13:29:28.779+0800: 11.863: [GC concurrent-cleanup-start]
2020-04-16T13:29:28.779+0800: 11.863: [GC concurrent-cleanup-end, 0.0000158 secs]
2020-04-16T13:29:58.690+0800: 41.774: [GC pause (G1 Evacuation Pause) (young), 0.0119750 secs]
   [Parallel Time: 6.5 ms, GC Workers: 4]
      [GC Worker Start (ms): Min: 41773.9, Avg: 41773.9, Max: 41773.9, Diff: 0.1]
      [Ext Root Scanning (ms): Min: 0.8, Avg: 1.1, Max: 1.7, Diff: 0.9, Sum: 4.3]
      [Update RS (ms): Min: 0.0, Avg: 0.2, Max: 0.4, Diff: 0.4, Sum: 0.8]
         [Processed Buffers: Min: 0, Avg: 3.2, Max: 10, Diff: 10, Sum: 13]
      [Scan RS (ms): Min: 0.0, Avg: 0.0, Max: 0.0, Diff: 0.0, Sum: 0.0]
      [Code Root Scanning (ms): Min: 0.0, Avg: 0.2, Max: 0.5, Diff: 0.5, Sum: 0.8]
      [Object Copy (ms): Min: 4.7, Avg: 5.0, Max: 5.2, Diff: 0.4, Sum: 19.8]
      [Termination (ms): Min: 0.0, Avg: 0.0, Max: 0.0, Diff: 0.0, Sum: 0.0]
         [Termination Attempts: Min: 1, Avg: 1.8, Max: 2, Diff: 1, Sum: 7]
      [GC Worker Other (ms): Min: 0.0, Avg: 0.0, Max: 0.0, Diff: 0.0, Sum: 0.1]
      [GC Worker Total (ms): Min: 6.4, Avg: 6.5, Max: 6.5, Diff: 0.1, Sum: 25.8]
      [GC Worker End (ms): Min: 41780.3, Avg: 41780.3, Max: 41780.3, Diff: 0.0]
   [Code Root Fixup: 0.0 ms]
   [Code Root Purge: 0.1 ms]
   [Clear CT: 0.5 ms]
   [Other: 4.8 ms]
      [Choose CSet: 0.0 ms]
      [Ref Proc: 4.4 ms]
      [Ref Enq: 0.1 ms]
      [Redirty Cards: 0.1 ms]
      [Humongous Register: 0.0 ms]
      [Humongous Reclaim: 0.0 ms]
      [Free CSet: 0.1 ms]
   [Eden: 51.0M(51.0M)->0.0B(37.0M) Survivors: 3072.0K->7168.0K Heap: 186.0M(256.0M)->141.7M(256.0M)]
 [Times: user=0.03 sys=0.01, real=0.01 secs] 
2020-04-16T13:38:28.599+0800: 551.683: [GC pause (G1 Evacuation Pause) (young), 0.0131193 secs]
   [Parallel Time: 11.5 ms, GC Workers: 4]
      [GC Worker Start (ms): Min: 551682.7, Avg: 551685.8, Max: 551692.0, Diff: 9.3]
      [Ext Root Scanning (ms): Min: 0.0, Avg: 0.8, Max: 1.7, Diff: 1.6, Sum: 3.2]
      [Update RS (ms): Min: 0.0, Avg: 0.3, Max: 0.6, Diff: 0.6, Sum: 1.1]
         [Processed Buffers: Min: 0, Avg: 3.2, Max: 7, Diff: 7, Sum: 13]
      [Scan RS (ms): Min: 0.0, Avg: 0.0, Max: 0.0, Diff: 0.0, Sum: 0.0]
      [Code Root Scanning (ms): Min: 0.0, Avg: 1.7, Max: 5.4, Diff: 5.4, Sum: 6.7]
      [Object Copy (ms): Min: 1.7, Avg: 5.2, Max: 8.0, Diff: 6.3, Sum: 20.9]
      [Termination (ms): Min: 0.0, Avg: 0.3, Max: 0.4, Diff: 0.4, Sum: 1.2]
         [Termination Attempts: Min: 1, Avg: 1.0, Max: 1, Diff: 0, Sum: 4]
      [GC Worker Other (ms): Min: 0.0, Avg: 0.0, Max: 0.0, Diff: 0.0, Sum: 0.1]
      [GC Worker Total (ms): Min: 2.1, Avg: 8.3, Max: 11.5, Diff: 9.4, Sum: 33.3]
      [GC Worker End (ms): Min: 551694.0, Avg: 551694.1, Max: 551694.2, Diff: 0.2]
   [Code Root Fixup: 0.1 ms]
   [Code Root Purge: 0.0 ms]
   [Clear CT: 0.1 ms]
   [Other: 1.4 ms]
      [Choose CSet: 0.0 ms]
      [Ref Proc: 1.1 ms]
      [Ref Enq: 0.0 ms]
      [Redirty Cards: 0.1 ms]
      [Humongous Register: 0.0 ms]
      [Humongous Reclaim: 0.0 ms]
      [Free CSet: 0.1 ms]
   [Eden: 37.0M(37.0M)->0.0B(25.0M) Survivors: 7168.0K->6144.0K Heap: 178.7M(256.0M)->143.5M(256.0M)]
 [Times: user=0.02 sys=0.01, real=0.02 secs] 
2020-04-16T13:39:30.181+0800: 613.265: [GC pause (G1 Evacuation Pause) (young) (initial-mark), 0.0147940 secs]
   [Parallel Time: 13.7 ms, GC Workers: 4]
      [GC Worker Start (ms): Min: 613264.7, Avg: 613265.8, Max: 613267.3, Diff: 2.5]
      [Ext Root Scanning (ms): Min: 0.0, Avg: 1.4, Max: 2.6, Diff: 2.6, Sum: 5.4]
      [Update RS (ms): Min: 1.1, Avg: 1.2, Max: 1.3, Diff: 0.2, Sum: 4.9]
         [Processed Buffers: Min: 1, Avg: 5.2, Max: 14, Diff: 13, Sum: 21]
      [Scan RS (ms): Min: 0.0, Avg: 0.0, Max: 0.0, Diff: 0.0, Sum: 0.0]
      [Code Root Scanning (ms): Min: 0.1, Avg: 0.8, Max: 1.0, Diff: 1.0, Sum: 3.0]
      [Object Copy (ms): Min: 8.7, Avg: 9.1, Max: 9.8, Diff: 1.2, Sum: 36.3]
      [Termination (ms): Min: 0.0, Avg: 0.0, Max: 0.0, Diff: 0.0, Sum: 0.0]
         [Termination Attempts: Min: 1, Avg: 1.0, Max: 1, Diff: 0, Sum: 4]
      [GC Worker Other (ms): Min: 0.0, Avg: 0.0, Max: 0.0, Diff: 0.0, Sum: 0.1]
      [GC Worker Total (ms): Min: 11.0, Avg: 12.4, Max: 13.5, Diff: 2.5, Sum: 49.8]
      [GC Worker End (ms): Min: 613278.2, Avg: 613278.2, Max: 613278.2, Diff: 0.0]
   [Code Root Fixup: 0.0 ms]
   [Code Root Purge: 0.0 ms]
   [Clear CT: 0.1 ms]
   [Other: 1.0 ms]
      [Choose CSet: 0.0 ms]
      [Ref Proc: 0.7 ms]
      [Ref Enq: 0.0 ms]
      [Redirty Cards: 0.1 ms]
      [Humongous Register: 0.0 ms]
      [Humongous Reclaim: 0.0 ms]
      [Free CSet: 0.1 ms]
   [Eden: 25.0M(25.0M)->0.0B(33.0M) Survivors: 6144.0K->4096.0K Heap: 168.5M(256.0M)->145.4M(256.0M)]
 [Times: user=0.04 sys=0.01, real=0.01 secs] 
2020-04-16T13:39:30.196+0800: 613.280: [GC concurrent-root-region-scan-start]
2020-04-16T13:39:30.205+0800: 613.288: [GC concurrent-root-region-scan-end, 0.0088820 secs]
2020-04-16T13:39:30.205+0800: 613.288: [GC concurrent-mark-start]
2020-04-16T13:39:30.225+0800: 613.309: [GC concurrent-mark-end, 0.0203303 secs]
2020-04-16T13:39:30.225+0800: 613.309: [GC remark 2020-04-16T13:39:30.225+0800: 613.309: [Finalize Marking, 0.0000981 secs] 2020-04-16T13:39:30.225+0800: 613.309: [GC ref-proc, 0.0000552 secs] 2020-04-16T13:39:30.225+0800: 613.309: [Unloading, 0.0059384 secs], 0.0075988 secs]
 [Times: user=0.02 sys=0.00, real=0.01 secs] 
2020-04-16T13:39:30.233+0800: 613.317: [GC cleanup 145M->142M(256M), 0.0002665 secs]
 [Times: user=0.00 sys=0.00, real=0.00 secs] 
2020-04-16T13:39:30.233+0800: 613.317: [GC concurrent-cleanup-start]
2020-04-16T13:39:30.233+0800: 613.317: [GC concurrent-cleanup-end, 0.0000125 secs]
2020-04-16T13:39:31.816+0800: 614.900: [GC pause (G1 Evacuation Pause) (young), 0.0112295 secs]
   [Parallel Time: 8.2 ms, GC Workers: 4]
      [GC Worker Start (ms): Min: 614900.3, Avg: 614900.4, Max: 614900.4, Diff: 0.1]
      [Ext Root Scanning (ms): Min: 0.7, Avg: 1.5, Max: 3.5, Diff: 2.9, Sum: 5.8]
      [Update RS (ms): Min: 0.2, Avg: 2.3, Max: 3.0, Diff: 2.8, Sum: 9.1]
         [Processed Buffers: Min: 5, Avg: 8.2, Max: 15, Diff: 10, Sum: 33]
      [Scan RS (ms): Min: 0.2, Avg: 0.2, Max: 0.2, Diff: 0.0, Sum: 0.8]
      [Code Root Scanning (ms): Min: 0.0, Avg: 0.2, Max: 0.5, Diff: 0.5, Sum: 0.9]
      [Object Copy (ms): Min: 3.5, Avg: 3.9, Max: 4.2, Diff: 0.7, Sum: 15.5]
      [Termination (ms): Min: 0.0, Avg: 0.0, Max: 0.0, Diff: 0.0, Sum: 0.0]
         [Termination Attempts: Min: 1, Avg: 1.0, Max: 1, Diff: 0, Sum: 4]
      [GC Worker Other (ms): Min: 0.0, Avg: 0.1, Max: 0.1, Diff: 0.1, Sum: 0.3]
      [GC Worker Total (ms): Min: 8.1, Avg: 8.1, Max: 8.2, Diff: 0.1, Sum: 32.4]
      [GC Worker End (ms): Min: 614908.4, Avg: 614908.4, Max: 614908.5, Diff: 0.1]
   [Code Root Fixup: 0.0 ms]
   [Code Root Purge: 0.0 ms]
   [Clear CT: 0.0 ms]
   [Other: 2.9 ms]
      [Choose CSet: 0.0 ms]
      [Ref Proc: 2.6 ms]
      [Ref Enq: 0.0 ms]
      [Redirty Cards: 0.0 ms]
      [Humongous Register: 0.0 ms]
      [Humongous Reclaim: 0.0 ms]
      [Free CSet: 0.0 ms]
   [Eden: 8192.0K(8192.0K)->0.0B(51.0M) Survivors: 4096.0K->2048.0K Heap: 150.4M(256.0M)->144.0M(256.0M)]
 [Times: user=0.03 sys=0.00, real=0.01 secs] 
2020-04-16T13:39:39.719+0800: 622.803: [GC pause (G1 Evacuation Pause) (young), 0.0097186 secs]
   [Parallel Time: 9.0 ms, GC Workers: 4]
      [GC Worker Start (ms): Min: 622803.0, Avg: 622803.0, Max: 622803.0, Diff: 0.0]
      [Ext Root Scanning (ms): Min: 0.5, Avg: 0.6, Max: 0.6, Diff: 0.1, Sum: 2.3]
      [Update RS (ms): Min: 1.8, Avg: 2.2, Max: 3.5, Diff: 1.8, Sum: 9.0]
         [Processed Buffers: Min: 3, Avg: 13.0, Max: 29, Diff: 26, Sum: 52]
      [Scan RS (ms): Min: 0.0, Avg: 0.1, Max: 0.2, Diff: 0.2, Sum: 0.5]
      [Code Root Scanning (ms): Min: 0.0, Avg: 0.0, Max: 0.0, Diff: 0.0, Sum: 0.0]
      [Object Copy (ms): Min: 4.7, Avg: 5.9, Max: 6.3, Diff: 1.7, Sum: 23.5]
      [Termination (ms): Min: 0.0, Avg: 0.1, Max: 0.1, Diff: 0.1, Sum: 0.3]
         [Termination Attempts: Min: 1, Avg: 1.0, Max: 1, Diff: 0, Sum: 4]
      [GC Worker Other (ms): Min: 0.0, Avg: 0.0, Max: 0.0, Diff: 0.0, Sum: 0.1]
      [GC Worker Total (ms): Min: 8.9, Avg: 8.9, Max: 9.0, Diff: 0.1, Sum: 35.6]
      [GC Worker End (ms): Min: 622811.9, Avg: 622811.9, Max: 622811.9, Diff: 0.1]
   [Code Root Fixup: 0.0 ms]
   [Code Root Purge: 0.0 ms]
   [Clear CT: 0.1 ms]
   [Other: 0.6 ms]
      [Choose CSet: 0.0 ms]
      [Ref Proc: 0.2 ms]
      [Ref Enq: 0.0 ms]
      [Redirty Cards: 0.1 ms]
      [Humongous Register: 0.1 ms]
      [Humongous Reclaim: 0.0 ms]
      [Free CSet: 0.0 ms]
   [Eden: 35.0M(35.0M)->0.0B(50.0M) Survivors: 2048.0K->5120.0K Heap: 179.0M(256.0M)->146.3M(256.0M)]
 [Times: user=0.03 sys=0.00, real=0.02 secs] 
2020-04-16T13:39:52.426+0800: 635.510: [GC pause (G1 Evacuation Pause) (young) (initial-mark), 0.0109557 secs]
   [Parallel Time: 10.5 ms, GC Workers: 4]
      [GC Worker Start (ms): Min: 635509.8, Avg: 635509.8, Max: 635509.9, Diff: 0.1]
      [Ext Root Scanning (ms): Min: 0.8, Avg: 0.9, Max: 1.0, Diff: 0.2, Sum: 3.5]
      [Update RS (ms): Min: 1.2, Avg: 1.4, Max: 1.8, Diff: 0.6, Sum: 5.7]
         [Processed Buffers: Min: 2, Avg: 9.2, Max: 26, Diff: 24, Sum: 37]
      [Scan RS (ms): Min: 0.0, Avg: 0.0, Max: 0.0, Diff: 0.0, Sum: 0.0]
      [Code Root Scanning (ms): Min: 0.0, Avg: 0.0, Max: 0.0, Diff: 0.0, Sum: 0.0]
      [Object Copy (ms): Min: 7.7, Avg: 8.1, Max: 8.3, Diff: 0.6, Sum: 32.2]
      [Termination (ms): Min: 0.0, Avg: 0.0, Max: 0.0, Diff: 0.0, Sum: 0.0]
         [Termination Attempts: Min: 1, Avg: 1.0, Max: 1, Diff: 0, Sum: 4]
      [GC Worker Other (ms): Min: 0.0, Avg: 0.0, Max: 0.0, Diff: 0.0, Sum: 0.1]
      [GC Worker Total (ms): Min: 10.3, Avg: 10.4, Max: 10.4, Diff: 0.1, Sum: 41.5]
      [GC Worker End (ms): Min: 635520.2, Avg: 635520.2, Max: 635520.2, Diff: 0.0]
   [Code Root Fixup: 0.0 ms]
   [Code Root Purge: 0.0 ms]
   [Clear CT: 0.0 ms]
   [Other: 0.4 ms]
      [Choose CSet: 0.0 ms]
      [Ref Proc: 0.2 ms]
      [Ref Enq: 0.0 ms]
      [Redirty Cards: 0.1 ms]
      [Humongous Register: 0.0 ms]
      [Humongous Reclaim: 0.0 ms]
      [Free CSet: 0.0 ms]
   [Eden: 50.0M(50.0M)->0.0B(59.0M) Survivors: 5120.0K->6144.0K Heap: 196.3M(256.0M)->147.5M(256.0M)]
 [Times: user=0.04 sys=0.00, real=0.01 secs] 
2020-04-16T13:39:52.437+0800: 635.521: [GC concurrent-root-region-scan-start]
2020-04-16T13:39:52.443+0800: 635.527: [GC concurrent-root-region-scan-end, 0.0063843 secs]
2020-04-16T13:39:52.443+0800: 635.527: [GC concurrent-mark-start]
2020-04-16T13:39:52.474+0800: 635.558: [GC concurrent-mark-end, 0.0308386 secs]
2020-04-16T13:39:52.483+0800: 635.567: [GC remark 2020-04-16T13:39:52.483+0800: 635.567: [Finalize Marking, 0.0057582 secs] 2020-04-16T13:39:52.489+0800: 635.573: [GC ref-proc, 0.0003140 secs] 2020-04-16T13:39:52.490+0800: 635.574: [Unloading, 0.0176440 secs], 0.0310985 secs]
 [Times: user=0.02 sys=0.01, real=0.03 secs] 
2020-04-16T13:39:52.516+0800: 635.600: [GC cleanup 148M->148M(256M), 0.0014814 secs]
 [Times: user=0.00 sys=0.00, real=0.00 secs] 
2020-04-16T13:40:08.872+0800: 651.956: [GC pause (G1 Evacuation Pause) (young), 0.0142449 secs]
   [Parallel Time: 13.7 ms, GC Workers: 4]
      [GC Worker Start (ms): Min: 651956.5, Avg: 651957.5, Max: 651959.3, Diff: 2.9]
      [Ext Root Scanning (ms): Min: 0.0, Avg: 0.4, Max: 0.9, Diff: 0.9, Sum: 1.7]
      [Update RS (ms): Min: 0.0, Avg: 1.2, Max: 1.7, Diff: 1.7, Sum: 4.9]
         [Processed Buffers: Min: 0, Avg: 10.2, Max: 19, Diff: 19, Sum: 41]
      [Scan RS (ms): Min: 0.0, Avg: 0.0, Max: 0.0, Diff: 0.0, Sum: 0.0]
      [Code Root Scanning (ms): Min: 0.0, Avg: 0.0, Max: 0.0, Diff: 0.0, Sum: 0.0]
      [Object Copy (ms): Min: 10.6, Avg: 10.8, Max: 11.0, Diff: 0.3, Sum: 43.0]
      [Termination (ms): Min: 0.0, Avg: 0.1, Max: 0.1, Diff: 0.1, Sum: 0.3]
         [Termination Attempts: Min: 1, Avg: 1.0, Max: 1, Diff: 0, Sum: 4]
      [GC Worker Other (ms): Min: 0.0, Avg: 0.0, Max: 0.0, Diff: 0.0, Sum: 0.1]
      [GC Worker Total (ms): Min: 10.7, Avg: 12.5, Max: 13.6, Diff: 2.9, Sum: 50.0]
      [GC Worker End (ms): Min: 651970.0, Avg: 651970.0, Max: 651970.1, Diff: 0.0]
   [Code Root Fixup: 0.0 ms]
   [Code Root Purge: 0.0 ms]
   [Clear CT: 0.1 ms]
   [Other: 0.5 ms]
      [Choose CSet: 0.0 ms]
      [Ref Proc: 0.2 ms]
      [Ref Enq: 0.0 ms]
      [Redirty Cards: 0.1 ms]
      [Humongous Register: 0.0 ms]
      [Humongous Reclaim: 0.0 ms]
      [Free CSet: 0.0 ms]
   [Eden: 59.0M(59.0M)->0.0B(75.0M) Survivors: 6144.0K->6144.0K Heap: 206.5M(256.0M)->148.0M(256.0M)]
 [Times: user=0.04 sys=0.00, real=0.01 secs] 
2020-04-16T13:40:30.308+0800: 673.392: [GC pause (G1 Evacuation Pause) (young), 0.0333816 secs]
   [Parallel Time: 31.0 ms, GC Workers: 4]
      [GC Worker Start (ms): Min: 673392.6, Avg: 673395.5, Max: 673399.6, Diff: 7.0]
      [Ext Root Scanning (ms): Min: 0.0, Avg: 1.0, Max: 2.4, Diff: 2.3, Sum: 4.1]
      [Update RS (ms): Min: 2.9, Avg: 6.9, Max: 8.9, Diff: 6.0, Sum: 27.6]
         [Processed Buffers: Min: 1, Avg: 10.0, Max: 31, Diff: 30, Sum: 40]
      [Scan RS (ms): Min: 0.0, Avg: 0.0, Max: 0.0, Diff: 0.0, Sum: 0.0]
      [Code Root Scanning (ms): Min: 0.0, Avg: 0.0, Max: 0.0, Diff: 0.0, Sum: 0.0]
      [Object Copy (ms): Min: 17.2, Avg: 19.8, Max: 21.0, Diff: 3.8, Sum: 79.4]
      [Termination (ms): Min: 0.0, Avg: 0.0, Max: 0.0, Diff: 0.0, Sum: 0.0]
         [Termination Attempts: Min: 1, Avg: 1.0, Max: 1, Diff: 0, Sum: 4]
      [GC Worker Other (ms): Min: 0.0, Avg: 0.0, Max: 0.1, Diff: 0.1, Sum: 0.2]
      [GC Worker Total (ms): Min: 23.8, Avg: 27.8, Max: 30.8, Diff: 7.0, Sum: 111.4]
      [GC Worker End (ms): Min: 673423.3, Avg: 673423.3, Max: 673423.3, Diff: 0.0]
   [Code Root Fixup: 0.0 ms]
   [Code Root Purge: 0.0 ms]
   [Clear CT: 0.1 ms]
   [Other: 2.3 ms]
      [Choose CSet: 0.0 ms]
      [Ref Proc: 1.7 ms]
      [Ref Enq: 0.0 ms]
      [Redirty Cards: 0.0 ms]
      [Humongous Register: 0.0 ms]
      [Humongous Reclaim: 0.0 ms]
      [Free CSet: 0.2 ms]
   [Eden: 75.0M(75.0M)->0.0B(6144.0K) Survivors: 6144.0K->7168.0K Heap: 223.0M(256.0M)->149.0M(256.0M)]
 [Times: user=0.05 sys=0.01, real=0.04 secs] 
2020-04-16T13:40:31.992+0800: 675.076: [GC pause (G1 Evacuation Pause) (young) (initial-mark), 0.0177529 secs]
   [Parallel Time: 16.9 ms, GC Workers: 4]
      [GC Worker Start (ms): Min: 675076.1, Avg: 675076.6, Max: 675077.7, Diff: 1.6]
      [Ext Root Scanning (ms): Min: 0.0, Avg: 1.1, Max: 1.6, Diff: 1.6, Sum: 4.5]
      [Update RS (ms): Min: 0.4, Avg: 1.1, Max: 1.4, Diff: 1.0, Sum: 4.4]
         [Processed Buffers: Min: 2, Avg: 7.8, Max: 25, Diff: 23, Sum: 31]
      [Scan RS (ms): Min: 0.0, Avg: 0.0, Max: 0.0, Diff: 0.0, Sum: 0.0]
      [Code Root Scanning (ms): Min: 0.0, Avg: 0.0, Max: 0.0, Diff: 0.0, Sum: 0.0]
      [Object Copy (ms): Min: 13.7, Avg: 13.9, Max: 14.2, Diff: 0.5, Sum: 55.5]
      [Termination (ms): Min: 0.0, Avg: 0.0, Max: 0.1, Diff: 0.1, Sum: 0.1]
         [Termination Attempts: Min: 1, Avg: 1.0, Max: 1, Diff: 0, Sum: 4]
      [GC Worker Other (ms): Min: 0.0, Avg: 0.0, Max: 0.0, Diff: 0.0, Sum: 0.1]
      [GC Worker Total (ms): Min: 15.2, Avg: 16.4, Max: 16.8, Diff: 1.6, Sum: 65.5]
      [GC Worker End (ms): Min: 675092.9, Avg: 675092.9, Max: 675092.9, Diff: 0.0]
   [Code Root Fixup: 0.0 ms]
   [Code Root Purge: 0.0 ms]
   [Clear CT: 0.1 ms]
   [Other: 0.8 ms]
      [Choose CSet: 0.0 ms]
      [Ref Proc: 0.5 ms]
      [Ref Enq: 0.0 ms]
      [Redirty Cards: 0.1 ms]
      [Humongous Register: 0.0 ms]
      [Humongous Reclaim: 0.0 ms]
      [Free CSet: 0.0 ms]
   [Eden: 6144.0K(6144.0K)->0.0B(76.0M) Survivors: 7168.0K->2048.0K Heap: 155.0M(256.0M)->149.1M(256.0M)]
 [Times: user=0.04 sys=0.00, real=0.02 secs] 
2020-04-16T13:40:32.010+0800: 675.094: [GC concurrent-root-region-scan-start]
2020-04-16T13:40:32.012+0800: 675.096: [GC concurrent-root-region-scan-end, 0.0018092 secs]
2020-04-16T13:40:32.012+0800: 675.096: [GC concurrent-mark-start]
2020-04-16T13:40:32.059+0800: 675.143: [GC concurrent-mark-end, 0.0470144 secs]
2020-04-16T13:40:32.059+0800: 675.143: [GC remark 2020-04-16T13:40:32.059+0800: 675.143: [Finalize Marking, 0.0003956 secs] 2020-04-16T13:40:32.060+0800: 675.143: [GC ref-proc, 0.0001200 secs] 2020-04-16T13:40:32.060+0800: 675.144: [Unloading, 0.0116348 secs], 0.0137966 secs]
 [Times: user=0.03 sys=0.01, real=0.02 secs] 
2020-04-16T13:40:32.073+0800: 675.157: [GC cleanup 150M->150M(256M), 0.0003450 secs]
 [Times: user=0.00 sys=0.00, real=0.00 secs] 
2020-04-16T13:40:34.654+0800: 677.737: [GC pause (G1 Evacuation Pause) (young), 0.0070077 secs]
   [Parallel Time: 6.6 ms, GC Workers: 4]
      [GC Worker Start (ms): Min: 677737.6, Avg: 677737.7, Max: 677737.9, Diff: 0.3]
      [Ext Root Scanning (ms): Min: 0.5, Avg: 0.5, Max: 0.6, Diff: 0.1, Sum: 2.1]
      [Update RS (ms): Min: 1.3, Avg: 1.8, Max: 2.7, Diff: 1.4, Sum: 7.2]
         [Processed Buffers: Min: 1, Avg: 11.2, Max: 20, Diff: 19, Sum: 45]
      [Scan RS (ms): Min: 0.0, Avg: 0.4, Max: 0.7, Diff: 0.7, Sum: 1.8]
      [Code Root Scanning (ms): Min: 0.0, Avg: 0.0, Max: 0.0, Diff: 0.0, Sum: 0.0]
      [Object Copy (ms): Min: 2.4, Avg: 2.8, Max: 3.0, Diff: 0.6, Sum: 11.2]
      [Termination (ms): Min: 0.0, Avg: 0.6, Max: 0.9, Diff: 0.9, Sum: 2.4]
         [Termination Attempts: Min: 1, Avg: 1.0, Max: 1, Diff: 0, Sum: 4]
      [GC Worker Other (ms): Min: 0.0, Avg: 0.0, Max: 0.0, Diff: 0.0, Sum: 0.1]
      [GC Worker Total (ms): Min: 5.7, Avg: 6.2, Max: 6.5, Diff: 0.8, Sum: 24.7]
      [GC Worker End (ms): Min: 677743.3, Avg: 677743.8, Max: 677744.1, Diff: 0.8]
   [Code Root Fixup: 0.0 ms]
   [Code Root Purge: 0.0 ms]
   [Clear CT: 0.1 ms]
   [Other: 0.4 ms]
      [Choose CSet: 0.0 ms]
      [Ref Proc: 0.1 ms]
      [Ref Enq: 0.0 ms]
      [Redirty Cards: 0.1 ms]
      [Humongous Register: 0.0 ms]
      [Humongous Reclaim: 0.0 ms]
      [Free CSet: 0.0 ms]
   [Eden: 10.0M(10.0M)->0.0B(38.0M) Survivors: 2048.0K->2048.0K Heap: 159.1M(256.0M)->149.6M(256.0M)]
 [Times: user=0.02 sys=0.00, real=0.01 secs] 
2020-04-16T13:40:45.342+0800: 688.426: [GC pause (G1 Evacuation Pause) (young), 0.0048053 secs]
   [Parallel Time: 4.3 ms, GC Workers: 4]
      [GC Worker Start (ms): Min: 688426.3, Avg: 688426.4, Max: 688426.5, Diff: 0.2]
      [Ext Root Scanning (ms): Min: 0.5, Avg: 0.6, Max: 0.7, Diff: 0.2, Sum: 2.5]
      [Update RS (ms): Min: 1.8, Avg: 1.9, Max: 2.0, Diff: 0.2, Sum: 7.7]
         [Processed Buffers: Min: 4, Avg: 10.2, Max: 15, Diff: 11, Sum: 41]
      [Scan RS (ms): Min: 0.0, Avg: 0.0, Max: 0.0, Diff: 0.0, Sum: 0.0]
      [Code Root Scanning (ms): Min: 0.0, Avg: 0.0, Max: 0.0, Diff: 0.0, Sum: 0.0]
      [Object Copy (ms): Min: 1.5, Avg: 1.6, Max: 1.8, Diff: 0.2, Sum: 6.4]
      [Termination (ms): Min: 0.0, Avg: 0.0, Max: 0.0, Diff: 0.0, Sum: 0.0]
         [Termination Attempts: Min: 1, Avg: 1.0, Max: 1, Diff: 0, Sum: 4]
      [GC Worker Other (ms): Min: 0.0, Avg: 0.0, Max: 0.0, Diff: 0.0, Sum: 0.1]
      [GC Worker Total (ms): Min: 4.1, Avg: 4.2, Max: 4.3, Diff: 0.2, Sum: 16.7]
      [GC Worker End (ms): Min: 688430.5, Avg: 688430.5, Max: 688430.5, Diff: 0.0]
   [Code Root Fixup: 0.0 ms]
   [Code Root Purge: 0.0 ms]
   [Clear CT: 0.1 ms]
   [Other: 0.4 ms]
      [Choose CSet: 0.0 ms]
      [Ref Proc: 0.1 ms]
      [Ref Enq: 0.0 ms]
      [Redirty Cards: 0.1 ms]
      [Humongous Register: 0.0 ms]
      [Humongous Reclaim: 0.0 ms]
      [Free CSet: 0.0 ms]
   [Eden: 38.0M(38.0M)->0.0B(73.0M) Survivors: 2048.0K->2048.0K Heap: 187.6M(256.0M)->149.2M(256.0M)]
 [Times: user=0.02 sys=0.00, real=0.00 secs] 
2020-04-16T13:41:05.818+0800: 708.886: [GC pause (G1 Evacuation Pause) (young) (initial-mark), 0.0062865 secs]
   [Parallel Time: 5.9 ms, GC Workers: 4]
      [GC Worker Start (ms): Min: 708885.6, Avg: 708885.7, Max: 708885.8, Diff: 0.2]
      [Ext Root Scanning (ms): Min: 0.4, Avg: 0.6, Max: 0.7, Diff: 0.2, Sum: 2.3]
      [Update RS (ms): Min: 1.8, Avg: 1.9, Max: 2.0, Diff: 0.3, Sum: 7.5]
         [Processed Buffers: Min: 5, Avg: 11.2, Max: 29, Diff: 24, Sum: 45]
      [Scan RS (ms): Min: 0.0, Avg: 0.0, Max: 0.0, Diff: 0.0, Sum: 0.0]
      [Code Root Scanning (ms): Min: 0.0, Avg: 0.0, Max: 0.0, Diff: 0.0, Sum: 0.0]
      [Object Copy (ms): Min: 3.1, Avg: 3.2, Max: 3.3, Diff: 0.3, Sum: 13.0]
      [Termination (ms): Min: 0.0, Avg: 0.0, Max: 0.0, Diff: 0.0, Sum: 0.0]
         [Termination Attempts: Min: 1, Avg: 1.5, Max: 2, Diff: 1, Sum: 6]
      [GC Worker Other (ms): Min: 0.0, Avg: 0.0, Max: 0.1, Diff: 0.0, Sum: 0.1]
      [GC Worker Total (ms): Min: 5.6, Avg: 5.8, Max: 5.8, Diff: 0.2, Sum: 23.0]
      [GC Worker End (ms): Min: 708891.4, Avg: 708891.4, Max: 708891.4, Diff: 0.0]
   [Code Root Fixup: 0.0 ms]
   [Code Root Purge: 0.0 ms]
   [Clear CT: 0.1 ms]
   [Other: 0.3 ms]
      [Choose CSet: 0.0 ms]
      [Ref Proc: 0.1 ms]
      [Ref Enq: 0.0 ms]
      [Redirty Cards: 0.1 ms]
      [Humongous Register: 0.0 ms]
      [Humongous Reclaim: 0.0 ms]
      [Free CSet: 0.0 ms]
   [Eden: 73.0M(73.0M)->0.0B(73.0M) Survivors: 2048.0K->3072.0K Heap: 222.2M(256.0M)->149.9M(256.0M)]
 [Times: user=0.03 sys=0.00, real=0.01 secs] 
2020-04-16T13:41:05.824+0800: 708.892: [GC concurrent-root-region-scan-start]
2020-04-16T13:41:05.828+0800: 708.896: [GC concurrent-root-region-scan-end, 0.0035918 secs]
2020-04-16T13:41:05.828+0800: 708.896: [GC concurrent-mark-start]
2020-04-16T13:41:05.844+0800: 708.912: [GC concurrent-mark-end, 0.0164249 secs]
2020-04-16T13:41:05.844+0800: 708.912: [GC remark 2020-04-16T13:41:05.844+0800: 708.912: [Finalize Marking, 0.0000828 secs] 2020-04-16T13:41:05.844+0800: 708.912: [GC ref-proc, 0.0000638 secs] 2020-04-16T13:41:05.845+0800: 708.912: [Unloading, 0.0048717 secs], 0.0063678 secs]
 [Times: user=0.02 sys=0.00, real=0.01 secs] 
2020-04-16T13:41:05.851+0800: 708.919: [GC cleanup 150M->150M(256M), 0.0003787 secs]
 [Times: user=0.00 sys=0.00, real=0.00 secs] 
2020-04-16T13:41:26.680+0800: 729.734: [GC pause (G1 Evacuation Pause) (young), 0.0102067 secs]
   [Parallel Time: 9.8 ms, GC Workers: 4]
      [GC Worker Start (ms): Min: 729733.7, Avg: 729733.8, Max: 729734.0, Diff: 0.3]
      [Ext Root Scanning (ms): Min: 0.6, Avg: 0.9, Max: 1.9, Diff: 1.4, Sum: 3.7]
      [Update RS (ms): Min: 0.7, Avg: 2.4, Max: 3.9, Diff: 3.2, Sum: 9.4]
         [Processed Buffers: Min: 3, Avg: 11.0, Max: 20, Diff: 17, Sum: 44]
      [Scan RS (ms): Min: 0.0, Avg: 0.0, Max: 0.0, Diff: 0.0, Sum: 0.0]
      [Code Root Scanning (ms): Min: 0.0, Avg: 0.0, Max: 0.0, Diff: 0.0, Sum: 0.0]
      [Object Copy (ms): Min: 5.0, Avg: 6.3, Max: 6.9, Diff: 1.8, Sum: 25.0]
      [Termination (ms): Min: 0.0, Avg: 0.1, Max: 0.1, Diff: 0.1, Sum: 0.4]
         [Termination Attempts: Min: 1, Avg: 1.5, Max: 2, Diff: 1, Sum: 6]
      [GC Worker Other (ms): Min: 0.0, Avg: 0.0, Max: 0.0, Diff: 0.0, Sum: 0.1]
      [GC Worker Total (ms): Min: 9.4, Avg: 9.7, Max: 9.7, Diff: 0.3, Sum: 38.6]
      [GC Worker End (ms): Min: 729743.4, Avg: 729743.4, Max: 729743.4, Diff: 0.0]
   [Code Root Fixup: 0.0 ms]
   [Code Root Purge: 0.0 ms]
   [Clear CT: 0.0 ms]
   [Other: 0.4 ms]
      [Choose CSet: 0.0 ms]
      [Ref Proc: 0.2 ms]
      [Ref Enq: 0.0 ms]
      [Redirty Cards: 0.0 ms]
      [Humongous Register: 0.0 ms]
      [Humongous Reclaim: 0.0 ms]
      [Free CSet: 0.0 ms]
   [Eden: 73.0M(73.0M)->0.0B(73.0M) Survivors: 3072.0K->4096.0K Heap: 222.9M(256.0M)->151.2M(256.0M)]
 [Times: user=0.03 sys=0.00, real=0.01 secs] 
2020-04-16T13:41:38.951+0800: 742.002: [GC pause (G1 Evacuation Pause) (young), 0.0071031 secs]
   [Parallel Time: 6.7 ms, GC Workers: 4]
      [GC Worker Start (ms): Min: 742001.7, Avg: 742001.8, Max: 742002.0, Diff: 0.3]
      [Ext Root Scanning (ms): Min: 0.2, Avg: 0.4, Max: 0.5, Diff: 0.4, Sum: 1.7]
      [Update RS (ms): Min: 1.4, Avg: 1.5, Max: 1.6, Diff: 0.2, Sum: 5.9]
         [Processed Buffers: Min: 5, Avg: 12.0, Max: 18, Diff: 13, Sum: 48]
      [Scan RS (ms): Min: 0.3, Avg: 0.5, Max: 0.6, Diff: 0.3, Sum: 1.9]
      [Code Root Scanning (ms): Min: 0.0, Avg: 0.0, Max: 0.0, Diff: 0.0, Sum: 0.0]
      [Object Copy (ms): Min: 4.1, Avg: 4.2, Max: 4.2, Diff: 0.1, Sum: 16.6]
      [Termination (ms): Min: 0.0, Avg: 0.0, Max: 0.0, Diff: 0.0, Sum: 0.0]
         [Termination Attempts: Min: 1, Avg: 1.0, Max: 1, Diff: 0, Sum: 4]
      [GC Worker Other (ms): Min: 0.0, Avg: 0.0, Max: 0.0, Diff: 0.0, Sum: 0.1]
      [GC Worker Total (ms): Min: 6.3, Avg: 6.5, Max: 6.6, Diff: 0.3, Sum: 26.2]
      [GC Worker End (ms): Min: 742008.3, Avg: 742008.3, Max: 742008.3, Diff: 0.0]
   [Code Root Fixup: 0.0 ms]
   [Code Root Purge: 0.0 ms]
   [Clear CT: 0.1 ms]
   [Other: 0.3 ms]
      [Choose CSet: 0.0 ms]
      [Ref Proc: 0.1 ms]
      [Ref Enq: 0.0 ms]
      [Redirty Cards: 0.1 ms]
      [Humongous Register: 0.0 ms]
      [Humongous Reclaim: 0.0 ms]
      [Free CSet: 0.0 ms]
   [Eden: 44.0M(44.0M)->0.0B(71.0M) Survivors: 4096.0K->5120.0K Heap: 195.2M(256.0M)->152.1M(256.0M)]
 [Times: user=0.02 sys=0.01, real=0.01 secs] 
2020-04-16T13:41:58.718+0800: 761.766: [GC pause (G1 Evacuation Pause) (young) (initial-mark), 0.0089596 secs]
   [Parallel Time: 8.5 ms, GC Workers: 4]
      [GC Worker Start (ms): Min: 761766.0, Avg: 761766.1, Max: 761766.1, Diff: 0.0]
      [Ext Root Scanning (ms): Min: 0.6, Avg: 0.6, Max: 0.7, Diff: 0.1, Sum: 2.5]
      [Update RS (ms): Min: 1.6, Avg: 1.7, Max: 1.8, Diff: 0.2, Sum: 6.9]
         [Processed Buffers: Min: 3, Avg: 10.8, Max: 31, Diff: 28, Sum: 43]
      [Scan RS (ms): Min: 0.0, Avg: 0.0, Max: 0.0, Diff: 0.0, Sum: 0.0]
      [Code Root Scanning (ms): Min: 0.0, Avg: 0.0, Max: 0.0, Diff: 0.0, Sum: 0.0]
      [Object Copy (ms): Min: 6.0, Avg: 6.0, Max: 6.1, Diff: 0.1, Sum: 24.1]
      [Termination (ms): Min: 0.0, Avg: 0.0, Max: 0.0, Diff: 0.0, Sum: 0.0]
         [Termination Attempts: Min: 1, Avg: 1.0, Max: 1, Diff: 0, Sum: 4]
      [GC Worker Other (ms): Min: 0.0, Avg: 0.0, Max: 0.0, Diff: 0.0, Sum: 0.1]
      [GC Worker Total (ms): Min: 8.4, Avg: 8.4, Max: 8.4, Diff: 0.0, Sum: 33.7]
      [GC Worker End (ms): Min: 761774.5, Avg: 761774.5, Max: 761774.5, Diff: 0.0]
   [Code Root Fixup: 0.0 ms]
   [Code Root Purge: 0.0 ms]
   [Clear CT: 0.1 ms]
   [Other: 0.4 ms]
      [Choose CSet: 0.0 ms]
      [Ref Proc: 0.1 ms]
      [Ref Enq: 0.0 ms]
      [Redirty Cards: 0.0 ms]
      [Humongous Register: 0.0 ms]
      [Humongous Reclaim: 0.0 ms]
      [Free CSet: 0.0 ms]
   [Eden: 71.0M(71.0M)->0.0B(69.0M) Survivors: 5120.0K->6144.0K Heap: 223.1M(256.0M)->153.2M(256.0M)]
 [Times: user=0.03 sys=0.00, real=0.01 secs] 
2020-04-16T13:41:58.727+0800: 761.775: [GC concurrent-root-region-scan-start]
2020-04-16T13:41:58.733+0800: 761.781: [GC concurrent-root-region-scan-end, 0.0052928 secs]
2020-04-16T13:41:58.733+0800: 761.781: [GC concurrent-mark-start]
2020-04-16T13:41:58.750+0800: 761.798: [GC concurrent-mark-end, 0.0173668 secs]
2020-04-16T13:41:58.750+0800: 761.798: [GC remark 2020-04-16T13:41:58.750+0800: 761.798: [Finalize Marking, 0.0002173 secs] 2020-04-16T13:41:58.750+0800: 761.798: [GC ref-proc, 0.0000719 secs] 2020-04-16T13:41:58.750+0800: 761.798: [Unloading, 0.0048648 secs], 0.0065218 secs]
 [Times: user=0.02 sys=0.00, real=0.00 secs] 
2020-04-16T13:41:58.757+0800: 761.805: [GC cleanup 154M->154M(256M), 0.0003740 secs]
 [Times: user=0.00 sys=0.00, real=0.00 secs] 
2020-04-16T13:42:17.956+0800: 781.003: [GC pause (G1 Evacuation Pause) (young), 0.0101147 secs]
   [Parallel Time: 9.7 ms, GC Workers: 4]
      [GC Worker Start (ms): Min: 781003.6, Avg: 781003.6, Max: 781003.6, Diff: 0.0]
      [Ext Root Scanning (ms): Min: 0.4, Avg: 0.4, Max: 0.4, Diff: 0.1, Sum: 1.7]
      [Update RS (ms): Min: 1.7, Avg: 1.7, Max: 1.7, Diff: 0.1, Sum: 6.8]
         [Processed Buffers: Min: 4, Avg: 11.2, Max: 32, Diff: 28, Sum: 45]
      [Scan RS (ms): Min: 0.0, Avg: 0.0, Max: 0.0, Diff: 0.0, Sum: 0.0]
      [Code Root Scanning (ms): Min: 0.0, Avg: 0.0, Max: 0.0, Diff: 0.0, Sum: 0.0]
      [Object Copy (ms): Min: 7.4, Avg: 7.5, Max: 7.5, Diff: 0.1, Sum: 29.9]
      [Termination (ms): Min: 0.0, Avg: 0.0, Max: 0.0, Diff: 0.0, Sum: 0.0]
         [Termination Attempts: Min: 1, Avg: 1.0, Max: 1, Diff: 0, Sum: 4]
      [GC Worker Other (ms): Min: 0.0, Avg: 0.0, Max: 0.0, Diff: 0.0, Sum: 0.1]
      [GC Worker Total (ms): Min: 9.6, Avg: 9.6, Max: 9.7, Diff: 0.0, Sum: 38.5]
      [GC Worker End (ms): Min: 781013.2, Avg: 781013.2, Max: 781013.2, Diff: 0.0]
   [Code Root Fixup: 0.0 ms]
   [Code Root Purge: 0.0 ms]
   [Clear CT: 0.1 ms]
   [Other: 0.3 ms]
      [Choose CSet: 0.0 ms]
      [Ref Proc: 0.1 ms]
      [Ref Enq: 0.0 ms]
      [Redirty Cards: 0.1 ms]
      [Humongous Register: 0.0 ms]
      [Humongous Reclaim: 0.0 ms]
      [Free CSet: 0.0 ms]
   [Eden: 69.0M(69.0M)->0.0B(71.0M) Survivors: 6144.0K->5120.0K Heap: 222.2M(256.0M)->152.6M(256.0M)]
 [Times: user=0.03 sys=0.00, real=0.01 secs] 
2020-04-16T13:42:38.010+0800: 801.056: [GC pause (G1 Evacuation Pause) (young), 0.0124591 secs]
   [Parallel Time: 11.9 ms, GC Workers: 4]
      [GC Worker Start (ms): Min: 801056.2, Avg: 801056.3, Max: 801056.3, Diff: 0.0]
      [Ext Root Scanning (ms): Min: 0.4, Avg: 0.5, Max: 0.6, Diff: 0.2, Sum: 1.8]
      [Update RS (ms): Min: 2.2, Avg: 2.3, Max: 2.4, Diff: 0.2, Sum: 9.1]
         [Processed Buffers: Min: 8, Avg: 11.8, Max: 18, Diff: 10, Sum: 47]
      [Scan RS (ms): Min: 0.0, Avg: 0.0, Max: 0.1, Diff: 0.1, Sum: 0.1]
      [Code Root Scanning (ms): Min: 0.0, Avg: 0.0, Max: 0.0, Diff: 0.0, Sum: 0.0]
      [Object Copy (ms): Min: 8.7, Avg: 9.0, Max: 9.1, Diff: 0.3, Sum: 35.8]
      [Termination (ms): Min: 0.0, Avg: 0.1, Max: 0.1, Diff: 0.1, Sum: 0.3]
         [Termination Attempts: Min: 1, Avg: 1.0, Max: 1, Diff: 0, Sum: 4]
      [GC Worker Other (ms): Min: 0.0, Avg: 0.0, Max: 0.0, Diff: 0.0, Sum: 0.1]
      [GC Worker Total (ms): Min: 11.7, Avg: 11.8, Max: 11.8, Diff: 0.1, Sum: 47.2]
      [GC Worker End (ms): Min: 801068.0, Avg: 801068.0, Max: 801068.1, Diff: 0.1]
   [Code Root Fixup: 0.0 ms]
   [Code Root Purge: 0.0 ms]
   [Clear CT: 0.0 ms]
   [Other: 0.5 ms]
      [Choose CSet: 0.0 ms]
      [Ref Proc: 0.3 ms]
      [Ref Enq: 0.0 ms]
      [Redirty Cards: 0.1 ms]
      [Humongous Register: 0.0 ms]
      [Humongous Reclaim: 0.0 ms]
      [Free CSet: 0.0 ms]
   [Eden: 71.0M(71.0M)->0.0B(67.0M) Survivors: 5120.0K->7168.0K Heap: 223.6M(256.0M)->154.1M(256.0M)]
 [Times: user=0.04 sys=0.00, real=0.01 secs] 
2020-04-16T13:42:56.862+0800: 819.907: [GC pause (G1 Evacuation Pause) (young) (initial-mark), 0.0138965 secs]
   [Parallel Time: 13.4 ms, GC Workers: 4]
      [GC Worker Start (ms): Min: 819907.6, Avg: 819907.9, Max: 819908.5, Diff: 0.9]
      [Ext Root Scanning (ms): Min: 0.0, Avg: 1.2, Max: 2.5, Diff: 2.4, Sum: 5.0]
      [Update RS (ms): Min: 0.1, Avg: 3.2, Max: 9.1, Diff: 9.0, Sum: 13.0]
         [Processed Buffers: Min: 4, Avg: 12.2, Max: 26, Diff: 22, Sum: 49]
      [Scan RS (ms): Min: 0.0, Avg: 0.1, Max: 0.3, Diff: 0.3, Sum: 0.6]
      [Code Root Scanning (ms): Min: 0.0, Avg: 0.0, Max: 0.0, Diff: 0.0, Sum: 0.0]
      [Object Copy (ms): Min: 3.2, Avg: 8.3, Max: 10.1, Diff: 6.9, Sum: 33.2]
      [Termination (ms): Min: 0.0, Avg: 0.1, Max: 0.1, Diff: 0.1, Sum: 0.3]
         [Termination Attempts: Min: 1, Avg: 1.5, Max: 2, Diff: 1, Sum: 6]
      [GC Worker Other (ms): Min: 0.0, Avg: 0.0, Max: 0.0, Diff: 0.0, Sum: 0.1]
      [GC Worker Total (ms): Min: 12.4, Avg: 13.0, Max: 13.4, Diff: 0.9, Sum: 52.1]
      [GC Worker End (ms): Min: 819920.9, Avg: 819921.0, Max: 819921.0, Diff: 0.0]
   [Code Root Fixup: 0.0 ms]
   [Code Root Purge: 0.0 ms]
   [Clear CT: 0.1 ms]
   [Other: 0.4 ms]
      [Choose CSet: 0.0 ms]
      [Ref Proc: 0.2 ms]
      [Ref Enq: 0.0 ms]
      [Redirty Cards: 0.1 ms]
      [Humongous Register: 0.0 ms]
      [Humongous Reclaim: 0.0 ms]
      [Free CSet: 0.0 ms]
   [Eden: 67.0M(67.0M)->0.0B(69.0M) Survivors: 7168.0K->6144.0K Heap: 221.1M(256.0M)->153.1M(256.0M)]
 [Times: user=0.04 sys=0.00, real=0.01 secs] 
2020-04-16T13:42:56.877+0800: 819.922: [GC concurrent-root-region-scan-start]
2020-04-16T13:42:56.885+0800: 819.931: [GC concurrent-root-region-scan-end, 0.0081562 secs]
2020-04-16T13:42:56.885+0800: 819.931: [GC concurrent-mark-start]
2020-04-16T13:42:56.902+0800: 819.948: [GC concurrent-mark-end, 0.0170444 secs]
2020-04-16T13:42:56.902+0800: 819.948: [GC remark 2020-04-16T13:42:56.902+0800: 819.948: [Finalize Marking, 0.0002100 secs] 2020-04-16T13:42:56.902+0800: 819.948: [GC ref-proc, 0.0000708 secs] 2020-04-16T13:42:56.902+0800: 819.948: [Unloading, 0.0054761 secs], 0.0072024 secs]
 [Times: user=0.02 sys=0.00, real=0.00 secs] 
2020-04-16T13:42:56.910+0800: 819.955: [GC cleanup 154M->154M(256M), 0.0004615 secs]
 [Times: user=0.00 sys=0.00, real=0.00 secs] 
2020-04-16T13:43:16.243+0800: 839.289: [GC pause (G1 Evacuation Pause) (young), 0.0147187 secs]
   [Parallel Time: 14.3 ms, GC Workers: 4]
      [GC Worker Start (ms): Min: 839288.7, Avg: 839288.7, Max: 839288.7, Diff: 0.0]
      [Ext Root Scanning (ms): Min: 0.5, Avg: 0.7, Max: 1.3, Diff: 0.8, Sum: 3.0]
      [Update RS (ms): Min: 1.0, Avg: 1.5, Max: 1.8, Diff: 0.9, Sum: 5.9]
         [Processed Buffers: Min: 2, Avg: 12.2, Max: 23, Diff: 21, Sum: 49]
      [Scan RS (ms): Min: 0.4, Avg: 0.5, Max: 0.7, Diff: 0.3, Sum: 2.2]
      [Code Root Scanning (ms): Min: 0.0, Avg: 0.0, Max: 0.0, Diff: 0.0, Sum: 0.0]
      [Object Copy (ms): Min: 11.4, Avg: 11.4, Max: 11.5, Diff: 0.1, Sum: 45.8]
      [Termination (ms): Min: 0.0, Avg: 0.0, Max: 0.0, Diff: 0.0, Sum: 0.0]
         [Termination Attempts: Min: 1, Avg: 1.0, Max: 1, Diff: 0, Sum: 4]
      [GC Worker Other (ms): Min: 0.0, Avg: 0.0, Max: 0.0, Diff: 0.0, Sum: 0.1]
      [GC Worker Total (ms): Min: 14.2, Avg: 14.2, Max: 14.2, Diff: 0.0, Sum: 56.9]
      [GC Worker End (ms): Min: 839302.9, Avg: 839302.9, Max: 839303.0, Diff: 0.0]
   [Code Root Fixup: 0.0 ms]
   [Code Root Purge: 0.0 ms]
   [Clear CT: 0.0 ms]
   [Other: 0.4 ms]
      [Choose CSet: 0.0 ms]
      [Ref Proc: 0.1 ms]
      [Ref Enq: 0.0 ms]
      [Redirty Cards: 0.1 ms]
      [Humongous Register: 0.0 ms]
      [Humongous Reclaim: 0.0 ms]
      [Free CSet: 0.0 ms]
   [Eden: 69.0M(69.0M)->0.0B(67.0M) Survivors: 6144.0K->7168.0K Heap: 222.1M(256.0M)->154.1M(256.0M)]
 [Times: user=0.04 sys=0.01, real=0.01 secs] 
2020-04-16T13:43:35.283+0800: 858.328: [GC pause (G1 Evacuation Pause) (young), 0.0137892 secs]
   [Parallel Time: 13.3 ms, GC Workers: 4]
      [GC Worker Start (ms): Min: 858327.9, Avg: 858328.0, Max: 858328.0, Diff: 0.1]
      [Ext Root Scanning (ms): Min: 0.4, Avg: 0.4, Max: 0.5, Diff: 0.1, Sum: 1.7]
      [Update RS (ms): Min: 1.2, Avg: 1.3, Max: 1.4, Diff: 0.2, Sum: 5.2]
         [Processed Buffers: Min: 6, Avg: 12.0, Max: 18, Diff: 12, Sum: 48]
      [Scan RS (ms): Min: 0.4, Avg: 0.7, Max: 1.1, Diff: 0.7, Sum: 2.6]
      [Code Root Scanning (ms): Min: 0.0, Avg: 0.0, Max: 0.0, Diff: 0.0, Sum: 0.0]
      [Object Copy (ms): Min: 10.2, Avg: 10.8, Max: 11.0, Diff: 0.8, Sum: 43.0]
      [Termination (ms): Min: 0.0, Avg: 0.0, Max: 0.0, Diff: 0.0, Sum: 0.0]
         [Termination Attempts: Min: 1, Avg: 1.0, Max: 1, Diff: 0, Sum: 4]
      [GC Worker Other (ms): Min: 0.0, Avg: 0.0, Max: 0.0, Diff: 0.0, Sum: 0.1]
      [GC Worker Total (ms): Min: 13.1, Avg: 13.2, Max: 13.2, Diff: 0.0, Sum: 52.6]
      [GC Worker End (ms): Min: 858341.1, Avg: 858341.1, Max: 858341.1, Diff: 0.0]
   [Code Root Fixup: 0.0 ms]
   [Code Root Purge: 0.0 ms]
   [Clear CT: 0.0 ms]
   [Other: 0.5 ms]
      [Choose CSet: 0.0 ms]
      [Ref Proc: 0.2 ms]
      [Ref Enq: 0.0 ms]
      [Redirty Cards: 0.1 ms]
      [Humongous Register: 0.0 ms]
      [Humongous Reclaim: 0.0 ms]
      [Free CSet: 0.0 ms]
   [Eden: 67.0M(67.0M)->0.0B(65.0M) Survivors: 7168.0K->8192.0K Heap: 221.1M(256.0M)->155.1M(256.0M)]
 [Times: user=0.05 sys=0.00, real=0.01 secs] 
2020-04-16T13:43:53.859+0800: 876.903: [GC pause (G1 Evacuation Pause) (young) (initial-mark), 0.0157115 secs]
   [Parallel Time: 15.2 ms, GC Workers: 4]
      [GC Worker Start (ms): Min: 876902.8, Avg: 876902.9, Max: 876903.2, Diff: 0.4]
      [Ext Root Scanning (ms): Min: 0.5, Avg: 0.8, Max: 0.9, Diff: 0.4, Sum: 3.1]
      [Update RS (ms): Min: 1.1, Avg: 1.3, Max: 1.5, Diff: 0.3, Sum: 5.4]
         [Processed Buffers: Min: 3, Avg: 11.2, Max: 23, Diff: 20, Sum: 45]
      [Scan RS (ms): Min: 0.0, Avg: 0.1, Max: 0.3, Diff: 0.2, Sum: 0.4]
      [Code Root Scanning (ms): Min: 0.0, Avg: 0.0, Max: 0.0, Diff: 0.0, Sum: 0.0]
      [Object Copy (ms): Min: 12.8, Avg: 12.8, Max: 12.9, Diff: 0.1, Sum: 51.3]
      [Termination (ms): Min: 0.0, Avg: 0.0, Max: 0.0, Diff: 0.0, Sum: 0.0]
         [Termination Attempts: Min: 1, Avg: 1.0, Max: 1, Diff: 0, Sum: 4]
      [GC Worker Other (ms): Min: 0.0, Avg: 0.0, Max: 0.0, Diff: 0.0, Sum: 0.1]
      [GC Worker Total (ms): Min: 14.8, Avg: 15.1, Max: 15.2, Diff: 0.4, Sum: 60.3]
      [GC Worker End (ms): Min: 876917.9, Avg: 876918.0, Max: 876918.0, Diff: 0.0]
   [Code Root Fixup: 0.0 ms]
   [Code Root Purge: 0.0 ms]
   [Clear CT: 0.1 ms]
   [Other: 0.4 ms]
      [Choose CSet: 0.0 ms]
      [Ref Proc: 0.1 ms]
      [Ref Enq: 0.0 ms]
      [Redirty Cards: 0.1 ms]
      [Humongous Register: 0.0 ms]
      [Humongous Reclaim: 0.0 ms]
      [Free CSet: 0.0 ms]
   [Eden: 65.0M(65.0M)->0.0B(66.0M) Survivors: 8192.0K->7168.0K Heap: 220.1M(256.0M)->155.2M(256.0M)]
 [Times: user=0.04 sys=0.00, real=0.02 secs] 
2020-04-16T13:43:53.876+0800: 876.920: [GC concurrent-root-region-scan-start]
2020-04-16T13:43:53.884+0800: 876.928: [GC concurrent-root-region-scan-end, 0.0079555 secs]
2020-04-16T13:43:53.884+0800: 876.928: [GC concurrent-mark-start]
2020-04-16T13:43:53.903+0800: 876.947: [GC concurrent-mark-end, 0.0194756 secs]
2020-04-16T13:43:53.903+0800: 876.947: [GC remark 2020-04-16T13:43:53.903+0800: 876.947: [Finalize Marking, 0.0002120 secs] 2020-04-16T13:43:53.904+0800: 876.947: [GC ref-proc, 0.0001279 secs] 2020-04-16T13:43:53.904+0800: 876.948: [Unloading, 0.0053900 secs], 0.0070700 secs]
 [Times: user=0.02 sys=0.00, real=0.01 secs] 
2020-04-16T13:43:53.911+0800: 876.955: [GC cleanup 156M->156M(256M), 0.0003958 secs]
 [Times: user=0.00 sys=0.00, real=0.00 secs] 
2020-04-16T13:44:12.385+0800: 895.428: [GC pause (G1 Evacuation Pause) (young), 0.0157071 secs]
   [Parallel Time: 14.7 ms, GC Workers: 4]
      [GC Worker Start (ms): Min: 895428.2, Avg: 895429.1, Max: 895431.6, Diff: 3.3]
      [Ext Root Scanning (ms): Min: 0.0, Avg: 0.4, Max: 0.6, Diff: 0.6, Sum: 1.7]
      [Update RS (ms): Min: 0.0, Avg: 1.5, Max: 2.1, Diff: 2.1, Sum: 6.1]
         [Processed Buffers: Min: 0, Avg: 11.2, Max: 22, Diff: 22, Sum: 45]
      [Scan RS (ms): Min: 0.4, Avg: 0.9, Max: 1.1, Diff: 0.7, Sum: 3.4]
      [Code Root Scanning (ms): Min: 0.0, Avg: 0.0, Max: 0.0, Diff: 0.0, Sum: 0.0]
      [Object Copy (ms): Min: 10.8, Avg: 10.8, Max: 10.9, Diff: 0.1, Sum: 43.4]
      [Termination (ms): Min: 0.0, Avg: 0.0, Max: 0.0, Diff: 0.0, Sum: 0.0]
         [Termination Attempts: Min: 1, Avg: 1.0, Max: 1, Diff: 0, Sum: 4]
      [GC Worker Other (ms): Min: 0.0, Avg: 0.0, Max: 0.0, Diff: 0.0, Sum: 0.1]
      [GC Worker Total (ms): Min: 11.2, Avg: 13.7, Max: 14.6, Diff: 3.4, Sum: 54.8]
      [GC Worker End (ms): Min: 895442.8, Avg: 895442.8, Max: 895442.8, Diff: 0.0]
   [Code Root Fixup: 0.0 ms]
   [Code Root Purge: 0.0 ms]
   [Clear CT: 0.1 ms]
   [Other: 0.9 ms]
      [Choose CSet: 0.0 ms]
      [Ref Proc: 0.3 ms]
      [Ref Enq: 0.0 ms]
      [Redirty Cards: 0.3 ms]
      [Humongous Register: 0.0 ms]
      [Humongous Reclaim: 0.0 ms]
      [Free CSet: 0.0 ms]
   [Eden: 66.0M(66.0M)->0.0B(68.0M) Survivors: 7168.0K->6144.0K Heap: 221.2M(256.0M)->154.7M(256.0M)]
 [Times: user=0.05 sys=0.01, real=0.02 secs] 
2020-04-16T13:44:30.067+0800: 913.110: [GC pause (G1 Evacuation Pause) (young), 0.0207834 secs]
   [Parallel Time: 19.4 ms, GC Workers: 4]
      [GC Worker Start (ms): Min: 913110.5, Avg: 913113.5, Max: 913118.1, Diff: 7.6]
      [Ext Root Scanning (ms): Min: 0.0, Avg: 1.2, Max: 3.1, Diff: 3.1, Sum: 4.6]
      [Update RS (ms): Min: 0.0, Avg: 3.2, Max: 4.6, Diff: 4.6, Sum: 12.9]
         [Processed Buffers: Min: 0, Avg: 11.0, Max: 30, Diff: 30, Sum: 44]
      [Scan RS (ms): Min: 0.0, Avg: 0.0, Max: 0.0, Diff: 0.0, Sum: 0.0]
      [Code Root Scanning (ms): Min: 0.0, Avg: 0.0, Max: 0.0, Diff: 0.0, Sum: 0.0]
      [Object Copy (ms): Min: 11.5, Avg: 11.7, Max: 11.9, Diff: 0.4, Sum: 46.7]
      [Termination (ms): Min: 0.0, Avg: 0.0, Max: 0.0, Diff: 0.0, Sum: 0.0]
         [Termination Attempts: Min: 1, Avg: 1.0, Max: 1, Diff: 0, Sum: 4]
      [GC Worker Other (ms): Min: 0.0, Avg: 0.0, Max: 0.1, Diff: 0.1, Sum: 0.2]
      [GC Worker Total (ms): Min: 11.6, Avg: 16.1, Max: 19.2, Diff: 7.6, Sum: 64.6]
      [GC Worker End (ms): Min: 913129.7, Avg: 913129.7, Max: 913129.7, Diff: 0.1]
   [Code Root Fixup: 0.0 ms]
   [Code Root Purge: 0.0 ms]
   [Clear CT: 0.1 ms]
   [Other: 1.3 ms]
      [Choose CSet: 0.0 ms]
      [Ref Proc: 1.0 ms]
      [Ref Enq: 0.0 ms]
      [Redirty Cards: 0.0 ms]
      [Humongous Register: 0.0 ms]
      [Humongous Reclaim: 0.0 ms]
      [Free CSet: 0.0 ms]
   [Eden: 68.0M(68.0M)->0.0B(66.0M) Survivors: 6144.0K->7168.0K Heap: 222.7M(256.0M)->155.7M(256.0M)]
 [Times: user=0.05 sys=0.00, real=0.02 secs] 
2020-04-16T13:44:48.172+0800: 931.215: [GC pause (G1 Evacuation Pause) (young) (initial-mark), 0.0153145 secs]
   [Parallel Time: 14.8 ms, GC Workers: 4]
      [GC Worker Start (ms): Min: 931214.8, Avg: 931214.8, Max: 931214.9, Diff: 0.1]
      [Ext Root Scanning (ms): Min: 0.6, Avg: 0.7, Max: 0.7, Diff: 0.0, Sum: 2.7]
      [Update RS (ms): Min: 1.5, Avg: 1.6, Max: 1.7, Diff: 0.2, Sum: 6.5]
         [Processed Buffers: Min: 3, Avg: 12.2, Max: 21, Diff: 18, Sum: 49]
      [Scan RS (ms): Min: 0.2, Avg: 0.4, Max: 0.5, Diff: 0.3, Sum: 1.6]
      [Code Root Scanning (ms): Min: 0.0, Avg: 0.0, Max: 0.0, Diff: 0.0, Sum: 0.0]
      [Object Copy (ms): Min: 11.6, Avg: 11.7, Max: 11.8, Diff: 0.2, Sum: 46.9]
      [Termination (ms): Min: 0.0, Avg: 0.1, Max: 0.3, Diff: 0.3, Sum: 0.5]
         [Termination Attempts: Min: 1, Avg: 1.0, Max: 1, Diff: 0, Sum: 4]
      [GC Worker Other (ms): Min: 0.0, Avg: 0.0, Max: 0.0, Diff: 0.0, Sum: 0.1]
      [GC Worker Total (ms): Min: 14.5, Avg: 14.6, Max: 14.8, Diff: 0.3, Sum: 58.2]
      [GC Worker End (ms): Min: 931229.3, Avg: 931229.4, Max: 931229.6, Diff: 0.3]
   [Code Root Fixup: 0.0 ms]
   [Code Root Purge: 0.0 ms]
   [Clear CT: 0.1 ms]
   [Other: 0.4 ms]
      [Choose CSet: 0.0 ms]
      [Ref Proc: 0.2 ms]
      [Ref Enq: 0.0 ms]
      [Redirty Cards: 0.1 ms]
      [Humongous Register: 0.0 ms]
      [Humongous Reclaim: 0.0 ms]
      [Free CSet: 0.0 ms]
   [Eden: 66.0M(66.0M)->0.0B(63.0M) Survivors: 7168.0K->8192.0K Heap: 221.7M(256.0M)->156.8M(256.0M)]
 [Times: user=0.05 sys=0.00, real=0.01 secs] 
2020-04-16T13:44:48.188+0800: 931.230: [GC concurrent-root-region-scan-start]
2020-04-16T13:44:48.201+0800: 931.243: [GC concurrent-root-region-scan-end, 0.0128698 secs]
2020-04-16T13:44:48.201+0800: 931.243: [GC concurrent-mark-start]
2020-04-16T13:44:48.219+0800: 931.261: [GC concurrent-mark-end, 0.0182060 secs]
2020-04-16T13:44:48.219+0800: 931.261: [GC remark 2020-04-16T13:44:48.219+0800: 931.261: [Finalize Marking, 0.0001054 secs] 2020-04-16T13:44:48.219+0800: 931.262: [GC ref-proc, 0.0000949 secs] 2020-04-16T13:44:48.219+0800: 931.262: [Unloading, 0.0054960 secs], 0.0071207 secs]
 [Times: user=0.02 sys=0.00, real=0.01 secs] 
2020-04-16T13:44:48.226+0800: 931.269: [GC cleanup 157M->157M(256M), 0.0007823 secs]
 [Times: user=0.00 sys=0.00, real=0.00 secs] 
2020-04-16T13:45:05.265+0800: 948.307: [GC pause (G1 Evacuation Pause) (young), 0.0132869 secs]
   [Parallel Time: 12.9 ms, GC Workers: 4]
      [GC Worker Start (ms): Min: 948306.7, Avg: 948306.8, Max: 948307.2, Diff: 0.5]
      [Ext Root Scanning (ms): Min: 0.1, Avg: 0.5, Max: 0.7, Diff: 0.6, Sum: 2.0]
      [Update RS (ms): Min: 1.5, Avg: 1.7, Max: 1.8, Diff: 0.3, Sum: 6.8]
         [Processed Buffers: Min: 5, Avg: 11.8, Max: 19, Diff: 14, Sum: 47]
      [Scan RS (ms): Min: 0.6, Avg: 0.7, Max: 0.9, Diff: 0.3, Sum: 3.0]
      [Code Root Scanning (ms): Min: 0.0, Avg: 0.0, Max: 0.0, Diff: 0.0, Sum: 0.0]
      [Object Copy (ms): Min: 9.6, Avg: 9.7, Max: 9.8, Diff: 0.2, Sum: 38.8]
      [Termination (ms): Min: 0.0, Avg: 0.0, Max: 0.0, Diff: 0.0, Sum: 0.0]
         [Termination Attempts: Min: 1, Avg: 1.0, Max: 1, Diff: 0, Sum: 4]
      [GC Worker Other (ms): Min: 0.0, Avg: 0.0, Max: 0.0, Diff: 0.0, Sum: 0.1]
      [GC Worker Total (ms): Min: 12.3, Avg: 12.7, Max: 12.8, Diff: 0.5, Sum: 50.8]
      [GC Worker End (ms): Min: 948319.5, Avg: 948319.5, Max: 948319.5, Diff: 0.0]
   [Code Root Fixup: 0.0 ms]
   [Code Root Purge: 0.0 ms]
   [Clear CT: 0.0 ms]
   [Other: 0.4 ms]
      [Choose CSet: 0.0 ms]
      [Ref Proc: 0.1 ms]
      [Ref Enq: 0.0 ms]
      [Redirty Cards: 0.1 ms]
      [Humongous Register: 0.0 ms]
      [Humongous Reclaim: 0.0 ms]
      [Free CSet: 0.0 ms]
   [Eden: 63.0M(63.0M)->0.0B(7168.0K) Survivors: 8192.0K->5120.0K Heap: 219.8M(256.0M)->155.8M(256.0M)]
 [Times: user=0.05 sys=0.01, real=0.01 secs] 
2020-04-16T13:45:07.225+0800: 950.266: [GC pause (G1 Evacuation Pause) (mixed), 0.0146117 secs]
   [Parallel Time: 14.0 ms, GC Workers: 4]
      [GC Worker Start (ms): Min: 950266.6, Avg: 950267.0, Max: 950267.7, Diff: 1.1]
      [Ext Root Scanning (ms): Min: 0.0, Avg: 0.7, Max: 1.0, Diff: 1.0, Sum: 2.7]
      [Update RS (ms): Min: 2.0, Avg: 2.0, Max: 2.1, Diff: 0.1, Sum: 8.2]
         [Processed Buffers: Min: 4, Avg: 10.0, Max: 14, Diff: 10, Sum: 40]
      [Scan RS (ms): Min: 1.2, Avg: 1.3, Max: 1.4, Diff: 0.2, Sum: 5.1]
      [Code Root Scanning (ms): Min: 0.0, Avg: 0.4, Max: 1.7, Diff: 1.7, Sum: 1.7]
      [Object Copy (ms): Min: 7.9, Avg: 9.1, Max: 9.7, Diff: 1.8, Sum: 36.4]
      [Termination (ms): Min: 0.0, Avg: 0.0, Max: 0.0, Diff: 0.0, Sum: 0.0]
         [Termination Attempts: Min: 1, Avg: 1.2, Max: 2, Diff: 1, Sum: 5]
      [GC Worker Other (ms): Min: 0.0, Avg: 0.0, Max: 0.0, Diff: 0.0, Sum: 0.1]
      [GC Worker Total (ms): Min: 12.8, Avg: 13.5, Max: 13.9, Diff: 1.1, Sum: 54.1]
      [GC Worker End (ms): Min: 950280.5, Avg: 950280.5, Max: 950280.5, Diff: 0.0]
   [Code Root Fixup: 0.0 ms]
   [Code Root Purge: 0.0 ms]
   [Clear CT: 0.1 ms]
   [Other: 0.6 ms]
      [Choose CSet: 0.0 ms]
      [Ref Proc: 0.3 ms]
      [Ref Enq: 0.0 ms]
      [Redirty Cards: 0.0 ms]
      [Humongous Register: 0.0 ms]
      [Humongous Reclaim: 0.0 ms]
      [Free CSet: 0.0 ms]
   [Eden: 7168.0K(7168.0K)->0.0B(68.0M) Survivors: 5120.0K->2048.0K Heap: 162.8M(256.0M)->158.7M(256.0M)]
 [Times: user=0.04 sys=0.01, real=0.01 secs] 
2020-04-16T13:45:25.806+0800: 968.847: [GC pause (G1 Evacuation Pause) (young), 0.0127476 secs]
   [Parallel Time: 10.8 ms, GC Workers: 4]
      [GC Worker Start (ms): Min: 968846.9, Avg: 968846.9, Max: 968846.9, Diff: 0.0]
      [Ext Root Scanning (ms): Min: 0.3, Avg: 0.4, Max: 0.4, Diff: 0.1, Sum: 1.5]
      [Update RS (ms): Min: 2.0, Avg: 2.1, Max: 2.3, Diff: 0.3, Sum: 8.5]
         [Processed Buffers: Min: 5, Avg: 11.5, Max: 17, Diff: 12, Sum: 46]
      [Scan RS (ms): Min: 1.1, Avg: 2.4, Max: 5.9, Diff: 4.8, Sum: 9.7]
      [Code Root Scanning (ms): Min: 0.0, Avg: 0.0, Max: 0.0, Diff: 0.0, Sum: 0.0]
      [Object Copy (ms): Min: 2.1, Avg: 5.6, Max: 6.8, Diff: 4.7, Sum: 22.4]
      [Termination (ms): Min: 0.0, Avg: 0.0, Max: 0.0, Diff: 0.0, Sum: 0.0]
         [Termination Attempts: Min: 1, Avg: 1.8, Max: 3, Diff: 2, Sum: 7]
      [GC Worker Other (ms): Min: 0.0, Avg: 0.1, Max: 0.2, Diff: 0.2, Sum: 0.5]
      [GC Worker Total (ms): Min: 10.6, Avg: 10.7, Max: 10.8, Diff: 0.2, Sum: 42.6]
      [GC Worker End (ms): Min: 968857.5, Avg: 968857.6, Max: 968857.7, Diff: 0.2]
   [Code Root Fixup: 0.0 ms]
   [Code Root Purge: 0.0 ms]
   [Clear CT: 0.2 ms]
   [Other: 1.7 ms]
      [Choose CSet: 0.0 ms]
      [Ref Proc: 0.5 ms]
      [Ref Enq: 0.0 ms]
      [Redirty Cards: 0.6 ms]
      [Humongous Register: 0.0 ms]
      [Humongous Reclaim: 0.0 ms]
      [Free CSet: 0.3 ms]
   [Eden: 68.0M(68.0M)->0.0B(64.0M) Survivors: 2048.0K->4096.0K Heap: 226.7M(256.0M)->160.5M(256.0M)]
 [Times: user=0.03 sys=0.00, real=0.01 secs] 
2020-04-16T13:45:43.188+0800: 986.229: [GC pause (G1 Evacuation Pause) (young) (initial-mark), 0.0091662 secs]
   [Parallel Time: 8.3 ms, GC Workers: 4]
      [GC Worker Start (ms): Min: 986229.4, Avg: 986229.7, Max: 986230.3, Diff: 0.9]
      [Ext Root Scanning (ms): Min: 0.0, Avg: 0.6, Max: 0.9, Diff: 0.9, Sum: 2.5]
      [Update RS (ms): Min: 1.6, Avg: 1.7, Max: 1.7, Diff: 0.1, Sum: 6.7]
         [Processed Buffers: Min: 3, Avg: 11.0, Max: 21, Diff: 18, Sum: 44]
      [Scan RS (ms): Min: 0.4, Avg: 0.5, Max: 0.6, Diff: 0.2, Sum: 1.9]
      [Code Root Scanning (ms): Min: 0.0, Avg: 0.0, Max: 0.0, Diff: 0.0, Sum: 0.0]
      [Object Copy (ms): Min: 5.1, Avg: 5.2, Max: 5.3, Diff: 0.1, Sum: 20.7]
      [Termination (ms): Min: 0.0, Avg: 0.0, Max: 0.0, Diff: 0.0, Sum: 0.0]
         [Termination Attempts: Min: 1, Avg: 1.0, Max: 1, Diff: 0, Sum: 4]
      [GC Worker Other (ms): Min: 0.0, Avg: 0.0, Max: 0.0, Diff: 0.0, Sum: 0.1]
      [GC Worker Total (ms): Min: 7.4, Avg: 8.0, Max: 8.3, Diff: 0.9, Sum: 31.9]
      [GC Worker End (ms): Min: 986237.7, Avg: 986237.7, Max: 986237.7, Diff: 0.0]
   [Code Root Fixup: 0.0 ms]
   [Code Root Purge: 0.0 ms]
   [Clear CT: 0.1 ms]
   [Other: 0.7 ms]
      [Choose CSet: 0.0 ms]
      [Ref Proc: 0.2 ms]
      [Ref Enq: 0.0 ms]
      [Redirty Cards: 0.1 ms]
      [Humongous Register: 0.0 ms]
      [Humongous Reclaim: 0.0 ms]
      [Free CSet: 0.0 ms]
   [Eden: 64.0M(64.0M)->0.0B(64.0M) Survivors: 4096.0K->4096.0K Heap: 224.5M(256.0M)->159.9M(256.0M)]
 [Times: user=0.02 sys=0.00, real=0.01 secs] 
2020-04-16T13:45:43.198+0800: 986.238: [GC concurrent-root-region-scan-start]
2020-04-16T13:45:43.202+0800: 986.243: [GC concurrent-root-region-scan-end, 0.0047230 secs]
2020-04-16T13:45:43.202+0800: 986.243: [GC concurrent-mark-start]
2020-04-16T13:45:43.232+0800: 986.273: [GC concurrent-mark-end, 0.0298981 secs]
2020-04-16T13:45:43.232+0800: 986.273: [GC remark 2020-04-16T13:45:43.232+0800: 986.273: [Finalize Marking, 0.0001015 secs] 2020-04-16T13:45:43.233+0800: 986.273: [GC ref-proc, 0.0000693 secs] 2020-04-16T13:45:43.233+0800: 986.273: [Unloading, 0.0077524 secs], 0.0096783 secs]
 [Times: user=0.02 sys=0.00, real=0.01 secs] 
2020-04-16T13:45:43.242+0800: 986.283: [GC cleanup 161M->161M(256M), 0.0006846 secs]
 [Times: user=0.00 sys=0.00, real=0.00 secs] 
2020-04-16T13:46:00.550+0800: 1003.590: [GC pause (G1 Evacuation Pause) (young), 0.0083260 secs]
   [Parallel Time: 7.8 ms, GC Workers: 4]
      [GC Worker Start (ms): Min: 1003590.6, Avg: 1003590.9, Max: 1003591.2, Diff: 0.6]
      [Ext Root Scanning (ms): Min: 0.4, Avg: 0.7, Max: 1.0, Diff: 0.6, Sum: 2.8]
      [Update RS (ms): Min: 2.2, Avg: 2.3, Max: 2.6, Diff: 0.3, Sum: 9.4]
         [Processed Buffers: Min: 4, Avg: 10.5, Max: 15, Diff: 11, Sum: 42]
      [Scan RS (ms): Min: 0.2, Avg: 0.3, Max: 0.4, Diff: 0.3, Sum: 1.1]
      [Code Root Scanning (ms): Min: 0.0, Avg: 0.0, Max: 0.0, Diff: 0.0, Sum: 0.0]
      [Object Copy (ms): Min: 3.9, Avg: 4.0, Max: 4.1, Diff: 0.2, Sum: 16.1]
      [Termination (ms): Min: 0.0, Avg: 0.0, Max: 0.0, Diff: 0.0, Sum: 0.0]
         [Termination Attempts: Min: 1, Avg: 1.0, Max: 1, Diff: 0, Sum: 4]
      [GC Worker Other (ms): Min: 0.0, Avg: 0.0, Max: 0.0, Diff: 0.0, Sum: 0.1]
      [GC Worker Total (ms): Min: 7.1, Avg: 7.4, Max: 7.7, Diff: 0.6, Sum: 29.5]
      [GC Worker End (ms): Min: 1003598.2, Avg: 1003598.2, Max: 1003598.2, Diff: 0.0]
   [Code Root Fixup: 0.0 ms]
   [Code Root Purge: 0.0 ms]
   [Clear CT: 0.1 ms]
   [Other: 0.5 ms]
      [Choose CSet: 0.0 ms]
      [Ref Proc: 0.1 ms]
      [Ref Enq: 0.0 ms]
      [Redirty Cards: 0.1 ms]
      [Humongous Register: 0.0 ms]
      [Humongous Reclaim: 0.0 ms]
      [Free CSet: 0.0 ms]
   [Eden: 64.0M(64.0M)->0.0B(9216.0K) Survivors: 4096.0K->3072.0K Heap: 223.9M(256.0M)->159.7M(256.0M)]
 [Times: user=0.03 sys=0.00, real=0.00 secs] 
2020-04-16T13:46:02.982+0800: 1006.022: [GC pause (G1 Evacuation Pause) (mixed), 0.0102018 secs]
   [Parallel Time: 9.7 ms, GC Workers: 4]
      [GC Worker Start (ms): Min: 1006022.6, Avg: 1006022.8, Max: 1006023.6, Diff: 1.0]
      [Ext Root Scanning (ms): Min: 0.0, Avg: 0.7, Max: 0.9, Diff: 0.9, Sum: 2.6]
      [Update RS (ms): Min: 1.4, Avg: 1.8, Max: 2.1, Diff: 0.7, Sum: 7.1]
         [Processed Buffers: Min: 2, Avg: 8.0, Max: 17, Diff: 15, Sum: 32]
      [Scan RS (ms): Min: 0.7, Avg: 0.9, Max: 1.0, Diff: 0.3, Sum: 3.6]
      [Code Root Scanning (ms): Min: 0.0, Avg: 0.0, Max: 0.0, Diff: 0.0, Sum: 0.0]
      [Object Copy (ms): Min: 5.9, Avg: 6.0, Max: 6.4, Diff: 0.5, Sum: 24.2]
      [Termination (ms): Min: 0.0, Avg: 0.0, Max: 0.0, Diff: 0.0, Sum: 0.0]
         [Termination Attempts: Min: 1, Avg: 1.5, Max: 2, Diff: 1, Sum: 6]
      [GC Worker Other (ms): Min: 0.0, Avg: 0.0, Max: 0.0, Diff: 0.0, Sum: 0.1]
      [GC Worker Total (ms): Min: 8.7, Avg: 9.4, Max: 9.7, Diff: 1.0, Sum: 37.6]
      [GC Worker End (ms): Min: 1006032.2, Avg: 1006032.2, Max: 1006032.2, Diff: 0.0]
   [Code Root Fixup: 0.0 ms]
   [Code Root Purge: 0.0 ms]
   [Clear CT: 0.1 ms]
   [Other: 0.4 ms]
      [Choose CSet: 0.0 ms]
      [Ref Proc: 0.2 ms]
      [Ref Enq: 0.0 ms]
      [Redirty Cards: 0.1 ms]
      [Humongous Register: 0.0 ms]
      [Humongous Reclaim: 0.0 ms]
      [Free CSet: 0.0 ms]
   [Eden: 9216.0K(9216.0K)->0.0B(74.0M) Survivors: 3072.0K->2048.0K Heap: 168.7M(256.0M)->152.4M(256.0M)]
 [Times: user=0.04 sys=0.00, real=0.01 secs] 
2020-04-16T13:46:23.248+0800: 1026.287: [GC pause (G1 Evacuation Pause) (young), 0.0100654 secs]
   [Parallel Time: 9.4 ms, GC Workers: 4]
      [GC Worker Start (ms): Min: 1026287.2, Avg: 1026289.5, Max: 1026296.1, Diff: 9.0]
      [Ext Root Scanning (ms): Min: 0.0, Avg: 0.4, Max: 0.6, Diff: 0.6, Sum: 1.5]
      [Update RS (ms): Min: 0.0, Avg: 1.9, Max: 2.5, Diff: 2.5, Sum: 7.5]
         [Processed Buffers: Min: 0, Avg: 11.0, Max: 17, Diff: 17, Sum: 44]
      [Scan RS (ms): Min: 0.0, Avg: 1.5, Max: 2.0, Diff: 2.0, Sum: 6.0]
      [Code Root Scanning (ms): Min: 0.0, Avg: 0.0, Max: 0.0, Diff: 0.0, Sum: 0.0]
      [Object Copy (ms): Min: 0.0, Avg: 2.8, Max: 3.7, Diff: 3.7, Sum: 11.0]
      [Termination (ms): Min: 0.0, Avg: 0.2, Max: 0.4, Diff: 0.4, Sum: 0.9]
         [Termination Attempts: Min: 1, Avg: 1.0, Max: 1, Diff: 0, Sum: 4]
      [GC Worker Other (ms): Min: 0.0, Avg: 0.0, Max: 0.0, Diff: 0.0, Sum: 0.1]
      [GC Worker Total (ms): Min: 0.0, Avg: 6.7, Max: 9.2, Diff: 9.2, Sum: 27.0]
      [GC Worker End (ms): Min: 1026296.2, Avg: 1026296.3, Max: 1026296.4, Diff: 0.2]
   [Code Root Fixup: 0.0 ms]
   [Code Root Purge: 0.0 ms]
   [Clear CT: 0.1 ms]
   [Other: 0.6 ms]
      [Choose CSet: 0.0 ms]
      [Ref Proc: 0.4 ms]
      [Ref Enq: 0.0 ms]
      [Redirty Cards: 0.0 ms]
      [Humongous Register: 0.0 ms]
      [Humongous Reclaim: 0.0 ms]
      [Free CSet: 0.0 ms]
   [Eden: 74.0M(74.0M)->0.0B(72.0M) Survivors: 2048.0K->3072.0K Heap: 226.4M(256.0M)->153.2M(256.0M)]
 [Times: user=0.02 sys=0.00, real=0.01 secs] 
2020-04-16T13:46:42.957+0800: 1045.996: [GC pause (G1 Evacuation Pause) (young) (initial-mark), 0.0074487 secs]
   [Parallel Time: 7.0 ms, GC Workers: 4]
      [GC Worker Start (ms): Min: 1045996.6, Avg: 1045997.0, Max: 1045997.7, Diff: 1.1]
      [Ext Root Scanning (ms): Min: 0.0, Avg: 0.7, Max: 1.1, Diff: 1.1, Sum: 2.9]
      [Update RS (ms): Min: 1.7, Avg: 2.0, Max: 2.2, Diff: 0.5, Sum: 8.0]
         [Processed Buffers: Min: 5, Avg: 11.2, Max: 15, Diff: 10, Sum: 45]
      [Scan RS (ms): Min: 0.2, Avg: 0.3, Max: 0.4, Diff: 0.2, Sum: 1.1]
      [Code Root Scanning (ms): Min: 0.0, Avg: 0.0, Max: 0.0, Diff: 0.0, Sum: 0.0]
      [Object Copy (ms): Min: 3.4, Avg: 3.5, Max: 3.5, Diff: 0.1, Sum: 13.9]
      [Termination (ms): Min: 0.0, Avg: 0.0, Max: 0.0, Diff: 0.0, Sum: 0.0]
         [Termination Attempts: Min: 1, Avg: 1.0, Max: 1, Diff: 0, Sum: 4]
      [GC Worker Other (ms): Min: 0.0, Avg: 0.0, Max: 0.0, Diff: 0.0, Sum: 0.1]
      [GC Worker Total (ms): Min: 5.8, Avg: 6.5, Max: 6.9, Diff: 1.1, Sum: 25.9]
      [GC Worker End (ms): Min: 1046003.5, Avg: 1046003.5, Max: 1046003.5, Diff: 0.0]
   [Code Root Fixup: 0.0 ms]
   [Code Root Purge: 0.0 ms]
   [Clear CT: 0.0 ms]
   [Other: 0.4 ms]
      [Choose CSet: 0.0 ms]
      [Ref Proc: 0.1 ms]
      [Ref Enq: 0.0 ms]
      [Redirty Cards: 0.1 ms]
      [Humongous Register: 0.0 ms]
      [Humongous Reclaim: 0.0 ms]
      [Free CSet: 0.0 ms]
   [Eden: 72.0M(72.0M)->0.0B(72.0M) Survivors: 3072.0K->3072.0K Heap: 225.2M(256.0M)->153.3M(256.0M)]
 [Times: user=0.02 sys=0.00, real=0.01 secs] 
2020-04-16T13:46:42.965+0800: 1046.004: [GC concurrent-root-region-scan-start]
2020-04-16T13:46:42.969+0800: 1046.008: [GC concurrent-root-region-scan-end, 0.0041684 secs]
2020-04-16T13:46:42.969+0800: 1046.008: [GC concurrent-mark-start]
2020-04-16T13:46:42.987+0800: 1046.026: [GC concurrent-mark-end, 0.0178307 secs]
2020-04-16T13:46:42.987+0800: 1046.026: [GC remark 2020-04-16T13:46:42.987+0800: 1046.026: [Finalize Marking, 0.0000996 secs] 2020-04-16T13:46:42.987+0800: 1046.026: [GC ref-proc, 0.0000736 secs] 2020-04-16T13:46:42.988+0800: 1046.026: [Unloading, 0.0048570 secs], 0.0063485 secs]
 [Times: user=0.02 sys=0.00, real=0.01 secs] 
2020-04-16T13:46:42.994+0800: 1046.033: [GC cleanup 154M->154M(256M), 0.0003940 secs]
 [Times: user=0.00 sys=0.00, real=0.00 secs] 
2020-04-16T13:47:02.636+0800: 1065.674: [GC pause (G1 Evacuation Pause) (young), 0.0088717 secs]
   [Parallel Time: 8.4 ms, GC Workers: 4]
      [GC Worker Start (ms): Min: 1065674.5, Avg: 1065674.6, Max: 1065674.6, Diff: 0.1]
      [Ext Root Scanning (ms): Min: 0.7, Avg: 0.7, Max: 0.7, Diff: 0.1, Sum: 2.8]
      [Update RS (ms): Min: 2.0, Avg: 2.1, Max: 2.3, Diff: 0.3, Sum: 8.3]
         [Processed Buffers: Min: 4, Avg: 10.2, Max: 19, Diff: 15, Sum: 41]
      [Scan RS (ms): Min: 0.6, Avg: 0.8, Max: 0.8, Diff: 0.3, Sum: 3.1]
      [Code Root Scanning (ms): Min: 0.0, Avg: 0.0, Max: 0.0, Diff: 0.0, Sum: 0.0]
      [Object Copy (ms): Min: 4.6, Avg: 4.7, Max: 4.7, Diff: 0.1, Sum: 18.7]
      [Termination (ms): Min: 0.0, Avg: 0.0, Max: 0.0, Diff: 0.0, Sum: 0.0]
         [Termination Attempts: Min: 1, Avg: 1.0, Max: 1, Diff: 0, Sum: 4]
      [GC Worker Other (ms): Min: 0.0, Avg: 0.0, Max: 0.1, Diff: 0.0, Sum: 0.2]
      [GC Worker Total (ms): Min: 8.2, Avg: 8.3, Max: 8.3, Diff: 0.1, Sum: 33.1]
      [GC Worker End (ms): Min: 1065682.8, Avg: 1065682.8, Max: 1065682.9, Diff: 0.0]
   [Code Root Fixup: 0.0 ms]
   [Code Root Purge: 0.0 ms]
   [Clear CT: 0.1 ms]
   [Other: 0.4 ms]
      [Choose CSet: 0.0 ms]
      [Ref Proc: 0.2 ms]
      [Ref Enq: 0.0 ms]
      [Redirty Cards: 0.1 ms]
      [Humongous Register: 0.0 ms]
      [Humongous Reclaim: 0.0 ms]
      [Free CSet: 0.0 ms]
   [Eden: 72.0M(72.0M)->0.0B(7168.0K) Survivors: 3072.0K->5120.0K Heap: 225.3M(256.0M)->154.8M(256.0M)]
 [Times: user=0.03 sys=0.00, real=0.01 secs] 
2020-04-16T13:47:04.564+0800: 1067.603: [GC pause (G1 Evacuation Pause) (mixed), 0.0093276 secs]
   [Parallel Time: 7.8 ms, GC Workers: 4]
      [GC Worker Start (ms): Min: 1067602.7, Avg: 1067602.7, Max: 1067602.7, Diff: 0.0]
      [Ext Root Scanning (ms): Min: 0.4, Avg: 0.5, Max: 0.5, Diff: 0.1, Sum: 1.9]
      [Update RS (ms): Min: 0.9, Avg: 0.9, Max: 0.9, Diff: 0.1, Sum: 3.6]
         [Processed Buffers: Min: 4, Avg: 7.8, Max: 16, Diff: 12, Sum: 31]
      [Scan RS (ms): Min: 0.9, Avg: 0.9, Max: 1.0, Diff: 0.1, Sum: 3.7]
      [Code Root Scanning (ms): Min: 0.0, Avg: 0.0, Max: 0.0, Diff: 0.0, Sum: 0.0]
      [Object Copy (ms): Min: 5.3, Avg: 5.4, Max: 5.5, Diff: 0.2, Sum: 21.5]
      [Termination (ms): Min: 0.0, Avg: 0.1, Max: 0.1, Diff: 0.1, Sum: 0.3]
         [Termination Attempts: Min: 1, Avg: 1.2, Max: 2, Diff: 1, Sum: 5]
      [GC Worker Other (ms): Min: 0.0, Avg: 0.0, Max: 0.0, Diff: 0.0, Sum: 0.1]
      [GC Worker Total (ms): Min: 7.7, Avg: 7.7, Max: 7.8, Diff: 0.0, Sum: 31.0]
      [GC Worker End (ms): Min: 1067610.4, Avg: 1067610.4, Max: 1067610.4, Diff: 0.0]
   [Code Root Fixup: 0.0 ms]
   [Code Root Purge: 0.0 ms]
   [Clear CT: 0.0 ms]
   [Other: 1.5 ms]
      [Choose CSet: 0.0 ms]
      [Ref Proc: 1.2 ms]
      [Ref Enq: 0.0 ms]
      [Redirty Cards: 0.1 ms]
      [Humongous Register: 0.0 ms]
      [Humongous Reclaim: 0.0 ms]
      [Free CSet: 0.0 ms]
   [Eden: 7168.0K(7168.0K)->0.0B(75.0M) Survivors: 5120.0K->2048.0K Heap: 161.8M(256.0M)->151.9M(256.0M)]
 [Times: user=0.03 sys=0.00, real=0.01 secs] 
2020-04-16T13:47:25.171+0800: 1088.209: [GC pause (G1 Evacuation Pause) (young), 0.0085709 secs]
   [Parallel Time: 7.9 ms, GC Workers: 4]
      [GC Worker Start (ms): Min: 1088208.6, Avg: 1088208.7, Max: 1088208.7, Diff: 0.1]
      [Ext Root Scanning (ms): Min: 0.4, Avg: 0.4, Max: 0.4, Diff: 0.1, Sum: 1.5]
      [Update RS (ms): Min: 3.1, Avg: 3.6, Max: 5.0, Diff: 1.9, Sum: 14.6]
         [Processed Buffers: Min: 3, Avg: 10.5, Max: 18, Diff: 15, Sum: 42]
      [Scan RS (ms): Min: 0.0, Avg: 1.0, Max: 1.4, Diff: 1.4, Sum: 4.0]
      [Code Root Scanning (ms): Min: 0.0, Avg: 0.0, Max: 0.0, Diff: 0.0, Sum: 0.0]
      [Object Copy (ms): Min: 2.3, Avg: 2.7, Max: 2.8, Diff: 0.5, Sum: 10.6]
      [Termination (ms): Min: 0.0, Avg: 0.0, Max: 0.0, Diff: 0.0, Sum: 0.0]
         [Termination Attempts: Min: 1, Avg: 1.2, Max: 2, Diff: 1, Sum: 5]
      [GC Worker Other (ms): Min: 0.0, Avg: 0.0, Max: 0.1, Diff: 0.1, Sum: 0.2]
      [GC Worker Total (ms): Min: 7.7, Avg: 7.7, Max: 7.8, Diff: 0.1, Sum: 31.0]
      [GC Worker End (ms): Min: 1088216.4, Avg: 1088216.4, Max: 1088216.5, Diff: 0.1]
   [Code Root Fixup: 0.0 ms]
   [Code Root Purge: 0.0 ms]
   [Clear CT: 0.0 ms]
   [Other: 0.6 ms]
      [Choose CSet: 0.0 ms]
      [Ref Proc: 0.4 ms]
      [Ref Enq: 0.0 ms]
      [Redirty Cards: 0.1 ms]
      [Humongous Register: 0.0 ms]
      [Humongous Reclaim: 0.0 ms]
      [Free CSet: 0.0 ms]
   [Eden: 75.0M(75.0M)->0.0B(73.0M) Survivors: 2048.0K->3072.0K Heap: 226.9M(256.0M)->152.3M(256.0M)]
 [Times: user=0.03 sys=0.00, real=0.01 secs] 
2020-04-16T13:47:45.236+0800: 1108.273: [GC pause (G1 Evacuation Pause) (young) (initial-mark), 0.0282467 secs]
   [Parallel Time: 13.7 ms, GC Workers: 4]
      [GC Worker Start (ms): Min: 1108273.5, Avg: 1108273.9, Max: 1108274.8, Diff: 1.3]
      [Ext Root Scanning (ms): Min: 0.0, Avg: 2.5, Max: 7.1, Diff: 7.0, Sum: 10.0]
      [Update RS (ms): Min: 0.0, Avg: 3.5, Max: 5.8, Diff: 5.8, Sum: 13.9]
         [Processed Buffers: Min: 0, Avg: 11.0, Max: 34, Diff: 34, Sum: 44]
      [Scan RS (ms): Min: 0.0, Avg: 0.5, Max: 1.2, Diff: 1.2, Sum: 2.1]
      [Code Root Scanning (ms): Min: 0.0, Avg: 0.0, Max: 0.0, Diff: 0.0, Sum: 0.0]
      [Object Copy (ms): Min: 5.9, Avg: 6.2, Max: 6.5, Diff: 0.7, Sum: 24.8]
      [Termination (ms): Min: 0.0, Avg: 0.4, Max: 0.6, Diff: 0.6, Sum: 1.5]
         [Termination Attempts: Min: 1, Avg: 2.2, Max: 4, Diff: 3, Sum: 9]
      [GC Worker Other (ms): Min: 0.0, Avg: 0.0, Max: 0.0, Diff: 0.0, Sum: 0.1]
      [GC Worker Total (ms): Min: 12.3, Avg: 13.1, Max: 13.5, Diff: 1.1, Sum: 52.3]
      [GC Worker End (ms): Min: 1108286.7, Avg: 1108287.0, Max: 1108287.2, Diff: 0.5]
   [Code Root Fixup: 0.0 ms]
   [Code Root Purge: 0.0 ms]
   [Clear CT: 0.1 ms]
   [Other: 14.5 ms]
      [Choose CSet: 0.0 ms]
      [Ref Proc: 14.0 ms]
      [Ref Enq: 0.0 ms]
      [Redirty Cards: 0.2 ms]
      [Humongous Register: 0.0 ms]
      [Humongous Reclaim: 0.0 ms]
      [Free CSet: 0.0 ms]
   [Eden: 73.0M(73.0M)->0.0B(73.0M) Survivors: 3072.0K->3072.0K Heap: 225.3M(256.0M)->152.8M(256.0M)]
 [Times: user=0.03 sys=0.01, real=0.03 secs] 
2020-04-16T13:47:45.265+0800: 1108.302: [GC concurrent-root-region-scan-start]
2020-04-16T13:47:45.273+0800: 1108.310: [GC concurrent-root-region-scan-end, 0.0082251 secs]
2020-04-16T13:47:45.273+0800: 1108.310: [GC concurrent-mark-start]
2020-04-16T13:47:45.341+0800: 1108.378: [GC concurrent-mark-end, 0.0679743 secs]
2020-04-16T13:47:45.341+0800: 1108.378: [GC remark 2020-04-16T13:47:45.341+0800: 1108.378: [Finalize Marking, 0.0002491 secs] 2020-04-16T13:47:45.342+0800: 1108.379: [GC ref-proc, 0.0001244 secs] 2020-04-16T13:47:45.342+0800: 1108.379: [Unloading, 0.0079311 secs], 0.0101119 secs]
 [Times: user=0.02 sys=0.00, real=0.01 secs] 
2020-04-16T13:47:45.352+0800: 1108.389: [GC cleanup 154M->154M(256M), 0.0003854 secs]
 [Times: user=0.00 sys=0.00, real=0.00 secs] 
2020-04-16T13:48:05.052+0800: 1128.089: [GC pause (G1 Evacuation Pause) (young), 0.0090759 secs]
   [Parallel Time: 8.7 ms, GC Workers: 4]
      [GC Worker Start (ms): Min: 1128089.0, Avg: 1128089.0, Max: 1128089.1, Diff: 0.1]
      [Ext Root Scanning (ms): Min: 0.6, Avg: 0.6, Max: 0.7, Diff: 0.1, Sum: 2.6]
      [Update RS (ms): Min: 2.1, Avg: 2.1, Max: 2.3, Diff: 0.2, Sum: 8.5]
         [Processed Buffers: Min: 3, Avg: 10.2, Max: 19, Diff: 16, Sum: 41]
      [Scan RS (ms): Min: 0.5, Avg: 0.7, Max: 0.8, Diff: 0.3, Sum: 3.0]
      [Code Root Scanning (ms): Min: 0.0, Avg: 0.0, Max: 0.0, Diff: 0.0, Sum: 0.0]
      [Object Copy (ms): Min: 5.0, Avg: 5.0, Max: 5.1, Diff: 0.1, Sum: 20.1]
      [Termination (ms): Min: 0.0, Avg: 0.0, Max: 0.0, Diff: 0.0, Sum: 0.0]
         [Termination Attempts: Min: 1, Avg: 1.0, Max: 1, Diff: 0, Sum: 4]
      [GC Worker Other (ms): Min: 0.0, Avg: 0.0, Max: 0.0, Diff: 0.0, Sum: 0.1]
      [GC Worker Total (ms): Min: 8.5, Avg: 8.6, Max: 8.6, Diff: 0.1, Sum: 34.3]
      [GC Worker End (ms): Min: 1128097.6, Avg: 1128097.6, Max: 1128097.6, Diff: 0.0]
   [Code Root Fixup: 0.0 ms]
   [Code Root Purge: 0.0 ms]
   [Clear CT: 0.0 ms]
   [Other: 0.3 ms]
      [Choose CSet: 0.0 ms]
      [Ref Proc: 0.1 ms]
      [Ref Enq: 0.0 ms]
      [Redirty Cards: 0.1 ms]
      [Humongous Register: 0.0 ms]
      [Humongous Reclaim: 0.0 ms]
      [Free CSet: 0.0 ms]
   [Eden: 73.0M(73.0M)->0.0B(7168.0K) Survivors: 3072.0K->5120.0K Heap: 225.8M(256.0M)->154.3M(256.0M)]
 [Times: user=0.03 sys=0.00, real=0.01 secs] 
2020-04-16T13:48:06.961+0800: 1129.997: [GC pause (G1 Evacuation Pause) (mixed), 0.0077743 secs]
   [Parallel Time: 7.4 ms, GC Workers: 4]
      [GC Worker Start (ms): Min: 1129997.6, Avg: 1129997.6, Max: 1129997.6, Diff: 0.0]
      [Ext Root Scanning (ms): Min: 0.6, Avg: 0.6, Max: 0.7, Diff: 0.1, Sum: 2.6]
      [Update RS (ms): Min: 0.9, Avg: 1.0, Max: 1.0, Diff: 0.1, Sum: 3.9]
         [Processed Buffers: Min: 2, Avg: 7.0, Max: 17, Diff: 15, Sum: 28]
      [Scan RS (ms): Min: 1.0, Avg: 1.1, Max: 1.1, Diff: 0.1, Sum: 4.3]
      [Code Root Scanning (ms): Min: 0.0, Avg: 0.0, Max: 0.0, Diff: 0.0, Sum: 0.0]
      [Object Copy (ms): Min: 4.5, Avg: 4.5, Max: 4.6, Diff: 0.1, Sum: 18.2]
      [Termination (ms): Min: 0.0, Avg: 0.0, Max: 0.0, Diff: 0.0, Sum: 0.0]
         [Termination Attempts: Min: 1, Avg: 1.0, Max: 1, Diff: 0, Sum: 4]
      [GC Worker Other (ms): Min: 0.0, Avg: 0.0, Max: 0.0, Diff: 0.0, Sum: 0.1]
      [GC Worker Total (ms): Min: 7.2, Avg: 7.3, Max: 7.3, Diff: 0.0, Sum: 29.0]
      [GC Worker End (ms): Min: 1130004.8, Avg: 1130004.8, Max: 1130004.9, Diff: 0.0]
   [Code Root Fixup: 0.0 ms]
   [Code Root Purge: 0.0 ms]
   [Clear CT: 0.1 ms]
   [Other: 0.3 ms]
      [Choose CSet: 0.0 ms]
      [Ref Proc: 0.1 ms]
      [Ref Enq: 0.0 ms]
      [Redirty Cards: 0.1 ms]
      [Humongous Register: 0.0 ms]
      [Humongous Reclaim: 0.0 ms]
      [Free CSet: 0.0 ms]
   [Eden: 7168.0K(7168.0K)->0.0B(74.0M) Survivors: 5120.0K->2048.0K Heap: 161.3M(256.0M)->152.8M(256.0M)]
 [Times: user=0.03 sys=0.00, real=0.00 secs] 
2020-04-16T13:48:27.150+0800: 1150.186: [GC pause (G1 Evacuation Pause) (young), 0.0110607 secs]
   [Parallel Time: 9.8 ms, GC Workers: 4]
      [GC Worker Start (ms): Min: 1150185.7, Avg: 1150185.9, Max: 1150186.3, Diff: 0.5]
      [Ext Root Scanning (ms): Min: 0.3, Avg: 0.7, Max: 0.8, Diff: 0.5, Sum: 2.6]
      [Update RS (ms): Min: 3.0, Avg: 3.4, Max: 4.4, Diff: 1.4, Sum: 13.7]
         [Processed Buffers: Min: 3, Avg: 9.8, Max: 20, Diff: 17, Sum: 39]
      [Scan RS (ms): Min: 0.0, Avg: 1.0, Max: 1.4, Diff: 1.4, Sum: 3.9]
      [Code Root Scanning (ms): Min: 0.0, Avg: 0.0, Max: 0.0, Diff: 0.0, Sum: 0.0]
      [Object Copy (ms): Min: 4.4, Avg: 4.5, Max: 4.5, Diff: 0.1, Sum: 17.9]
      [Termination (ms): Min: 0.0, Avg: 0.0, Max: 0.0, Diff: 0.0, Sum: 0.0]
         [Termination Attempts: Min: 1, Avg: 1.0, Max: 1, Diff: 0, Sum: 4]
      [GC Worker Other (ms): Min: 0.0, Avg: 0.0, Max: 0.0, Diff: 0.0, Sum: 0.1]
      [GC Worker Total (ms): Min: 9.2, Avg: 9.6, Max: 9.7, Diff: 0.5, Sum: 38.4]
      [GC Worker End (ms): Min: 1150195.5, Avg: 1150195.5, Max: 1150195.5, Diff: 0.0]
   [Code Root Fixup: 0.0 ms]
   [Code Root Purge: 0.0 ms]
   [Clear CT: 0.2 ms]
   [Other: 1.1 ms]
      [Choose CSet: 0.0 ms]
      [Ref Proc: 0.6 ms]
      [Ref Enq: 0.0 ms]
      [Redirty Cards: 0.1 ms]
      [Humongous Register: 0.0 ms]
      [Humongous Reclaim: 0.0 ms]
      [Free CSet: 0.1 ms]
   [Eden: 74.0M(74.0M)->0.0B(74.0M) Survivors: 2048.0K->2048.0K Heap: 226.8M(256.0M)->152.2M(256.0M)]
 [Times: user=0.03 sys=0.00, real=0.01 secs] 
2020-04-16T13:48:47.304+0800: 1170.339: [GC pause (G1 Evacuation Pause) (young) (initial-mark), 0.0148708 secs]
   [Parallel Time: 14.4 ms, GC Workers: 4]
      [GC Worker Start (ms): Min: 1170339.6, Avg: 1170339.9, Max: 1170340.8, Diff: 1.2]
      [Ext Root Scanning (ms): Min: 0.0, Avg: 1.3, Max: 3.1, Diff: 3.0, Sum: 5.4]
      [Update RS (ms): Min: 2.3, Avg: 2.8, Max: 4.3, Diff: 2.0, Sum: 11.3]
         [Processed Buffers: Min: 2, Avg: 10.5, Max: 22, Diff: 20, Sum: 42]
      [Scan RS (ms): Min: 0.0, Avg: 1.7, Max: 2.4, Diff: 2.4, Sum: 7.0]
      [Code Root Scanning (ms): Min: 0.0, Avg: 0.0, Max: 0.0, Diff: 0.0, Sum: 0.0]
      [Object Copy (ms): Min: 2.7, Avg: 3.8, Max: 4.3, Diff: 1.5, Sum: 15.2]
      [Termination (ms): Min: 0.0, Avg: 3.2, Max: 4.3, Diff: 4.3, Sum: 12.8]
         [Termination Attempts: Min: 1, Avg: 1.2, Max: 2, Diff: 1, Sum: 5]
      [GC Worker Other (ms): Min: 0.0, Avg: 0.0, Max: 0.1, Diff: 0.0, Sum: 0.1]
      [GC Worker Total (ms): Min: 10.1, Avg: 12.9, Max: 14.3, Diff: 4.2, Sum: 51.8]
      [GC Worker End (ms): Min: 1170349.7, Avg: 1170352.8, Max: 1170353.9, Diff: 4.2]
   [Code Root Fixup: 0.0 ms]
   [Code Root Purge: 0.0 ms]
   [Clear CT: 0.1 ms]
   [Other: 0.4 ms]
      [Choose CSet: 0.0 ms]
      [Ref Proc: 0.2 ms]
      [Ref Enq: 0.0 ms]
      [Redirty Cards: 0.1 ms]
      [Humongous Register: 0.0 ms]
      [Humongous Reclaim: 0.0 ms]
      [Free CSet: 0.0 ms]
   [Eden: 74.0M(74.0M)->0.0B(72.0M) Survivors: 2048.0K->3072.0K Heap: 226.2M(256.0M)->153.4M(256.0M)]
 [Times: user=0.03 sys=0.00, real=0.02 secs] 
2020-04-16T13:48:47.321+0800: 1170.356: [GC concurrent-root-region-scan-start]
2020-04-16T13:48:47.328+0800: 1170.363: [GC concurrent-root-region-scan-end, 0.0064808 secs]
2020-04-16T13:48:47.328+0800: 1170.363: [GC concurrent-mark-start]
2020-04-16T13:48:47.360+0800: 1170.396: [GC concurrent-mark-end, 0.0327210 secs]
2020-04-16T13:48:47.361+0800: 1170.396: [GC remark 2020-04-16T13:48:47.361+0800: 1170.396: [Finalize Marking, 0.0001228 secs] 2020-04-16T13:48:47.361+0800: 1170.396: [GC ref-proc, 0.0000763 secs] 2020-04-16T13:48:47.361+0800: 1170.396: [Unloading, 0.0070935 secs], 0.0092099 secs]
 [Times: user=0.03 sys=0.00, real=0.01 secs] 
2020-04-16T13:48:47.370+0800: 1170.405: [GC cleanup 154M->154M(256M), 0.0003139 secs]
 [Times: user=0.00 sys=0.00, real=0.00 secs] 
2020-04-16T13:49:06.985+0800: 1190.019: [GC pause (G1 Evacuation Pause) (young), 0.0280091 secs]
   [Parallel Time: 17.2 ms, GC Workers: 4]
      [GC Worker Start (ms): Min: 1190019.2, Avg: 1190019.3, Max: 1190019.3, Diff: 0.0]
      [Ext Root Scanning (ms): Min: 0.4, Avg: 0.5, Max: 0.5, Diff: 0.1, Sum: 1.9]
      [Update RS (ms): Min: 1.4, Avg: 1.4, Max: 1.5, Diff: 0.1, Sum: 5.7]
         [Processed Buffers: Min: 2, Avg: 10.0, Max: 15, Diff: 13, Sum: 40]
      [Scan RS (ms): Min: 1.0, Avg: 1.1, Max: 1.1, Diff: 0.1, Sum: 4.2]
      [Code Root Scanning (ms): Min: 0.0, Avg: 0.0, Max: 0.0, Diff: 0.0, Sum: 0.0]
      [Object Copy (ms): Min: 3.7, Avg: 3.8, Max: 3.9, Diff: 0.2, Sum: 15.2]
      [Termination (ms): Min: 0.0, Avg: 5.1, Max: 10.4, Diff: 10.4, Sum: 20.6]
         [Termination Attempts: Min: 1, Avg: 1.0, Max: 1, Diff: 0, Sum: 4]
      [GC Worker Other (ms): Min: 0.0, Avg: 0.0, Max: 0.0, Diff: 0.0, Sum: 0.1]
      [GC Worker Total (ms): Min: 6.8, Avg: 11.9, Max: 17.2, Diff: 10.3, Sum: 47.7]
      [GC Worker End (ms): Min: 1190026.1, Avg: 1190031.2, Max: 1190036.4, Diff: 10.3]
   [Code Root Fixup: 0.0 ms]
   [Code Root Purge: 0.0 ms]
   [Clear CT: 0.1 ms]
   [Other: 10.7 ms]
      [Choose CSet: 0.0 ms]
      [Ref Proc: 10.4 ms]
      [Ref Enq: 0.0 ms]
      [Redirty Cards: 0.0 ms]
      [Humongous Register: 0.0 ms]
      [Humongous Reclaim: 0.0 ms]
      [Free CSet: 0.0 ms]
   [Eden: 72.0M(72.0M)->0.0B(7168.0K) Survivors: 3072.0K->5120.0K Heap: 225.4M(256.0M)->155.1M(256.0M)]
 [Times: user=0.03 sys=0.00, real=0.03 secs] 
2020-04-16T13:49:08.940+0800: 1191.975: [GC pause (G1 Evacuation Pause) (mixed), 0.0094485 secs]
   [Parallel Time: 8.9 ms, GC Workers: 4]
      [GC Worker Start (ms): Min: 1191974.7, Avg: 1191975.0, Max: 1191975.5, Diff: 0.8]
      [Ext Root Scanning (ms): Min: 0.0, Avg: 0.5, Max: 0.7, Diff: 0.7, Sum: 1.9]
      [Update RS (ms): Min: 1.3, Avg: 1.4, Max: 1.6, Diff: 0.3, Sum: 5.7]
         [Processed Buffers: Min: 5, Avg: 6.5, Max: 10, Diff: 5, Sum: 26]
      [Scan RS (ms): Min: 1.0, Avg: 1.2, Max: 1.3, Diff: 0.3, Sum: 4.7]
      [Code Root Scanning (ms): Min: 0.0, Avg: 0.0, Max: 0.0, Diff: 0.0, Sum: 0.0]
      [Object Copy (ms): Min: 5.3, Avg: 5.4, Max: 5.5, Diff: 0.2, Sum: 21.5]
      [Termination (ms): Min: 0.0, Avg: 0.0, Max: 0.0, Diff: 0.0, Sum: 0.0]
         [Termination Attempts: Min: 1, Avg: 1.5, Max: 2, Diff: 1, Sum: 6]
      [GC Worker Other (ms): Min: 0.0, Avg: 0.0, Max: 0.0, Diff: 0.0, Sum: 0.1]
      [GC Worker Total (ms): Min: 8.0, Avg: 8.5, Max: 8.7, Diff: 0.8, Sum: 33.9]
      [GC Worker End (ms): Min: 1191983.5, Avg: 1191983.5, Max: 1191983.5, Diff: 0.0]
   [Code Root Fixup: 0.0 ms]
   [Code Root Purge: 0.0 ms]
   [Clear CT: 0.1 ms]
   [Other: 0.5 ms]
      [Choose CSet: 0.0 ms]
      [Ref Proc: 0.2 ms]
      [Ref Enq: 0.0 ms]
      [Redirty Cards: 0.1 ms]
      [Humongous Register: 0.0 ms]
      [Humongous Reclaim: 0.0 ms]
      [Free CSet: 0.0 ms]
   [Eden: 7168.0K(7168.0K)->0.0B(74.0M) Survivors: 5120.0K->2048.0K Heap: 162.1M(256.0M)->152.2M(256.0M)]
 [Times: user=0.03 sys=0.01, real=0.01 secs] 
2020-04-16T13:49:29.229+0800: 1212.263: [GC pause (G1 Evacuation Pause) (young), 0.0072990 secs]
   [Parallel Time: 6.6 ms, GC Workers: 4]
      [GC Worker Start (ms): Min: 1212263.2, Avg: 1212263.3, Max: 1212263.4, Diff: 0.3]
      [Ext Root Scanning (ms): Min: 0.4, Avg: 0.6, Max: 0.7, Diff: 0.3, Sum: 2.4]
      [Update RS (ms): Min: 2.3, Avg: 2.4, Max: 2.6, Diff: 0.3, Sum: 9.8]
         [Processed Buffers: Min: 4, Avg: 11.8, Max: 30, Diff: 26, Sum: 47]
      [Scan RS (ms): Min: 0.5, Avg: 0.7, Max: 0.9, Diff: 0.4, Sum: 3.0]
      [Code Root Scanning (ms): Min: 0.0, Avg: 0.0, Max: 0.0, Diff: 0.0, Sum: 0.0]
      [Object Copy (ms): Min: 2.5, Avg: 2.6, Max: 2.6, Diff: 0.1, Sum: 10.4]
      [Termination (ms): Min: 0.0, Avg: 0.1, Max: 0.1, Diff: 0.1, Sum: 0.3]
         [Termination Attempts: Min: 1, Avg: 1.0, Max: 1, Diff: 0, Sum: 4]
      [GC Worker Other (ms): Min: 0.0, Avg: 0.0, Max: 0.0, Diff: 0.0, Sum: 0.1]
      [GC Worker Total (ms): Min: 6.3, Avg: 6.5, Max: 6.6, Diff: 0.3, Sum: 26.0]
      [GC Worker End (ms): Min: 1212269.7, Avg: 1212269.8, Max: 1212269.8, Diff: 0.0]
   [Code Root Fixup: 0.0 ms]
   [Code Root Purge: 0.0 ms]
   [Clear CT: 0.1 ms]
   [Other: 0.5 ms]
      [Choose CSet: 0.0 ms]
      [Ref Proc: 0.2 ms]
      [Ref Enq: 0.0 ms]
      [Redirty Cards: 0.1 ms]
      [Humongous Register: 0.0 ms]
      [Humongous Reclaim: 0.0 ms]
      [Free CSet: 0.1 ms]
   [Eden: 74.0M(74.0M)->0.0B(74.0M) Survivors: 2048.0K->2048.0K Heap: 226.2M(256.0M)->151.8M(256.0M)]
 [Times: user=0.02 sys=0.00, real=0.01 secs] 
2020-04-16T13:49:49.371+0800: 1232.405: [GC pause (G1 Evacuation Pause) (young) (initial-mark), 0.0112487 secs]
   [Parallel Time: 7.0 ms, GC Workers: 4]
      [GC Worker Start (ms): Min: 1232404.8, Avg: 1232404.8, Max: 1232404.8, Diff: 0.0]
      [Ext Root Scanning (ms): Min: 0.6, Avg: 0.6, Max: 0.6, Diff: 0.0, Sum: 2.5]
      [Update RS (ms): Min: 1.6, Avg: 1.7, Max: 1.9, Diff: 0.3, Sum: 7.0]
         [Processed Buffers: Min: 2, Avg: 11.2, Max: 27, Diff: 25, Sum: 45]
      [Scan RS (ms): Min: 1.1, Avg: 1.2, Max: 1.4, Diff: 0.3, Sum: 5.0]
      [Code Root Scanning (ms): Min: 0.0, Avg: 0.0, Max: 0.0, Diff: 0.0, Sum: 0.0]
      [Object Copy (ms): Min: 3.2, Avg: 3.3, Max: 3.3, Diff: 0.1, Sum: 13.0]
      [Termination (ms): Min: 0.0, Avg: 0.1, Max: 0.1, Diff: 0.1, Sum: 0.3]
         [Termination Attempts: Min: 1, Avg: 1.0, Max: 1, Diff: 0, Sum: 4]
      [GC Worker Other (ms): Min: 0.0, Avg: 0.0, Max: 0.0, Diff: 0.0, Sum: 0.0]
      [GC Worker Total (ms): Min: 6.9, Avg: 6.9, Max: 7.0, Diff: 0.1, Sum: 27.8]
      [GC Worker End (ms): Min: 1232411.7, Avg: 1232411.7, Max: 1232411.8, Diff: 0.0]
   [Code Root Fixup: 0.0 ms]
   [Code Root Purge: 0.0 ms]
   [Clear CT: 2.3 ms]
   [Other: 1.9 ms]
      [Choose CSet: 0.0 ms]
      [Ref Proc: 0.2 ms]
      [Ref Enq: 0.0 ms]
      [Redirty Cards: 1.1 ms]
      [Humongous Register: 0.0 ms]
      [Humongous Reclaim: 0.0 ms]
      [Free CSet: 0.2 ms]
   [Eden: 74.0M(74.0M)->0.0B(72.0M) Survivors: 2048.0K->3072.0K Heap: 225.8M(256.0M)->152.9M(256.0M)]
 [Times: user=0.03 sys=0.00, real=0.01 secs] 
2020-04-16T13:49:49.383+0800: 1232.416: [GC concurrent-root-region-scan-start]
2020-04-16T13:49:49.387+0800: 1232.421: [GC concurrent-root-region-scan-end, 0.0045814 secs]
2020-04-16T13:49:49.387+0800: 1232.421: [GC concurrent-mark-start]
2020-04-16T13:49:49.410+0800: 1232.443: [GC concurrent-mark-end, 0.0225573 secs]
2020-04-16T13:49:49.410+0800: 1232.444: [GC remark 2020-04-16T13:49:49.410+0800: 1232.444: [Finalize Marking, 0.0001133 secs] 2020-04-16T13:49:49.410+0800: 1232.444: [GC ref-proc, 0.0000743 secs] 2020-04-16T13:49:49.410+0800: 1232.444: [Unloading, 0.0087907 secs], 0.0108734 secs]
 [Times: user=0.04 sys=0.00, real=0.01 secs] 
2020-04-16T13:49:49.421+0800: 1232.455: [GC cleanup 154M->154M(256M), 0.0003118 secs]
 [Times: user=0.00 sys=0.00, real=0.00 secs] 
2020-04-16T13:50:08.999+0800: 1252.032: [GC pause (G1 Evacuation Pause) (young), 0.0156778 secs]
   [Parallel Time: 9.7 ms, GC Workers: 4]
      [GC Worker Start (ms): Min: 1252032.2, Avg: 1252032.2, Max: 1252032.2, Diff: 0.0]
      [Ext Root Scanning (ms): Min: 0.8, Avg: 2.0, Max: 3.9, Diff: 3.0, Sum: 7.9]
      [Update RS (ms): Min: 0.0, Avg: 1.9, Max: 2.9, Diff: 2.9, Sum: 7.5]
         [Processed Buffers: Min: 0, Avg: 11.2, Max: 19, Diff: 19, Sum: 45]
      [Scan RS (ms): Min: 1.0, Avg: 1.0, Max: 1.0, Diff: 0.1, Sum: 3.9]
      [Code Root Scanning (ms): Min: 0.0, Avg: 0.0, Max: 0.0, Diff: 0.0, Sum: 0.0]
      [Object Copy (ms): Min: 4.7, Avg: 4.7, Max: 4.7, Diff: 0.0, Sum: 18.9]
      [Termination (ms): Min: 0.0, Avg: 0.0, Max: 0.0, Diff: 0.0, Sum: 0.0]
         [Termination Attempts: Min: 1, Avg: 1.0, Max: 1, Diff: 0, Sum: 4]
      [GC Worker Other (ms): Min: 0.0, Avg: 0.0, Max: 0.0, Diff: 0.0, Sum: 0.1]
      [GC Worker Total (ms): Min: 9.6, Avg: 9.6, Max: 9.6, Diff: 0.1, Sum: 38.4]
      [GC Worker End (ms): Min: 1252041.8, Avg: 1252041.8, Max: 1252041.9, Diff: 0.0]
   [Code Root Fixup: 0.0 ms]
   [Code Root Purge: 0.0 ms]
   [Clear CT: 0.1 ms]
   [Other: 5.9 ms]
      [Choose CSet: 0.0 ms]
      [Ref Proc: 5.5 ms]
      [Ref Enq: 0.0 ms]
      [Redirty Cards: 0.1 ms]
      [Humongous Register: 0.0 ms]
      [Humongous Reclaim: 0.0 ms]
      [Free CSet: 0.1 ms]
   [Eden: 72.0M(72.0M)->0.0B(7168.0K) Survivors: 3072.0K->5120.0K Heap: 224.9M(256.0M)->154.6M(256.0M)]
 [Times: user=0.03 sys=0.00, real=0.02 secs] 
2020-04-16T13:50:10.925+0800: 1253.957: [GC pause (G1 Evacuation Pause) (mixed), 0.0085600 secs]
   [Parallel Time: 8.1 ms, GC Workers: 4]
      [GC Worker Start (ms): Min: 1253957.6, Avg: 1253958.0, Max: 1253958.6, Diff: 1.1]
      [Ext Root Scanning (ms): Min: 0.3, Avg: 0.9, Max: 1.3, Diff: 1.0, Sum: 3.6]
      [Update RS (ms): Min: 1.0, Avg: 1.4, Max: 1.5, Diff: 0.5, Sum: 5.4]
         [Processed Buffers: Min: 3, Avg: 7.5, Max: 16, Diff: 13, Sum: 30]
      [Scan RS (ms): Min: 1.0, Avg: 1.1, Max: 1.1, Diff: 0.1, Sum: 4.4]
      [Code Root Scanning (ms): Min: 0.0, Avg: 0.0, Max: 0.0, Diff: 0.0, Sum: 0.0]
      [Object Copy (ms): Min: 4.1, Avg: 4.2, Max: 4.5, Diff: 0.4, Sum: 17.0]
      [Termination (ms): Min: 0.0, Avg: 0.0, Max: 0.0, Diff: 0.0, Sum: 0.0]
         [Termination Attempts: Min: 1, Avg: 1.2, Max: 2, Diff: 1, Sum: 5]
      [GC Worker Other (ms): Min: 0.0, Avg: 0.0, Max: 0.0, Diff: 0.0, Sum: 0.1]
      [GC Worker Total (ms): Min: 7.0, Avg: 7.6, Max: 8.0, Diff: 1.1, Sum: 30.5]
      [GC Worker End (ms): Min: 1253965.6, Avg: 1253965.6, Max: 1253965.6, Diff: 0.0]
   [Code Root Fixup: 0.0 ms]
   [Code Root Purge: 0.0 ms]
   [Clear CT: 0.0 ms]
   [Other: 0.4 ms]
      [Choose CSet: 0.0 ms]
      [Ref Proc: 0.1 ms]
      [Ref Enq: 0.0 ms]
      [Redirty Cards: 0.0 ms]
      [Humongous Register: 0.0 ms]
      [Humongous Reclaim: 0.0 ms]
      [Free CSet: 0.0 ms]
   [Eden: 7168.0K(7168.0K)->0.0B(75.0M) Survivors: 5120.0K->2048.0K Heap: 161.6M(256.0M)->151.9M(256.0M)]
 [Times: user=0.03 sys=0.00, real=0.01 secs] 
2020-04-16T13:50:31.349+0800: 1274.382: [GC pause (G1 Evacuation Pause) (young), 0.0070685 secs]
   [Parallel Time: 6.5 ms, GC Workers: 4]
      [GC Worker Start (ms): Min: 1274381.6, Avg: 1274381.9, Max: 1274382.7, Diff: 1.0]
      [Ext Root Scanning (ms): Min: 0.0, Avg: 0.5, Max: 0.7, Diff: 0.7, Sum: 2.0]
      [Update RS (ms): Min: 2.5, Avg: 2.7, Max: 2.9, Diff: 0.4, Sum: 10.8]
         [Processed Buffers: Min: 3, Avg: 10.5, Max: 23, Diff: 20, Sum: 42]
      [Scan RS (ms): Min: 0.6, Avg: 0.7, Max: 0.8, Diff: 0.2, Sum: 2.7]
      [Code Root Scanning (ms): Min: 0.0, Avg: 0.0, Max: 0.0, Diff: 0.0, Sum: 0.0]
      [Object Copy (ms): Min: 2.2, Avg: 2.3, Max: 2.3, Diff: 0.1, Sum: 9.0]
      [Termination (ms): Min: 0.0, Avg: 0.0, Max: 0.0, Diff: 0.0, Sum: 0.0]
         [Termination Attempts: Min: 1, Avg: 1.0, Max: 1, Diff: 0, Sum: 4]
      [GC Worker Other (ms): Min: 0.0, Avg: 0.0, Max: 0.1, Diff: 0.0, Sum: 0.1]
      [GC Worker Total (ms): Min: 5.4, Avg: 6.2, Max: 6.4, Diff: 1.0, Sum: 24.6]
      [GC Worker End (ms): Min: 1274388.0, Avg: 1274388.1, Max: 1274388.1, Diff: 0.0]
   [Code Root Fixup: 0.0 ms]
   [Code Root Purge: 0.0 ms]
   [Clear CT: 0.1 ms]
   [Other: 0.5 ms]
      [Choose CSet: 0.0 ms]
      [Ref Proc: 0.1 ms]
      [Ref Enq: 0.0 ms]
      [Redirty Cards: 0.1 ms]
      [Humongous Register: 0.0 ms]
      [Humongous Reclaim: 0.0 ms]
      [Free CSet: 0.0 ms]
   [Eden: 75.0M(75.0M)->0.0B(75.0M) Survivors: 2048.0K->2048.0K Heap: 226.9M(256.0M)->151.4M(256.0M)]
 [Times: user=0.02 sys=0.00, real=0.01 secs] 
2020-04-16T13:50:51.832+0800: 1294.864: [GC pause (G1 Evacuation Pause) (young) (initial-mark), 0.0079774 secs]
   [Parallel Time: 7.3 ms, GC Workers: 4]
      [GC Worker Start (ms): Min: 1294863.9, Avg: 1294864.1, Max: 1294864.6, Diff: 0.7]
      [Ext Root Scanning (ms): Min: 0.7, Avg: 0.7, Max: 0.8, Diff: 0.1, Sum: 2.9]
      [Update RS (ms): Min: 1.6, Avg: 2.2, Max: 2.5, Diff: 0.9, Sum: 8.9]
         [Processed Buffers: Min: 3, Avg: 11.0, Max: 21, Diff: 18, Sum: 44]
      [Scan RS (ms): Min: 0.5, Avg: 0.7, Max: 0.8, Diff: 0.2, Sum: 2.6]
      [Code Root Scanning (ms): Min: 0.0, Avg: 0.0, Max: 0.0, Diff: 0.0, Sum: 0.0]
      [Object Copy (ms): Min: 3.4, Avg: 3.4, Max: 3.5, Diff: 0.1, Sum: 13.8]
      [Termination (ms): Min: 0.0, Avg: 0.0, Max: 0.0, Diff: 0.0, Sum: 0.0]
         [Termination Attempts: Min: 1, Avg: 1.0, Max: 1, Diff: 0, Sum: 4]
      [GC Worker Other (ms): Min: 0.0, Avg: 0.0, Max: 0.0, Diff: 0.0, Sum: 0.1]
      [GC Worker Total (ms): Min: 6.6, Avg: 7.1, Max: 7.3, Diff: 0.7, Sum: 28.3]
      [GC Worker End (ms): Min: 1294871.1, Avg: 1294871.1, Max: 1294871.2, Diff: 0.0]
   [Code Root Fixup: 0.0 ms]
   [Code Root Purge: 0.0 ms]
   [Clear CT: 0.1 ms]
   [Other: 0.6 ms]
      [Choose CSet: 0.0 ms]
      [Ref Proc: 0.3 ms]
      [Ref Enq: 0.0 ms]
      [Redirty Cards: 0.1 ms]
      [Humongous Register: 0.0 ms]
      [Humongous Reclaim: 0.0 ms]
      [Free CSet: 0.0 ms]
   [Eden: 75.0M(75.0M)->0.0B(71.0M) Survivors: 2048.0K->4096.0K Heap: 226.4M(256.0M)->153.4M(256.0M)]
 [Times: user=0.02 sys=0.00, real=0.01 secs] 
2020-04-16T13:50:51.840+0800: 1294.872: [GC concurrent-root-region-scan-start]
2020-04-16T13:50:51.846+0800: 1294.877: [GC concurrent-root-region-scan-end, 0.0050810 secs]
2020-04-16T13:50:51.846+0800: 1294.877: [GC concurrent-mark-start]
2020-04-16T13:50:51.863+0800: 1294.895: [GC concurrent-mark-end, 0.0175502 secs]
2020-04-16T13:50:51.863+0800: 1294.895: [GC remark 2020-04-16T13:50:51.863+0800: 1294.895: [Finalize Marking, 0.0001038 secs] 2020-04-16T13:50:51.863+0800: 1294.895: [GC ref-proc, 0.0000755 secs] 2020-04-16T13:50:51.864+0800: 1294.895: [Unloading, 0.0048464 secs], 0.0065127 secs]
 [Times: user=0.02 sys=0.00, real=0.01 secs] 
2020-04-16T13:50:51.870+0800: 1294.901: [GC cleanup 154M->154M(256M), 0.0003942 secs]
 [Times: user=0.00 sys=0.00, real=0.00 secs] 
2020-04-16T13:51:11.017+0800: 1314.048: [GC pause (G1 Evacuation Pause) (young), 0.0095572 secs]
   [Parallel Time: 9.1 ms, GC Workers: 4]
      [GC Worker Start (ms): Min: 1314048.0, Avg: 1314048.1, Max: 1314048.3, Diff: 0.3]
      [Ext Root Scanning (ms): Min: 0.5, Avg: 0.7, Max: 0.8, Diff: 0.3, Sum: 2.9]
      [Update RS (ms): Min: 1.9, Avg: 2.0, Max: 2.2, Diff: 0.4, Sum: 8.2]
         [Processed Buffers: Min: 2, Avg: 11.8, Max: 21, Diff: 19, Sum: 47]
      [Scan RS (ms): Min: 0.9, Avg: 1.1, Max: 1.3, Diff: 0.4, Sum: 4.4]
      [Code Root Scanning (ms): Min: 0.0, Avg: 0.0, Max: 0.0, Diff: 0.0, Sum: 0.0]
      [Object Copy (ms): Min: 5.0, Avg: 5.1, Max: 5.2, Diff: 0.1, Sum: 20.4]
      [Termination (ms): Min: 0.0, Avg: 0.0, Max: 0.0, Diff: 0.0, Sum: 0.0]
         [Termination Attempts: Min: 1, Avg: 1.0, Max: 1, Diff: 0, Sum: 4]
      [GC Worker Other (ms): Min: 0.0, Avg: 0.0, Max: 0.1, Diff: 0.0, Sum: 0.1]
      [GC Worker Total (ms): Min: 8.8, Avg: 9.0, Max: 9.1, Diff: 0.3, Sum: 35.9]
      [GC Worker End (ms): Min: 1314057.1, Avg: 1314057.1, Max: 1314057.1, Diff: 0.0]
   [Code Root Fixup: 0.0 ms]
   [Code Root Purge: 0.0 ms]
   [Clear CT: 0.1 ms]
   [Other: 0.3 ms]
      [Choose CSet: 0.0 ms]
      [Ref Proc: 0.1 ms]
      [Ref Enq: 0.0 ms]
      [Redirty Cards: 0.0 ms]
      [Humongous Register: 0.0 ms]
      [Humongous Reclaim: 0.0 ms]
      [Free CSet: 0.0 ms]
   [Eden: 71.0M(71.0M)->0.0B(7168.0K) Survivors: 4096.0K->5120.0K Heap: 224.4M(256.0M)->154.3M(256.0M)]
 [Times: user=0.03 sys=0.00, real=0.01 secs] 
2020-04-16T13:51:12.879+0800: 1315.909: [GC pause (G1 Evacuation Pause) (mixed), 0.0074798 secs]
   [Parallel Time: 7.1 ms, GC Workers: 4]
      [GC Worker Start (ms): Min: 1315909.6, Avg: 1315909.6, Max: 1315909.7, Diff: 0.1]
      [Ext Root Scanning (ms): Min: 0.5, Avg: 0.6, Max: 0.6, Diff: 0.2, Sum: 2.3]
      [Update RS (ms): Min: 1.1, Avg: 1.2, Max: 1.4, Diff: 0.3, Sum: 4.8]
         [Processed Buffers: Min: 3, Avg: 7.2, Max: 13, Diff: 10, Sum: 29]
      [Scan RS (ms): Min: 0.9, Avg: 1.2, Max: 1.2, Diff: 0.3, Sum: 4.6]
      [Code Root Scanning (ms): Min: 0.0, Avg: 0.0, Max: 0.0, Diff: 0.0, Sum: 0.0]
      [Object Copy (ms): Min: 4.0, Avg: 4.1, Max: 4.1, Diff: 0.1, Sum: 16.2]
      [Termination (ms): Min: 0.0, Avg: 0.0, Max: 0.0, Diff: 0.0, Sum: 0.0]
         [Termination Attempts: Min: 1, Avg: 1.0, Max: 1, Diff: 0, Sum: 4]
      [GC Worker Other (ms): Min: 0.0, Avg: 0.0, Max: 0.0, Diff: 0.0, Sum: 0.1]
      [GC Worker Total (ms): Min: 6.9, Avg: 7.0, Max: 7.1, Diff: 0.1, Sum: 28.0]
      [GC Worker End (ms): Min: 1315916.6, Avg: 1315916.6, Max: 1315916.6, Diff: 0.0]
   [Code Root Fixup: 0.0 ms]
   [Code Root Purge: 0.0 ms]
   [Clear CT: 0.1 ms]
   [Other: 0.3 ms]
      [Choose CSet: 0.0 ms]
      [Ref Proc: 0.1 ms]
      [Ref Enq: 0.0 ms]
      [Redirty Cards: 0.1 ms]
      [Humongous Register: 0.0 ms]
      [Humongous Reclaim: 0.0 ms]
      [Free CSet: 0.0 ms]
   [Eden: 7168.0K(7168.0K)->0.0B(74.0M) Survivors: 5120.0K->2048.0K Heap: 161.3M(256.0M)->152.0M(256.0M)]
 [Times: user=0.02 sys=0.00, real=0.01 secs] 
2020-04-16T13:51:32.965+0800: 1335.995: [GC pause (G1 Evacuation Pause) (young), 0.0060200 secs]
   [Parallel Time: 5.6 ms, GC Workers: 4]
      [GC Worker Start (ms): Min: 1335995.4, Avg: 1335995.4, Max: 1335995.4, Diff: 0.1]
      [Ext Root Scanning (ms): Min: 0.4, Avg: 0.4, Max: 0.5, Diff: 0.1, Sum: 1.8]
      [Update RS (ms): Min: 2.1, Avg: 2.2, Max: 2.3, Diff: 0.2, Sum: 8.8]
         [Processed Buffers: Min: 3, Avg: 12.0, Max: 24, Diff: 21, Sum: 48]
      [Scan RS (ms): Min: 0.6, Avg: 0.7, Max: 0.8, Diff: 0.2, Sum: 2.9]
      [Code Root Scanning (ms): Min: 0.0, Avg: 0.0, Max: 0.0, Diff: 0.0, Sum: 0.0]
      [Object Copy (ms): Min: 2.1, Avg: 2.2, Max: 2.2, Diff: 0.1, Sum: 8.7]
      [Termination (ms): Min: 0.0, Avg: 0.0, Max: 0.0, Diff: 0.0, Sum: 0.0]
         [Termination Attempts: Min: 1, Avg: 1.2, Max: 2, Diff: 1, Sum: 5]
      [GC Worker Other (ms): Min: 0.0, Avg: 0.0, Max: 0.0, Diff: 0.0, Sum: 0.1]
      [GC Worker Total (ms): Min: 5.5, Avg: 5.6, Max: 5.6, Diff: 0.1, Sum: 22.3]
      [GC Worker End (ms): Min: 1336000.9, Avg: 1336001.0, Max: 1336001.0, Diff: 0.0]
   [Code Root Fixup: 0.0 ms]
   [Code Root Purge: 0.0 ms]
   [Clear CT: 0.1 ms]
   [Other: 0.3 ms]
      [Choose CSet: 0.0 ms]
      [Ref Proc: 0.1 ms]
      [Ref Enq: 0.0 ms]
      [Redirty Cards: 0.1 ms]
      [Humongous Register: 0.0 ms]
      [Humongous Reclaim: 0.0 ms]
      [Free CSet: 0.0 ms]
   [Eden: 74.0M(74.0M)->0.0B(74.0M) Survivors: 2048.0K->2048.0K Heap: 226.0M(256.0M)->151.9M(256.0M)]
 [Times: user=0.02 sys=0.00, real=0.01 secs] 
2020-04-16T13:51:53.092+0800: 1356.121: [GC pause (G1 Evacuation Pause) (young) (initial-mark), 0.0092543 secs]
   [Parallel Time: 8.7 ms, GC Workers: 4]
      [GC Worker Start (ms): Min: 1356121.6, Avg: 1356121.6, Max: 1356121.6, Diff: 0.1]
      [Ext Root Scanning (ms): Min: 0.9, Avg: 0.9, Max: 1.0, Diff: 0.1, Sum: 3.8]
      [Update RS (ms): Min: 2.3, Avg: 2.4, Max: 2.5, Diff: 0.2, Sum: 9.4]
         [Processed Buffers: Min: 3, Avg: 11.8, Max: 26, Diff: 23, Sum: 47]
      [Scan RS (ms): Min: 1.4, Avg: 1.5, Max: 1.5, Diff: 0.1, Sum: 5.9]
      [Code Root Scanning (ms): Min: 0.0, Avg: 0.0, Max: 0.0, Diff: 0.0, Sum: 0.0]
      [Object Copy (ms): Min: 3.7, Avg: 3.8, Max: 3.9, Diff: 0.1, Sum: 15.3]
      [Termination (ms): Min: 0.0, Avg: 0.0, Max: 0.0, Diff: 0.0, Sum: 0.0]
         [Termination Attempts: Min: 1, Avg: 2.2, Max: 4, Diff: 3, Sum: 9]
      [GC Worker Other (ms): Min: 0.0, Avg: 0.0, Max: 0.0, Diff: 0.0, Sum: 0.1]
      [GC Worker Total (ms): Min: 8.6, Avg: 8.6, Max: 8.7, Diff: 0.1, Sum: 34.5]
      [GC Worker End (ms): Min: 1356130.2, Avg: 1356130.2, Max: 1356130.2, Diff: 0.0]
   [Code Root Fixup: 0.0 ms]
   [Code Root Purge: 0.0 ms]
   [Clear CT: 0.1 ms]
   [Other: 0.4 ms]
      [Choose CSet: 0.0 ms]
      [Ref Proc: 0.2 ms]
      [Ref Enq: 0.0 ms]
      [Redirty Cards: 0.1 ms]
      [Humongous Register: 0.0 ms]
      [Humongous Reclaim: 0.0 ms]
      [Free CSet: 0.0 ms]
   [Eden: 74.0M(74.0M)->0.0B(72.0M) Survivors: 2048.0K->3072.0K Heap: 225.9M(256.0M)->152.8M(256.0M)]
 [Times: user=0.03 sys=0.00, real=0.01 secs] 
2020-04-16T13:51:53.101+0800: 1356.131: [GC concurrent-root-region-scan-start]
2020-04-16T13:51:53.107+0800: 1356.137: [GC concurrent-root-region-scan-end, 0.0059715 secs]
2020-04-16T13:51:53.107+0800: 1356.137: [GC concurrent-mark-start]
2020-04-16T13:51:53.125+0800: 1356.154: [GC concurrent-mark-end, 0.0176164 secs]
2020-04-16T13:51:53.125+0800: 1356.155: [GC remark 2020-04-16T13:51:53.125+0800: 1356.155: [Finalize Marking, 0.0001012 secs] 2020-04-16T13:51:53.125+0800: 1356.155: [GC ref-proc, 0.0001039 secs] 2020-04-16T13:51:53.125+0800: 1356.155: [Unloading, 0.0049226 secs], 0.0064456 secs]
 [Times: user=0.02 sys=0.00, real=0.01 secs] 
2020-04-16T13:51:53.132+0800: 1356.161: [GC cleanup 154M->154M(256M), 0.0003296 secs]
 [Times: user=0.00 sys=0.00, real=0.00 secs] 
2020-04-16T13:52:12.629+0800: 1375.658: [GC pause (G1 Evacuation Pause) (young), 0.0085463 secs]
   [Parallel Time: 8.1 ms, GC Workers: 4]
      [GC Worker Start (ms): Min: 1375657.8, Avg: 1375657.9, Max: 1375658.0, Diff: 0.2]
      [Ext Root Scanning (ms): Min: 0.4, Avg: 0.5, Max: 0.6, Diff: 0.2, Sum: 2.0]
      [Update RS (ms): Min: 1.4, Avg: 1.6, Max: 1.7, Diff: 0.2, Sum: 6.4]
         [Processed Buffers: Min: 2, Avg: 9.5, Max: 22, Diff: 20, Sum: 38]
      [Scan RS (ms): Min: 1.3, Avg: 1.4, Max: 1.6, Diff: 0.2, Sum: 5.7]
      [Code Root Scanning (ms): Min: 0.0, Avg: 0.0, Max: 0.0, Diff: 0.0, Sum: 0.0]
      [Object Copy (ms): Min: 4.4, Avg: 4.4, Max: 4.5, Diff: 0.1, Sum: 17.7]
      [Termination (ms): Min: 0.0, Avg: 0.0, Max: 0.0, Diff: 0.0, Sum: 0.0]
         [Termination Attempts: Min: 1, Avg: 1.0, Max: 1, Diff: 0, Sum: 4]
      [GC Worker Other (ms): Min: 0.0, Avg: 0.0, Max: 0.0, Diff: 0.0, Sum: 0.1]
      [GC Worker Total (ms): Min: 7.8, Avg: 8.0, Max: 8.0, Diff: 0.2, Sum: 31.8]
      [GC Worker End (ms): Min: 1375665.8, Avg: 1375665.8, Max: 1375665.8, Diff: 0.0]
   [Code Root Fixup: 0.0 ms]
   [Code Root Purge: 0.0 ms]
   [Clear CT: 0.1 ms]
   [Other: 0.4 ms]
      [Choose CSet: 0.0 ms]
      [Ref Proc: 0.1 ms]
      [Ref Enq: 0.0 ms]
      [Redirty Cards: 0.1 ms]
      [Humongous Register: 0.0 ms]
      [Humongous Reclaim: 0.0 ms]
      [Free CSet: 0.0 ms]
   [Eden: 72.0M(72.0M)->0.0B(7168.0K) Survivors: 3072.0K->5120.0K Heap: 224.8M(256.0M)->154.7M(256.0M)]
 [Times: user=0.03 sys=0.00, real=0.01 secs] 
2020-04-16T13:52:14.580+0800: 1377.609: [GC pause (G1 Evacuation Pause) (mixed), 0.0087954 secs]
   [Parallel Time: 8.3 ms, GC Workers: 4]
      [GC Worker Start (ms): Min: 1377608.8, Avg: 1377609.1, Max: 1377609.9, Diff: 1.0]
      [Ext Root Scanning (ms): Min: 0.0, Avg: 0.7, Max: 0.9, Diff: 0.9, Sum: 2.6]
      [Update RS (ms): Min: 1.4, Avg: 1.6, Max: 1.8, Diff: 0.4, Sum: 6.4]
         [Processed Buffers: Min: 5, Avg: 7.8, Max: 11, Diff: 6, Sum: 31]
      [Scan RS (ms): Min: 1.4, Avg: 1.4, Max: 1.5, Diff: 0.0, Sum: 5.8]
      [Code Root Scanning (ms): Min: 0.0, Avg: 0.0, Max: 0.0, Diff: 0.0, Sum: 0.0]
      [Object Copy (ms): Min: 4.1, Avg: 4.2, Max: 4.5, Diff: 0.4, Sum: 16.9]
      [Termination (ms): Min: 0.0, Avg: 0.0, Max: 0.0, Diff: 0.0, Sum: 0.0]
         [Termination Attempts: Min: 1, Avg: 1.0, Max: 1, Diff: 0, Sum: 4]
      [GC Worker Other (ms): Min: 0.0, Avg: 0.0, Max: 0.0, Diff: 0.0, Sum: 0.1]
      [GC Worker Total (ms): Min: 7.2, Avg: 8.0, Max: 8.2, Diff: 1.0, Sum: 31.8]
      [GC Worker End (ms): Min: 1377617.1, Avg: 1377617.1, Max: 1377617.1, Diff: 0.0]
   [Code Root Fixup: 0.0 ms]
   [Code Root Purge: 0.0 ms]
   [Clear CT: 0.1 ms]
   [Other: 0.4 ms]
      [Choose CSet: 0.0 ms]
      [Ref Proc: 0.1 ms]
      [Ref Enq: 0.0 ms]
      [Redirty Cards: 0.1 ms]
      [Humongous Register: 0.0 ms]
      [Humongous Reclaim: 0.0 ms]
      [Free CSet: 0.0 ms]
   [Eden: 7168.0K(7168.0K)->0.0B(75.0M) Survivors: 5120.0K->2048.0K Heap: 161.7M(256.0M)->151.8M(256.0M)]
 [Times: user=0.04 sys=0.00, real=0.00 secs] 
2020-04-16T13:52:35.008+0800: 1398.036: [GC pause (G1 Evacuation Pause) (young), 0.0082611 secs]
   [Parallel Time: 7.7 ms, GC Workers: 4]
      [GC Worker Start (ms): Min: 1398036.5, Avg: 1398036.9, Max: 1398037.3, Diff: 0.8]
      [Ext Root Scanning (ms): Min: 0.0, Avg: 0.3, Max: 0.7, Diff: 0.7, Sum: 1.3]
      [Update RS (ms): Min: 3.0, Avg: 3.2, Max: 3.6, Diff: 0.5, Sum: 12.9]
         [Processed Buffers: Min: 0, Avg: 12.5, Max: 20, Diff: 20, Sum: 50]
      [Scan RS (ms): Min: 0.4, Avg: 0.7, Max: 0.9, Diff: 0.5, Sum: 2.9]
      [Code Root Scanning (ms): Min: 0.0, Avg: 0.0, Max: 0.0, Diff: 0.0, Sum: 0.0]
      [Object Copy (ms): Min: 2.9, Avg: 2.9, Max: 3.0, Diff: 0.1, Sum: 11.7]
      [Termination (ms): Min: 0.0, Avg: 0.1, Max: 0.1, Diff: 0.1, Sum: 0.3]
         [Termination Attempts: Min: 1, Avg: 1.0, Max: 1, Diff: 0, Sum: 4]
      [GC Worker Other (ms): Min: 0.0, Avg: 0.0, Max: 0.0, Diff: 0.0, Sum: 0.1]
      [GC Worker Total (ms): Min: 6.9, Avg: 7.3, Max: 7.7, Diff: 0.8, Sum: 29.1]
      [GC Worker End (ms): Min: 1398044.1, Avg: 1398044.1, Max: 1398044.2, Diff: 0.1]
   [Code Root Fixup: 0.0 ms]
   [Code Root Purge: 0.0 ms]
   [Clear CT: 0.0 ms]
   [Other: 0.4 ms]
      [Choose CSet: 0.0 ms]
      [Ref Proc: 0.2 ms]
      [Ref Enq: 0.0 ms]
      [Redirty Cards: 0.0 ms]
      [Humongous Register: 0.0 ms]
      [Humongous Reclaim: 0.0 ms]
      [Free CSet: 0.0 ms]
   [Eden: 75.0M(75.0M)->0.0B(75.0M) Survivors: 2048.0K->2048.0K Heap: 226.8M(256.0M)->151.7M(256.0M)]
 [Times: user=0.02 sys=0.00, real=0.01 secs] 
2020-04-16T13:52:55.295+0800: 1418.323: [GC pause (G1 Evacuation Pause) (young) (initial-mark), 0.0085511 secs]
   [Parallel Time: 8.1 ms, GC Workers: 4]
      [GC Worker Start (ms): Min: 1418323.2, Avg: 1418323.2, Max: 1418323.2, Diff: 0.0]
      [Ext Root Scanning (ms): Min: 0.6, Avg: 0.6, Max: 0.6, Diff: 0.1, Sum: 2.5]
      [Update RS (ms): Min: 1.9, Avg: 2.0, Max: 2.1, Diff: 0.2, Sum: 8.0]
         [Processed Buffers: Min: 3, Avg: 11.5, Max: 19, Diff: 16, Sum: 46]
      [Scan RS (ms): Min: 1.4, Avg: 1.5, Max: 1.5, Diff: 0.1, Sum: 5.9]
      [Code Root Scanning (ms): Min: 0.0, Avg: 0.0, Max: 0.0, Diff: 0.0, Sum: 0.0]
      [Object Copy (ms): Min: 3.8, Avg: 3.8, Max: 3.9, Diff: 0.1, Sum: 15.4]
      [Termination (ms): Min: 0.0, Avg: 0.0, Max: 0.0, Diff: 0.0, Sum: 0.0]
         [Termination Attempts: Min: 1, Avg: 1.0, Max: 1, Diff: 0, Sum: 4]
      [GC Worker Other (ms): Min: 0.0, Avg: 0.0, Max: 0.0, Diff: 0.0, Sum: 0.1]
      [GC Worker Total (ms): Min: 8.0, Avg: 8.0, Max: 8.0, Diff: 0.0, Sum: 32.0]
      [GC Worker End (ms): Min: 1418331.2, Avg: 1418331.2, Max: 1418331.2, Diff: 0.0]
   [Code Root Fixup: 0.0 ms]
   [Code Root Purge: 0.0 ms]
   [Clear CT: 0.1 ms]
   [Other: 0.4 ms]
      [Choose CSet: 0.0 ms]
      [Ref Proc: 0.2 ms]
      [Ref Enq: 0.0 ms]
      [Redirty Cards: 0.1 ms]
      [Humongous Register: 0.0 ms]
      [Humongous Reclaim: 0.0 ms]
      [Free CSet: 0.0 ms]
   [Eden: 75.0M(75.0M)->0.0B(73.0M) Survivors: 2048.0K->3072.0K Heap: 226.7M(256.0M)->152.7M(256.0M)]
 [Times: user=0.04 sys=0.00, real=0.01 secs] 
2020-04-16T13:52:55.305+0800: 1418.333: [GC concurrent-root-region-scan-start]
2020-04-16T13:52:55.310+0800: 1418.338: [GC concurrent-root-region-scan-end, 0.0047125 secs]
2020-04-16T13:52:55.310+0800: 1418.338: [GC concurrent-mark-start]
2020-04-16T13:52:55.328+0800: 1418.355: [GC concurrent-mark-end, 0.0177859 secs]
2020-04-16T13:52:55.328+0800: 1418.355: [GC remark 2020-04-16T13:52:55.328+0800: 1418.356: [Finalize Marking, 0.0001439 secs] 2020-04-16T13:52:55.328+0800: 1418.356: [GC ref-proc, 0.0000746 secs] 2020-04-16T13:52:55.328+0800: 1418.356: [Unloading, 0.0046861 secs], 0.0062250 secs]
 [Times: user=0.02 sys=0.00, real=0.01 secs] 
2020-04-16T13:52:55.334+0800: 1418.362: [GC cleanup 152M->152M(256M), 0.0003093 secs]
 [Times: user=0.00 sys=0.00, real=0.00 secs] 
2020-04-16T13:53:14.962+0800: 1437.989: [GC pause (G1 Evacuation Pause) (young), 0.0115582 secs]
   [Parallel Time: 9.7 ms, GC Workers: 4]
      [GC Worker Start (ms): Min: 1437989.1, Avg: 1437989.9, Max: 1437991.8, Diff: 2.6]
      [Ext Root Scanning (ms): Min: 0.1, Avg: 0.4, Max: 0.7, Diff: 0.6, Sum: 1.7]
      [Update RS (ms): Min: 0.4, Avg: 1.8, Max: 2.4, Diff: 2.0, Sum: 7.3]
         [Processed Buffers: Min: 1, Avg: 10.2, Max: 20, Diff: 19, Sum: 41]
      [Scan RS (ms): Min: 1.4, Avg: 1.5, Max: 1.6, Diff: 0.2, Sum: 5.9]
      [Code Root Scanning (ms): Min: 0.0, Avg: 0.0, Max: 0.0, Diff: 0.0, Sum: 0.0]
      [Object Copy (ms): Min: 4.9, Avg: 4.9, Max: 5.0, Diff: 0.1, Sum: 19.8]
      [Termination (ms): Min: 0.0, Avg: 0.0, Max: 0.0, Diff: 0.0, Sum: 0.0]
         [Termination Attempts: Min: 1, Avg: 1.0, Max: 1, Diff: 0, Sum: 4]
      [GC Worker Other (ms): Min: 0.0, Avg: 0.0, Max: 0.0, Diff: 0.0, Sum: 0.1]
      [GC Worker Total (ms): Min: 6.9, Avg: 8.7, Max: 9.5, Diff: 2.6, Sum: 34.9]
      [GC Worker End (ms): Min: 1437998.6, Avg: 1437998.6, Max: 1437998.6, Diff: 0.0]
   [Code Root Fixup: 0.0 ms]
   [Code Root Purge: 0.0 ms]
   [Clear CT: 0.1 ms]
   [Other: 1.7 ms]
      [Choose CSet: 0.0 ms]
      [Ref Proc: 1.1 ms]
      [Ref Enq: 0.0 ms]
      [Redirty Cards: 0.4 ms]
      [Humongous Register: 0.0 ms]
      [Humongous Reclaim: 0.0 ms]
      [Free CSet: 0.1 ms]
   [Eden: 73.0M(73.0M)->0.0B(9216.0K) Survivors: 3072.0K->3072.0K Heap: 225.7M(256.0M)->152.3M(256.0M)]
 [Times: user=0.03 sys=0.00, real=0.01 secs] 
2020-04-16T13:53:17.389+0800: 1440.416: [GC pause (G1 Evacuation Pause) (mixed), 0.0081405 secs]
   [Parallel Time: 7.7 ms, GC Workers: 4]
      [GC Worker Start (ms): Min: 1440416.0, Avg: 1440416.0, Max: 1440416.1, Diff: 0.1]
      [Ext Root Scanning (ms): Min: 0.5, Avg: 0.5, Max: 0.6, Diff: 0.1, Sum: 2.0]
      [Update RS (ms): Min: 1.1, Avg: 1.3, Max: 1.5, Diff: 0.3, Sum: 5.2]
         [Processed Buffers: Min: 4, Avg: 8.0, Max: 12, Diff: 8, Sum: 32]
      [Scan RS (ms): Min: 1.1, Avg: 1.2, Max: 1.2, Diff: 0.1, Sum: 4.7]
      [Code Root Scanning (ms): Min: 0.0, Avg: 0.0, Max: 0.0, Diff: 0.0, Sum: 0.0]
      [Object Copy (ms): Min: 4.5, Avg: 4.6, Max: 4.7, Diff: 0.2, Sum: 18.4]
      [Termination (ms): Min: 0.0, Avg: 0.0, Max: 0.0, Diff: 0.0, Sum: 0.0]
         [Termination Attempts: Min: 1, Avg: 1.0, Max: 1, Diff: 0, Sum: 4]
      [GC Worker Other (ms): Min: 0.0, Avg: 0.0, Max: 0.0, Diff: 0.0, Sum: 0.1]
      [GC Worker Total (ms): Min: 7.5, Avg: 7.6, Max: 7.6, Diff: 0.1, Sum: 30.4]
      [GC Worker End (ms): Min: 1440423.6, Avg: 1440423.6, Max: 1440423.6, Diff: 0.0]
   [Code Root Fixup: 0.0 ms]
   [Code Root Purge: 0.0 ms]
   [Clear CT: 0.0 ms]
   [Other: 0.4 ms]
      [Choose CSet: 0.0 ms]
      [Ref Proc: 0.2 ms]
      [Ref Enq: 0.0 ms]
      [Redirty Cards: 0.0 ms]
      [Humongous Register: 0.0 ms]
      [Humongous Reclaim: 0.0 ms]
      [Free CSet: 0.0 ms]
   [Eden: 9216.0K(9216.0K)->0.0B(75.0M) Survivors: 3072.0K->2048.0K Heap: 161.3M(256.0M)->151.8M(256.0M)]
 [Times: user=0.03 sys=0.00, real=0.01 secs] 
2020-04-16T13:53:37.922+0800: 1460.948: [GC pause (G1 Evacuation Pause) (young), 0.0142805 secs]
   [Parallel Time: 13.8 ms, GC Workers: 4]
      [GC Worker Start (ms): Min: 1460948.6, Avg: 1460950.2, Max: 1460954.5, Diff: 5.9]
      [Ext Root Scanning (ms): Min: 0.0, Avg: 1.5, Max: 5.0, Diff: 4.9, Sum: 5.8]
      [Update RS (ms): Min: 0.0, Avg: 3.0, Max: 6.7, Diff: 6.7, Sum: 11.8]
         [Processed Buffers: Min: 0, Avg: 13.2, Max: 34, Diff: 34, Sum: 53]
      [Scan RS (ms): Min: 0.5, Avg: 3.4, Max: 8.0, Diff: 7.5, Sum: 13.5]
      [Code Root Scanning (ms): Min: 0.0, Avg: 0.0, Max: 0.0, Diff: 0.0, Sum: 0.0]
      [Object Copy (ms): Min: 0.2, Avg: 4.3, Max: 5.8, Diff: 5.6, Sum: 17.1]
      [Termination (ms): Min: 0.0, Avg: 0.1, Max: 0.1, Diff: 0.1, Sum: 0.3]
         [Termination Attempts: Min: 1, Avg: 1.8, Max: 2, Diff: 1, Sum: 7]
      [GC Worker Other (ms): Min: 0.0, Avg: 0.0, Max: 0.0, Diff: 0.0, Sum: 0.1]
      [GC Worker Total (ms): Min: 7.9, Avg: 12.1, Max: 13.8, Diff: 5.9, Sum: 48.6]
      [GC Worker End (ms): Min: 1460962.3, Avg: 1460962.3, Max: 1460962.3, Diff: 0.0]
   [Code Root Fixup: 0.0 ms]
   [Code Root Purge: 0.0 ms]
   [Clear CT: 0.0 ms]
   [Other: 0.4 ms]
      [Choose CSet: 0.0 ms]
      [Ref Proc: 0.2 ms]
      [Ref Enq: 0.0 ms]
      [Redirty Cards: 0.1 ms]
      [Humongous Register: 0.0 ms]
      [Humongous Reclaim: 0.0 ms]
      [Free CSet: 0.0 ms]
   [Eden: 75.0M(75.0M)->0.0B(71.0M) Survivors: 2048.0K->4096.0K Heap: 226.8M(256.0M)->153.6M(256.0M)]
 [Times: user=0.03 sys=0.01, real=0.01 secs] 
2020-04-16T13:53:57.304+0800: 1480.330: [GC pause (G1 Evacuation Pause) (young) (initial-mark), 0.0102860 secs]
   [Parallel Time: 9.7 ms, GC Workers: 4]
      [GC Worker Start (ms): Min: 1480330.1, Avg: 1480330.3, Max: 1480331.0, Diff: 0.9]
      [Ext Root Scanning (ms): Min: 0.1, Avg: 1.2, Max: 2.9, Diff: 2.9, Sum: 4.8]
      [Update RS (ms): Min: 0.8, Avg: 2.5, Max: 3.6, Diff: 2.8, Sum: 9.9]
         [Processed Buffers: Min: 3, Avg: 10.5, Max: 23, Diff: 20, Sum: 42]
      [Scan RS (ms): Min: 0.6, Avg: 1.4, Max: 2.0, Diff: 1.4, Sum: 5.6]
      [Code Root Scanning (ms): Min: 0.0, Avg: 0.0, Max: 0.0, Diff: 0.0, Sum: 0.0]
      [Object Copy (ms): Min: 3.8, Avg: 4.2, Max: 4.4, Diff: 0.6, Sum: 16.7]
      [Termination (ms): Min: 0.0, Avg: 0.1, Max: 0.2, Diff: 0.2, Sum: 0.5]
         [Termination Attempts: Min: 1, Avg: 1.0, Max: 1, Diff: 0, Sum: 4]
      [GC Worker Other (ms): Min: 0.0, Avg: 0.0, Max: 0.0, Diff: 0.0, Sum: 0.1]
      [GC Worker Total (ms): Min: 8.8, Avg: 9.4, Max: 9.6, Diff: 0.8, Sum: 37.6]
      [GC Worker End (ms): Min: 1480339.7, Avg: 1480339.7, Max: 1480339.8, Diff: 0.1]
   [Code Root Fixup: 0.0 ms]
   [Code Root Purge: 0.0 ms]
   [Clear CT: 0.1 ms]
   [Other: 0.5 ms]
      [Choose CSet: 0.0 ms]
      [Ref Proc: 0.2 ms]
      [Ref Enq: 0.0 ms]
      [Redirty Cards: 0.1 ms]
      [Humongous Register: 0.0 ms]
      [Humongous Reclaim: 0.0 ms]
      [Free CSet: 0.0 ms]
   [Eden: 71.0M(71.0M)->0.0B(73.0M) Survivors: 4096.0K->3072.0K Heap: 224.6M(256.0M)->152.5M(256.0M)]
 [Times: user=0.03 sys=0.00, real=0.01 secs] 
2020-04-16T13:53:57.315+0800: 1480.341: [GC concurrent-root-region-scan-start]
2020-04-16T13:53:57.321+0800: 1480.347: [GC concurrent-root-region-scan-end, 0.0066599 secs]
2020-04-16T13:53:57.321+0800: 1480.347: [GC concurrent-mark-start]
2020-04-16T13:53:57.353+0800: 1480.379: [GC concurrent-mark-end, 0.0315683 secs]
2020-04-16T13:53:57.353+0800: 1480.379: [GC remark 2020-04-16T13:53:57.353+0800: 1480.379: [Finalize Marking, 0.0004209 secs] 2020-04-16T13:53:57.354+0800: 1480.380: [GC ref-proc, 0.0001220 secs] 2020-04-16T13:53:57.354+0800: 1480.380: [Unloading, 0.0088366 secs], 0.0108688 secs]
 [Times: user=0.02 sys=0.00, real=0.01 secs] 
2020-04-16T13:53:57.364+0800: 1480.390: [GC cleanup 153M->153M(256M), 0.0004248 secs]
 [Times: user=0.00 sys=0.00, real=0.00 secs] 
2020-04-16T13:54:16.981+0800: 1500.006: [GC pause (G1 Evacuation Pause) (young), 0.0092461 secs]
   [Parallel Time: 8.8 ms, GC Workers: 4]
      [GC Worker Start (ms): Min: 1500006.3, Avg: 1500006.4, Max: 1500006.7, Diff: 0.4]
      [Ext Root Scanning (ms): Min: 0.4, Avg: 0.6, Max: 0.8, Diff: 0.4, Sum: 2.6]
      [Update RS (ms): Min: 1.5, Avg: 1.6, Max: 1.7, Diff: 0.2, Sum: 6.2]
         [Processed Buffers: Min: 3, Avg: 11.2, Max: 22, Diff: 19, Sum: 45]
      [Scan RS (ms): Min: 1.4, Avg: 1.5, Max: 1.6, Diff: 0.2, Sum: 5.9]
      [Code Root Scanning (ms): Min: 0.0, Avg: 0.0, Max: 0.0, Diff: 0.0, Sum: 0.0]
      [Object Copy (ms): Min: 4.7, Avg: 4.8, Max: 4.9, Diff: 0.3, Sum: 19.2]
      [Termination (ms): Min: 0.0, Avg: 0.0, Max: 0.0, Diff: 0.0, Sum: 0.0]
         [Termination Attempts: Min: 1, Avg: 1.0, Max: 1, Diff: 0, Sum: 4]
      [GC Worker Other (ms): Min: 0.0, Avg: 0.0, Max: 0.0, Diff: 0.0, Sum: 0.1]
      [GC Worker Total (ms): Min: 8.2, Avg: 8.5, Max: 8.6, Diff: 0.4, Sum: 34.0]
      [GC Worker End (ms): Min: 1500014.9, Avg: 1500014.9, Max: 1500014.9, Diff: 0.0]
   [Code Root Fixup: 0.0 ms]
   [Code Root Purge: 0.0 ms]
   [Clear CT: 0.1 ms]
   [Other: 0.4 ms]
      [Choose CSet: 0.0 ms]
      [Ref Proc: 0.1 ms]
      [Ref Enq: 0.0 ms]
      [Redirty Cards: 0.0 ms]
      [Humongous Register: 0.0 ms]
      [Humongous Reclaim: 0.0 ms]
      [Free CSet: 0.1 ms]
   [Eden: 73.0M(73.0M)->0.0B(7168.0K) Survivors: 3072.0K->5120.0K Heap: 225.5M(256.0M)->154.2M(256.0M)]
 [Times: user=0.03 sys=0.00, real=0.01 secs] 
2020-04-16T13:54:18.880+0800: 1501.905: [GC pause (G1 Evacuation Pause) (mixed), 0.0118030 secs]
   [Parallel Time: 11.4 ms, GC Workers: 4]
      [GC Worker Start (ms): Min: 1501905.0, Avg: 1501905.2, Max: 1501905.9, Diff: 1.0]
      [Ext Root Scanning (ms): Min: 0.0, Avg: 0.9, Max: 1.8, Diff: 1.8, Sum: 3.7]
      [Update RS (ms): Min: 1.3, Avg: 1.8, Max: 2.0, Diff: 0.8, Sum: 7.3]
         [Processed Buffers: Min: 2, Avg: 7.0, Max: 15, Diff: 13, Sum: 28]
      [Scan RS (ms): Min: 1.0, Avg: 1.2, Max: 1.3, Diff: 0.3, Sum: 4.8]
      [Code Root Scanning (ms): Min: 0.0, Avg: 0.0, Max: 0.0, Diff: 0.0, Sum: 0.0]
      [Object Copy (ms): Min: 7.0, Avg: 7.1, Max: 7.2, Diff: 0.2, Sum: 28.3]
      [Termination (ms): Min: 0.0, Avg: 0.0, Max: 0.0, Diff: 0.0, Sum: 0.0]
         [Termination Attempts: Min: 1, Avg: 1.0, Max: 1, Diff: 0, Sum: 4]
      [GC Worker Other (ms): Min: 0.0, Avg: 0.0, Max: 0.0, Diff: 0.0, Sum: 0.1]
      [GC Worker Total (ms): Min: 10.3, Avg: 11.0, Max: 11.3, Diff: 1.0, Sum: 44.2]
      [GC Worker End (ms): Min: 1501916.3, Avg: 1501916.3, Max: 1501916.3, Diff: 0.0]
   [Code Root Fixup: 0.0 ms]
   [Code Root Purge: 0.0 ms]
   [Clear CT: 0.1 ms]
   [Other: 0.4 ms]
      [Choose CSet: 0.0 ms]
      [Ref Proc: 0.1 ms]
      [Ref Enq: 0.0 ms]
      [Redirty Cards: 0.1 ms]
      [Humongous Register: 0.0 ms]
      [Humongous Reclaim: 0.0 ms]
      [Free CSet: 0.0 ms]
   [Eden: 7168.0K(7168.0K)->0.0B(73.0M) Survivors: 5120.0K->2048.0K Heap: 161.2M(256.0M)->153.0M(256.0M)]
 [Times: user=0.03 sys=0.00, real=0.01 secs] 
2020-04-16T13:54:38.610+0800: 1521.635: [GC pause (G1 Evacuation Pause) (young), 0.0123053 secs]
   [Parallel Time: 11.3 ms, GC Workers: 4]
      [GC Worker Start (ms): Min: 1521635.1, Avg: 1521635.2, Max: 1521635.3, Diff: 0.2]
      [Ext Root Scanning (ms): Min: 0.6, Avg: 1.0, Max: 1.4, Diff: 0.8, Sum: 3.9]
      [Update RS (ms): Min: 2.2, Avg: 2.7, Max: 3.2, Diff: 1.0, Sum: 10.9]
         [Processed Buffers: Min: 1, Avg: 11.8, Max: 21, Diff: 20, Sum: 47]
      [Scan RS (ms): Min: 2.5, Avg: 2.7, Max: 3.2, Diff: 0.7, Sum: 11.0]
      [Code Root Scanning (ms): Min: 0.0, Avg: 0.0, Max: 0.0, Diff: 0.0, Sum: 0.0]
      [Object Copy (ms): Min: 3.7, Avg: 4.1, Max: 4.3, Diff: 0.7, Sum: 16.3]
      [Termination (ms): Min: 0.0, Avg: 0.0, Max: 0.0, Diff: 0.0, Sum: 0.0]
         [Termination Attempts: Min: 1, Avg: 1.8, Max: 3, Diff: 2, Sum: 7]
      [GC Worker Other (ms): Min: 0.0, Avg: 0.2, Max: 0.5, Diff: 0.4, Sum: 0.8]
      [GC Worker Total (ms): Min: 10.6, Avg: 10.7, Max: 11.0, Diff: 0.5, Sum: 42.9]
      [GC Worker End (ms): Min: 1521645.7, Avg: 1521645.9, Max: 1521646.2, Diff: 0.4]
   [Code Root Fixup: 0.2 ms]
   [Code Root Purge: 0.0 ms]
   [Clear CT: 0.0 ms]
   [Other: 0.8 ms]
      [Choose CSet: 0.0 ms]
      [Ref Proc: 0.5 ms]
      [Ref Enq: 0.0 ms]
      [Redirty Cards: 0.0 ms]
      [Humongous Register: 0.0 ms]
      [Humongous Reclaim: 0.0 ms]
      [Free CSet: 0.1 ms]
   [Eden: 73.0M(73.0M)->0.0B(71.0M) Survivors: 2048.0K->3072.0K Heap: 226.0M(256.0M)->153.7M(256.0M)]
 [Times: user=0.03 sys=0.00, real=0.01 secs] 
2020-04-16T13:54:57.589+0800: 1540.613: [GC pause (G1 Evacuation Pause) (young) (initial-mark), 0.0100803 secs]
   [Parallel Time: 9.6 ms, GC Workers: 4]
      [GC Worker Start (ms): Min: 1540613.4, Avg: 1540613.6, Max: 1540614.2, Diff: 0.8]
      [Ext Root Scanning (ms): Min: 0.0, Avg: 0.6, Max: 0.8, Diff: 0.8, Sum: 2.3]
      [Update RS (ms): Min: 3.0, Avg: 3.4, Max: 4.3, Diff: 1.4, Sum: 13.6]
         [Processed Buffers: Min: 0, Avg: 11.0, Max: 19, Diff: 19, Sum: 44]
      [Scan RS (ms): Min: 0.2, Avg: 1.1, Max: 1.5, Diff: 1.3, Sum: 4.4]
      [Code Root Scanning (ms): Min: 0.0, Avg: 0.0, Max: 0.0, Diff: 0.0, Sum: 0.0]
      [Object Copy (ms): Min: 4.2, Avg: 4.2, Max: 4.3, Diff: 0.1, Sum: 17.0]
      [Termination (ms): Min: 0.0, Avg: 0.0, Max: 0.0, Diff: 0.0, Sum: 0.0]
         [Termination Attempts: Min: 1, Avg: 1.0, Max: 1, Diff: 0, Sum: 4]
      [GC Worker Other (ms): Min: 0.0, Avg: 0.0, Max: 0.1, Diff: 0.0, Sum: 0.2]
      [GC Worker Total (ms): Min: 8.8, Avg: 9.4, Max: 9.6, Diff: 0.8, Sum: 37.5]
      [GC Worker End (ms): Min: 1540623.0, Avg: 1540623.0, Max: 1540623.0, Diff: 0.0]
   [Code Root Fixup: 0.0 ms]
   [Code Root Purge: 0.0 ms]
   [Clear CT: 0.0 ms]
   [Other: 0.4 ms]
      [Choose CSet: 0.0 ms]
      [Ref Proc: 0.2 ms]
      [Ref Enq: 0.0 ms]
      [Redirty Cards: 0.0 ms]
      [Humongous Register: 0.0 ms]
      [Humongous Reclaim: 0.0 ms]
      [Free CSet: 0.0 ms]
   [Eden: 71.0M(71.0M)->0.0B(67.0M) Survivors: 3072.0K->5120.0K Heap: 224.7M(256.0M)->155.4M(256.0M)]
 [Times: user=0.03 sys=0.00, real=0.01 secs] 
2020-04-16T13:54:57.599+0800: 1540.624: [GC concurrent-root-region-scan-start]
2020-04-16T13:54:57.609+0800: 1540.633: [GC concurrent-root-region-scan-end, 0.0092291 secs]
2020-04-16T13:54:57.609+0800: 1540.633: [GC concurrent-mark-start]
2020-04-16T13:54:57.628+0800: 1540.652: [GC concurrent-mark-end, 0.0189001 secs]
2020-04-16T13:54:57.628+0800: 1540.652: [GC remark 2020-04-16T13:54:57.628+0800: 1540.652: [Finalize Marking, 0.0001336 secs] 2020-04-16T13:54:57.628+0800: 1540.652: [GC ref-proc, 0.0000740 secs] 2020-04-16T13:54:57.628+0800: 1540.652: [Unloading, 0.0047053 secs], 0.0062786 secs]
 [Times: user=0.02 sys=0.00, real=0.01 secs] 
2020-04-16T13:54:57.634+0800: 1540.658: [GC cleanup 156M->156M(256M), 0.0005902 secs]
 [Times: user=0.00 sys=0.00, real=0.00 secs] 
2020-04-16T13:55:15.636+0800: 1558.659: [GC pause (G1 Evacuation Pause) (young), 0.0085412 secs]
   [Parallel Time: 8.1 ms, GC Workers: 4]
      [GC Worker Start (ms): Min: 1558659.5, Avg: 1558659.7, Max: 1558660.4, Diff: 0.8]
      [Ext Root Scanning (ms): Min: 0.0, Avg: 0.4, Max: 0.6, Diff: 0.6, Sum: 1.8]
      [Update RS (ms): Min: 1.6, Avg: 1.7, Max: 1.7, Diff: 0.2, Sum: 6.7]
         [Processed Buffers: Min: 3, Avg: 10.8, Max: 32, Diff: 29, Sum: 43]
      [Scan RS (ms): Min: 1.5, Avg: 1.5, Max: 1.6, Diff: 0.1, Sum: 6.1]
      [Code Root Scanning (ms): Min: 0.0, Avg: 0.0, Max: 0.0, Diff: 0.0, Sum: 0.0]
      [Object Copy (ms): Min: 4.1, Avg: 4.1, Max: 4.2, Diff: 0.1, Sum: 16.6]
      [Termination (ms): Min: 0.0, Avg: 0.0, Max: 0.0, Diff: 0.0, Sum: 0.0]
         [Termination Attempts: Min: 1, Avg: 1.0, Max: 1, Diff: 0, Sum: 4]
      [GC Worker Other (ms): Min: 0.0, Avg: 0.0, Max: 0.1, Diff: 0.1, Sum: 0.2]
      [GC Worker Total (ms): Min: 7.2, Avg: 7.8, Max: 8.1, Diff: 0.9, Sum: 31.3]
      [GC Worker End (ms): Min: 1558667.5, Avg: 1558667.6, Max: 1558667.6, Diff: 0.0]
   [Code Root Fixup: 0.0 ms]
   [Code Root Purge: 0.0 ms]
   [Clear CT: 0.1 ms]
   [Other: 0.3 ms]
      [Choose CSet: 0.0 ms]
      [Ref Proc: 0.1 ms]
      [Ref Enq: 0.0 ms]
      [Redirty Cards: 0.1 ms]
      [Humongous Register: 0.0 ms]
      [Humongous Reclaim: 0.0 ms]
      [Free CSet: 0.0 ms]
   [Eden: 67.0M(67.0M)->0.0B(9216.0K) Survivors: 5120.0K->3072.0K Heap: 222.4M(256.0M)->154.0M(256.0M)]
 [Times: user=0.03 sys=0.00, real=0.01 secs] 
2020-04-16T13:55:18.110+0800: 1561.133: [GC pause (G1 Evacuation Pause) (mixed), 0.0150469 secs]
   [Parallel Time: 14.6 ms, GC Workers: 4]
      [GC Worker Start (ms): Min: 1561133.3, Avg: 1561133.4, Max: 1561133.4, Diff: 0.0]
      [Ext Root Scanning (ms): Min: 0.4, Avg: 0.4, Max: 0.5, Diff: 0.1, Sum: 1.8]
      [Update RS (ms): Min: 1.2, Avg: 2.9, Max: 5.4, Diff: 4.2, Sum: 11.6]
         [Processed Buffers: Min: 3, Avg: 7.8, Max: 13, Diff: 10, Sum: 31]
      [Scan RS (ms): Min: 0.0, Avg: 2.1, Max: 3.7, Diff: 3.7, Sum: 8.4]
      [Code Root Scanning (ms): Min: 0.0, Avg: 0.0, Max: 0.0, Diff: 0.0, Sum: 0.0]
      [Object Copy (ms): Min: 7.7, Avg: 8.1, Max: 8.8, Diff: 1.1, Sum: 32.5]
      [Termination (ms): Min: 0.0, Avg: 0.8, Max: 1.2, Diff: 1.2, Sum: 3.3]
         [Termination Attempts: Min: 1, Avg: 1.5, Max: 2, Diff: 1, Sum: 6]
      [GC Worker Other (ms): Min: 0.0, Avg: 0.0, Max: 0.0, Diff: 0.0, Sum: 0.1]
      [GC Worker Total (ms): Min: 14.1, Avg: 14.4, Max: 14.5, Diff: 0.4, Sum: 57.7]
      [GC Worker End (ms): Min: 1561147.5, Avg: 1561147.8, Max: 1561147.9, Diff: 0.4]
   [Code Root Fixup: 0.0 ms]
   [Code Root Purge: 0.0 ms]
   [Clear CT: 0.1 ms]
   [Other: 0.4 ms]
      [Choose CSet: 0.0 ms]
      [Ref Proc: 0.2 ms]
      [Ref Enq: 0.0 ms]
      [Redirty Cards: 0.0 ms]
      [Humongous Register: 0.0 ms]
      [Humongous Reclaim: 0.0 ms]
      [Free CSet: 0.0 ms]
   [Eden: 9216.0K(9216.0K)->0.0B(74.0M) Survivors: 3072.0K->2048.0K Heap: 163.0M(256.0M)->153.0M(256.0M)]
 [Times: user=0.04 sys=0.00, real=0.01 secs] 
2020-04-16T13:55:38.120+0800: 1581.143: [GC pause (G1 Evacuation Pause) (young), 0.0099313 secs]
   [Parallel Time: 9.5 ms, GC Workers: 4]
      [GC Worker Start (ms): Min: 1581142.8, Avg: 1581142.8, Max: 1581142.8, Diff: 0.0]
      [Ext Root Scanning (ms): Min: 0.6, Avg: 0.7, Max: 0.8, Diff: 0.1, Sum: 2.8]
      [Update RS (ms): Min: 2.5, Avg: 2.8, Max: 3.3, Diff: 0.8, Sum: 11.1]
         [Processed Buffers: Min: 3, Avg: 11.8, Max: 26, Diff: 23, Sum: 47]
      [Scan RS (ms): Min: 1.9, Avg: 3.2, Max: 5.6, Diff: 3.7, Sum: 12.9]
      [Code Root Scanning (ms): Min: 0.0, Avg: 0.0, Max: 0.0, Diff: 0.0, Sum: 0.0]
      [Object Copy (ms): Min: 0.0, Avg: 2.3, Max: 3.1, Diff: 3.0, Sum: 9.2]
      [Termination (ms): Min: 0.0, Avg: 0.2, Max: 0.5, Diff: 0.5, Sum: 0.9]
         [Termination Attempts: Min: 1, Avg: 7.2, Max: 14, Diff: 13, Sum: 29]
      [GC Worker Other (ms): Min: 0.0, Avg: 0.0, Max: 0.0, Diff: 0.0, Sum: 0.1]
      [GC Worker Total (ms): Min: 9.1, Avg: 9.2, Max: 9.5, Diff: 0.3, Sum: 36.9]
      [GC Worker End (ms): Min: 1581151.9, Avg: 1581152.0, Max: 1581152.2, Diff: 0.3]
   [Code Root Fixup: 0.0 ms]
   [Code Root Purge: 0.0 ms]
   [Clear CT: 0.0 ms]
   [Other: 0.4 ms]
      [Choose CSet: 0.0 ms]
      [Ref Proc: 0.1 ms]
      [Ref Enq: 0.0 ms]
      [Redirty Cards: 0.0 ms]
      [Humongous Register: 0.0 ms]
      [Humongous Reclaim: 0.0 ms]
      [Free CSet: 0.1 ms]
   [Eden: 74.0M(74.0M)->0.0B(72.0M) Survivors: 2048.0K->3072.0K Heap: 227.0M(256.0M)->153.3M(256.0M)]
 [Times: user=0.03 sys=0.00, real=0.01 secs] 
2020-04-16T13:55:57.592+0800: 1600.614: [GC pause (G1 Evacuation Pause) (young) (initial-mark), 0.0087863 secs]
   [Parallel Time: 8.3 ms, GC Workers: 4]
      [GC Worker Start (ms): Min: 1600614.0, Avg: 1600614.0, Max: 1600614.1, Diff: 0.0]
      [Ext Root Scanning (ms): Min: 0.9, Avg: 1.0, Max: 1.0, Diff: 0.1, Sum: 3.8]
      [Update RS (ms): Min: 1.8, Avg: 2.0, Max: 2.2, Diff: 0.4, Sum: 8.0]
         [Processed Buffers: Min: 5, Avg: 10.0, Max: 19, Diff: 14, Sum: 40]
      [Scan RS (ms): Min: 1.6, Avg: 1.7, Max: 1.7, Diff: 0.1, Sum: 6.7]
      [Code Root Scanning (ms): Min: 0.0, Avg: 0.0, Max: 0.0, Diff: 0.0, Sum: 0.0]
      [Object Copy (ms): Min: 3.4, Avg: 3.5, Max: 3.6, Diff: 0.2, Sum: 14.0]
      [Termination (ms): Min: 0.0, Avg: 0.0, Max: 0.0, Diff: 0.0, Sum: 0.0]
         [Termination Attempts: Min: 1, Avg: 1.0, Max: 1, Diff: 0, Sum: 4]
      [GC Worker Other (ms): Min: 0.0, Avg: 0.0, Max: 0.1, Diff: 0.1, Sum: 0.1]
      [GC Worker Total (ms): Min: 8.2, Avg: 8.2, Max: 8.2, Diff: 0.1, Sum: 32.8]
      [GC Worker End (ms): Min: 1600622.2, Avg: 1600622.2, Max: 1600622.3, Diff: 0.0]
   [Code Root Fixup: 0.0 ms]
   [Code Root Purge: 0.0 ms]
   [Clear CT: 0.1 ms]
   [Other: 0.4 ms]
      [Choose CSet: 0.0 ms]
      [Ref Proc: 0.1 ms]
      [Ref Enq: 0.0 ms]
      [Redirty Cards: 0.1 ms]
      [Humongous Register: 0.0 ms]
      [Humongous Reclaim: 0.0 ms]
      [Free CSet: 0.0 ms]
   [Eden: 72.0M(72.0M)->0.0B(72.0M) Survivors: 3072.0K->3072.0K Heap: 225.3M(256.0M)->153.9M(256.0M)]
 [Times: user=0.03 sys=0.00, real=0.01 secs] 
2020-04-16T13:55:57.601+0800: 1600.623: [GC concurrent-root-region-scan-start]
2020-04-16T13:55:57.605+0800: 1600.627: [GC concurrent-root-region-scan-end, 0.0045997 secs]
2020-04-16T13:55:57.605+0800: 1600.627: [GC concurrent-mark-start]
2020-04-16T13:55:57.625+0800: 1600.647: [GC concurrent-mark-end, 0.0195248 secs]
2020-04-16T13:55:57.625+0800: 1600.647: [GC remark 2020-04-16T13:55:57.625+0800: 1600.647: [Finalize Marking, 0.0001526 secs] 2020-04-16T13:55:57.625+0800: 1600.647: [GC ref-proc, 0.0000741 secs] 2020-04-16T13:55:57.625+0800: 1600.647: [Unloading, 0.0047732 secs], 0.0063327 secs]
 [Times: user=0.02 sys=0.00, real=0.01 secs] 
2020-04-16T13:55:57.631+0800: 1600.654: [GC cleanup 154M->154M(256M), 0.0003617 secs]
 [Times: user=0.00 sys=0.00, real=0.00 secs] 
2020-04-16T13:56:16.975+0800: 1619.997: [GC pause (G1 Evacuation Pause) (young), 0.0115330 secs]
   [Parallel Time: 10.9 ms, GC Workers: 4]
      [GC Worker Start (ms): Min: 1619996.8, Avg: 1619997.0, Max: 1619997.1, Diff: 0.3]
      [Ext Root Scanning (ms): Min: 0.7, Avg: 1.5, Max: 3.2, Diff: 2.5, Sum: 6.1]
      [Update RS (ms): Min: 0.9, Avg: 2.4, Max: 3.1, Diff: 2.2, Sum: 9.7]
         [Processed Buffers: Min: 6, Avg: 10.2, Max: 17, Diff: 11, Sum: 41]
      [Scan RS (ms): Min: 2.5, Avg: 2.6, Max: 2.8, Diff: 0.4, Sum: 10.4]
      [Code Root Scanning (ms): Min: 0.0, Avg: 0.0, Max: 0.0, Diff: 0.0, Sum: 0.0]
      [Object Copy (ms): Min: 3.9, Avg: 4.1, Max: 4.2, Diff: 0.3, Sum: 16.2]
      [Termination (ms): Min: 0.0, Avg: 0.0, Max: 0.0, Diff: 0.0, Sum: 0.0]
         [Termination Attempts: Min: 1, Avg: 1.0, Max: 1, Diff: 0, Sum: 4]
      [GC Worker Other (ms): Min: 0.0, Avg: 0.1, Max: 0.1, Diff: 0.1, Sum: 0.2]
      [GC Worker Total (ms): Min: 10.5, Avg: 10.7, Max: 10.8, Diff: 0.3, Sum: 42.7]
      [GC Worker End (ms): Min: 1620007.6, Avg: 1620007.7, Max: 1620007.7, Diff: 0.1]
   [Code Root Fixup: 0.0 ms]
   [Code Root Purge: 0.0 ms]
   [Clear CT: 0.1 ms]
   [Other: 0.5 ms]
      [Choose CSet: 0.0 ms]
      [Ref Proc: 0.2 ms]
      [Ref Enq: 0.0 ms]
      [Redirty Cards: 0.1 ms]
      [Humongous Register: 0.0 ms]
      [Humongous Reclaim: 0.0 ms]
      [Free CSet: 0.0 ms]
   [Eden: 72.0M(72.0M)->0.0B(7168.0K) Survivors: 3072.0K->5120.0K Heap: 225.9M(256.0M)->155.4M(256.0M)]
 [Times: user=0.03 sys=0.00, real=0.01 secs] 
2020-04-16T13:56:18.783+0800: 1621.804: [GC pause (G1 Evacuation Pause) (mixed), 0.0095947 secs]
   [Parallel Time: 9.2 ms, GC Workers: 4]
      [GC Worker Start (ms): Min: 1621804.5, Avg: 1621804.6, Max: 1621804.8, Diff: 0.3]
      [Ext Root Scanning (ms): Min: 0.5, Avg: 0.7, Max: 0.8, Diff: 0.3, Sum: 2.6]
      [Update RS (ms): Min: 1.2, Avg: 1.3, Max: 1.4, Diff: 0.2, Sum: 5.2]
         [Processed Buffers: Min: 2, Avg: 7.5, Max: 22, Diff: 20, Sum: 30]
      [Scan RS (ms): Min: 1.7, Avg: 1.8, Max: 1.9, Diff: 0.2, Sum: 7.2]
      [Code Root Scanning (ms): Min: 0.0, Avg: 0.0, Max: 0.0, Diff: 0.0, Sum: 0.0]
      [Object Copy (ms): Min: 5.3, Avg: 5.3, Max: 5.3, Diff: 0.1, Sum: 21.2]
      [Termination (ms): Min: 0.0, Avg: 0.0, Max: 0.0, Diff: 0.0, Sum: 0.0]
         [Termination Attempts: Min: 1, Avg: 1.0, Max: 1, Diff: 0, Sum: 4]
      [GC Worker Other (ms): Min: 0.0, Avg: 0.0, Max: 0.0, Diff: 0.0, Sum: 0.1]
      [GC Worker Total (ms): Min: 8.9, Avg: 9.1, Max: 9.2, Diff: 0.3, Sum: 36.3]
      [GC Worker End (ms): Min: 1621813.7, Avg: 1621813.7, Max: 1621813.7, Diff: 0.0]
   [Code Root Fixup: 0.0 ms]
   [Code Root Purge: 0.0 ms]
   [Clear CT: 0.1 ms]
   [Other: 0.3 ms]
      [Choose CSet: 0.0 ms]
      [Ref Proc: 0.1 ms]
      [Ref Enq: 0.0 ms]
      [Redirty Cards: 0.0 ms]
      [Humongous Register: 0.0 ms]
      [Humongous Reclaim: 0.0 ms]
      [Free CSet: 0.0 ms]
   [Eden: 7168.0K(7168.0K)->0.0B(73.0M) Survivors: 5120.0K->2048.0K Heap: 162.4M(256.0M)->153.6M(256.0M)]
 [Times: user=0.04 sys=0.00, real=0.01 secs] 
2020-04-16T13:56:38.672+0800: 1641.693: [GC pause (G1 Evacuation Pause) (young), 0.0093146 secs]
   [Parallel Time: 8.4 ms, GC Workers: 4]
      [GC Worker Start (ms): Min: 1641693.4, Avg: 1641694.9, Max: 1641699.3, Diff: 5.9]
      [Ext Root Scanning (ms): Min: 0.0, Avg: 0.4, Max: 0.5, Diff: 0.5, Sum: 1.5]
      [Update RS (ms): Min: 0.0, Avg: 1.5, Max: 2.2, Diff: 2.2, Sum: 6.2]
         [Processed Buffers: Min: 0, Avg: 11.8, Max: 19, Diff: 19, Sum: 47]
      [Scan RS (ms): Min: 0.0, Avg: 1.4, Max: 2.0, Diff: 1.9, Sum: 5.6]
      [Code Root Scanning (ms): Min: 0.0, Avg: 0.0, Max: 0.0, Diff: 0.0, Sum: 0.0]
      [Object Copy (ms): Min: 2.4, Avg: 3.5, Max: 3.9, Diff: 1.6, Sum: 14.0]
      [Termination (ms): Min: 0.0, Avg: 0.0, Max: 0.0, Diff: 0.0, Sum: 0.0]
         [Termination Attempts: Min: 1, Avg: 1.0, Max: 1, Diff: 0, Sum: 4]
      [GC Worker Other (ms): Min: 0.0, Avg: 0.0, Max: 0.0, Diff: 0.0, Sum: 0.1]
      [GC Worker Total (ms): Min: 2.4, Avg: 6.8, Max: 8.3, Diff: 5.9, Sum: 27.4]
      [GC Worker End (ms): Min: 1641701.7, Avg: 1641701.7, Max: 1641701.7, Diff: 0.0]
   [Code Root Fixup: 0.0 ms]
   [Code Root Purge: 0.0 ms]
   [Clear CT: 0.0 ms]
   [Other: 0.9 ms]
      [Choose CSet: 0.0 ms]
      [Ref Proc: 0.4 ms]
      [Ref Enq: 0.0 ms]
      [Redirty Cards: 0.0 ms]
      [Humongous Register: 0.0 ms]
      [Humongous Reclaim: 0.0 ms]
      [Free CSet: 0.1 ms]
   [Eden: 73.0M(73.0M)->0.0B(69.0M) Survivors: 2048.0K->4096.0K Heap: 226.6M(256.0M)->155.3M(256.0M)]
 [Times: user=0.03 sys=0.00, real=0.01 secs] 
2020-04-16T13:56:57.360+0800: 1660.380: [GC pause (G1 Evacuation Pause) (young) (initial-mark), 0.0115406 secs]
   [Parallel Time: 10.9 ms, GC Workers: 4]
      [GC Worker Start (ms): Min: 1660380.3, Avg: 1660380.3, Max: 1660380.3, Diff: 0.0]
      [Ext Root Scanning (ms): Min: 0.7, Avg: 0.7, Max: 0.7, Diff: 0.1, Sum: 2.8]
      [Update RS (ms): Min: 1.6, Avg: 2.7, Max: 3.3, Diff: 1.6, Sum: 10.9]
         [Processed Buffers: Min: 5, Avg: 10.8, Max: 24, Diff: 19, Sum: 43]
      [Scan RS (ms): Min: 2.5, Avg: 2.7, Max: 2.9, Diff: 0.4, Sum: 10.9]
      [Code Root Scanning (ms): Min: 0.0, Avg: 0.0, Max: 0.0, Diff: 0.0, Sum: 0.0]
      [Object Copy (ms): Min: 4.2, Avg: 4.6, Max: 5.7, Diff: 1.4, Sum: 18.5]
      [Termination (ms): Min: 0.0, Avg: 0.0, Max: 0.0, Diff: 0.0, Sum: 0.1]
         [Termination Attempts: Min: 1, Avg: 1.8, Max: 2, Diff: 1, Sum: 7]
      [GC Worker Other (ms): Min: 0.0, Avg: 0.0, Max: 0.0, Diff: 0.0, Sum: 0.1]
      [GC Worker Total (ms): Min: 10.8, Avg: 10.8, Max: 10.8, Diff: 0.0, Sum: 43.2]
      [GC Worker End (ms): Min: 1660391.1, Avg: 1660391.1, Max: 1660391.1, Diff: 0.0]
   [Code Root Fixup: 0.0 ms]
   [Code Root Purge: 0.0 ms]
   [Clear CT: 0.1 ms]
   [Other: 0.6 ms]
      [Choose CSet: 0.0 ms]
      [Ref Proc: 0.2 ms]
      [Ref Enq: 0.0 ms]
      [Redirty Cards: 0.2 ms]
      [Humongous Register: 0.0 ms]
      [Humongous Reclaim: 0.0 ms]
      [Free CSet: 0.0 ms]
   [Eden: 69.0M(69.0M)->0.0B(67.0M) Survivors: 4096.0K->5120.0K Heap: 224.3M(256.0M)->156.1M(256.0M)]
 [Times: user=0.04 sys=0.00, real=0.01 secs] 
2020-04-16T13:56:57.373+0800: 1660.393: [GC concurrent-root-region-scan-start]
2020-04-16T13:56:57.380+0800: 1660.401: [GC concurrent-root-region-scan-end, 0.0077331 secs]
2020-04-16T13:56:57.380+0800: 1660.401: [GC concurrent-mark-start]
2020-04-16T13:56:57.404+0800: 1660.425: [GC concurrent-mark-end, 0.0237628 secs]
2020-04-16T13:56:57.404+0800: 1660.425: [GC remark 2020-04-16T13:56:57.404+0800: 1660.425: [Finalize Marking, 0.0002046 secs] 2020-04-16T13:56:57.405+0800: 1660.425: [GC ref-proc, 0.0000777 secs] 2020-04-16T13:56:57.405+0800: 1660.425: [Unloading, 0.0057574 secs], 0.0083576 secs]
 [Times: user=0.03 sys=0.00, real=0.01 secs] 
2020-04-16T13:56:57.418+0800: 1660.439: [GC cleanup 156M->156M(256M), 0.0020540 secs]
 [Times: user=0.00 sys=0.00, real=0.01 secs] 
2020-04-16T13:57:15.578+0800: 1678.597: [GC pause (G1 Evacuation Pause) (young), 0.0098169 secs]
   [Parallel Time: 9.3 ms, GC Workers: 4]
      [GC Worker Start (ms): Min: 1678597.6, Avg: 1678597.7, Max: 1678597.9, Diff: 0.3]
      [Ext Root Scanning (ms): Min: 0.8, Avg: 0.9, Max: 1.2, Diff: 0.5, Sum: 3.7]
      [Update RS (ms): Min: 1.9, Avg: 2.4, Max: 2.7, Diff: 0.7, Sum: 9.6]
         [Processed Buffers: Min: 2, Avg: 10.8, Max: 19, Diff: 17, Sum: 43]
      [Scan RS (ms): Min: 1.4, Avg: 1.6, Max: 1.7, Diff: 0.3, Sum: 6.3]
      [Code Root Scanning (ms): Min: 0.0, Avg: 0.0, Max: 0.0, Diff: 0.0, Sum: 0.0]
      [Object Copy (ms): Min: 4.1, Avg: 4.2, Max: 4.2, Diff: 0.1, Sum: 16.8]
      [Termination (ms): Min: 0.0, Avg: 0.0, Max: 0.0, Diff: 0.0, Sum: 0.0]
         [Termination Attempts: Min: 1, Avg: 1.0, Max: 1, Diff: 0, Sum: 4]
      [GC Worker Other (ms): Min: 0.0, Avg: 0.0, Max: 0.1, Diff: 0.0, Sum: 0.2]
      [GC Worker Total (ms): Min: 8.9, Avg: 9.1, Max: 9.2, Diff: 0.3, Sum: 36.5]
      [GC Worker End (ms): Min: 1678606.8, Avg: 1678606.8, Max: 1678606.8, Diff: 0.0]
   [Code Root Fixup: 0.0 ms]
   [Code Root Purge: 0.0 ms]
   [Clear CT: 0.1 ms]
   [Other: 0.4 ms]
      [Choose CSet: 0.0 ms]
      [Ref Proc: 0.1 ms]
      [Ref Enq: 0.0 ms]
      [Redirty Cards: 0.1 ms]
      [Humongous Register: 0.0 ms]
      [Humongous Reclaim: 0.0 ms]
      [Free CSet: 0.0 ms]
   [Eden: 67.0M(67.0M)->0.0B(9216.0K) Survivors: 5120.0K->3072.0K Heap: 223.1M(256.0M)->154.6M(256.0M)]
 [Times: user=0.03 sys=0.00, real=0.01 secs] 
2020-04-16T13:57:18.014+0800: 1681.034: [GC pause (G1 Evacuation Pause) (mixed), 0.0130231 secs]
   [Parallel Time: 12.4 ms, GC Workers: 4]
      [GC Worker Start (ms): Min: 1681034.0, Avg: 1681035.2, Max: 1681035.7, Diff: 1.7]
      [Ext Root Scanning (ms): Min: 0.2, Avg: 0.7, Max: 1.9, Diff: 1.7, Sum: 2.7]
      [Update RS (ms): Min: 0.9, Avg: 1.1, Max: 1.3, Diff: 0.4, Sum: 4.2]
         [Processed Buffers: Min: 2, Avg: 8.2, Max: 18, Diff: 16, Sum: 33]
      [Scan RS (ms): Min: 3.3, Avg: 3.5, Max: 3.6, Diff: 0.3, Sum: 14.0]
      [Code Root Scanning (ms): Min: 0.0, Avg: 0.0, Max: 0.0, Diff: 0.0, Sum: 0.0]
      [Object Copy (ms): Min: 5.7, Avg: 5.8, Max: 5.8, Diff: 0.1, Sum: 23.1]
      [Termination (ms): Min: 0.0, Avg: 0.1, Max: 0.1, Diff: 0.1, Sum: 0.3]
         [Termination Attempts: Min: 1, Avg: 2.0, Max: 3, Diff: 2, Sum: 8]
      [GC Worker Other (ms): Min: 0.0, Avg: 0.0, Max: 0.0, Diff: 0.0, Sum: 0.1]
      [GC Worker Total (ms): Min: 10.6, Avg: 11.1, Max: 12.3, Diff: 1.7, Sum: 44.4]
      [GC Worker End (ms): Min: 1681046.3, Avg: 1681046.3, Max: 1681046.3, Diff: 0.0]
   [Code Root Fixup: 0.0 ms]
   [Code Root Purge: 0.0 ms]
   [Clear CT: 0.1 ms]
   [Other: 0.6 ms]
      [Choose CSet: 0.0 ms]
      [Ref Proc: 0.2 ms]
      [Ref Enq: 0.0 ms]
      [Redirty Cards: 0.1 ms]
      [Humongous Register: 0.0 ms]
      [Humongous Reclaim: 0.0 ms]
      [Free CSet: 0.0 ms]
   [Eden: 9216.0K(9216.0K)->0.0B(73.0M) Survivors: 3072.0K->2048.0K Heap: 163.6M(256.0M)->153.4M(256.0M)]
 [Times: user=0.04 sys=0.00, real=0.01 secs] 
2020-04-16T13:57:37.813+0800: 1700.833: [GC pause (G1 Evacuation Pause) (young), 0.0073756 secs]
   [Parallel Time: 7.0 ms, GC Workers: 4]
      [GC Worker Start (ms): Min: 1700832.7, Avg: 1700832.7, Max: 1700832.7, Diff: 0.0]
      [Ext Root Scanning (ms): Min: 0.4, Avg: 0.4, Max: 0.4, Diff: 0.0, Sum: 1.7]
      [Update RS (ms): Min: 2.0, Avg: 2.1, Max: 2.2, Diff: 0.3, Sum: 8.4]
         [Processed Buffers: Min: 6, Avg: 12.0, Max: 19, Diff: 13, Sum: 48]
      [Scan RS (ms): Min: 1.8, Avg: 1.9, Max: 2.0, Diff: 0.2, Sum: 7.5]
      [Code Root Scanning (ms): Min: 0.0, Avg: 0.0, Max: 0.0, Diff: 0.0, Sum: 0.0]
      [Object Copy (ms): Min: 2.5, Avg: 2.5, Max: 2.5, Diff: 0.0, Sum: 9.9]
      [Termination (ms): Min: 0.0, Avg: 0.0, Max: 0.0, Diff: 0.0, Sum: 0.0]
         [Termination Attempts: Min: 1, Avg: 3.8, Max: 5, Diff: 4, Sum: 15]
      [GC Worker Other (ms): Min: 0.0, Avg: 0.0, Max: 0.0, Diff: 0.0, Sum: 0.1]
      [GC Worker Total (ms): Min: 6.9, Avg: 6.9, Max: 6.9, Diff: 0.0, Sum: 27.6]
      [GC Worker End (ms): Min: 1700839.6, Avg: 1700839.6, Max: 1700839.6, Diff: 0.0]
   [Code Root Fixup: 0.0 ms]
   [Code Root Purge: 0.0 ms]
   [Clear CT: 0.1 ms]
   [Other: 0.4 ms]
      [Choose CSet: 0.0 ms]
      [Ref Proc: 0.1 ms]
      [Ref Enq: 0.0 ms]
      [Redirty Cards: 0.1 ms]
      [Humongous Register: 0.0 ms]
      [Humongous Reclaim: 0.0 ms]
      [Free CSet: 0.0 ms]
   [Eden: 73.0M(73.0M)->0.0B(71.0M) Survivors: 2048.0K->3072.0K Heap: 226.4M(256.0M)->153.8M(256.0M)]
 [Times: user=0.02 sys=0.00, real=0.01 secs] 
2020-04-16T13:57:57.210+0800: 1720.228: [GC pause (G1 Evacuation Pause) (young) (initial-mark), 0.0076741 secs]
   [Parallel Time: 7.3 ms, GC Workers: 4]
      [GC Worker Start (ms): Min: 1720228.5, Avg: 1720228.5, Max: 1720228.5, Diff: 0.0]
      [Ext Root Scanning (ms): Min: 0.6, Avg: 0.7, Max: 0.7, Diff: 0.1, Sum: 2.7]
      [Update RS (ms): Min: 1.5, Avg: 1.7, Max: 1.9, Diff: 0.4, Sum: 6.8]
         [Processed Buffers: Min: 2, Avg: 10.8, Max: 25, Diff: 23, Sum: 43]
      [Scan RS (ms): Min: 1.5, Avg: 1.7, Max: 1.8, Diff: 0.3, Sum: 6.8]
      [Code Root Scanning (ms): Min: 0.0, Avg: 0.0, Max: 0.0, Diff: 0.0, Sum: 0.0]
      [Object Copy (ms): Min: 3.1, Avg: 3.1, Max: 3.2, Diff: 0.1, Sum: 12.5]
      [Termination (ms): Min: 0.0, Avg: 0.0, Max: 0.0, Diff: 0.0, Sum: 0.0]
         [Termination Attempts: Min: 1, Avg: 1.0, Max: 1, Diff: 0, Sum: 4]
      [GC Worker Other (ms): Min: 0.0, Avg: 0.0, Max: 0.0, Diff: 0.0, Sum: 0.1]
      [GC Worker Total (ms): Min: 7.2, Avg: 7.2, Max: 7.2, Diff: 0.0, Sum: 28.8]
      [GC Worker End (ms): Min: 1720235.7, Avg: 1720235.7, Max: 1720235.8, Diff: 0.0]
   [Code Root Fixup: 0.0 ms]
   [Code Root Purge: 0.0 ms]
   [Clear CT: 0.1 ms]
   [Other: 0.3 ms]
      [Choose CSet: 0.0 ms]
      [Ref Proc: 0.1 ms]
      [Ref Enq: 0.0 ms]
      [Redirty Cards: 0.1 ms]
      [Humongous Register: 0.0 ms]
      [Humongous Reclaim: 0.0 ms]
      [Free CSet: 0.1 ms]
   [Eden: 71.0M(71.0M)->0.0B(73.0M) Survivors: 3072.0K->2048.0K Heap: 224.8M(256.0M)->153.4M(256.0M)]
 [Times: user=0.03 sys=0.01, real=0.00 secs] 
2020-04-16T13:57:57.218+0800: 1720.236: [GC concurrent-root-region-scan-start]
2020-04-16T13:57:57.222+0800: 1720.240: [GC concurrent-root-region-scan-end, 0.0042434 secs]
2020-04-16T13:57:57.222+0800: 1720.240: [GC concurrent-mark-start]
2020-04-16T13:57:57.240+0800: 1720.259: [GC concurrent-mark-end, 0.0185478 secs]
2020-04-16T13:57:57.241+0800: 1720.259: [GC remark 2020-04-16T13:57:57.241+0800: 1720.259: [Finalize Marking, 0.0001149 secs] 2020-04-16T13:57:57.241+0800: 1720.259: [GC ref-proc, 0.0001152 secs] 2020-04-16T13:57:57.241+0800: 1720.260: [Unloading, 0.0054141 secs], 0.0070308 secs]
 [Times: user=0.02 sys=0.00, real=0.00 secs] 
2020-04-16T13:57:57.248+0800: 1720.266: [GC cleanup 153M->153M(256M), 0.0003603 secs]
 [Times: user=0.00 sys=0.00, real=0.00 secs] 
2020-04-16T13:58:17.011+0800: 1740.029: [GC pause (G1 Evacuation Pause) (young), 0.0094033 secs]
   [Parallel Time: 9.0 ms, GC Workers: 4]
      [GC Worker Start (ms): Min: 1740029.1, Avg: 1740029.2, Max: 1740029.4, Diff: 0.3]
      [Ext Root Scanning (ms): Min: 0.4, Avg: 0.7, Max: 1.1, Diff: 0.7, Sum: 3.0]
      [Update RS (ms): Min: 1.6, Avg: 2.1, Max: 2.9, Diff: 1.3, Sum: 8.4]
         [Processed Buffers: Min: 2, Avg: 11.5, Max: 36, Diff: 34, Sum: 46]
      [Scan RS (ms): Min: 0.9, Avg: 1.5, Max: 1.9, Diff: 1.0, Sum: 6.1]
      [Code Root Scanning (ms): Min: 0.0, Avg: 0.0, Max: 0.0, Diff: 0.0, Sum: 0.0]
      [Object Copy (ms): Min: 4.2, Avg: 4.4, Max: 4.4, Diff: 0.2, Sum: 17.4]
      [Termination (ms): Min: 0.0, Avg: 0.0, Max: 0.0, Diff: 0.0, Sum: 0.0]
         [Termination Attempts: Min: 1, Avg: 1.0, Max: 1, Diff: 0, Sum: 4]
      [GC Worker Other (ms): Min: 0.0, Avg: 0.0, Max: 0.0, Diff: 0.0, Sum: 0.1]
      [GC Worker Total (ms): Min: 8.5, Avg: 8.8, Max: 8.8, Diff: 0.3, Sum: 35.0]
      [GC Worker End (ms): Min: 1740037.9, Avg: 1740038.0, Max: 1740038.0, Diff: 0.0]
   [Code Root Fixup: 0.0 ms]
   [Code Root Purge: 0.0 ms]
   [Clear CT: 0.0 ms]
   [Other: 0.4 ms]
      [Choose CSet: 0.0 ms]
      [Ref Proc: 0.1 ms]
      [Ref Enq: 0.0 ms]
      [Redirty Cards: 0.1 ms]
      [Humongous Register: 0.0 ms]
      [Humongous Reclaim: 0.0 ms]
      [Free CSet: 0.0 ms]
   [Eden: 73.0M(73.0M)->0.0B(9216.0K) Survivors: 2048.0K->3072.0K Heap: 226.4M(256.0M)->154.4M(256.0M)]
 [Times: user=0.03 sys=0.00, real=0.01 secs] 
2020-04-16T13:58:19.468+0800: 1742.486: [GC pause (G1 Evacuation Pause) (mixed), 0.0110982 secs]
   [Parallel Time: 10.3 ms, GC Workers: 4]
      [GC Worker Start (ms): Min: 1742486.4, Avg: 1742486.4, Max: 1742486.4, Diff: 0.0]
      [Ext Root Scanning (ms): Min: 0.4, Avg: 0.5, Max: 0.5, Diff: 0.1, Sum: 1.8]
      [Update RS (ms): Min: 1.0, Avg: 1.1, Max: 1.1, Diff: 0.2, Sum: 4.2]
         [Processed Buffers: Min: 2, Avg: 7.0, Max: 12, Diff: 10, Sum: 28]
      [Scan RS (ms): Min: 2.3, Avg: 2.4, Max: 2.6, Diff: 0.3, Sum: 9.8]
      [Code Root Scanning (ms): Min: 0.0, Avg: 0.0, Max: 0.1, Diff: 0.1, Sum: 0.1]
      [Object Copy (ms): Min: 6.2, Avg: 6.3, Max: 6.4, Diff: 0.2, Sum: 25.1]
      [Termination (ms): Min: 0.0, Avg: 0.0, Max: 0.0, Diff: 0.0, Sum: 0.0]
         [Termination Attempts: Min: 1, Avg: 1.5, Max: 3, Diff: 2, Sum: 6]
      [GC Worker Other (ms): Min: 0.0, Avg: 0.0, Max: 0.0, Diff: 0.0, Sum: 0.1]
      [GC Worker Total (ms): Min: 10.3, Avg: 10.3, Max: 10.3, Diff: 0.0, Sum: 41.1]
      [GC Worker End (ms): Min: 1742496.7, Avg: 1742496.7, Max: 1742496.7, Diff: 0.0]
   [Code Root Fixup: 0.0 ms]
   [Code Root Purge: 0.0 ms]
   [Clear CT: 0.1 ms]
   [Other: 0.7 ms]
      [Choose CSet: 0.0 ms]
      [Ref Proc: 0.4 ms]
      [Ref Enq: 0.0 ms]
      [Redirty Cards: 0.1 ms]
      [Humongous Register: 0.0 ms]
      [Humongous Reclaim: 0.0 ms]
      [Free CSet: 0.0 ms]
   [Eden: 9216.0K(9216.0K)->0.0B(73.0M) Survivors: 3072.0K->2048.0K Heap: 163.4M(256.0M)->153.4M(256.0M)]
 [Times: user=0.04 sys=0.00, real=0.02 secs] 
2020-04-16T13:58:39.386+0800: 1762.404: [GC pause (G1 Evacuation Pause) (young), 0.0093657 secs]
   [Parallel Time: 8.6 ms, GC Workers: 4]
      [GC Worker Start (ms): Min: 1762403.9, Avg: 1762404.7, Max: 1762405.4, Diff: 1.5]
      [Ext Root Scanning (ms): Min: 0.0, Avg: 0.5, Max: 1.3, Diff: 1.3, Sum: 2.1]
      [Update RS (ms): Min: 1.9, Avg: 2.1, Max: 2.2, Diff: 0.3, Sum: 8.4]
         [Processed Buffers: Min: 4, Avg: 11.0, Max: 17, Diff: 13, Sum: 44]
      [Scan RS (ms): Min: 1.8, Avg: 1.9, Max: 2.1, Diff: 0.3, Sum: 7.6]
      [Code Root Scanning (ms): Min: 0.0, Avg: 0.0, Max: 0.0, Diff: 0.0, Sum: 0.0]
      [Object Copy (ms): Min: 2.8, Avg: 2.9, Max: 2.9, Diff: 0.1, Sum: 11.6]
      [Termination (ms): Min: 0.0, Avg: 0.1, Max: 0.2, Diff: 0.2, Sum: 0.4]
         [Termination Attempts: Min: 1, Avg: 2.2, Max: 3, Diff: 2, Sum: 9]
      [GC Worker Other (ms): Min: 0.0, Avg: 0.0, Max: 0.0, Diff: 0.0, Sum: 0.1]
      [GC Worker Total (ms): Min: 7.0, Avg: 7.5, Max: 8.4, Diff: 1.4, Sum: 30.2]
      [GC Worker End (ms): Min: 1762412.2, Avg: 1762412.3, Max: 1762412.4, Diff: 0.1]
   [Code Root Fixup: 0.0 ms]
   [Code Root Purge: 0.0 ms]
   [Clear CT: 0.1 ms]
   [Other: 0.8 ms]
      [Choose CSet: 0.0 ms]
      [Ref Proc: 0.2 ms]
      [Ref Enq: 0.0 ms]
      [Redirty Cards: 0.1 ms]
      [Humongous Register: 0.0 ms]
      [Humongous Reclaim: 0.0 ms]
      [Free CSet: 0.3 ms]
   [Eden: 73.0M(73.0M)->0.0B(71.0M) Survivors: 2048.0K->3072.0K Heap: 226.4M(256.0M)->153.7M(256.0M)]
 [Times: user=0.03 sys=0.00, real=0.01 secs] 
2020-04-16T13:58:58.441+0800: 1781.458: [GC pause (G1 Evacuation Pause) (young) (initial-mark), 0.0097836 secs]
   [Parallel Time: 9.3 ms, GC Workers: 4]
      [GC Worker Start (ms): Min: 1781458.0, Avg: 1781458.0, Max: 1781458.2, Diff: 0.2]
      [Ext Root Scanning (ms): Min: 0.5, Avg: 0.7, Max: 0.7, Diff: 0.2, Sum: 2.7]
      [Update RS (ms): Min: 1.6, Avg: 1.7, Max: 1.9, Diff: 0.4, Sum: 6.9]
         [Processed Buffers: Min: 5, Avg: 10.0, Max: 22, Diff: 17, Sum: 40]
      [Scan RS (ms): Min: 1.8, Avg: 1.9, Max: 2.1, Diff: 0.3, Sum: 7.7]
      [Code Root Scanning (ms): Min: 0.0, Avg: 0.0, Max: 0.0, Diff: 0.0, Sum: 0.0]
      [Object Copy (ms): Min: 4.8, Avg: 4.8, Max: 4.8, Diff: 0.1, Sum: 19.2]
      [Termination (ms): Min: 0.0, Avg: 0.0, Max: 0.0, Diff: 0.0, Sum: 0.0]
         [Termination Attempts: Min: 1, Avg: 1.0, Max: 1, Diff: 0, Sum: 4]
      [GC Worker Other (ms): Min: 0.0, Avg: 0.0, Max: 0.0, Diff: 0.0, Sum: 0.1]
      [GC Worker Total (ms): Min: 9.0, Avg: 9.2, Max: 9.2, Diff: 0.2, Sum: 36.6]
      [GC Worker End (ms): Min: 1781467.2, Avg: 1781467.2, Max: 1781467.2, Diff: 0.0]
   [Code Root Fixup: 0.0 ms]
   [Code Root Purge: 0.0 ms]
   [Clear CT: 0.0 ms]
   [Other: 0.4 ms]
      [Choose CSet: 0.0 ms]
      [Ref Proc: 0.1 ms]
      [Ref Enq: 0.0 ms]
      [Redirty Cards: 0.1 ms]
      [Humongous Register: 0.0 ms]
      [Humongous Reclaim: 0.0 ms]
      [Free CSet: 0.1 ms]
   [Eden: 71.0M(71.0M)->0.0B(69.0M) Survivors: 3072.0K->4096.0K Heap: 224.7M(256.0M)->154.8M(256.0M)]
 [Times: user=0.03 sys=0.00, real=0.01 secs] 
2020-04-16T13:58:58.451+0800: 1781.468: [GC concurrent-root-region-scan-start]
2020-04-16T13:58:58.457+0800: 1781.474: [GC concurrent-root-region-scan-end, 0.0063543 secs]
2020-04-16T13:58:58.457+0800: 1781.474: [GC concurrent-mark-start]
2020-04-16T13:58:58.477+0800: 1781.494: [GC concurrent-mark-end, 0.0199990 secs]
2020-04-16T13:58:58.477+0800: 1781.494: [GC remark 2020-04-16T13:58:58.477+0800: 1781.494: [Finalize Marking, 0.0000939 secs] 2020-04-16T13:58:58.478+0800: 1781.494: [GC ref-proc, 0.0000758 secs] 2020-04-16T13:58:58.478+0800: 1781.495: [Unloading, 0.0053455 secs], 0.0068633 secs]
 [Times: user=0.02 sys=0.00, real=0.01 secs] 
2020-04-16T13:58:58.485+0800: 1781.501: [GC cleanup 156M->156M(256M), 0.0003342 secs]
 [Times: user=0.00 sys=0.00, real=0.00 secs] 
2020-04-16T13:59:16.981+0800: 1799.997: [GC pause (G1 Evacuation Pause) (young), 0.0111610 secs]
   [Parallel Time: 10.7 ms, GC Workers: 4]
      [GC Worker Start (ms): Min: 1799997.4, Avg: 1799997.5, Max: 1799997.5, Diff: 0.1]
      [Ext Root Scanning (ms): Min: 0.7, Avg: 0.8, Max: 0.8, Diff: 0.1, Sum: 3.0]
      [Update RS (ms): Min: 2.5, Avg: 2.7, Max: 2.8, Diff: 0.3, Sum: 10.7]
         [Processed Buffers: Min: 3, Avg: 10.2, Max: 17, Diff: 14, Sum: 41]
      [Scan RS (ms): Min: 1.8, Avg: 1.9, Max: 2.1, Diff: 0.3, Sum: 7.5]
      [Code Root Scanning (ms): Min: 0.0, Avg: 0.0, Max: 0.0, Diff: 0.0, Sum: 0.0]
      [Object Copy (ms): Min: 5.2, Avg: 5.3, Max: 5.3, Diff: 0.1, Sum: 21.0]
      [Termination (ms): Min: 0.0, Avg: 0.0, Max: 0.0, Diff: 0.0, Sum: 0.0]
         [Termination Attempts: Min: 1, Avg: 1.0, Max: 1, Diff: 0, Sum: 4]
      [GC Worker Other (ms): Min: 0.0, Avg: 0.0, Max: 0.0, Diff: 0.0, Sum: 0.1]
      [GC Worker Total (ms): Min: 10.6, Avg: 10.6, Max: 10.7, Diff: 0.1, Sum: 42.4]
      [GC Worker End (ms): Min: 1800008.1, Avg: 1800008.1, Max: 1800008.1, Diff: 0.0]
   [Code Root Fixup: 0.0 ms]
   [Code Root Purge: 0.0 ms]
   [Clear CT: 0.1 ms]
   [Other: 0.4 ms]
      [Choose CSet: 0.0 ms]
      [Ref Proc: 0.1 ms]
      [Ref Enq: 0.0 ms]
      [Redirty Cards: 0.1 ms]
      [Humongous Register: 0.0 ms]
      [Humongous Reclaim: 0.0 ms]
      [Free CSet: 0.0 ms]
   [Eden: 69.0M(69.0M)->0.0B(7168.0K) Survivors: 4096.0K->5120.0K Heap: 223.8M(256.0M)->155.9M(256.0M)]
 [Times: user=0.04 sys=0.00, real=0.01 secs] 
2020-04-16T13:59:18.900+0800: 1801.916: [GC pause (G1 Evacuation Pause) (mixed), 0.0095429 secs]
   [Parallel Time: 9.1 ms, GC Workers: 4]
      [GC Worker Start (ms): Min: 1801916.4, Avg: 1801916.5, Max: 1801916.5, Diff: 0.0]
      [Ext Root Scanning (ms): Min: 0.7, Avg: 0.7, Max: 0.7, Diff: 0.1, Sum: 2.8]
      [Update RS (ms): Min: 1.2, Avg: 1.3, Max: 1.4, Diff: 0.2, Sum: 5.2]
         [Processed Buffers: Min: 2, Avg: 7.2, Max: 16, Diff: 14, Sum: 29]
      [Scan RS (ms): Min: 2.1, Avg: 2.3, Max: 2.3, Diff: 0.2, Sum: 9.1]
      [Code Root Scanning (ms): Min: 0.0, Avg: 0.0, Max: 0.0, Diff: 0.0, Sum: 0.1]
      [Object Copy (ms): Min: 4.7, Avg: 4.8, Max: 4.8, Diff: 0.1, Sum: 19.0]
      [Termination (ms): Min: 0.0, Avg: 0.0, Max: 0.0, Diff: 0.0, Sum: 0.0]
         [Termination Attempts: Min: 1, Avg: 1.8, Max: 3, Diff: 2, Sum: 7]
      [GC Worker Other (ms): Min: 0.0, Avg: 0.0, Max: 0.0, Diff: 0.0, Sum: 0.1]
      [GC Worker Total (ms): Min: 9.0, Avg: 9.0, Max: 9.1, Diff: 0.0, Sum: 36.2]
      [GC Worker End (ms): Min: 1801925.5, Avg: 1801925.5, Max: 1801925.5, Diff: 0.0]
   [Code Root Fixup: 0.0 ms]
   [Code Root Purge: 0.0 ms]
   [Clear CT: 0.1 ms]
   [Other: 0.4 ms]
      [Choose CSet: 0.0 ms]
      [Ref Proc: 0.1 ms]
      [Ref Enq: 0.0 ms]
      [Redirty Cards: 0.1 ms]
      [Humongous Register: 0.0 ms]
      [Humongous Reclaim: 0.0 ms]
      [Free CSet: 0.0 ms]
   [Eden: 7168.0K(7168.0K)->0.0B(73.0M) Survivors: 5120.0K->2048.0K Heap: 162.9M(256.0M)->153.4M(256.0M)]
 [Times: user=0.04 sys=0.00, real=0.01 secs] 
2020-04-16T13:59:38.636+0800: 1821.646: [GC pause (G1 Evacuation Pause) (young), 0.0064430 secs]
   [Parallel Time: 6.0 ms, GC Workers: 4]
      [GC Worker Start (ms): Min: 1821645.7, Avg: 1821645.7, Max: 1821645.7, Diff: 0.1]
      [Ext Root Scanning (ms): Min: 0.4, Avg: 0.5, Max: 0.5, Diff: 0.1, Sum: 1.9]
      [Update RS (ms): Min: 1.9, Avg: 2.0, Max: 2.1, Diff: 0.2, Sum: 7.9]
         [Processed Buffers: Min: 2, Avg: 11.8, Max: 29, Diff: 27, Sum: 47]
      [Scan RS (ms): Min: 1.2, Avg: 1.3, Max: 1.4, Diff: 0.2, Sum: 5.3]
      [Code Root Scanning (ms): Min: 0.0, Avg: 0.0, Max: 0.0, Diff: 0.0, Sum: 0.0]
      [Object Copy (ms): Min: 2.0, Avg: 2.1, Max: 2.1, Diff: 0.1, Sum: 8.3]
      [Termination (ms): Min: 0.0, Avg: 0.0, Max: 0.0, Diff: 0.0, Sum: 0.0]
         [Termination Attempts: Min: 1, Avg: 2.0, Max: 3, Diff: 2, Sum: 8]
      [GC Worker Other (ms): Min: 0.0, Avg: 0.0, Max: 0.1, Diff: 0.0, Sum: 0.1]
      [GC Worker Total (ms): Min: 5.9, Avg: 5.9, Max: 5.9, Diff: 0.0, Sum: 23.5]
      [GC Worker End (ms): Min: 1821651.6, Avg: 1821651.6, Max: 1821651.6, Diff: 0.0]
   [Code Root Fixup: 0.0 ms]
   [Code Root Purge: 0.0 ms]
   [Clear CT: 0.1 ms]
   [Other: 0.4 ms]
      [Choose CSet: 0.0 ms]
      [Ref Proc: 0.1 ms]
      [Ref Enq: 0.0 ms]
      [Redirty Cards: 0.1 ms]
      [Humongous Register: 0.0 ms]
      [Humongous Reclaim: 0.0 ms]
      [Free CSet: 0.1 ms]
   [Eden: 73.0M(73.0M)->0.0B(73.0M) Survivors: 2048.0K->2048.0K Heap: 226.4M(256.0M)->152.7M(256.0M)]
 [Times: user=0.03 sys=0.00, real=0.01 secs] 
2020-04-16T13:59:58.434+0800: 1841.436: [GC pause (G1 Evacuation Pause) (young) (initial-mark), 0.0088334 secs]
   [Parallel Time: 8.3 ms, GC Workers: 4]
      [GC Worker Start (ms): Min: 1841436.5, Avg: 1841436.5, Max: 1841436.5, Diff: 0.0]
      [Ext Root Scanning (ms): Min: 0.6, Avg: 0.7, Max: 0.7, Diff: 0.0, Sum: 2.6]
      [Update RS (ms): Min: 3.4, Avg: 3.5, Max: 3.5, Diff: 0.2, Sum: 13.9]
         [Processed Buffers: Min: 3, Avg: 11.5, Max: 20, Diff: 17, Sum: 46]
      [Scan RS (ms): Min: 1.3, Avg: 1.3, Max: 1.4, Diff: 0.1, Sum: 5.3]
      [Code Root Scanning (ms): Min: 0.0, Avg: 0.0, Max: 0.0, Diff: 0.0, Sum: 0.0]
      [Object Copy (ms): Min: 2.7, Avg: 2.8, Max: 2.9, Diff: 0.2, Sum: 11.0]
      [Termination (ms): Min: 0.0, Avg: 0.0, Max: 0.0, Diff: 0.0, Sum: 0.0]
         [Termination Attempts: Min: 1, Avg: 1.0, Max: 1, Diff: 0, Sum: 4]
      [GC Worker Other (ms): Min: 0.0, Avg: 0.0, Max: 0.0, Diff: 0.0, Sum: 0.1]
      [GC Worker Total (ms): Min: 8.2, Avg: 8.2, Max: 8.2, Diff: 0.0, Sum: 33.0]
      [GC Worker End (ms): Min: 1841444.7, Avg: 1841444.7, Max: 1841444.7, Diff: 0.0]
   [Code Root Fixup: 0.0 ms]
   [Code Root Purge: 0.0 ms]
   [Clear CT: 0.1 ms]
   [Other: 0.5 ms]
      [Choose CSet: 0.0 ms]
      [Ref Proc: 0.2 ms]
      [Ref Enq: 0.0 ms]
      [Redirty Cards: 0.1 ms]
      [Humongous Register: 0.0 ms]
      [Humongous Reclaim: 0.0 ms]
      [Free CSet: 0.0 ms]
   [Eden: 73.0M(73.0M)->0.0B(71.0M) Survivors: 2048.0K->3072.0K Heap: 225.7M(256.0M)->153.8M(256.0M)]
 [Times: user=0.03 sys=0.00, real=0.01 secs] 
2020-04-16T13:59:58.444+0800: 1841.446: [GC concurrent-root-region-scan-start]
2020-04-16T13:59:58.449+0800: 1841.451: [GC concurrent-root-region-scan-end, 0.0051012 secs]
2020-04-16T13:59:58.449+0800: 1841.451: [GC concurrent-mark-start]
2020-04-16T13:59:58.474+0800: 1841.476: [GC concurrent-mark-end, 0.0248457 secs]
2020-04-16T13:59:58.474+0800: 1841.476: [GC remark 2020-04-16T13:59:58.475+0800: 1841.476: [Finalize Marking, 0.0001657 secs] 2020-04-16T13:59:58.475+0800: 1841.477: [GC ref-proc, 0.0000802 secs] 2020-04-16T13:59:58.475+0800: 1841.477: [Unloading, 0.0066149 secs], 0.0085193 secs]
 [Times: user=0.02 sys=0.00, real=0.01 secs] 
2020-04-16T13:59:58.483+0800: 1841.485: [GC cleanup 154M->154M(256M), 0.0003632 secs]
 [Times: user=0.00 sys=0.00, real=0.00 secs] 
2020-04-16T14:00:18.048+0800: 1861.047: [GC pause (G1 Evacuation Pause) (young), 0.0102758 secs]
   [Parallel Time: 9.7 ms, GC Workers: 4]
      [GC Worker Start (ms): Min: 1861047.3, Avg: 1861047.3, Max: 1861047.5, Diff: 0.2]
      [Ext Root Scanning (ms): Min: 0.2, Avg: 0.4, Max: 0.5, Diff: 0.3, Sum: 1.7]
      [Update RS (ms): Min: 1.6, Avg: 1.7, Max: 1.8, Diff: 0.2, Sum: 6.9]
         [Processed Buffers: Min: 2, Avg: 10.8, Max: 24, Diff: 22, Sum: 43]
      [Scan RS (ms): Min: 1.7, Avg: 2.5, Max: 4.8, Diff: 3.1, Sum: 10.0]
      [Code Root Scanning (ms): Min: 0.0, Avg: 0.0, Max: 0.0, Diff: 0.0, Sum: 0.0]
      [Object Copy (ms): Min: 2.5, Avg: 4.9, Max: 5.9, Diff: 3.4, Sum: 19.5]
      [Termination (ms): Min: 0.0, Avg: 0.0, Max: 0.0, Diff: 0.0, Sum: 0.0]
         [Termination Attempts: Min: 1, Avg: 1.0, Max: 1, Diff: 0, Sum: 4]
      [GC Worker Other (ms): Min: 0.0, Avg: 0.0, Max: 0.1, Diff: 0.0, Sum: 0.1]
      [GC Worker Total (ms): Min: 9.4, Avg: 9.6, Max: 9.6, Diff: 0.3, Sum: 38.2]
      [GC Worker End (ms): Min: 1861056.9, Avg: 1861056.9, Max: 1861056.9, Diff: 0.0]
   [Code Root Fixup: 0.0 ms]
   [Code Root Purge: 0.0 ms]
   [Clear CT: 0.0 ms]
   [Other: 0.5 ms]
      [Choose CSet: 0.0 ms]
      [Ref Proc: 0.3 ms]
      [Ref Enq: 0.0 ms]
      [Redirty Cards: 0.1 ms]
      [Humongous Register: 0.0 ms]
      [Humongous Reclaim: 0.0 ms]
      [Free CSet: 0.0 ms]
   [Eden: 71.0M(71.0M)->0.0B(8192.0K) Survivors: 3072.0K->4096.0K Heap: 224.8M(256.0M)->155.0M(256.0M)]
 [Times: user=0.03 sys=0.01, real=0.01 secs] 
2020-04-16T14:00:20.259+0800: 1863.258: [GC pause (G1 Evacuation Pause) (mixed), 0.0103020 secs]
   [Parallel Time: 9.0 ms, GC Workers: 4]
      [GC Worker Start (ms): Min: 1863258.2, Avg: 1863258.2, Max: 1863258.4, Diff: 0.2]
      [Ext Root Scanning (ms): Min: 0.6, Avg: 0.7, Max: 0.8, Diff: 0.2, Sum: 2.9]
      [Update RS (ms): Min: 0.0, Avg: 1.3, Max: 2.4, Diff: 2.4, Sum: 5.1]
         [Processed Buffers: Min: 0, Avg: 8.5, Max: 16, Diff: 16, Sum: 34]
      [Scan RS (ms): Min: 0.0, Avg: 1.6, Max: 2.5, Diff: 2.5, Sum: 6.5]
      [Code Root Scanning (ms): Min: 0.0, Avg: 0.0, Max: 0.0, Diff: 0.0, Sum: 0.0]
      [Object Copy (ms): Min: 4.1, Avg: 5.2, Max: 8.1, Diff: 3.9, Sum: 20.7]
      [Termination (ms): Min: 0.0, Avg: 0.0, Max: 0.0, Diff: 0.0, Sum: 0.0]
         [Termination Attempts: Min: 1, Avg: 1.0, Max: 1, Diff: 0, Sum: 4]
      [GC Worker Other (ms): Min: 0.0, Avg: 0.0, Max: 0.0, Diff: 0.0, Sum: 0.1]
      [GC Worker Total (ms): Min: 8.7, Avg: 8.8, Max: 8.9, Diff: 0.2, Sum: 35.2]
      [GC Worker End (ms): Min: 1863267.1, Avg: 1863267.1, Max: 1863267.1, Diff: 0.0]
   [Code Root Fixup: 0.0 ms]
   [Code Root Purge: 0.0 ms]
   [Clear CT: 0.0 ms]
   [Other: 1.2 ms]
      [Choose CSet: 0.0 ms]
      [Ref Proc: 1.0 ms]
      [Ref Enq: 0.0 ms]
      [Redirty Cards: 0.0 ms]
      [Humongous Register: 0.0 ms]
      [Humongous Reclaim: 0.0 ms]
      [Free CSet: 0.0 ms]
   [Eden: 8192.0K(8192.0K)->0.0B(74.0M) Survivors: 4096.0K->2048.0K Heap: 163.0M(256.0M)->152.5M(256.0M)]
 [Times: user=0.03 sys=0.00, real=0.01 secs] 
2020-04-16T14:00:40.659+0800: 1883.658: [GC pause (G1 Evacuation Pause) (young), 0.0093578 secs]
   [Parallel Time: 8.8 ms, GC Workers: 4]
      [GC Worker Start (ms): Min: 1883657.8, Avg: 1883657.8, Max: 1883657.8, Diff: 0.0]
      [Ext Root Scanning (ms): Min: 0.4, Avg: 0.4, Max: 0.4, Diff: 0.1, Sum: 1.6]
      [Update RS (ms): Min: 2.0, Avg: 2.1, Max: 2.2, Diff: 0.2, Sum: 8.4]
         [Processed Buffers: Min: 4, Avg: 10.8, Max: 18, Diff: 14, Sum: 43]
      [Scan RS (ms): Min: 1.6, Avg: 2.5, Max: 4.9, Diff: 3.3, Sum: 10.0]
      [Code Root Scanning (ms): Min: 0.0, Avg: 0.0, Max: 0.0, Diff: 0.0, Sum: 0.0]
      [Object Copy (ms): Min: 1.1, Avg: 3.7, Max: 4.6, Diff: 3.4, Sum: 14.7]
      [Termination (ms): Min: 0.0, Avg: 0.0, Max: 0.0, Diff: 0.0, Sum: 0.0]
         [Termination Attempts: Min: 1, Avg: 2.8, Max: 4, Diff: 3, Sum: 11]
      [GC Worker Other (ms): Min: 0.0, Avg: 0.0, Max: 0.0, Diff: 0.0, Sum: 0.1]
      [GC Worker Total (ms): Min: 8.7, Avg: 8.7, Max: 8.7, Diff: 0.0, Sum: 34.8]
      [GC Worker End (ms): Min: 1883666.5, Avg: 1883666.5, Max: 1883666.5, Diff: 0.0]
   [Code Root Fixup: 0.0 ms]
   [Code Root Purge: 0.0 ms]
   [Clear CT: 0.1 ms]
   [Other: 0.5 ms]
      [Choose CSet: 0.0 ms]
      [Ref Proc: 0.3 ms]
      [Ref Enq: 0.0 ms]
      [Redirty Cards: 0.0 ms]
      [Humongous Register: 0.0 ms]
      [Humongous Reclaim: 0.0 ms]
      [Free CSet: 0.0 ms]
   [Eden: 74.0M(74.0M)->0.0B(74.0M) Survivors: 2048.0K->2048.0K Heap: 226.5M(256.0M)->152.4M(256.0M)]
 [Times: user=0.03 sys=0.00, real=0.02 secs] 
2020-04-16T14:01:01.153+0800: 1904.150: [GC pause (G1 Evacuation Pause) (young) (initial-mark), 0.0196518 secs]
   [Parallel Time: 19.2 ms, GC Workers: 4]
      [GC Worker Start (ms): Min: 1904150.3, Avg: 1904150.5, Max: 1904150.7, Diff: 0.4]
      [Ext Root Scanning (ms): Min: 0.4, Avg: 0.6, Max: 0.8, Diff: 0.4, Sum: 2.5]
      [Update RS (ms): Min: 1.9, Avg: 2.0, Max: 2.2, Diff: 0.3, Sum: 8.0]
         [Processed Buffers: Min: 3, Avg: 9.8, Max: 15, Diff: 12, Sum: 39]
      [Scan RS (ms): Min: 1.3, Avg: 2.7, Max: 6.2, Diff: 4.9, Sum: 10.8]
      [Code Root Scanning (ms): Min: 0.0, Avg: 0.0, Max: 0.0, Diff: 0.0, Sum: 0.0]
      [Object Copy (ms): Min: 0.1, Avg: 3.5, Max: 4.7, Diff: 4.6, Sum: 14.0]
      [Termination (ms): Min: 0.0, Avg: 2.6, Max: 10.1, Diff: 10.1, Sum: 10.3]
         [Termination Attempts: Min: 1, Avg: 3.0, Max: 4, Diff: 3, Sum: 12]
      [GC Worker Other (ms): Min: 0.0, Avg: 0.0, Max: 0.0, Diff: 0.0, Sum: 0.1]
      [GC Worker Total (ms): Min: 8.7, Avg: 11.4, Max: 18.7, Diff: 10.0, Sum: 45.7]
      [GC Worker End (ms): Min: 1904159.4, Avg: 1904161.9, Max: 1904169.4, Diff: 10.0]
   [Code Root Fixup: 0.0 ms]
   [Code Root Purge: 0.0 ms]
   [Clear CT: 0.0 ms]
   [Other: 0.4 ms]
      [Choose CSet: 0.0 ms]
      [Ref Proc: 0.1 ms]
      [Ref Enq: 0.0 ms]
      [Redirty Cards: 0.1 ms]
      [Humongous Register: 0.0 ms]
      [Humongous Reclaim: 0.0 ms]
      [Free CSet: 0.1 ms]
   [Eden: 74.0M(74.0M)->0.0B(70.0M) Survivors: 2048.0K->4096.0K Heap: 226.4M(256.0M)->153.8M(256.0M)]
 [Times: user=0.03 sys=0.00, real=0.02 secs] 
2020-04-16T14:01:01.173+0800: 1904.171: [GC concurrent-root-region-scan-start]
2020-04-16T14:01:01.182+0800: 1904.180: [GC concurrent-root-region-scan-end, 0.0085293 secs]
2020-04-16T14:01:01.183+0800: 1904.180: [GC concurrent-mark-start]
2020-04-16T14:01:01.266+0800: 1904.264: [GC concurrent-mark-end, 0.0836477 secs]
2020-04-16T14:01:01.267+0800: 1904.264: [GC remark 2020-04-16T14:01:01.267+0800: 1904.264: [Finalize Marking, 0.0111840 secs] 2020-04-16T14:01:01.278+0800: 1904.275: [GC ref-proc, 0.0001212 secs] 2020-04-16T14:01:01.278+0800: 1904.276: [Unloading, 0.0088095 secs], 0.0232173 secs]
 [Times: user=0.02 sys=0.00, real=0.03 secs] 
2020-04-16T14:01:01.290+0800: 1904.288: [GC cleanup 155M->155M(256M), 0.0004989 secs]
 [Times: user=0.00 sys=0.00, real=0.00 secs] 
2020-04-16T14:01:20.474+0800: 1923.470: [GC pause (G1 Evacuation Pause) (young), 0.0080976 secs]
   [Parallel Time: 7.7 ms, GC Workers: 4]
      [GC Worker Start (ms): Min: 1923470.5, Avg: 1923470.5, Max: 1923470.5, Diff: 0.0]
      [Ext Root Scanning (ms): Min: 0.4, Avg: 0.4, Max: 0.4, Diff: 0.1, Sum: 1.5]
      [Update RS (ms): Min: 1.4, Avg: 1.5, Max: 1.6, Diff: 0.2, Sum: 6.1]
         [Processed Buffers: Min: 4, Avg: 11.2, Max: 25, Diff: 21, Sum: 45]
      [Scan RS (ms): Min: 1.4, Avg: 1.6, Max: 1.6, Diff: 0.2, Sum: 6.2]
      [Code Root Scanning (ms): Min: 0.0, Avg: 0.0, Max: 0.0, Diff: 0.0, Sum: 0.0]
      [Object Copy (ms): Min: 4.0, Avg: 4.1, Max: 4.1, Diff: 0.1, Sum: 16.3]
      [Termination (ms): Min: 0.0, Avg: 0.0, Max: 0.0, Diff: 0.0, Sum: 0.0]
         [Termination Attempts: Min: 1, Avg: 1.0, Max: 1, Diff: 0, Sum: 4]
      [GC Worker Other (ms): Min: 0.0, Avg: 0.0, Max: 0.1, Diff: 0.1, Sum: 0.2]
      [GC Worker Total (ms): Min: 7.5, Avg: 7.6, Max: 7.6, Diff: 0.1, Sum: 30.3]
      [GC Worker End (ms): Min: 1923478.0, Avg: 1923478.0, Max: 1923478.1, Diff: 0.1]
   [Code Root Fixup: 0.0 ms]
   [Code Root Purge: 0.0 ms]
   [Clear CT: 0.1 ms]
   [Other: 0.4 ms]
      [Choose CSet: 0.0 ms]
      [Ref Proc: 0.1 ms]
      [Ref Enq: 0.0 ms]
      [Redirty Cards: 0.0 ms]
      [Humongous Register: 0.0 ms]
      [Humongous Reclaim: 0.0 ms]
      [Free CSet: 0.1 ms]
   [Eden: 70.0M(70.0M)->0.0B(7168.0K) Survivors: 4096.0K->5120.0K Heap: 223.8M(256.0M)->154.9M(256.0M)]
 [Times: user=0.03 sys=0.00, real=0.01 secs] 
2020-04-16T14:01:22.294+0800: 1925.291: [GC pause (G1 Evacuation Pause) (mixed), 0.0107067 secs]
   [Parallel Time: 10.3 ms, GC Workers: 4]
      [GC Worker Start (ms): Min: 1925291.0, Avg: 1925291.2, Max: 1925291.9, Diff: 1.0]
      [Ext Root Scanning (ms): Min: 0.0, Avg: 0.7, Max: 0.9, Diff: 0.9, Sum: 2.6]
      [Update RS (ms): Min: 1.6, Avg: 1.8, Max: 1.9, Diff: 0.3, Sum: 7.2]
         [Processed Buffers: Min: 2, Avg: 7.2, Max: 12, Diff: 10, Sum: 29]
      [Scan RS (ms): Min: 1.6, Avg: 1.7, Max: 1.7, Diff: 0.1, Sum: 6.7]
      [Code Root Scanning (ms): Min: 0.0, Avg: 0.0, Max: 0.0, Diff: 0.0, Sum: 0.0]
      [Object Copy (ms): Min: 5.7, Avg: 5.8, Max: 6.0, Diff: 0.4, Sum: 23.3]
      [Termination (ms): Min: 0.0, Avg: 0.0, Max: 0.0, Diff: 0.0, Sum: 0.0]
         [Termination Attempts: Min: 1, Avg: 1.0, Max: 1, Diff: 0, Sum: 4]
      [GC Worker Other (ms): Min: 0.0, Avg: 0.0, Max: 0.0, Diff: 0.0, Sum: 0.1]
      [GC Worker Total (ms): Min: 9.3, Avg: 10.0, Max: 10.2, Diff: 1.0, Sum: 39.9]
      [GC Worker End (ms): Min: 1925301.2, Avg: 1925301.2, Max: 1925301.2, Diff: 0.0]
   [Code Root Fixup: 0.0 ms]
   [Code Root Purge: 0.0 ms]
   [Clear CT: 0.1 ms]
   [Other: 0.3 ms]
      [Choose CSet: 0.0 ms]
      [Ref Proc: 0.1 ms]
      [Ref Enq: 0.0 ms]
      [Redirty Cards: 0.1 ms]
      [Humongous Register: 0.0 ms]
      [Humongous Reclaim: 0.0 ms]
      [Free CSet: 0.0 ms]
   [Eden: 7168.0K(7168.0K)->0.0B(73.0M) Survivors: 5120.0K->2048.0K Heap: 161.9M(256.0M)->153.0M(256.0M)]
 [Times: user=0.04 sys=0.01, real=0.01 secs] 
2020-04-16T14:01:42.110+0800: 1945.106: [GC pause (G1 Evacuation Pause) (young), 0.0172234 secs]
   [Parallel Time: 16.2 ms, GC Workers: 4]
      [GC Worker Start (ms): Min: 1945106.4, Avg: 1945108.3, Max: 1945112.1, Diff: 5.7]
      [Ext Root Scanning (ms): Min: 0.0, Avg: 0.7, Max: 1.4, Diff: 1.4, Sum: 2.7]
      [Update RS (ms): Min: 0.0, Avg: 1.9, Max: 2.6, Diff: 2.6, Sum: 7.4]
         [Processed Buffers: Min: 0, Avg: 12.2, Max: 30, Diff: 30, Sum: 49]
      [Scan RS (ms): Min: 1.1, Avg: 2.3, Max: 2.7, Diff: 1.6, Sum: 9.1]
      [Code Root Scanning (ms): Min: 0.0, Avg: 0.0, Max: 0.0, Diff: 0.0, Sum: 0.0]
      [Object Copy (ms): Min: 5.6, Avg: 5.8, Max: 6.0, Diff: 0.4, Sum: 23.1]
      [Termination (ms): Min: 0.0, Avg: 2.7, Max: 3.6, Diff: 3.6, Sum: 10.7]
         [Termination Attempts: Min: 1, Avg: 1.2, Max: 2, Diff: 1, Sum: 5]
      [GC Worker Other (ms): Min: 0.0, Avg: 0.0, Max: 0.1, Diff: 0.1, Sum: 0.2]
      [GC Worker Total (ms): Min: 10.4, Avg: 13.3, Max: 15.9, Diff: 5.5, Sum: 53.3]
      [GC Worker End (ms): Min: 1945119.0, Avg: 1945121.6, Max: 1945122.5, Diff: 3.5]
   [Code Root Fixup: 0.0 ms]
   [Code Root Purge: 0.0 ms]
   [Clear CT: 0.1 ms]
   [Other: 0.9 ms]
      [Choose CSet: 0.0 ms]
      [Ref Proc: 0.5 ms]
      [Ref Enq: 0.0 ms]
      [Redirty Cards: 0.1 ms]
      [Humongous Register: 0.0 ms]
      [Humongous Reclaim: 0.0 ms]
      [Free CSet: 0.1 ms]
   [Eden: 73.0M(73.0M)->0.0B(67.0M) Survivors: 2048.0K->5120.0K Heap: 226.0M(256.0M)->155.7M(256.0M)]
 [Times: user=0.04 sys=0.00, real=0.01 secs] 
2020-04-16T14:02:00.603+0800: 1963.599: [GC pause (G1 Evacuation Pause) (young) (initial-mark), 0.0206466 secs]
   [Parallel Time: 7.6 ms, GC Workers: 4]
      [GC Worker Start (ms): Min: 1963599.0, Avg: 1963599.1, Max: 1963599.1, Diff: 0.1]
      [Ext Root Scanning (ms): Min: 0.5, Avg: 0.7, Max: 0.8, Diff: 0.3, Sum: 2.6]
      [Update RS (ms): Min: 1.8, Avg: 2.2, Max: 2.3, Diff: 0.5, Sum: 8.6]
         [Processed Buffers: Min: 4, Avg: 11.0, Max: 19, Diff: 15, Sum: 44]
      [Scan RS (ms): Min: 0.9, Avg: 1.0, Max: 1.2, Diff: 0.3, Sum: 4.0]
      [Code Root Scanning (ms): Min: 0.0, Avg: 0.0, Max: 0.0, Diff: 0.0, Sum: 0.0]
      [Object Copy (ms): Min: 3.6, Avg: 3.7, Max: 3.7, Diff: 0.1, Sum: 14.6]
      [Termination (ms): Min: 0.0, Avg: 0.0, Max: 0.0, Diff: 0.0, Sum: 0.0]
         [Termination Attempts: Min: 1, Avg: 1.0, Max: 1, Diff: 0, Sum: 4]
      [GC Worker Other (ms): Min: 0.0, Avg: 0.0, Max: 0.1, Diff: 0.0, Sum: 0.1]
      [GC Worker Total (ms): Min: 7.4, Avg: 7.5, Max: 7.5, Diff: 0.1, Sum: 30.0]
      [GC Worker End (ms): Min: 1963606.5, Avg: 1963606.5, Max: 1963606.6, Diff: 0.0]
   [Code Root Fixup: 0.0 ms]
   [Code Root Purge: 0.0 ms]
   [Clear CT: 0.1 ms]
   [Other: 12.9 ms]
      [Choose CSet: 0.0 ms]
      [Ref Proc: 12.1 ms]
      [Ref Enq: 0.0 ms]
      [Redirty Cards: 0.5 ms]
      [Humongous Register: 0.0 ms]
      [Humongous Reclaim: 0.0 ms]
      [Free CSet: 0.1 ms]
   [Eden: 67.0M(67.0M)->0.0B(69.0M) Survivors: 5120.0K->4096.0K Heap: 222.7M(256.0M)->154.3M(256.0M)]
 [Times: user=0.03 sys=0.00, real=0.02 secs] 
2020-04-16T14:02:00.624+0800: 1963.620: [GC concurrent-root-region-scan-start]
2020-04-16T14:02:00.632+0800: 1963.628: [GC concurrent-root-region-scan-end, 0.0077670 secs]
2020-04-16T14:02:00.632+0800: 1963.628: [GC concurrent-mark-start]
2020-04-16T14:02:00.732+0800: 1963.728: [GC concurrent-mark-end, 0.1005873 secs]
2020-04-16T14:02:00.733+0800: 1963.728: [GC remark 2020-04-16T14:02:00.733+0800: 1963.728: [Finalize Marking, 0.0103998 secs] 2020-04-16T14:02:00.743+0800: 1963.739: [GC ref-proc, 0.0000864 secs] 2020-04-16T14:02:00.743+0800: 1963.739: [Unloading, 0.0057103 secs], 0.0178211 secs]
 [Times: user=0.02 sys=0.00, real=0.02 secs] 
2020-04-16T14:02:00.751+0800: 1963.747: [GC cleanup 155M->155M(256M), 0.0020815 secs]
 [Times: user=0.01 sys=0.00, real=0.00 secs] 
2020-04-16T14:02:19.694+0800: 1982.689: [GC pause (G1 Evacuation Pause) (young), 0.0106412 secs]
   [Parallel Time: 9.5 ms, GC Workers: 4]
      [GC Worker Start (ms): Min: 1982689.5, Avg: 1982689.6, Max: 1982689.7, Diff: 0.2]
      [Ext Root Scanning (ms): Min: 0.2, Avg: 0.4, Max: 0.6, Diff: 0.4, Sum: 1.6]
      [Update RS (ms): Min: 1.5, Avg: 1.6, Max: 1.9, Diff: 0.4, Sum: 6.4]
         [Processed Buffers: Min: 4, Avg: 10.0, Max: 16, Diff: 12, Sum: 40]
      [Scan RS (ms): Min: 1.2, Avg: 1.4, Max: 1.5, Diff: 0.3, Sum: 5.6]
      [Code Root Scanning (ms): Min: 0.0, Avg: 0.0, Max: 0.0, Diff: 0.0, Sum: 0.0]
      [Object Copy (ms): Min: 5.9, Avg: 6.0, Max: 6.0, Diff: 0.1, Sum: 23.9]
      [Termination (ms): Min: 0.0, Avg: 0.0, Max: 0.0, Diff: 0.0, Sum: 0.0]
         [Termination Attempts: Min: 1, Avg: 1.0, Max: 1, Diff: 0, Sum: 4]
      [GC Worker Other (ms): Min: 0.0, Avg: 0.0, Max: 0.0, Diff: 0.0, Sum: 0.1]
      [GC Worker Total (ms): Min: 9.2, Avg: 9.4, Max: 9.5, Diff: 0.2, Sum: 37.7]
      [GC Worker End (ms): Min: 1982699.0, Avg: 1982699.0, Max: 1982699.0, Diff: 0.0]
   [Code Root Fixup: 0.0 ms]
   [Code Root Purge: 0.0 ms]
   [Clear CT: 0.1 ms]
   [Other: 1.1 ms]
      [Choose CSet: 0.0 ms]
      [Ref Proc: 0.8 ms]
      [Ref Enq: 0.0 ms]
      [Redirty Cards: 0.1 ms]
      [Humongous Register: 0.0 ms]
      [Humongous Reclaim: 0.0 ms]
      [Free CSet: 0.1 ms]
   [Eden: 69.0M(69.0M)->0.0B(8192.0K) Survivors: 4096.0K->4096.0K Heap: 223.3M(256.0M)->154.9M(256.0M)]
 [Times: user=0.04 sys=0.00, real=0.01 secs] 
2020-04-16T14:02:21.897+0800: 1984.892: [GC pause (G1 Evacuation Pause) (mixed), 0.0124888 secs]
   [Parallel Time: 11.8 ms, GC Workers: 4]
      [GC Worker Start (ms): Min: 1984892.0, Avg: 1984892.2, Max: 1984892.6, Diff: 0.5]
      [Ext Root Scanning (ms): Min: 0.1, Avg: 0.5, Max: 0.6, Diff: 0.6, Sum: 1.9]
      [Update RS (ms): Min: 1.3, Avg: 1.3, Max: 1.4, Diff: 0.1, Sum: 5.3]
         [Processed Buffers: Min: 2, Avg: 7.5, Max: 14, Diff: 12, Sum: 30]
      [Scan RS (ms): Min: 1.9, Avg: 2.0, Max: 2.1, Diff: 0.2, Sum: 8.0]
      [Code Root Scanning (ms): Min: 0.0, Avg: 0.0, Max: 0.0, Diff: 0.0, Sum: 0.0]
      [Object Copy (ms): Min: 7.6, Avg: 7.7, Max: 7.7, Diff: 0.1, Sum: 30.7]
      [Termination (ms): Min: 0.0, Avg: 0.1, Max: 0.1, Diff: 0.1, Sum: 0.3]
         [Termination Attempts: Min: 1, Avg: 1.0, Max: 1, Diff: 0, Sum: 4]
      [GC Worker Other (ms): Min: 0.0, Avg: 0.0, Max: 0.0, Diff: 0.0, Sum: 0.0]
      [GC Worker Total (ms): Min: 11.1, Avg: 11.6, Max: 11.7, Diff: 0.6, Sum: 46.2]
      [GC Worker End (ms): Min: 1984903.7, Avg: 1984903.7, Max: 1984903.7, Diff: 0.0]
   [Code Root Fixup: 0.0 ms]
   [Code Root Purge: 0.0 ms]
   [Clear CT: 0.1 ms]
   [Other: 0.6 ms]
      [Choose CSet: 0.0 ms]
      [Ref Proc: 0.4 ms]
      [Ref Enq: 0.0 ms]
      [Redirty Cards: 0.1 ms]
      [Humongous Register: 0.0 ms]
      [Humongous Reclaim: 0.0 ms]
      [Free CSet: 0.0 ms]
   [Eden: 8192.0K(8192.0K)->0.0B(73.0M) Survivors: 4096.0K->2048.0K Heap: 162.9M(256.0M)->153.1M(256.0M)]
 [Times: user=0.04 sys=0.00, real=0.02 secs] 
2020-04-16T14:02:42.132+0800: 2005.127: [GC pause (G1 Evacuation Pause) (young), 0.0080660 secs]
   [Parallel Time: 7.7 ms, GC Workers: 4]
      [GC Worker Start (ms): Min: 2005126.8, Avg: 2005126.8, Max: 2005126.8, Diff: 0.1]
      [Ext Root Scanning (ms): Min: 0.4, Avg: 0.5, Max: 0.5, Diff: 0.1, Sum: 1.8]
      [Update RS (ms): Min: 2.4, Avg: 2.5, Max: 2.6, Diff: 0.2, Sum: 10.0]
         [Processed Buffers: Min: 3, Avg: 12.0, Max: 21, Diff: 18, Sum: 48]
      [Scan RS (ms): Min: 1.9, Avg: 2.0, Max: 2.1, Diff: 0.1, Sum: 8.0]
      [Code Root Scanning (ms): Min: 0.0, Avg: 0.0, Max: 0.0, Diff: 0.0, Sum: 0.0]
      [Object Copy (ms): Min: 2.6, Avg: 2.6, Max: 2.7, Diff: 0.2, Sum: 10.5]
      [Termination (ms): Min: 0.0, Avg: 0.0, Max: 0.0, Diff: 0.0, Sum: 0.0]
         [Termination Attempts: Min: 1, Avg: 1.2, Max: 2, Diff: 1, Sum: 5]
      [GC Worker Other (ms): Min: 0.0, Avg: 0.0, Max: 0.0, Diff: 0.0, Sum: 0.1]
      [GC Worker Total (ms): Min: 7.6, Avg: 7.6, Max: 7.6, Diff: 0.1, Sum: 30.4]
      [GC Worker End (ms): Min: 2005134.4, Avg: 2005134.4, Max: 2005134.4, Diff: 0.0]
   [Code Root Fixup: 0.0 ms]
   [Code Root Purge: 0.0 ms]
   [Clear CT: 0.1 ms]
   [Other: 0.3 ms]
      [Choose CSet: 0.0 ms]
      [Ref Proc: 0.1 ms]
      [Ref Enq: 0.0 ms]
      [Redirty Cards: 0.0 ms]
      [Humongous Register: 0.0 ms]
      [Humongous Reclaim: 0.0 ms]
      [Free CSet: 0.0 ms]
   [Eden: 73.0M(73.0M)->0.0B(71.0M) Survivors: 2048.0K->3072.0K Heap: 226.1M(256.0M)->153.3M(256.0M)]
 [Times: user=0.03 sys=0.00, real=0.01 secs] 
2020-04-16T14:03:01.771+0800: 2024.765: [GC pause (G1 Evacuation Pause) (young) (initial-mark), 0.0104788 secs]
   [Parallel Time: 10.0 ms, GC Workers: 4]
      [GC Worker Start (ms): Min: 2024764.8, Avg: 2024766.4, Max: 2024767.6, Diff: 2.8]
      [Ext Root Scanning (ms): Min: 0.2, Avg: 1.4, Max: 2.9, Diff: 2.7, Sum: 5.6]
      [Update RS (ms): Min: 2.3, Avg: 2.4, Max: 2.6, Diff: 0.3, Sum: 9.8]
         [Processed Buffers: Min: 4, Avg: 10.2, Max: 26, Diff: 22, Sum: 41]
      [Scan RS (ms): Min: 0.9, Avg: 1.1, Max: 1.2, Diff: 0.3, Sum: 4.2]
      [Code Root Scanning (ms): Min: 0.0, Avg: 0.0, Max: 0.0, Diff: 0.0, Sum: 0.0]
      [Object Copy (ms): Min: 3.2, Avg: 3.3, Max: 3.3, Diff: 0.1, Sum: 13.1]
      [Termination (ms): Min: 0.0, Avg: 0.0, Max: 0.0, Diff: 0.0, Sum: 0.0]
         [Termination Attempts: Min: 1, Avg: 1.0, Max: 1, Diff: 0, Sum: 4]
      [GC Worker Other (ms): Min: 0.0, Avg: 0.0, Max: 0.0, Diff: 0.0, Sum: 0.1]
      [GC Worker Total (ms): Min: 7.0, Avg: 8.2, Max: 9.8, Diff: 2.8, Sum: 32.8]
      [GC Worker End (ms): Min: 2024774.7, Avg: 2024774.7, Max: 2024774.7, Diff: 0.0]
   [Code Root Fixup: 0.0 ms]
   [Code Root Purge: 0.0 ms]
   [Clear CT: 0.1 ms]
   [Other: 0.4 ms]
      [Choose CSet: 0.0 ms]
      [Ref Proc: 0.1 ms]
      [Ref Enq: 0.0 ms]
      [Redirty Cards: 0.1 ms]
      [Humongous Register: 0.0 ms]
      [Humongous Reclaim: 0.0 ms]
      [Free CSet: 0.0 ms]
   [Eden: 71.0M(71.0M)->0.0B(71.0M) Survivors: 3072.0K->3072.0K Heap: 224.3M(256.0M)->153.3M(256.0M)]
 [Times: user=0.03 sys=0.00, real=0.01 secs] 
2020-04-16T14:03:01.781+0800: 2024.775: [GC concurrent-root-region-scan-start]
2020-04-16T14:03:01.787+0800: 2024.781: [GC concurrent-root-region-scan-end, 0.0058910 secs]
2020-04-16T14:03:01.787+0800: 2024.781: [GC concurrent-mark-start]
2020-04-16T14:03:01.807+0800: 2024.801: [GC concurrent-mark-end, 0.0198797 secs]
2020-04-16T14:03:01.807+0800: 2024.801: [GC remark 2020-04-16T14:03:01.807+0800: 2024.801: [Finalize Marking, 0.0000991 secs] 2020-04-16T14:03:01.808+0800: 2024.801: [GC ref-proc, 0.0000760 secs] 2020-04-16T14:03:01.808+0800: 2024.801: [Unloading, 0.0054170 secs], 0.0069993 secs]
 [Times: user=0.02 sys=0.00, real=0.01 secs] 
2020-04-16T14:03:01.815+0800: 2024.808: [GC cleanup 154M->154M(256M), 0.0003975 secs]
 [Times: user=0.00 sys=0.00, real=0.00 secs] 
2020-04-16T14:03:20.966+0800: 2043.959: [GC pause (G1 Evacuation Pause) (young), 0.0150122 secs]
   [Parallel Time: 14.5 ms, GC Workers: 4]
      [GC Worker Start (ms): Min: 2043959.5, Avg: 2043959.7, Max: 2043959.8, Diff: 0.3]
      [Ext Root Scanning (ms): Min: 1.7, Avg: 1.9, Max: 2.0, Diff: 0.3, Sum: 7.6]
      [Update RS (ms): Min: 1.9, Avg: 2.0, Max: 2.0, Diff: 0.1, Sum: 7.9]
         [Processed Buffers: Min: 5, Avg: 11.2, Max: 18, Diff: 13, Sum: 45]
      [Scan RS (ms): Min: 1.5, Avg: 1.7, Max: 1.7, Diff: 0.2, Sum: 6.6]
      [Code Root Scanning (ms): Min: 0.0, Avg: 0.0, Max: 0.0, Diff: 0.0, Sum: 0.0]
      [Object Copy (ms): Min: 8.7, Avg: 8.7, Max: 8.7, Diff: 0.1, Sum: 34.8]
      [Termination (ms): Min: 0.0, Avg: 0.0, Max: 0.0, Diff: 0.0, Sum: 0.0]
         [Termination Attempts: Min: 1, Avg: 1.0, Max: 1, Diff: 0, Sum: 4]
      [GC Worker Other (ms): Min: 0.0, Avg: 0.0, Max: 0.0, Diff: 0.0, Sum: 0.1]
      [GC Worker Total (ms): Min: 14.1, Avg: 14.3, Max: 14.4, Diff: 0.3, Sum: 57.0]
      [GC Worker End (ms): Min: 2043973.9, Avg: 2043973.9, Max: 2043973.9, Diff: 0.0]
   [Code Root Fixup: 0.0 ms]
   [Code Root Purge: 0.0 ms]
   [Clear CT: 0.1 ms]
   [Other: 0.5 ms]
      [Choose CSet: 0.0 ms]
      [Ref Proc: 0.2 ms]
      [Ref Enq: 0.0 ms]
      [Redirty Cards: 0.0 ms]
      [Humongous Register: 0.0 ms]
      [Humongous Reclaim: 0.0 ms]
      [Free CSet: 0.0 ms]
   [Eden: 71.0M(71.0M)->0.0B(5120.0K) Survivors: 3072.0K->7168.0K Heap: 224.3M(256.0M)->157.4M(256.0M)]
 [Times: user=0.04 sys=0.00, real=0.02 secs] 
2020-04-16T14:03:22.303+0800: 2045.297: [GC pause (G1 Evacuation Pause) (mixed), 0.0111557 secs]
   [Parallel Time: 10.6 ms, GC Workers: 4]
      [GC Worker Start (ms): Min: 2045296.7, Avg: 2045296.7, Max: 2045296.8, Diff: 0.0]
      [Ext Root Scanning (ms): Min: 0.6, Avg: 0.6, Max: 0.7, Diff: 0.1, Sum: 2.6]
      [Update RS (ms): Min: 2.1, Avg: 2.3, Max: 2.6, Diff: 0.5, Sum: 9.0]
         [Processed Buffers: Min: 1, Avg: 7.8, Max: 16, Diff: 15, Sum: 31]
      [Scan RS (ms): Min: 1.7, Avg: 2.0, Max: 2.2, Diff: 0.6, Sum: 8.1]
      [Code Root Scanning (ms): Min: 0.0, Avg: 0.0, Max: 0.0, Diff: 0.0, Sum: 0.0]
      [Object Copy (ms): Min: 5.5, Avg: 5.6, Max: 5.6, Diff: 0.1, Sum: 22.3]
      [Termination (ms): Min: 0.0, Avg: 0.0, Max: 0.0, Diff: 0.0, Sum: 0.0]
         [Termination Attempts: Min: 1, Avg: 1.0, Max: 1, Diff: 0, Sum: 4]
      [GC Worker Other (ms): Min: 0.0, Avg: 0.0, Max: 0.0, Diff: 0.0, Sum: 0.1]
      [GC Worker Total (ms): Min: 10.5, Avg: 10.6, Max: 10.6, Diff: 0.0, Sum: 42.2]
      [GC Worker End (ms): Min: 2045307.3, Avg: 2045307.3, Max: 2045307.3, Diff: 0.0]
   [Code Root Fixup: 0.0 ms]
   [Code Root Purge: 0.0 ms]
   [Clear CT: 0.1 ms]
   [Other: 0.4 ms]
      [Choose CSet: 0.0 ms]
      [Ref Proc: 0.2 ms]
      [Ref Enq: 0.0 ms]
      [Redirty Cards: 0.1 ms]
      [Humongous Register: 0.0 ms]
      [Humongous Reclaim: 0.0 ms]
      [Free CSet: 0.0 ms]
   [Eden: 5120.0K(5120.0K)->0.0B(73.0M) Survivors: 7168.0K->2048.0K Heap: 162.4M(256.0M)->153.2M(256.0M)]
 [Times: user=0.04 sys=0.00, real=0.01 secs] 
2020-04-16T14:03:41.928+0800: 2064.921: [GC pause (G1 Evacuation Pause) (young), 0.0107549 secs]
   [Parallel Time: 5.8 ms, GC Workers: 4]
      [GC Worker Start (ms): Min: 2064921.1, Avg: 2064921.1, Max: 2064921.1, Diff: 0.1]
      [Ext Root Scanning (ms): Min: 0.3, Avg: 0.4, Max: 0.4, Diff: 0.1, Sum: 1.5]
      [Update RS (ms): Min: 1.9, Avg: 2.0, Max: 2.1, Diff: 0.2, Sum: 7.9]
         [Processed Buffers: Min: 2, Avg: 11.5, Max: 21, Diff: 19, Sum: 46]
      [Scan RS (ms): Min: 1.1, Avg: 1.2, Max: 1.3, Diff: 0.2, Sum: 4.8]
      [Code Root Scanning (ms): Min: 0.0, Avg: 0.0, Max: 0.0, Diff: 0.0, Sum: 0.0]
      [Object Copy (ms): Min: 2.2, Avg: 2.2, Max: 2.2, Diff: 0.1, Sum: 8.7]
      [Termination (ms): Min: 0.0, Avg: 0.0, Max: 0.0, Diff: 0.0, Sum: 0.0]
         [Termination Attempts: Min: 1, Avg: 1.0, Max: 1, Diff: 0, Sum: 4]
      [GC Worker Other (ms): Min: 0.0, Avg: 0.0, Max: 0.1, Diff: 0.0, Sum: 0.2]
      [GC Worker Total (ms): Min: 5.7, Avg: 5.8, Max: 5.8, Diff: 0.1, Sum: 23.1]
      [GC Worker End (ms): Min: 2064926.8, Avg: 2064926.9, Max: 2064926.9, Diff: 0.0]
   [Code Root Fixup: 0.0 ms]
   [Code Root Purge: 0.0 ms]
   [Clear CT: 0.1 ms]
   [Other: 4.9 ms]
      [Choose CSet: 0.0 ms]
      [Ref Proc: 4.4 ms]
      [Ref Enq: 0.0 ms]
      [Redirty Cards: 0.0 ms]
      [Humongous Register: 0.0 ms]
      [Humongous Reclaim: 0.0 ms]
      [Free CSet: 0.1 ms]
   [Eden: 73.0M(73.0M)->0.0B(71.0M) Survivors: 2048.0K->3072.0K Heap: 226.2M(256.0M)->153.4M(256.0M)]
 [Times: user=0.02 sys=0.00, real=0.01 secs] 
2020-04-16T14:04:01.245+0800: 2084.237: [GC pause (G1 Evacuation Pause) (young) (initial-mark), 0.0075704 secs]
   [Parallel Time: 6.8 ms, GC Workers: 4]
      [GC Worker Start (ms): Min: 2084237.2, Avg: 2084237.2, Max: 2084237.3, Diff: 0.1]
      [Ext Root Scanning (ms): Min: 0.6, Avg: 0.7, Max: 0.7, Diff: 0.1, Sum: 2.6]
      [Update RS (ms): Min: 2.0, Avg: 2.1, Max: 2.2, Diff: 0.2, Sum: 8.4]
         [Processed Buffers: Min: 5, Avg: 11.5, Max: 21, Diff: 16, Sum: 46]
      [Scan RS (ms): Min: 1.1, Avg: 1.2, Max: 1.3, Diff: 0.2, Sum: 4.6]
      [Code Root Scanning (ms): Min: 0.0, Avg: 0.0, Max: 0.0, Diff: 0.0, Sum: 0.0]
      [Object Copy (ms): Min: 2.7, Avg: 2.8, Max: 2.8, Diff: 0.0, Sum: 11.0]
      [Termination (ms): Min: 0.0, Avg: 0.0, Max: 0.0, Diff: 0.0, Sum: 0.0]
         [Termination Attempts: Min: 1, Avg: 1.0, Max: 1, Diff: 0, Sum: 4]
      [GC Worker Other (ms): Min: 0.0, Avg: 0.0, Max: 0.0, Diff: 0.0, Sum: 0.1]
      [GC Worker Total (ms): Min: 6.6, Avg: 6.7, Max: 6.7, Diff: 0.1, Sum: 26.8]
      [GC Worker End (ms): Min: 2084243.9, Avg: 2084243.9, Max: 2084243.9, Diff: 0.0]
   [Code Root Fixup: 0.0 ms]
   [Code Root Purge: 0.0 ms]
   [Clear CT: 0.0 ms]
   [Other: 0.7 ms]
      [Choose CSet: 0.0 ms]
      [Ref Proc: 0.5 ms]
      [Ref Enq: 0.0 ms]
      [Redirty Cards: 0.1 ms]
      [Humongous Register: 0.0 ms]
      [Humongous Reclaim: 0.0 ms]
      [Free CSet: 0.0 ms]
   [Eden: 71.0M(71.0M)->0.0B(71.0M) Survivors: 3072.0K->3072.0K Heap: 224.4M(256.0M)->154.0M(256.0M)]
 [Times: user=0.03 sys=0.00, real=0.01 secs] 
2020-04-16T14:04:01.253+0800: 2084.245: [GC concurrent-root-region-scan-start]
2020-04-16T14:04:01.260+0800: 2084.252: [GC concurrent-root-region-scan-end, 0.0072427 secs]
2020-04-16T14:04:01.260+0800: 2084.252: [GC concurrent-mark-start]
2020-04-16T14:04:01.284+0800: 2084.276: [GC concurrent-mark-end, 0.0237352 secs]
2020-04-16T14:04:01.284+0800: 2084.276: [GC remark 2020-04-16T14:04:01.284+0800: 2084.276: [Finalize Marking, 0.0001423 secs] 2020-04-16T14:04:01.284+0800: 2084.277: [GC ref-proc, 0.0001218 secs] 2020-04-16T14:04:01.285+0800: 2084.277: [Unloading, 0.0053190 secs], 0.0072691 secs]
 [Times: user=0.02 sys=0.00, real=0.01 secs] 
2020-04-16T14:04:01.292+0800: 2084.284: [GC cleanup 155M->155M(256M), 0.0008468 secs]
 [Times: user=0.00 sys=0.00, real=0.00 secs] 
2020-04-16T14:04:20.428+0800: 2103.419: [GC pause (G1 Evacuation Pause) (young), 0.0088529 secs]
   [Parallel Time: 8.3 ms, GC Workers: 4]
      [GC Worker Start (ms): Min: 2103419.6, Avg: 2103419.7, Max: 2103419.9, Diff: 0.3]
      [Ext Root Scanning (ms): Min: 0.2, Avg: 0.4, Max: 0.5, Diff: 0.4, Sum: 1.7]
      [Update RS (ms): Min: 1.5, Avg: 1.6, Max: 1.6, Diff: 0.1, Sum: 6.4]
         [Processed Buffers: Min: 2, Avg: 11.2, Max: 24, Diff: 22, Sum: 45]
      [Scan RS (ms): Min: 1.4, Avg: 1.5, Max: 1.5, Diff: 0.1, Sum: 5.9]
      [Code Root Scanning (ms): Min: 0.0, Avg: 0.0, Max: 0.0, Diff: 0.0, Sum: 0.0]
      [Object Copy (ms): Min: 4.5, Avg: 4.6, Max: 4.6, Diff: 0.1, Sum: 18.3]
      [Termination (ms): Min: 0.0, Avg: 0.1, Max: 0.2, Diff: 0.2, Sum: 0.5]
         [Termination Attempts: Min: 1, Avg: 2.2, Max: 3, Diff: 2, Sum: 9]
      [GC Worker Other (ms): Min: 0.0, Avg: 0.0, Max: 0.0, Diff: 0.0, Sum: 0.0]
      [GC Worker Total (ms): Min: 8.0, Avg: 8.2, Max: 8.3, Diff: 0.3, Sum: 32.8]
      [GC Worker End (ms): Min: 2103427.8, Avg: 2103427.9, Max: 2103427.9, Diff: 0.1]
   [Code Root Fixup: 0.0 ms]
   [Code Root Purge: 0.0 ms]
   [Clear CT: 0.1 ms]
   [Other: 0.4 ms]
      [Choose CSet: 0.0 ms]
      [Ref Proc: 0.2 ms]
      [Ref Enq: 0.0 ms]
      [Redirty Cards: 0.0 ms]
      [Humongous Register: 0.0 ms]
      [Humongous Reclaim: 0.0 ms]
      [Free CSet: 0.0 ms]
   [Eden: 71.0M(71.0M)->0.0B(8192.0K) Survivors: 3072.0K->4096.0K Heap: 225.0M(256.0M)->154.9M(256.0M)]
 [Times: user=0.03 sys=0.00, real=0.01 secs] 
2020-04-16T14:04:22.641+0800: 2105.633: [GC pause (G1 Evacuation Pause) (mixed), 0.0186475 secs]
   [Parallel Time: 12.4 ms, GC Workers: 4]
      [GC Worker Start (ms): Min: 2105632.9, Avg: 2105634.0, Max: 2105637.0, Diff: 4.1]
      [Ext Root Scanning (ms): Min: 0.0, Avg: 0.5, Max: 0.8, Diff: 0.8, Sum: 2.0]
      [Update RS (ms): Min: 0.0, Avg: 1.2, Max: 1.8, Diff: 1.8, Sum: 4.9]
         [Processed Buffers: Min: 0, Avg: 8.8, Max: 18, Diff: 18, Sum: 35]
      [Scan RS (ms): Min: 0.7, Avg: 3.0, Max: 6.7, Diff: 6.0, Sum: 12.1]
      [Code Root Scanning (ms): Min: 0.0, Avg: 0.0, Max: 0.1, Diff: 0.1, Sum: 0.1]
      [Object Copy (ms): Min: 3.1, Avg: 6.3, Max: 7.5, Diff: 4.3, Sum: 25.3]
      [Termination (ms): Min: 0.0, Avg: 0.0, Max: 0.0, Diff: 0.0, Sum: 0.0]
         [Termination Attempts: Min: 1, Avg: 1.0, Max: 1, Diff: 0, Sum: 4]
      [GC Worker Other (ms): Min: 0.0, Avg: 0.0, Max: 0.0, Diff: 0.0, Sum: 0.0]
      [GC Worker Total (ms): Min: 8.1, Avg: 11.1, Max: 12.2, Diff: 4.1, Sum: 44.6]
      [GC Worker End (ms): Min: 2105645.1, Avg: 2105645.1, Max: 2105645.1, Diff: 0.0]
   [Code Root Fixup: 0.0 ms]
   [Code Root Purge: 0.0 ms]
   [Clear CT: 0.1 ms]
   [Other: 6.2 ms]
      [Choose CSet: 0.0 ms]
      [Ref Proc: 5.8 ms]
      [Ref Enq: 0.0 ms]
      [Redirty Cards: 0.0 ms]
      [Humongous Register: 0.0 ms]
      [Humongous Reclaim: 0.0 ms]
      [Free CSet: 0.0 ms]
   [Eden: 8192.0K(8192.0K)->0.0B(74.0M) Survivors: 4096.0K->2048.0K Heap: 162.9M(256.0M)->152.8M(256.0M)]
 [Times: user=0.03 sys=0.00, real=0.02 secs] 
2020-04-16T14:04:42.510+0800: 2125.501: [GC pause (G1 Evacuation Pause) (young), 0.0099159 secs]
   [Parallel Time: 9.4 ms, GC Workers: 4]
      [GC Worker Start (ms): Min: 2125501.3, Avg: 2125501.3, Max: 2125501.3, Diff: 0.0]
      [Ext Root Scanning (ms): Min: 0.5, Avg: 1.0, Max: 2.3, Diff: 1.8, Sum: 3.9]
      [Update RS (ms): Min: 2.8, Avg: 4.1, Max: 4.6, Diff: 1.8, Sum: 16.2]
         [Processed Buffers: Min: 3, Avg: 13.2, Max: 27, Diff: 24, Sum: 53]
      [Scan RS (ms): Min: 1.6, Avg: 1.8, Max: 2.0, Diff: 0.4, Sum: 7.1]
      [Code Root Scanning (ms): Min: 0.0, Avg: 0.0, Max: 0.0, Diff: 0.0, Sum: 0.0]
      [Object Copy (ms): Min: 2.3, Avg: 2.4, Max: 2.5, Diff: 0.2, Sum: 9.7]
      [Termination (ms): Min: 0.0, Avg: 0.0, Max: 0.0, Diff: 0.0, Sum: 0.0]
         [Termination Attempts: Min: 1, Avg: 1.2, Max: 2, Diff: 1, Sum: 5]
      [GC Worker Other (ms): Min: 0.0, Avg: 0.0, Max: 0.0, Diff: 0.0, Sum: 0.1]
      [GC Worker Total (ms): Min: 9.2, Avg: 9.3, Max: 9.3, Diff: 0.1, Sum: 37.1]
      [GC Worker End (ms): Min: 2125510.6, Avg: 2125510.6, Max: 2125510.6, Diff: 0.0]
   [Code Root Fixup: 0.0 ms]
   [Code Root Purge: 0.0 ms]
   [Clear CT: 0.1 ms]
   [Other: 0.4 ms]
      [Choose CSet: 0.0 ms]
      [Ref Proc: 0.1 ms]
      [Ref Enq: 0.0 ms]
      [Redirty Cards: 0.1 ms]
      [Humongous Register: 0.0 ms]
      [Humongous Reclaim: 0.0 ms]
      [Free CSet: 0.1 ms]
   [Eden: 74.0M(74.0M)->0.0B(72.0M) Survivors: 2048.0K->3072.0K Heap: 226.8M(256.0M)->153.2M(256.0M)]
 [Times: user=0.03 sys=0.00, real=0.01 secs] 
2020-04-16T14:05:01.998+0800: 2144.988: [GC pause (G1 Evacuation Pause) (young) (initial-mark), 0.0113426 secs]
   [Parallel Time: 10.9 ms, GC Workers: 4]
      [GC Worker Start (ms): Min: 2144988.6, Avg: 2144988.7, Max: 2144988.9, Diff: 0.3]
      [Ext Root Scanning (ms): Min: 0.6, Avg: 0.9, Max: 0.9, Diff: 0.3, Sum: 3.4]
      [Update RS (ms): Min: 4.2, Avg: 4.3, Max: 4.5, Diff: 0.3, Sum: 17.3]
         [Processed Buffers: Min: 1, Avg: 10.8, Max: 28, Diff: 27, Sum: 43]
      [Scan RS (ms): Min: 1.3, Avg: 1.6, Max: 2.2, Diff: 0.8, Sum: 6.5]
      [Code Root Scanning (ms): Min: 0.0, Avg: 0.0, Max: 0.0, Diff: 0.0, Sum: 0.0]
      [Object Copy (ms): Min: 3.3, Avg: 3.8, Max: 4.0, Diff: 0.7, Sum: 15.3]
      [Termination (ms): Min: 0.0, Avg: 0.0, Max: 0.0, Diff: 0.0, Sum: 0.0]
         [Termination Attempts: Min: 1, Avg: 1.0, Max: 1, Diff: 0, Sum: 4]
      [GC Worker Other (ms): Min: 0.0, Avg: 0.0, Max: 0.0, Diff: 0.0, Sum: 0.1]
      [GC Worker Total (ms): Min: 10.5, Avg: 10.7, Max: 10.7, Diff: 0.3, Sum: 42.6]
      [GC Worker End (ms): Min: 2144999.4, Avg: 2144999.4, Max: 2144999.4, Diff: 0.0]
   [Code Root Fixup: 0.0 ms]
   [Code Root Purge: 0.0 ms]
   [Clear CT: 0.1 ms]
   [Other: 0.4 ms]
      [Choose CSet: 0.0 ms]
      [Ref Proc: 0.1 ms]
      [Ref Enq: 0.0 ms]
      [Redirty Cards: 0.1 ms]
      [Humongous Register: 0.0 ms]
      [Humongous Reclaim: 0.0 ms]
      [Free CSet: 0.0 ms]
   [Eden: 72.0M(72.0M)->0.0B(72.0M) Survivors: 3072.0K->3072.0K Heap: 225.2M(256.0M)->153.4M(256.0M)]
 [Times: user=0.03 sys=0.00, real=0.02 secs] 
2020-04-16T14:05:02.010+0800: 2145.000: [GC concurrent-root-region-scan-start]
2020-04-16T14:05:02.018+0800: 2145.008: [GC concurrent-root-region-scan-end, 0.0083927 secs]
2020-04-16T14:05:02.018+0800: 2145.008: [GC concurrent-mark-start]
2020-04-16T14:05:02.044+0800: 2145.034: [GC concurrent-mark-end, 0.0260784 secs]
2020-04-16T14:05:02.044+0800: 2145.035: [GC remark 2020-04-16T14:05:02.044+0800: 2145.035: [Finalize Marking, 0.0001317 secs] 2020-04-16T14:05:02.045+0800: 2145.035: [GC ref-proc, 0.0000784 secs] 2020-04-16T14:05:02.045+0800: 2145.035: [Unloading, 0.0048561 secs], 0.0064064 secs]
 [Times: user=0.02 sys=0.00, real=0.01 secs] 
2020-04-16T14:05:02.051+0800: 2145.041: [GC cleanup 154M->154M(256M), 0.0003969 secs]
 [Times: user=0.00 sys=0.00, real=0.00 secs] 
2020-04-16T14:05:21.427+0800: 2164.417: [GC pause (G1 Evacuation Pause) (young), 0.0122173 secs]
   [Parallel Time: 11.1 ms, GC Workers: 4]
      [GC Worker Start (ms): Min: 2164417.0, Avg: 2164417.0, Max: 2164417.0, Diff: 0.0]
      [Ext Root Scanning (ms): Min: 0.4, Avg: 0.4, Max: 0.5, Diff: 0.0, Sum: 1.7]
      [Update RS (ms): Min: 2.3, Avg: 2.4, Max: 2.6, Diff: 0.4, Sum: 9.6]
         [Processed Buffers: Min: 2, Avg: 11.0, Max: 27, Diff: 25, Sum: 44]
      [Scan RS (ms): Min: 2.2, Avg: 2.3, Max: 2.5, Diff: 0.3, Sum: 9.3]
      [Code Root Scanning (ms): Min: 0.0, Avg: 0.0, Max: 0.0, Diff: 0.0, Sum: 0.0]
      [Object Copy (ms): Min: 5.6, Avg: 5.7, Max: 5.8, Diff: 0.2, Sum: 22.9]
      [Termination (ms): Min: 0.0, Avg: 0.1, Max: 0.2, Diff: 0.2, Sum: 0.4]
         [Termination Attempts: Min: 1, Avg: 1.0, Max: 1, Diff: 0, Sum: 4]
      [GC Worker Other (ms): Min: 0.0, Avg: 0.0, Max: 0.0, Diff: 0.0, Sum: 0.1]
      [GC Worker Total (ms): Min: 11.0, Avg: 11.0, Max: 11.0, Diff: 0.0, Sum: 44.1]
      [GC Worker End (ms): Min: 2164428.0, Avg: 2164428.0, Max: 2164428.0, Diff: 0.0]
   [Code Root Fixup: 0.0 ms]
   [Code Root Purge: 0.0 ms]
   [Clear CT: 0.2 ms]
   [Other: 0.9 ms]
      [Choose CSet: 0.0 ms]
      [Ref Proc: 0.5 ms]
      [Ref Enq: 0.0 ms]
      [Redirty Cards: 0.2 ms]
      [Humongous Register: 0.0 ms]
      [Humongous Reclaim: 0.0 ms]
      [Free CSet: 0.1 ms]
   [Eden: 72.0M(72.0M)->0.0B(8192.0K) Survivors: 3072.0K->4096.0K Heap: 225.4M(256.0M)->154.6M(256.0M)]
 [Times: user=0.04 sys=0.00, real=0.02 secs] 
2020-04-16T14:05:23.589+0800: 2166.578: [GC pause (G1 Evacuation Pause) (mixed), 0.0113437 secs]
   [Parallel Time: 10.9 ms, GC Workers: 4]
      [GC Worker Start (ms): Min: 2166578.4, Avg: 2166578.9, Max: 2166579.5, Diff: 1.1]
      [Ext Root Scanning (ms): Min: 0.2, Avg: 0.6, Max: 1.1, Diff: 0.9, Sum: 2.5]
      [Update RS (ms): Min: 1.0, Avg: 1.3, Max: 1.5, Diff: 0.5, Sum: 5.0]
         [Processed Buffers: Min: 4, Avg: 8.0, Max: 11, Diff: 7, Sum: 32]
      [Scan RS (ms): Min: 1.9, Avg: 2.0, Max: 2.1, Diff: 0.2, Sum: 8.1]
      [Code Root Scanning (ms): Min: 0.0, Avg: 0.0, Max: 0.1, Diff: 0.1, Sum: 0.1]
      [Object Copy (ms): Min: 6.2, Avg: 6.3, Max: 6.5, Diff: 0.3, Sum: 25.3]
      [Termination (ms): Min: 0.0, Avg: 0.0, Max: 0.0, Diff: 0.0, Sum: 0.0]
         [Termination Attempts: Min: 1, Avg: 1.5, Max: 2, Diff: 1, Sum: 6]
      [GC Worker Other (ms): Min: 0.0, Avg: 0.0, Max: 0.0, Diff: 0.0, Sum: 0.1]
      [GC Worker Total (ms): Min: 9.7, Avg: 10.3, Max: 10.8, Diff: 1.1, Sum: 41.1]
      [GC Worker End (ms): Min: 2166589.2, Avg: 2166589.2, Max: 2166589.2, Diff: 0.0]
   [Code Root Fixup: 0.0 ms]
   [Code Root Purge: 0.0 ms]
   [Clear CT: 0.0 ms]
   [Other: 0.4 ms]
      [Choose CSet: 0.0 ms]
      [Ref Proc: 0.1 ms]
      [Ref Enq: 0.0 ms]
      [Redirty Cards: 0.1 ms]
      [Humongous Register: 0.0 ms]
      [Humongous Reclaim: 0.0 ms]
      [Free CSet: 0.0 ms]
   [Eden: 8192.0K(8192.0K)->0.0B(73.0M) Survivors: 4096.0K->2048.0K Heap: 162.6M(256.0M)->153.6M(256.0M)]
 [Times: user=0.03 sys=0.01, real=0.02 secs] 
2020-04-16T14:05:43.481+0800: 2186.470: [GC pause (G1 Evacuation Pause) (young), 0.0099171 secs]
   [Parallel Time: 9.1 ms, GC Workers: 4]
      [GC Worker Start (ms): Min: 2186470.3, Avg: 2186470.9, Max: 2186472.6, Diff: 2.3]
      [Ext Root Scanning (ms): Min: 0.0, Avg: 0.3, Max: 0.5, Diff: 0.5, Sum: 1.3]
      [Update RS (ms): Min: 0.9, Avg: 2.1, Max: 2.6, Diff: 1.7, Sum: 8.4]
         [Processed Buffers: Min: 7, Avg: 12.8, Max: 18, Diff: 11, Sum: 51]
      [Scan RS (ms): Min: 2.1, Avg: 2.2, Max: 2.3, Diff: 0.3, Sum: 9.0]
      [Code Root Scanning (ms): Min: 0.0, Avg: 0.0, Max: 0.0, Diff: 0.0, Sum: 0.0]
      [Object Copy (ms): Min: 3.8, Avg: 3.8, Max: 3.8, Diff: 0.1, Sum: 15.2]
      [Termination (ms): Min: 0.0, Avg: 0.0, Max: 0.0, Diff: 0.0, Sum: 0.0]
         [Termination Attempts: Min: 1, Avg: 1.2, Max: 2, Diff: 1, Sum: 5]
      [GC Worker Other (ms): Min: 0.0, Avg: 0.0, Max: 0.0, Diff: 0.0, Sum: 0.1]
      [GC Worker Total (ms): Min: 6.8, Avg: 8.5, Max: 9.1, Diff: 2.3, Sum: 34.0]
      [GC Worker End (ms): Min: 2186479.4, Avg: 2186479.4, Max: 2186479.4, Diff: 0.0]
   [Code Root Fixup: 0.0 ms]
   [Code Root Purge: 0.0 ms]
   [Clear CT: 0.1 ms]
   [Other: 0.7 ms]
      [Choose CSet: 0.0 ms]
      [Ref Proc: 0.4 ms]
      [Ref Enq: 0.0 ms]
      [Redirty Cards: 0.1 ms]
      [Humongous Register: 0.0 ms]
      [Humongous Reclaim: 0.0 ms]
      [Free CSet: 0.1 ms]
   [Eden: 73.0M(73.0M)->0.0B(67.0M) Survivors: 2048.0K->5120.0K Heap: 226.6M(256.0M)->156.0M(256.0M)]
 [Times: user=0.03 sys=0.00, real=0.01 secs] 
2020-04-16T14:06:01.321+0800: 2204.310: [GC pause (G1 Evacuation Pause) (young) (initial-mark), 0.0086131 secs]
   [Parallel Time: 8.1 ms, GC Workers: 4]
      [GC Worker Start (ms): Min: 2204309.9, Avg: 2204309.9, Max: 2204309.9, Diff: 0.0]
      [Ext Root Scanning (ms): Min: 0.6, Avg: 0.6, Max: 0.7, Diff: 0.1, Sum: 2.6]
      [Update RS (ms): Min: 1.7, Avg: 2.1, Max: 2.6, Diff: 0.9, Sum: 8.6]
         [Processed Buffers: Min: 2, Avg: 11.5, Max: 30, Diff: 28, Sum: 46]
      [Scan RS (ms): Min: 1.3, Avg: 1.8, Max: 2.2, Diff: 0.9, Sum: 7.1]
      [Code Root Scanning (ms): Min: 0.0, Avg: 0.0, Max: 0.0, Diff: 0.0, Sum: 0.0]
      [Object Copy (ms): Min: 3.4, Avg: 3.5, Max: 3.6, Diff: 0.2, Sum: 13.9]
      [Termination (ms): Min: 0.0, Avg: 0.0, Max: 0.0, Diff: 0.0, Sum: 0.0]
         [Termination Attempts: Min: 1, Avg: 1.0, Max: 1, Diff: 0, Sum: 4]
      [GC Worker Other (ms): Min: 0.0, Avg: 0.0, Max: 0.0, Diff: 0.0, Sum: 0.1]
      [GC Worker Total (ms): Min: 8.1, Avg: 8.1, Max: 8.1, Diff: 0.0, Sum: 32.3]
      [GC Worker End (ms): Min: 2204318.0, Avg: 2204318.0, Max: 2204318.0, Diff: 0.0]
   [Code Root Fixup: 0.0 ms]
   [Code Root Purge: 0.0 ms]
   [Clear CT: 0.1 ms]
   [Other: 0.4 ms]
      [Choose CSet: 0.0 ms]
      [Ref Proc: 0.2 ms]
      [Ref Enq: 0.0 ms]
      [Redirty Cards: 0.1 ms]
      [Humongous Register: 0.0 ms]
      [Humongous Reclaim: 0.0 ms]
      [Free CSet: 0.0 ms]
   [Eden: 67.0M(67.0M)->0.0B(71.0M) Survivors: 5120.0K->3072.0K Heap: 223.0M(256.0M)->154.6M(256.0M)]
 [Times: user=0.03 sys=0.00, real=0.01 secs] 
2020-04-16T14:06:01.330+0800: 2204.319: [GC concurrent-root-region-scan-start]
2020-04-16T14:06:01.337+0800: 2204.325: [GC concurrent-root-region-scan-end, 0.0067790 secs]
2020-04-16T14:06:01.337+0800: 2204.325: [GC concurrent-mark-start]
2020-04-16T14:06:01.358+0800: 2204.346: [GC concurrent-mark-end, 0.0209708 secs]
2020-04-16T14:06:01.358+0800: 2204.346: [GC remark 2020-04-16T14:06:01.358+0800: 2204.347: [Finalize Marking, 0.0000966 secs] 2020-04-16T14:06:01.358+0800: 2204.347: [GC ref-proc, 0.0000702 secs] 2020-04-16T14:06:01.358+0800: 2204.347: [Unloading, 0.0047136 secs], 0.0062260 secs]
 [Times: user=0.02 sys=0.00, real=0.01 secs] 
2020-04-16T14:06:01.364+0800: 2204.353: [GC cleanup 155M->155M(256M), 0.0003728 secs]
 [Times: user=0.00 sys=0.00, real=0.00 secs] 
2020-04-16T14:06:20.629+0800: 2223.617: [GC pause (G1 Evacuation Pause) (young), 0.0116040 secs]
   [Parallel Time: 11.2 ms, GC Workers: 4]
      [GC Worker Start (ms): Min: 2223617.3, Avg: 2223617.5, Max: 2223617.8, Diff: 0.4]
      [Ext Root Scanning (ms): Min: 0.3, Avg: 0.7, Max: 1.4, Diff: 1.1, Sum: 3.0]
      [Update RS (ms): Min: 1.0, Avg: 1.7, Max: 2.0, Diff: 0.9, Sum: 6.7]
         [Processed Buffers: Min: 2, Avg: 11.5, Max: 17, Diff: 15, Sum: 46]
      [Scan RS (ms): Min: 2.9, Avg: 3.5, Max: 5.0, Diff: 2.2, Sum: 13.9]
      [Code Root Scanning (ms): Min: 0.0, Avg: 0.0, Max: 0.0, Diff: 0.0, Sum: 0.0]
      [Object Copy (ms): Min: 3.5, Avg: 4.9, Max: 5.4, Diff: 1.9, Sum: 19.7]
      [Termination (ms): Min: 0.0, Avg: 0.0, Max: 0.0, Diff: 0.0, Sum: 0.0]
         [Termination Attempts: Min: 1, Avg: 1.0, Max: 1, Diff: 0, Sum: 4]
      [GC Worker Other (ms): Min: 0.0, Avg: 0.0, Max: 0.0, Diff: 0.0, Sum: 0.1]
      [GC Worker Total (ms): Min: 10.6, Avg: 10.8, Max: 11.0, Diff: 0.4, Sum: 43.4]
      [GC Worker End (ms): Min: 2223628.4, Avg: 2223628.4, Max: 2223628.4, Diff: 0.0]
   [Code Root Fixup: 0.0 ms]
   [Code Root Purge: 0.0 ms]
   [Clear CT: 0.0 ms]
   [Other: 0.4 ms]
      [Choose CSet: 0.0 ms]
      [Ref Proc: 0.1 ms]
      [Ref Enq: 0.0 ms]
      [Redirty Cards: 0.1 ms]
      [Humongous Register: 0.0 ms]
      [Humongous Reclaim: 0.0 ms]
      [Free CSet: 0.1 ms]
   [Eden: 71.0M(71.0M)->0.0B(8192.0K) Survivors: 3072.0K->4096.0K Heap: 225.6M(256.0M)->155.6M(256.0M)]
 [Times: user=0.03 sys=0.00, real=0.02 secs] 
2020-04-16T14:06:22.809+0800: 2225.797: [GC pause (G1 Evacuation Pause) (mixed), 0.0111637 secs]
   [Parallel Time: 10.8 ms, GC Workers: 4]
      [GC Worker Start (ms): Min: 2225796.8, Avg: 2225796.8, Max: 2225797.0, Diff: 0.2]
      [Ext Root Scanning (ms): Min: 0.3, Avg: 0.5, Max: 0.5, Diff: 0.3, Sum: 1.8]
      [Update RS (ms): Min: 1.1, Avg: 1.2, Max: 1.2, Diff: 0.1, Sum: 4.6]
         [Processed Buffers: Min: 6, Avg: 9.0, Max: 11, Diff: 5, Sum: 36]
      [Scan RS (ms): Min: 2.2, Avg: 2.2, Max: 2.3, Diff: 0.1, Sum: 8.9]
      [Code Root Scanning (ms): Min: 0.0, Avg: 0.0, Max: 0.0, Diff: 0.0, Sum: 0.0]
      [Object Copy (ms): Min: 6.7, Avg: 6.8, Max: 6.8, Diff: 0.1, Sum: 27.0]
      [Termination (ms): Min: 0.0, Avg: 0.0, Max: 0.0, Diff: 0.0, Sum: 0.0]
         [Termination Attempts: Min: 1, Avg: 1.0, Max: 1, Diff: 0, Sum: 4]
      [GC Worker Other (ms): Min: 0.0, Avg: 0.0, Max: 0.0, Diff: 0.0, Sum: 0.1]
      [GC Worker Total (ms): Min: 10.5, Avg: 10.6, Max: 10.7, Diff: 0.2, Sum: 42.5]
      [GC Worker End (ms): Min: 2225807.4, Avg: 2225807.5, Max: 2225807.5, Diff: 0.0]
   [Code Root Fixup: 0.0 ms]
   [Code Root Purge: 0.0 ms]
   [Clear CT: 0.1 ms]
   [Other: 0.3 ms]
      [Choose CSet: 0.0 ms]
      [Ref Proc: 0.1 ms]
      [Ref Enq: 0.0 ms]
      [Redirty Cards: 0.1 ms]
      [Humongous Register: 0.0 ms]
      [Humongous Reclaim: 0.0 ms]
      [Free CSet: 0.0 ms]
   [Eden: 8192.0K(8192.0K)->0.0B(73.0M) Survivors: 4096.0K->2048.0K Heap: 163.6M(256.0M)->153.9M(256.0M)]
 [Times: user=0.04 sys=0.01, real=0.02 secs] 
2020-04-16T14:06:42.561+0800: 2245.548: [GC pause (G1 Evacuation Pause) (young), 0.0084451 secs]
   [Parallel Time: 7.8 ms, GC Workers: 4]
      [GC Worker Start (ms): Min: 2245548.5, Avg: 2245548.6, Max: 2245548.6, Diff: 0.0]
      [Ext Root Scanning (ms): Min: 0.5, Avg: 0.6, Max: 0.6, Diff: 0.1, Sum: 2.3]
      [Update RS (ms): Min: 2.1, Avg: 2.6, Max: 2.9, Diff: 0.8, Sum: 10.3]
         [Processed Buffers: Min: 5, Avg: 12.0, Max: 18, Diff: 13, Sum: 48]
      [Scan RS (ms): Min: 1.8, Avg: 2.0, Max: 2.2, Diff: 0.4, Sum: 8.1]
      [Code Root Scanning (ms): Min: 0.0, Avg: 0.0, Max: 0.0, Diff: 0.0, Sum: 0.0]
      [Object Copy (ms): Min: 2.2, Avg: 2.5, Max: 2.9, Diff: 0.7, Sum: 10.2]
      [Termination (ms): Min: 0.0, Avg: 0.0, Max: 0.0, Diff: 0.0, Sum: 0.0]
         [Termination Attempts: Min: 1, Avg: 1.0, Max: 1, Diff: 0, Sum: 4]
      [GC Worker Other (ms): Min: 0.0, Avg: 0.0, Max: 0.0, Diff: 0.0, Sum: 0.1]
      [GC Worker Total (ms): Min: 7.7, Avg: 7.7, Max: 7.8, Diff: 0.1, Sum: 31.0]
      [GC Worker End (ms): Min: 2245556.3, Avg: 2245556.3, Max: 2245556.3, Diff: 0.0]
   [Code Root Fixup: 0.0 ms]
   [Code Root Purge: 0.0 ms]
   [Clear CT: 0.1 ms]
   [Other: 0.5 ms]
      [Choose CSet: 0.0 ms]
      [Ref Proc: 0.1 ms]
      [Ref Enq: 0.0 ms]
      [Redirty Cards: 0.1 ms]
      [Humongous Register: 0.0 ms]
      [Humongous Reclaim: 0.0 ms]
      [Free CSet: 0.1 ms]
   [Eden: 73.0M(73.0M)->0.0B(71.0M) Survivors: 2048.0K->3072.0K Heap: 226.9M(256.0M)->154.2M(256.0M)]
 [Times: user=0.03 sys=0.00, real=0.01 secs] 
2020-04-16T14:07:01.679+0800: 2264.665: [GC pause (G1 Evacuation Pause) (young) (initial-mark), 0.0123569 secs]
   [Parallel Time: 11.9 ms, GC Workers: 4]
      [GC Worker Start (ms): Min: 2264665.4, Avg: 2264665.9, Max: 2264666.7, Diff: 1.3]
      [Ext Root Scanning (ms): Min: 0.1, Avg: 0.8, Max: 1.3, Diff: 1.2, Sum: 3.3]
      [Update RS (ms): Min: 2.4, Avg: 3.1, Max: 4.9, Diff: 2.5, Sum: 12.5]
         [Processed Buffers: Min: 1, Avg: 10.0, Max: 26, Diff: 25, Sum: 40]
      [Scan RS (ms): Min: 0.3, Avg: 2.2, Max: 3.1, Diff: 2.8, Sum: 8.7]
      [Code Root Scanning (ms): Min: 0.0, Avg: 0.0, Max: 0.0, Diff: 0.0, Sum: 0.0]
      [Object Copy (ms): Min: 4.8, Avg: 5.1, Max: 5.3, Diff: 0.4, Sum: 20.5]
      [Termination (ms): Min: 0.0, Avg: 0.1, Max: 0.1, Diff: 0.1, Sum: 0.2]
         [Termination Attempts: Min: 1, Avg: 1.0, Max: 1, Diff: 0, Sum: 4]
      [GC Worker Other (ms): Min: 0.0, Avg: 0.0, Max: 0.0, Diff: 0.0, Sum: 0.1]
      [GC Worker Total (ms): Min: 10.5, Avg: 11.3, Max: 11.8, Diff: 1.3, Sum: 45.3]
      [GC Worker End (ms): Min: 2264677.2, Avg: 2264677.2, Max: 2264677.3, Diff: 0.0]
   [Code Root Fixup: 0.0 ms]
   [Code Root Purge: 0.0 ms]
   [Clear CT: 0.1 ms]
   [Other: 0.4 ms]
      [Choose CSet: 0.0 ms]
      [Ref Proc: 0.1 ms]
      [Ref Enq: 0.0 ms]
      [Redirty Cards: 0.1 ms]
      [Humongous Register: 0.0 ms]
      [Humongous Reclaim: 0.0 ms]
      [Free CSet: 0.0 ms]
   [Eden: 71.0M(71.0M)->0.0B(69.0M) Survivors: 3072.0K->4096.0K Heap: 225.2M(256.0M)->155.6M(256.0M)]
 [Times: user=0.04 sys=0.00, real=0.02 secs] 
2020-04-16T14:07:01.691+0800: 2264.678: [GC concurrent-root-region-scan-start]
2020-04-16T14:07:01.697+0800: 2264.684: [GC concurrent-root-region-scan-end, 0.0058058 secs]
2020-04-16T14:07:01.697+0800: 2264.684: [GC concurrent-mark-start]
2020-04-16T14:07:01.716+0800: 2264.703: [GC concurrent-mark-end, 0.0193323 secs]
2020-04-16T14:07:01.716+0800: 2264.703: [GC remark 2020-04-16T14:07:01.717+0800: 2264.703: [Finalize Marking, 0.0001929 secs] 2020-04-16T14:07:01.717+0800: 2264.703: [GC ref-proc, 0.0001301 secs] 2020-04-16T14:07:01.717+0800: 2264.704: [Unloading, 0.0050671 secs], 0.0067727 secs]
 [Times: user=0.02 sys=0.00, real=0.01 secs] 
2020-04-16T14:07:01.723+0800: 2264.710: [GC cleanup 156M->156M(256M), 0.0003808 secs]
 [Times: user=0.00 sys=0.00, real=0.00 secs] 
2020-04-16T14:07:20.240+0800: 2283.226: [GC pause (G1 Evacuation Pause) (young), 0.0174287 secs]
   [Parallel Time: 16.4 ms, GC Workers: 4]
      [GC Worker Start (ms): Min: 2283226.4, Avg: 2283226.9, Max: 2283227.5, Diff: 1.1]
      [Ext Root Scanning (ms): Min: 0.0, Avg: 0.4, Max: 0.8, Diff: 0.8, Sum: 1.7]
      [Update RS (ms): Min: 1.6, Avg: 2.4, Max: 4.3, Diff: 2.7, Sum: 9.5]
         [Processed Buffers: Min: 1, Avg: 9.8, Max: 27, Diff: 26, Sum: 39]
      [Scan RS (ms): Min: 0.8, Avg: 3.4, Max: 6.4, Diff: 5.6, Sum: 13.7]
      [Code Root Scanning (ms): Min: 0.0, Avg: 0.0, Max: 0.0, Diff: 0.0, Sum: 0.0]
      [Object Copy (ms): Min: 3.3, Avg: 5.9, Max: 7.3, Diff: 4.0, Sum: 23.6]
      [Termination (ms): Min: 0.0, Avg: 2.8, Max: 3.8, Diff: 3.8, Sum: 11.1]
         [Termination Attempts: Min: 1, Avg: 1.0, Max: 1, Diff: 0, Sum: 4]
      [GC Worker Other (ms): Min: 0.0, Avg: 0.0, Max: 0.0, Diff: 0.0, Sum: 0.1]
      [GC Worker Total (ms): Min: 13.1, Avg: 14.9, Max: 16.2, Diff: 3.1, Sum: 59.6]
      [GC Worker End (ms): Min: 2283239.6, Avg: 2283241.8, Max: 2283242.6, Diff: 3.0]
   [Code Root Fixup: 0.0 ms]
   [Code Root Purge: 0.0 ms]
   [Clear CT: 0.1 ms]
   [Other: 0.9 ms]
      [Choose CSet: 0.0 ms]
      [Ref Proc: 0.6 ms]
      [Ref Enq: 0.0 ms]
      [Redirty Cards: 0.1 ms]
      [Humongous Register: 0.0 ms]
      [Humongous Reclaim: 0.0 ms]
      [Free CSet: 0.1 ms]
   [Eden: 69.0M(69.0M)->0.0B(8192.0K) Survivors: 4096.0K->4096.0K Heap: 224.6M(256.0M)->155.9M(256.0M)]
 [Times: user=0.04 sys=0.01, real=0.01 secs] 
2020-04-16T14:07:22.330+0800: 2285.316: [GC pause (G1 Evacuation Pause) (mixed), 0.0099547 secs]
   [Parallel Time: 9.4 ms, GC Workers: 4]
      [GC Worker Start (ms): Min: 2285316.1, Avg: 2285316.1, Max: 2285316.1, Diff: 0.0]
      [Ext Root Scanning (ms): Min: 0.4, Avg: 0.4, Max: 0.5, Diff: 0.1, Sum: 1.7]
      [Update RS (ms): Min: 1.1, Avg: 1.4, Max: 2.2, Diff: 1.1, Sum: 5.7]
         [Processed Buffers: Min: 1, Avg: 8.2, Max: 19, Diff: 18, Sum: 33]
      [Scan RS (ms): Min: 1.6, Avg: 2.4, Max: 2.7, Diff: 1.1, Sum: 9.6]
      [Code Root Scanning (ms): Min: 0.0, Avg: 0.0, Max: 0.0, Diff: 0.0, Sum: 0.0]
      [Object Copy (ms): Min: 4.9, Avg: 4.9, Max: 5.0, Diff: 0.1, Sum: 19.7]
      [Termination (ms): Min: 0.0, Avg: 0.1, Max: 0.1, Diff: 0.1, Sum: 0.3]
         [Termination Attempts: Min: 1, Avg: 1.2, Max: 2, Diff: 1, Sum: 5]
      [GC Worker Other (ms): Min: 0.0, Avg: 0.0, Max: 0.0, Diff: 0.0, Sum: 0.1]
      [GC Worker Total (ms): Min: 9.2, Avg: 9.3, Max: 9.3, Diff: 0.1, Sum: 37.1]
      [GC Worker End (ms): Min: 2285325.3, Avg: 2285325.4, Max: 2285325.4, Diff: 0.1]
   [Code Root Fixup: 0.0 ms]
   [Code Root Purge: 0.0 ms]
   [Clear CT: 0.1 ms]
   [Other: 0.4 ms]
      [Choose CSet: 0.0 ms]
      [Ref Proc: 0.2 ms]
      [Ref Enq: 0.0 ms]
      [Redirty Cards: 0.1 ms]
      [Humongous Register: 0.0 ms]
      [Humongous Reclaim: 0.0 ms]
      [Free CSet: 0.0 ms]
   [Eden: 8192.0K(8192.0K)->0.0B(73.0M) Survivors: 4096.0K->2048.0K Heap: 163.9M(256.0M)->153.9M(256.0M)]
 [Times: user=0.04 sys=0.00, real=0.01 secs] 
2020-04-16T14:07:42.210+0800: 2305.196: [GC pause (G1 Evacuation Pause) (young), 0.0086999 secs]
   [Parallel Time: 7.6 ms, GC Workers: 4]
      [GC Worker Start (ms): Min: 2305195.9, Avg: 2305195.9, Max: 2305196.0, Diff: 0.1]
      [Ext Root Scanning (ms): Min: 0.4, Avg: 0.5, Max: 0.5, Diff: 0.1, Sum: 1.9]
      [Update RS (ms): Min: 0.0, Avg: 2.3, Max: 3.3, Diff: 3.3, Sum: 9.2]
         [Processed Buffers: Min: 2, Avg: 11.8, Max: 25, Diff: 23, Sum: 47]
      [Scan RS (ms): Min: 1.3, Avg: 1.6, Max: 1.7, Diff: 0.4, Sum: 6.2]
      [Code Root Scanning (ms): Min: 0.0, Avg: 0.0, Max: 0.0, Diff: 0.0, Sum: 0.0]
      [Object Copy (ms): Min: 2.4, Avg: 3.1, Max: 5.2, Diff: 2.9, Sum: 12.4]
      [Termination (ms): Min: 0.0, Avg: 0.0, Max: 0.0, Diff: 0.0, Sum: 0.0]
         [Termination Attempts: Min: 1, Avg: 1.2, Max: 2, Diff: 1, Sum: 5]
      [GC Worker Other (ms): Min: 0.0, Avg: 0.0, Max: 0.1, Diff: 0.0, Sum: 0.1]
      [GC Worker Total (ms): Min: 7.4, Avg: 7.5, Max: 7.5, Diff: 0.1, Sum: 29.9]
      [GC Worker End (ms): Min: 2305203.4, Avg: 2305203.4, Max: 2305203.4, Diff: 0.0]
   [Code Root Fixup: 0.0 ms]
   [Code Root Purge: 0.0 ms]
   [Clear CT: 0.1 ms]
   [Other: 1.0 ms]
      [Choose CSet: 0.0 ms]
      [Ref Proc: 0.7 ms]
      [Ref Enq: 0.0 ms]
      [Redirty Cards: 0.1 ms]
      [Humongous Register: 0.0 ms]
      [Humongous Reclaim: 0.0 ms]
      [Free CSet: 0.1 ms]
   [Eden: 73.0M(73.0M)->0.0B(71.0M) Survivors: 2048.0K->3072.0K Heap: 226.9M(256.0M)->154.1M(256.0M)]
 [Times: user=0.02 sys=0.00, real=0.00 secs] 
2020-04-16T14:08:01.228+0800: 2324.213: [GC pause (G1 Evacuation Pause) (young) (initial-mark), 0.0208617 secs]
   [Parallel Time: 8.9 ms, GC Workers: 4]
      [GC Worker Start (ms): Min: 2324213.5, Avg: 2324214.0, Max: 2324214.7, Diff: 1.3]
      [Ext Root Scanning (ms): Min: 0.0, Avg: 0.8, Max: 1.5, Diff: 1.5, Sum: 3.3]
      [Update RS (ms): Min: 2.6, Avg: 2.9, Max: 3.0, Diff: 0.3, Sum: 11.5]
         [Processed Buffers: Min: 2, Avg: 10.8, Max: 20, Diff: 18, Sum: 43]
      [Scan RS (ms): Min: 1.6, Avg: 1.7, Max: 1.8, Diff: 0.2, Sum: 6.9]
      [Code Root Scanning (ms): Min: 0.0, Avg: 0.0, Max: 0.0, Diff: 0.0, Sum: 0.0]
      [Object Copy (ms): Min: 2.8, Avg: 2.9, Max: 3.0, Diff: 0.2, Sum: 11.5]
      [Termination (ms): Min: 0.0, Avg: 0.0, Max: 0.0, Diff: 0.0, Sum: 0.0]
         [Termination Attempts: Min: 1, Avg: 1.8, Max: 4, Diff: 3, Sum: 7]
      [GC Worker Other (ms): Min: 0.0, Avg: 0.0, Max: 0.0, Diff: 0.0, Sum: 0.1]
      [GC Worker Total (ms): Min: 7.6, Avg: 8.3, Max: 8.9, Diff: 1.3, Sum: 33.3]
      [GC Worker End (ms): Min: 2324222.3, Avg: 2324222.3, Max: 2324222.3, Diff: 0.0]
   [Code Root Fixup: 0.0 ms]
   [Code Root Purge: 0.0 ms]
   [Clear CT: 0.1 ms]
   [Other: 11.8 ms]
      [Choose CSet: 0.0 ms]
      [Ref Proc: 11.4 ms]
      [Ref Enq: 0.0 ms]
      [Redirty Cards: 0.1 ms]
      [Humongous Register: 0.0 ms]
      [Humongous Reclaim: 0.0 ms]
      [Free CSet: 0.1 ms]
   [Eden: 71.0M(71.0M)->0.0B(71.0M) Survivors: 3072.0K->3072.0K Heap: 225.1M(256.0M)->154.8M(256.0M)]
 [Times: user=0.03 sys=0.00, real=0.02 secs] 
2020-04-16T14:08:01.250+0800: 2324.234: [GC concurrent-root-region-scan-start]
2020-04-16T14:08:01.256+0800: 2324.241: [GC concurrent-root-region-scan-end, 0.0064995 secs]
2020-04-16T14:08:01.256+0800: 2324.241: [GC concurrent-mark-start]
2020-04-16T14:08:01.308+0800: 2324.293: [GC concurrent-mark-end, 0.0520526 secs]
2020-04-16T14:08:01.310+0800: 2324.295: [GC remark 2020-04-16T14:08:01.310+0800: 2324.295: [Finalize Marking, 0.0237512 secs] 2020-04-16T14:08:01.334+0800: 2324.319: [GC ref-proc, 0.0001374 secs] 2020-04-16T14:08:01.334+0800: 2324.319: [Unloading, 0.0229363 secs], 0.0497059 secs]
 [Times: user=0.02 sys=0.00, real=0.05 secs] 
2020-04-16T14:08:01.361+0800: 2324.346: [GC cleanup 156M->156M(256M), 0.0042952 secs]
 [Times: user=0.00 sys=0.00, real=0.00 secs] 
2020-04-16T14:08:20.281+0800: 2343.265: [GC pause (G1 Evacuation Pause) (young), 0.0100012 secs]
   [Parallel Time: 9.1 ms, GC Workers: 4]
      [GC Worker Start (ms): Min: 2343265.0, Avg: 2343265.0, Max: 2343265.1, Diff: 0.2]
      [Ext Root Scanning (ms): Min: 0.2, Avg: 0.4, Max: 0.5, Diff: 0.2, Sum: 1.6]
      [Update RS (ms): Min: 1.3, Avg: 1.4, Max: 1.6, Diff: 0.3, Sum: 5.6]
         [Processed Buffers: Min: 3, Avg: 10.5, Max: 20, Diff: 17, Sum: 42]
      [Scan RS (ms): Min: 1.7, Avg: 1.9, Max: 2.0, Diff: 0.3, Sum: 7.5]
      [Code Root Scanning (ms): Min: 0.0, Avg: 0.0, Max: 0.0, Diff: 0.0, Sum: 0.0]
      [Object Copy (ms): Min: 4.7, Avg: 4.8, Max: 4.9, Diff: 0.1, Sum: 19.2]
      [Termination (ms): Min: 0.0, Avg: 0.1, Max: 0.4, Diff: 0.4, Sum: 0.6]
         [Termination Attempts: Min: 1, Avg: 2.2, Max: 4, Diff: 3, Sum: 9]
      [GC Worker Other (ms): Min: 0.0, Avg: 0.1, Max: 0.2, Diff: 0.2, Sum: 0.4]
      [GC Worker Total (ms): Min: 8.6, Avg: 8.7, Max: 8.9, Diff: 0.3, Sum: 34.9]
      [GC Worker End (ms): Min: 2343273.6, Avg: 2343273.7, Max: 2343273.9, Diff: 0.3]
   [Code Root Fixup: 0.0 ms]
   [Code Root Purge: 0.0 ms]
   [Clear CT: 0.1 ms]
   [Other: 0.8 ms]
      [Choose CSet: 0.0 ms]
      [Ref Proc: 0.5 ms]
      [Ref Enq: 0.0 ms]
      [Redirty Cards: 0.1 ms]
      [Humongous Register: 0.0 ms]
      [Humongous Reclaim: 0.0 ms]
      [Free CSet: 0.1 ms]
   [Eden: 71.0M(71.0M)->0.0B(8192.0K) Survivors: 3072.0K->4096.0K Heap: 225.8M(256.0M)->155.7M(256.0M)]
 [Times: user=0.03 sys=0.01, real=0.01 secs] 
2020-04-16T14:08:22.356+0800: 2345.340: [GC pause (G1 Evacuation Pause) (mixed), 0.0096210 secs]
   [Parallel Time: 9.2 ms, GC Workers: 4]
      [GC Worker Start (ms): Min: 2345340.4, Avg: 2345340.4, Max: 2345340.4, Diff: 0.0]
      [Ext Root Scanning (ms): Min: 0.4, Avg: 0.5, Max: 0.5, Diff: 0.1, Sum: 1.9]
      [Update RS (ms): Min: 1.1, Avg: 1.1, Max: 1.3, Diff: 0.2, Sum: 4.5]
         [Processed Buffers: Min: 5, Avg: 8.8, Max: 10, Diff: 5, Sum: 35]
      [Scan RS (ms): Min: 1.8, Avg: 1.9, Max: 2.0, Diff: 0.2, Sum: 7.8]
      [Code Root Scanning (ms): Min: 0.0, Avg: 0.0, Max: 0.0, Diff: 0.0, Sum: 0.0]
      [Object Copy (ms): Min: 5.4, Avg: 5.5, Max: 5.5, Diff: 0.1, Sum: 21.9]
      [Termination (ms): Min: 0.0, Avg: 0.0, Max: 0.0, Diff: 0.0, Sum: 0.0]
         [Termination Attempts: Min: 1, Avg: 1.5, Max: 2, Diff: 1, Sum: 6]
      [GC Worker Other (ms): Min: 0.0, Avg: 0.0, Max: 0.0, Diff: 0.0, Sum: 0.1]
      [GC Worker Total (ms): Min: 9.0, Avg: 9.0, Max: 9.0, Diff: 0.0, Sum: 36.1]
      [GC Worker End (ms): Min: 2345349.4, Avg: 2345349.4, Max: 2345349.4, Diff: 0.0]
   [Code Root Fixup: 0.0 ms]
   [Code Root Purge: 0.0 ms]
   [Clear CT: 0.0 ms]
   [Other: 0.4 ms]
      [Choose CSet: 0.0 ms]
      [Ref Proc: 0.2 ms]
      [Ref Enq: 0.0 ms]
      [Redirty Cards: 0.0 ms]
      [Humongous Register: 0.0 ms]
      [Humongous Reclaim: 0.0 ms]
      [Free CSet: 0.0 ms]
   [Eden: 8192.0K(8192.0K)->0.0B(73.0M) Survivors: 4096.0K->2048.0K Heap: 163.7M(256.0M)->153.3M(256.0M)]
 [Times: user=0.03 sys=0.00, real=0.01 secs] 
2020-04-16T14:08:42.085+0800: 2365.069: [GC pause (G1 Evacuation Pause) (young), 0.0078121 secs]
   [Parallel Time: 7.3 ms, GC Workers: 4]
      [GC Worker Start (ms): Min: 2365068.9, Avg: 2365068.9, Max: 2365069.0, Diff: 0.1]
      [Ext Root Scanning (ms): Min: 0.6, Avg: 0.6, Max: 0.7, Diff: 0.1, Sum: 2.5]
      [Update RS (ms): Min: 1.7, Avg: 1.8, Max: 1.9, Diff: 0.2, Sum: 7.1]
         [Processed Buffers: Min: 2, Avg: 11.8, Max: 30, Diff: 28, Sum: 47]
      [Scan RS (ms): Min: 2.2, Avg: 2.3, Max: 2.4, Diff: 0.2, Sum: 9.1]
      [Code Root Scanning (ms): Min: 0.0, Avg: 0.0, Max: 0.0, Diff: 0.0, Sum: 0.0]
      [Object Copy (ms): Min: 2.5, Avg: 2.5, Max: 2.6, Diff: 0.1, Sum: 10.1]
      [Termination (ms): Min: 0.0, Avg: 0.0, Max: 0.0, Diff: 0.0, Sum: 0.0]
         [Termination Attempts: Min: 1, Avg: 1.0, Max: 1, Diff: 0, Sum: 4]
      [GC Worker Other (ms): Min: 0.0, Avg: 0.0, Max: 0.1, Diff: 0.0, Sum: 0.1]
      [GC Worker Total (ms): Min: 7.2, Avg: 7.2, Max: 7.3, Diff: 0.1, Sum: 29.0]
      [GC Worker End (ms): Min: 2365076.2, Avg: 2365076.2, Max: 2365076.2, Diff: 0.0]
   [Code Root Fixup: 0.0 ms]
   [Code Root Purge: 0.0 ms]
   [Clear CT: 0.1 ms]
   [Other: 0.4 ms]
      [Choose CSet: 0.0 ms]
      [Ref Proc: 0.1 ms]
      [Ref Enq: 0.0 ms]
      [Redirty Cards: 0.0 ms]
      [Humongous Register: 0.0 ms]
      [Humongous Reclaim: 0.0 ms]
      [Free CSet: 0.1 ms]
   [Eden: 73.0M(73.0M)->0.0B(71.0M) Survivors: 2048.0K->3072.0K Heap: 226.3M(256.0M)->153.7M(256.0M)]
 [Times: user=0.03 sys=0.00, real=0.01 secs] 
2020-04-16T14:09:01.188+0800: 2384.171: [GC pause (G1 Evacuation Pause) (young) (initial-mark), 0.0323594 secs]
   [Parallel Time: 21.6 ms, GC Workers: 4]
      [GC Worker Start (ms): Min: 2384171.3, Avg: 2384171.4, Max: 2384171.4, Diff: 0.1]
      [Ext Root Scanning (ms): Min: 0.6, Avg: 0.7, Max: 0.8, Diff: 0.1, Sum: 3.0]
      [Update RS (ms): Min: 2.1, Avg: 2.8, Max: 4.7, Diff: 2.6, Sum: 11.2]
         [Processed Buffers: Min: 1, Avg: 10.5, Max: 22, Diff: 21, Sum: 42]
      [Scan RS (ms): Min: 0.0, Avg: 1.6, Max: 2.3, Diff: 2.3, Sum: 6.5]
      [Code Root Scanning (ms): Min: 0.0, Avg: 0.0, Max: 0.0, Diff: 0.0, Sum: 0.0]
      [Object Copy (ms): Min: 5.9, Avg: 6.2, Max: 6.4, Diff: 0.5, Sum: 24.8]
      [Termination (ms): Min: 0.0, Avg: 7.6, Max: 10.1, Diff: 10.1, Sum: 30.3]
         [Termination Attempts: Min: 1, Avg: 2.8, Max: 6, Diff: 5, Sum: 11]
      [GC Worker Other (ms): Min: 0.0, Avg: 0.0, Max: 0.0, Diff: 0.0, Sum: 0.1]
      [GC Worker Total (ms): Min: 11.4, Avg: 19.0, Max: 21.5, Diff: 10.1, Sum: 75.9]
      [GC Worker End (ms): Min: 2384182.8, Avg: 2384190.4, Max: 2384192.9, Diff: 10.0]
   [Code Root Fixup: 0.0 ms]
   [Code Root Purge: 0.0 ms]
   [Clear CT: 0.1 ms]
   [Other: 10.6 ms]
      [Choose CSet: 0.0 ms]
      [Ref Proc: 10.3 ms]
      [Ref Enq: 0.0 ms]
      [Redirty Cards: 0.1 ms]
      [Humongous Register: 0.0 ms]
      [Humongous Reclaim: 0.0 ms]
      [Free CSet: 0.1 ms]
   [Eden: 71.0M(71.0M)->0.0B(69.0M) Survivors: 3072.0K->4096.0K Heap: 224.7M(256.0M)->154.5M(256.0M)]
 [Times: user=0.04 sys=0.00, real=0.04 secs] 
2020-04-16T14:09:01.221+0800: 2384.204: [GC concurrent-root-region-scan-start]
2020-04-16T14:09:01.230+0800: 2384.214: [GC concurrent-root-region-scan-end, 0.0093762 secs]
2020-04-16T14:09:01.231+0800: 2384.214: [GC concurrent-mark-start]
2020-04-16T14:09:01.269+0800: 2384.252: [GC concurrent-mark-end, 0.0380773 secs]
2020-04-16T14:09:01.271+0800: 2384.254: [GC remark 2020-04-16T14:09:01.271+0800: 2384.254: [Finalize Marking, 0.0108790 secs] 2020-04-16T14:09:01.282+0800: 2384.265: [GC ref-proc, 0.0001342 secs] 2020-04-16T14:09:01.283+0800: 2384.266: [Unloading, 0.0086591 secs], 0.0219011 secs]
 [Times: user=0.02 sys=0.00, real=0.02 secs] 
2020-04-16T14:09:01.304+0800: 2384.288: [GC cleanup 155M->155M(256M), 0.0011045 secs]
 [Times: user=0.00 sys=0.00, real=0.00 secs] 
2020-04-16T14:09:19.955+0800: 2402.937: [GC pause (G1 Evacuation Pause) (young), 0.0108421 secs]
   [Parallel Time: 10.3 ms, GC Workers: 4]
      [GC Worker Start (ms): Min: 2402937.3, Avg: 2402937.3, Max: 2402937.4, Diff: 0.2]
      [Ext Root Scanning (ms): Min: 0.5, Avg: 0.6, Max: 0.7, Diff: 0.2, Sum: 2.4]
      [Update RS (ms): Min: 2.2, Avg: 2.2, Max: 2.3, Diff: 0.1, Sum: 8.9]
         [Processed Buffers: Min: 2, Avg: 11.5, Max: 26, Diff: 24, Sum: 46]
      [Scan RS (ms): Min: 1.9, Avg: 1.9, Max: 2.0, Diff: 0.1, Sum: 7.7]
      [Code Root Scanning (ms): Min: 0.0, Avg: 0.0, Max: 0.0, Diff: 0.0, Sum: 0.0]
      [Object Copy (ms): Min: 5.3, Avg: 5.4, Max: 5.4, Diff: 0.1, Sum: 21.4]
      [Termination (ms): Min: 0.0, Avg: 0.1, Max: 0.1, Diff: 0.1, Sum: 0.3]
         [Termination Attempts: Min: 1, Avg: 1.0, Max: 1, Diff: 0, Sum: 4]
      [GC Worker Other (ms): Min: 0.0, Avg: 0.0, Max: 0.0, Diff: 0.0, Sum: 0.1]
      [GC Worker Total (ms): Min: 10.1, Avg: 10.2, Max: 10.3, Diff: 0.2, Sum: 40.9]
      [GC Worker End (ms): Min: 2402947.5, Avg: 2402947.5, Max: 2402947.6, Diff: 0.0]
   [Code Root Fixup: 0.0 ms]
   [Code Root Purge: 0.0 ms]
   [Clear CT: 0.0 ms]
   [Other: 0.5 ms]
      [Choose CSet: 0.0 ms]
      [Ref Proc: 0.2 ms]
      [Ref Enq: 0.0 ms]
      [Redirty Cards: 0.1 ms]
      [Humongous Register: 0.0 ms]
      [Humongous Reclaim: 0.0 ms]
      [Free CSet: 0.0 ms]
   [Eden: 69.0M(69.0M)->0.0B(7168.0K) Survivors: 4096.0K->5120.0K Heap: 223.5M(256.0M)->155.8M(256.0M)]
 [Times: user=0.04 sys=0.00, real=0.01 secs] 
2020-04-16T14:09:21.908+0800: 2404.891: [GC pause (G1 Evacuation Pause) (mixed), 0.0160323 secs]
   [Parallel Time: 15.5 ms, GC Workers: 4]
      [GC Worker Start (ms): Min: 2404890.8, Avg: 2404891.1, Max: 2404891.3, Diff: 0.4]
      [Ext Root Scanning (ms): Min: 0.2, Avg: 0.4, Max: 0.7, Diff: 0.4, Sum: 1.8]
      [Update RS (ms): Min: 0.0, Avg: 0.9, Max: 1.2, Diff: 1.2, Sum: 3.4]
         [Processed Buffers: Min: 0, Avg: 7.0, Max: 14, Diff: 14, Sum: 28]
      [Scan RS (ms): Min: 0.0, Avg: 1.7, Max: 2.3, Diff: 2.3, Sum: 6.7]
      [Code Root Scanning (ms): Min: 0.0, Avg: 0.0, Max: 0.0, Diff: 0.0, Sum: 0.0]
      [Object Copy (ms): Min: 7.7, Avg: 8.6, Max: 11.1, Diff: 3.4, Sum: 34.6]
      [Termination (ms): Min: 0.0, Avg: 1.9, Max: 3.6, Diff: 3.6, Sum: 7.7]
         [Termination Attempts: Min: 1, Avg: 1.5, Max: 2, Diff: 1, Sum: 6]
      [GC Worker Other (ms): Min: 0.0, Avg: 0.0, Max: 0.0, Diff: 0.0, Sum: 0.1]
      [GC Worker Total (ms): Min: 12.1, Avg: 13.6, Max: 15.1, Diff: 3.1, Sum: 54.2]
      [GC Worker End (ms): Min: 2404902.9, Avg: 2404904.6, Max: 2404906.3, Diff: 3.3]
   [Code Root Fixup: 0.0 ms]
   [Code Root Purge: 0.0 ms]
   [Clear CT: 0.1 ms]
   [Other: 0.5 ms]
      [Choose CSet: 0.0 ms]
      [Ref Proc: 0.2 ms]
      [Ref Enq: 0.0 ms]
      [Redirty Cards: 0.1 ms]
      [Humongous Register: 0.0 ms]
      [Humongous Reclaim: 0.0 ms]
      [Free CSet: 0.0 ms]
   [Eden: 7168.0K(7168.0K)->0.0B(73.0M) Survivors: 5120.0K->2048.0K Heap: 162.8M(256.0M)->153.3M(256.0M)]
 [Times: user=0.03 sys=0.01, real=0.02 secs] 
2020-04-16T14:09:41.856+0800: 2424.838: [GC pause (G1 Evacuation Pause) (young), 0.0062158 secs]
   [Parallel Time: 5.6 ms, GC Workers: 4]
      [GC Worker Start (ms): Min: 2424838.0, Avg: 2424838.0, Max: 2424838.1, Diff: 0.0]
      [Ext Root Scanning (ms): Min: 0.4, Avg: 0.4, Max: 0.5, Diff: 0.1, Sum: 1.8]
      [Update RS (ms): Min: 1.6, Avg: 1.7, Max: 1.8, Diff: 0.1, Sum: 6.8]
         [Processed Buffers: Min: 2, Avg: 12.2, Max: 22, Diff: 20, Sum: 49]
      [Scan RS (ms): Min: 1.3, Avg: 1.3, Max: 1.4, Diff: 0.1, Sum: 5.4]
      [Code Root Scanning (ms): Min: 0.0, Avg: 0.0, Max: 0.0, Diff: 0.0, Sum: 0.0]
      [Object Copy (ms): Min: 1.9, Avg: 2.0, Max: 2.0, Diff: 0.1, Sum: 8.0]
      [Termination (ms): Min: 0.0, Avg: 0.0, Max: 0.0, Diff: 0.0, Sum: 0.0]
         [Termination Attempts: Min: 1, Avg: 1.2, Max: 2, Diff: 1, Sum: 5]
      [GC Worker Other (ms): Min: 0.0, Avg: 0.0, Max: 0.0, Diff: 0.0, Sum: 0.1]
      [GC Worker Total (ms): Min: 5.5, Avg: 5.5, Max: 5.5, Diff: 0.1, Sum: 22.0]
      [GC Worker End (ms): Min: 2424843.5, Avg: 2424843.5, Max: 2424843.5, Diff: 0.0]
   [Code Root Fixup: 0.0 ms]
   [Code Root Purge: 0.0 ms]
   [Clear CT: 0.2 ms]
   [Other: 0.4 ms]
      [Choose CSet: 0.0 ms]
      [Ref Proc: 0.1 ms]
      [Ref Enq: 0.0 ms]
      [Redirty Cards: 0.1 ms]
      [Humongous Register: 0.0 ms]
      [Humongous Reclaim: 0.0 ms]
      [Free CSet: 0.1 ms]
   [Eden: 73.0M(73.0M)->0.0B(73.0M) Survivors: 2048.0K->2048.0K Heap: 226.3M(256.0M)->153.1M(256.0M)]
 [Times: user=0.02 sys=0.00, real=0.01 secs] 
2020-04-16T14:10:01.639+0800: 2444.620: [GC pause (G1 Evacuation Pause) (young) (initial-mark), 0.0089193 secs]
   [Parallel Time: 8.4 ms, GC Workers: 4]
      [GC Worker Start (ms): Min: 2444620.0, Avg: 2444620.0, Max: 2444620.1, Diff: 0.0]
      [Ext Root Scanning (ms): Min: 1.0, Avg: 1.0, Max: 1.0, Diff: 0.0, Sum: 4.0]
      [Update RS (ms): Min: 1.9, Avg: 2.0, Max: 2.2, Diff: 0.2, Sum: 8.2]
         [Processed Buffers: Min: 2, Avg: 11.5, Max: 30, Diff: 28, Sum: 46]
      [Scan RS (ms): Min: 1.9, Avg: 1.9, Max: 2.0, Diff: 0.1, Sum: 7.7]
      [Code Root Scanning (ms): Min: 0.0, Avg: 0.0, Max: 0.0, Diff: 0.0, Sum: 0.0]
      [Object Copy (ms): Min: 3.1, Avg: 3.2, Max: 3.3, Diff: 0.2, Sum: 12.8]
      [Termination (ms): Min: 0.0, Avg: 0.0, Max: 0.0, Diff: 0.0, Sum: 0.0]
         [Termination Attempts: Min: 1, Avg: 1.0, Max: 1, Diff: 0, Sum: 4]
      [GC Worker Other (ms): Min: 0.0, Avg: 0.0, Max: 0.0, Diff: 0.0, Sum: 0.1]
      [GC Worker Total (ms): Min: 8.2, Avg: 8.2, Max: 8.2, Diff: 0.0, Sum: 32.8]
      [GC Worker End (ms): Min: 2444628.2, Avg: 2444628.3, Max: 2444628.3, Diff: 0.0]
   [Code Root Fixup: 0.0 ms]
   [Code Root Purge: 0.0 ms]
   [Clear CT: 0.1 ms]
   [Other: 0.5 ms]
      [Choose CSet: 0.0 ms]
      [Ref Proc: 0.1 ms]
      [Ref Enq: 0.0 ms]
      [Redirty Cards: 0.1 ms]
      [Humongous Register: 0.0 ms]
      [Humongous Reclaim: 0.0 ms]
      [Free CSet: 0.1 ms]
   [Eden: 73.0M(73.0M)->0.0B(73.0M) Survivors: 2048.0K->2048.0K Heap: 226.1M(256.0M)->153.2M(256.0M)]
 [Times: user=0.03 sys=0.00, real=0.01 secs] 
2020-04-16T14:10:01.649+0800: 2444.630: [GC concurrent-root-region-scan-start]
2020-04-16T14:10:01.653+0800: 2444.634: [GC concurrent-root-region-scan-end, 0.0045066 secs]
2020-04-16T14:10:01.653+0800: 2444.634: [GC concurrent-mark-start]
2020-04-16T14:10:01.676+0800: 2444.657: [GC concurrent-mark-end, 0.0226362 secs]
2020-04-16T14:10:01.676+0800: 2444.657: [GC remark 2020-04-16T14:10:01.676+0800: 2444.657: [Finalize Marking, 0.0002347 secs] 2020-04-16T14:10:01.676+0800: 2444.658: [GC ref-proc, 0.0000772 secs] 2020-04-16T14:10:01.676+0800: 2444.658: [Unloading, 0.0059898 secs], 0.0077127 secs]
 [Times: user=0.02 sys=0.00, real=0.01 secs] 
2020-04-16T14:10:01.684+0800: 2444.665: [GC cleanup 154M->154M(256M), 0.0003100 secs]
 [Times: user=0.00 sys=0.01, real=0.00 secs] 
2020-04-16T14:10:21.454+0800: 2464.434: [GC pause (G1 Evacuation Pause) (young), 0.0373891 secs]
   [Parallel Time: 27.3 ms, GC Workers: 4]
      [GC Worker Start (ms): Min: 2464434.3, Avg: 2464438.0, Max: 2464445.2, Diff: 10.9]
      [Ext Root Scanning (ms): Min: 0.0, Avg: 0.4, Max: 1.4, Diff: 1.4, Sum: 1.5]
      [Update RS (ms): Min: 0.0, Avg: 2.6, Max: 3.8, Diff: 3.8, Sum: 10.6]
         [Processed Buffers: Min: 0, Avg: 11.5, Max: 17, Diff: 17, Sum: 46]
      [Scan RS (ms): Min: 0.0, Avg: 2.0, Max: 2.7, Diff: 2.7, Sum: 8.1]
      [Code Root Scanning (ms): Min: 0.0, Avg: 0.0, Max: 0.0, Diff: 0.0, Sum: 0.0]
      [Object Copy (ms): Min: 2.0, Avg: 5.2, Max: 8.8, Diff: 6.8, Sum: 20.6]
      [Termination (ms): Min: 0.0, Avg: 10.1, Max: 13.4, Diff: 13.4, Sum: 40.2]
         [Termination Attempts: Min: 1, Avg: 1.0, Max: 1, Diff: 0, Sum: 4]
      [GC Worker Other (ms): Min: 0.0, Avg: 0.0, Max: 0.0, Diff: 0.0, Sum: 0.1]
      [GC Worker Total (ms): Min: 15.4, Avg: 20.3, Max: 24.8, Diff: 9.4, Sum: 81.1]
      [GC Worker End (ms): Min: 2464451.0, Avg: 2464458.2, Max: 2464460.7, Diff: 9.7]
   [Code Root Fixup: 0.0 ms]
   [Code Root Purge: 0.0 ms]
   [Clear CT: 7.1 ms]
   [Other: 3.0 ms]
      [Choose CSet: 0.0 ms]
      [Ref Proc: 2.5 ms]
      [Ref Enq: 0.0 ms]
      [Redirty Cards: 0.2 ms]
      [Humongous Register: 0.0 ms]
      [Humongous Reclaim: 0.0 ms]
      [Free CSet: 0.1 ms]
   [Eden: 73.0M(73.0M)->0.0B(9216.0K) Survivors: 2048.0K->3072.0K Heap: 226.2M(256.0M)->154.3M(256.0M)]
 [Times: user=0.03 sys=0.00, real=0.04 secs] 
2020-04-16T14:10:23.898+0800: 2466.878: [GC pause (G1 Evacuation Pause) (mixed), 0.0104568 secs]
   [Parallel Time: 9.9 ms, GC Workers: 4]
      [GC Worker Start (ms): Min: 2466878.3, Avg: 2466879.2, Max: 2466881.6, Diff: 3.3]
      [Ext Root Scanning (ms): Min: 0.0, Avg: 0.7, Max: 1.0, Diff: 1.0, Sum: 2.9]
      [Update RS (ms): Min: 0.0, Avg: 1.7, Max: 2.4, Diff: 2.4, Sum: 6.7]
         [Processed Buffers: Min: 0, Avg: 7.8, Max: 15, Diff: 15, Sum: 31]
      [Scan RS (ms): Min: 2.2, Avg: 2.4, Max: 2.4, Diff: 0.2, Sum: 9.5]
      [Code Root Scanning (ms): Min: 0.0, Avg: 0.0, Max: 0.1, Diff: 0.1, Sum: 0.1]
      [Object Copy (ms): Min: 4.0, Avg: 4.1, Max: 4.2, Diff: 0.1, Sum: 16.5]
      [Termination (ms): Min: 0.0, Avg: 0.0, Max: 0.0, Diff: 0.0, Sum: 0.0]
         [Termination Attempts: Min: 1, Avg: 1.0, Max: 1, Diff: 0, Sum: 4]
      [GC Worker Other (ms): Min: 0.0, Avg: 0.0, Max: 0.0, Diff: 0.0, Sum: 0.1]
      [GC Worker Total (ms): Min: 6.5, Avg: 8.9, Max: 9.8, Diff: 3.3, Sum: 35.7]
      [GC Worker End (ms): Min: 2466888.1, Avg: 2466888.1, Max: 2466888.1, Diff: 0.0]
   [Code Root Fixup: 0.0 ms]
   [Code Root Purge: 0.0 ms]
   [Clear CT: 0.1 ms]
   [Other: 0.4 ms]
      [Choose CSet: 0.0 ms]
      [Ref Proc: 0.1 ms]
      [Ref Enq: 0.0 ms]
      [Redirty Cards: 0.1 ms]
      [Humongous Register: 0.0 ms]
      [Humongous Reclaim: 0.0 ms]
      [Free CSet: 0.0 ms]
   [Eden: 9216.0K(9216.0K)->0.0B(74.0M) Survivors: 3072.0K->2048.0K Heap: 163.3M(256.0M)->153.0M(256.0M)]
 [Times: user=0.04 sys=0.00, real=0.01 secs] 
2020-04-16T14:10:43.914+0800: 2486.894: [GC pause (G1 Evacuation Pause) (young), 0.0070535 secs]
   [Parallel Time: 6.6 ms, GC Workers: 4]
      [GC Worker Start (ms): Min: 2486894.1, Avg: 2486894.1, Max: 2486894.2, Diff: 0.0]
      [Ext Root Scanning (ms): Min: 0.4, Avg: 0.4, Max: 0.5, Diff: 0.1, Sum: 1.8]
      [Update RS (ms): Min: 2.0, Avg: 2.1, Max: 2.2, Diff: 0.3, Sum: 8.4]
         [Processed Buffers: Min: 4, Avg: 11.8, Max: 26, Diff: 22, Sum: 47]
      [Scan RS (ms): Min: 1.4, Avg: 1.5, Max: 1.6, Diff: 0.2, Sum: 5.9]
      [Code Root Scanning (ms): Min: 0.0, Avg: 0.0, Max: 0.0, Diff: 0.0, Sum: 0.0]
      [Object Copy (ms): Min: 2.4, Avg: 2.5, Max: 2.5, Diff: 0.1, Sum: 9.9]
      [Termination (ms): Min: 0.0, Avg: 0.0, Max: 0.0, Diff: 0.0, Sum: 0.0]
         [Termination Attempts: Min: 1, Avg: 1.0, Max: 1, Diff: 0, Sum: 4]
      [GC Worker Other (ms): Min: 0.0, Avg: 0.0, Max: 0.0, Diff: 0.0, Sum: 0.1]
      [GC Worker Total (ms): Min: 6.5, Avg: 6.5, Max: 6.5, Diff: 0.0, Sum: 26.0]
      [GC Worker End (ms): Min: 2486900.6, Avg: 2486900.7, Max: 2486900.7, Diff: 0.0]
   [Code Root Fixup: 0.0 ms]
   [Code Root Purge: 0.0 ms]
   [Clear CT: 0.1 ms]
   [Other: 0.4 ms]
      [Choose CSet: 0.0 ms]
      [Ref Proc: 0.1 ms]
      [Ref Enq: 0.0 ms]
      [Redirty Cards: 0.1 ms]
      [Humongous Register: 0.0 ms]
      [Humongous Reclaim: 0.0 ms]
      [Free CSet: 0.1 ms]
   [Eden: 74.0M(74.0M)->0.0B(74.0M) Survivors: 2048.0K->2048.0K Heap: 227.0M(256.0M)->152.5M(256.0M)]
 [Times: user=0.03 sys=0.00, real=0.01 secs] 
2020-04-16T14:11:04.017+0800: 2506.997: [GC pause (G1 Evacuation Pause) (young) (initial-mark), 0.0122138 secs]
   [Parallel Time: 10.8 ms, GC Workers: 4]
      [GC Worker Start (ms): Min: 2506997.5, Avg: 2506998.0, Max: 2506998.7, Diff: 1.2]
      [Ext Root Scanning (ms): Min: 0.1, Avg: 1.1, Max: 2.4, Diff: 2.2, Sum: 4.4]
      [Update RS (ms): Min: 1.4, Avg: 2.3, Max: 2.7, Diff: 1.2, Sum: 9.2]
         [Processed Buffers: Min: 1, Avg: 10.8, Max: 15, Diff: 14, Sum: 43]
      [Scan RS (ms): Min: 1.8, Avg: 1.9, Max: 2.1, Diff: 0.3, Sum: 7.7]
      [Code Root Scanning (ms): Min: 0.0, Avg: 0.0, Max: 0.0, Diff: 0.0, Sum: 0.0]
      [Object Copy (ms): Min: 4.6, Avg: 4.7, Max: 4.7, Diff: 0.1, Sum: 18.6]
      [Termination (ms): Min: 0.0, Avg: 0.0, Max: 0.0, Diff: 0.0, Sum: 0.0]
         [Termination Attempts: Min: 1, Avg: 1.2, Max: 2, Diff: 1, Sum: 5]
      [GC Worker Other (ms): Min: 0.0, Avg: 0.1, Max: 0.1, Diff: 0.1, Sum: 0.3]
      [GC Worker Total (ms): Min: 9.3, Avg: 10.1, Max: 10.6, Diff: 1.3, Sum: 40.2]
      [GC Worker End (ms): Min: 2507008.0, Avg: 2507008.0, Max: 2507008.1, Diff: 0.1]
   [Code Root Fixup: 0.0 ms]
   [Code Root Purge: 0.0 ms]
   [Clear CT: 0.1 ms]
   [Other: 1.3 ms]
      [Choose CSet: 0.0 ms]
      [Ref Proc: 0.7 ms]
      [Ref Enq: 0.0 ms]
      [Redirty Cards: 0.0 ms]
      [Humongous Register: 0.1 ms]
      [Humongous Reclaim: 0.0 ms]
      [Free CSet: 0.1 ms]
   [Eden: 74.0M(74.0M)->0.0B(72.0M) Survivors: 2048.0K->3072.0K Heap: 226.5M(256.0M)->153.4M(256.0M)]
 [Times: user=0.03 sys=0.00, real=0.02 secs] 
2020-04-16T14:11:04.031+0800: 2507.010: [GC concurrent-root-region-scan-start]
2020-04-16T14:11:04.038+0800: 2507.018: [GC concurrent-root-region-scan-end, 0.0074058 secs]
2020-04-16T14:11:04.038+0800: 2507.018: [GC concurrent-mark-start]
2020-04-16T14:11:04.062+0800: 2507.042: [GC concurrent-mark-end, 0.0240881 secs]
2020-04-16T14:11:04.063+0800: 2507.042: [GC remark 2020-04-16T14:11:04.063+0800: 2507.042: [Finalize Marking, 0.0002280 secs] 2020-04-16T14:11:04.063+0800: 2507.042: [GC ref-proc, 0.0000773 secs] 2020-04-16T14:11:04.063+0800: 2507.042: [Unloading, 0.0059895 secs], 0.0089718 secs]
 [Times: user=0.02 sys=0.00, real=0.01 secs] 
2020-04-16T14:11:04.072+0800: 2507.051: [GC cleanup 154M->154M(256M), 0.0004980 secs]
 [Times: user=0.00 sys=0.00, real=0.00 secs] 
2020-04-16T14:11:23.582+0800: 2526.561: [GC pause (G1 Evacuation Pause) (young), 0.0135205 secs]
   [Parallel Time: 12.4 ms, GC Workers: 4]
      [GC Worker Start (ms): Min: 2526561.1, Avg: 2526563.1, Max: 2526567.3, Diff: 6.2]
      [Ext Root Scanning (ms): Min: 0.0, Avg: 1.8, Max: 5.7, Diff: 5.6, Sum: 7.2]
      [Update RS (ms): Min: 0.0, Avg: 2.3, Max: 4.7, Diff: 4.7, Sum: 9.3]
         [Processed Buffers: Min: 0, Avg: 10.5, Max: 22, Diff: 22, Sum: 42]
      [Scan RS (ms): Min: 1.8, Avg: 1.9, Max: 2.0, Diff: 0.2, Sum: 7.5]
      [Code Root Scanning (ms): Min: 0.0, Avg: 0.0, Max: 0.0, Diff: 0.0, Sum: 0.0]
      [Object Copy (ms): Min: 4.1, Avg: 4.2, Max: 4.2, Diff: 0.1, Sum: 16.6]
      [Termination (ms): Min: 0.0, Avg: 0.0, Max: 0.0, Diff: 0.0, Sum: 0.0]
         [Termination Attempts: Min: 1, Avg: 1.0, Max: 1, Diff: 0, Sum: 4]
      [GC Worker Other (ms): Min: 0.0, Avg: 0.0, Max: 0.1, Diff: 0.0, Sum: 0.2]
      [GC Worker Total (ms): Min: 6.0, Avg: 10.2, Max: 12.2, Diff: 6.2, Sum: 40.8]
      [GC Worker End (ms): Min: 2526573.3, Avg: 2526573.3, Max: 2526573.3, Diff: 0.0]
   [Code Root Fixup: 0.0 ms]
   [Code Root Purge: 0.0 ms]
   [Clear CT: 0.1 ms]
   [Other: 1.0 ms]
      [Choose CSet: 0.0 ms]
      [Ref Proc: 0.5 ms]
      [Ref Enq: 0.0 ms]
      [Redirty Cards: 0.1 ms]
      [Humongous Register: 0.0 ms]
      [Humongous Reclaim: 0.0 ms]
      [Free CSet: 0.1 ms]
   [Eden: 72.0M(72.0M)->0.0B(7168.0K) Survivors: 3072.0K->5120.0K Heap: 225.4M(256.0M)->155.4M(256.0M)]
 [Times: user=0.03 sys=0.00, real=0.01 secs] 
2020-04-16T14:11:25.519+0800: 2528.498: [GC pause (G1 Evacuation Pause) (mixed), 0.0125725 secs]
   [Parallel Time: 11.0 ms, GC Workers: 4]
      [GC Worker Start (ms): Min: 2528497.8, Avg: 2528500.0, Max: 2528503.0, Diff: 5.2]
      [Ext Root Scanning (ms): Min: 0.0, Avg: 0.4, Max: 1.2, Diff: 1.2, Sum: 1.5]
      [Update RS (ms): Min: 0.0, Avg: 0.6, Max: 1.7, Diff: 1.7, Sum: 2.6]
         [Processed Buffers: Min: 0, Avg: 7.2, Max: 20, Diff: 20, Sum: 29]
      [Scan RS (ms): Min: 0.0, Avg: 1.6, Max: 2.1, Diff: 2.1, Sum: 6.3]
      [Code Root Scanning (ms): Min: 0.0, Avg: 0.0, Max: 0.0, Diff: 0.0, Sum: 0.0]
      [Object Copy (ms): Min: 5.7, Avg: 6.2, Max: 7.1, Diff: 1.5, Sum: 24.7]
      [Termination (ms): Min: 0.0, Avg: 0.1, Max: 0.1, Diff: 0.1, Sum: 0.3]
         [Termination Attempts: Min: 1, Avg: 1.5, Max: 2, Diff: 1, Sum: 6]
      [GC Worker Other (ms): Min: 0.0, Avg: 0.0, Max: 0.0, Diff: 0.0, Sum: 0.1]
      [GC Worker Total (ms): Min: 5.8, Avg: 8.9, Max: 11.0, Diff: 5.2, Sum: 35.4]
      [GC Worker End (ms): Min: 2528508.8, Avg: 2528508.8, Max: 2528508.8, Diff: 0.0]
   [Code Root Fixup: 0.0 ms]
   [Code Root Purge: 0.0 ms]
   [Clear CT: 0.1 ms]
   [Other: 1.5 ms]
      [Choose CSet: 0.0 ms]
      [Ref Proc: 0.2 ms]
      [Ref Enq: 0.0 ms]
      [Redirty Cards: 1.0 ms]
      [Humongous Register: 0.0 ms]
      [Humongous Reclaim: 0.0 ms]
      [Free CSet: 0.0 ms]
   [Eden: 7168.0K(7168.0K)->0.0B(73.0M) Survivors: 5120.0K->2048.0K Heap: 162.4M(256.0M)->153.6M(256.0M)]
 [Times: user=0.03 sys=0.00, real=0.02 secs] 
2020-04-16T14:11:46.081+0800: 2549.059: [GC pause (G1 Evacuation Pause) (young), 0.0077901 secs]
   [Parallel Time: 7.2 ms, GC Workers: 4]
      [GC Worker Start (ms): Min: 2549058.9, Avg: 2549059.4, Max: 2549059.5, Diff: 0.6]
      [Ext Root Scanning (ms): Min: 0.7, Avg: 0.9, Max: 1.3, Diff: 0.6, Sum: 3.4]
      [Update RS (ms): Min: 2.0, Avg: 2.2, Max: 2.3, Diff: 0.2, Sum: 8.6]
         [Processed Buffers: Min: 2, Avg: 10.8, Max: 20, Diff: 18, Sum: 43]
      [Scan RS (ms): Min: 1.6, Avg: 1.7, Max: 1.8, Diff: 0.2, Sum: 6.9]
      [Code Root Scanning (ms): Min: 0.0, Avg: 0.0, Max: 0.0, Diff: 0.0, Sum: 0.0]
      [Object Copy (ms): Min: 1.9, Avg: 1.9, Max: 2.0, Diff: 0.0, Sum: 7.8]
      [Termination (ms): Min: 0.0, Avg: 0.0, Max: 0.0, Diff: 0.0, Sum: 0.0]
         [Termination Attempts: Min: 1, Avg: 1.0, Max: 1, Diff: 0, Sum: 4]
      [GC Worker Other (ms): Min: 0.0, Avg: 0.0, Max: 0.0, Diff: 0.0, Sum: 0.1]
      [GC Worker Total (ms): Min: 6.5, Avg: 6.7, Max: 7.1, Diff: 0.6, Sum: 26.8]
      [GC Worker End (ms): Min: 2549066.1, Avg: 2549066.1, Max: 2549066.1, Diff: 0.0]
   [Code Root Fixup: 0.0 ms]
   [Code Root Purge: 0.0 ms]
   [Clear CT: 0.1 ms]
   [Other: 0.5 ms]
      [Choose CSet: 0.0 ms]
      [Ref Proc: 0.1 ms]
      [Ref Enq: 0.0 ms]
      [Redirty Cards: 0.1 ms]
      [Humongous Register: 0.0 ms]
      [Humongous Reclaim: 0.0 ms]
      [Free CSet: 0.1 ms]
   [Eden: 73.0M(73.0M)->0.0B(73.0M) Survivors: 2048.0K->2048.0K Heap: 226.6M(256.0M)->152.8M(256.0M)]
 [Times: user=0.03 sys=0.00, real=0.01 secs] 
2020-04-16T14:12:06.450+0800: 2569.427: [GC pause (G1 Evacuation Pause) (young) (initial-mark), 0.0308945 secs]
   [Parallel Time: 29.2 ms, GC Workers: 4]
      [GC Worker Start (ms): Min: 2569429.2, Avg: 2569429.9, Max: 2569430.7, Diff: 1.6]
      [Ext Root Scanning (ms): Min: 1.5, Avg: 12.6, Max: 27.0, Diff: 25.5, Sum: 50.3]
      [Update RS (ms): Min: 0.0, Avg: 4.3, Max: 12.0, Diff: 12.0, Sum: 17.2]
         [Processed Buffers: Min: 0, Avg: 11.0, Max: 32, Diff: 32, Sum: 44]
      [Scan RS (ms): Min: 0.0, Avg: 3.1, Max: 4.5, Diff: 4.5, Sum: 12.5]
      [Code Root Scanning (ms): Min: 0.0, Avg: 0.0, Max: 0.0, Diff: 0.0, Sum: 0.0]
      [Object Copy (ms): Min: 0.1, Avg: 6.5, Max: 8.9, Diff: 8.9, Sum: 26.2]
      [Termination (ms): Min: 0.0, Avg: 0.7, Max: 1.3, Diff: 1.3, Sum: 2.9]
         [Termination Attempts: Min: 1, Avg: 1.0, Max: 1, Diff: 0, Sum: 4]
      [GC Worker Other (ms): Min: 0.0, Avg: 0.0, Max: 0.0, Diff: 0.0, Sum: 0.1]
      [GC Worker Total (ms): Min: 26.3, Avg: 27.3, Max: 28.5, Diff: 2.1, Sum: 109.1]
      [GC Worker End (ms): Min: 2569456.6, Avg: 2569457.1, Max: 2569457.6, Diff: 1.0]
   [Code Root Fixup: 0.0 ms]
   [Code Root Purge: 0.0 ms]
   [Clear CT: 0.1 ms]
   [Other: 1.6 ms]
      [Choose CSet: 0.0 ms]
      [Ref Proc: 0.2 ms]
      [Ref Enq: 0.0 ms]
      [Redirty Cards: 0.1 ms]
      [Humongous Register: 0.0 ms]
      [Humongous Reclaim: 0.0 ms]
      [Free CSet: 0.1 ms]
   [Eden: 73.0M(73.0M)->0.0B(33.0M) Survivors: 2048.0K->3072.0K Heap: 225.8M(256.0M)->153.7M(256.0M)]
 [Times: user=0.03 sys=0.01, real=0.03 secs] 
2020-04-16T14:12:06.482+0800: 2569.460: [GC concurrent-root-region-scan-start]
2020-04-16T14:12:06.492+0800: 2569.469: [GC concurrent-root-region-scan-end, 0.0096148 secs]
2020-04-16T14:12:06.492+0800: 2569.469: [GC concurrent-mark-start]
2020-04-16T14:12:06.554+0800: 2569.531: [GC concurrent-mark-end, 0.0619428 secs]
2020-04-16T14:12:06.554+0800: 2569.531: [GC remark 2020-04-16T14:12:06.554+0800: 2569.532: [Finalize Marking, 0.0002990 secs] 2020-04-16T14:12:06.554+0800: 2569.532: [GC ref-proc, 0.0001050 secs] 2020-04-16T14:12:06.555+0800: 2569.532: [Unloading, 0.0066592 secs], 0.0085454 secs]
 [Times: user=0.03 sys=0.00, real=0.01 secs] 
2020-04-16T14:12:06.563+0800: 2569.540: [GC cleanup 154M->154M(256M), 0.0003281 secs]
 [Times: user=0.00 sys=0.00, real=0.00 secs] 
2020-04-16T14:12:15.798+0800: 2578.775: [GC pause (G1 Evacuation Pause) (young), 0.0086721 secs]
   [Parallel Time: 8.1 ms, GC Workers: 4]
      [GC Worker Start (ms): Min: 2578775.2, Avg: 2578775.2, Max: 2578775.2, Diff: 0.0]
      [Ext Root Scanning (ms): Min: 0.4, Avg: 0.4, Max: 0.4, Diff: 0.0, Sum: 1.6]
      [Update RS (ms): Min: 0.8, Avg: 1.0, Max: 1.2, Diff: 0.4, Sum: 4.1]
         [Processed Buffers: Min: 1, Avg: 10.0, Max: 18, Diff: 17, Sum: 40]
      [Scan RS (ms): Min: 2.2, Avg: 2.8, Max: 4.2, Diff: 2.0, Sum: 11.3]
      [Code Root Scanning (ms): Min: 0.0, Avg: 0.0, Max: 0.0, Diff: 0.0, Sum: 0.0]
      [Object Copy (ms): Min: 2.3, Avg: 3.7, Max: 4.3, Diff: 1.9, Sum: 15.0]
      [Termination (ms): Min: 0.0, Avg: 0.0, Max: 0.0, Diff: 0.0, Sum: 0.0]
         [Termination Attempts: Min: 1, Avg: 1.0, Max: 1, Diff: 0, Sum: 4]
      [GC Worker Other (ms): Min: 0.0, Avg: 0.0, Max: 0.0, Diff: 0.0, Sum: 0.1]
      [GC Worker Total (ms): Min: 8.0, Avg: 8.0, Max: 8.0, Diff: 0.0, Sum: 32.0]
      [GC Worker End (ms): Min: 2578783.2, Avg: 2578783.2, Max: 2578783.2, Diff: 0.0]
   [Code Root Fixup: 0.0 ms]
   [Code Root Purge: 0.0 ms]
   [Clear CT: 0.1 ms]
   [Other: 0.5 ms]
      [Choose CSet: 0.0 ms]
      [Ref Proc: 0.3 ms]
      [Ref Enq: 0.0 ms]
      [Redirty Cards: 0.1 ms]
      [Humongous Register: 0.0 ms]
      [Humongous Reclaim: 0.0 ms]
      [Free CSet: 0.0 ms]
   [Eden: 33.0M(33.0M)->0.0B(9216.0K) Survivors: 3072.0K->3072.0K Heap: 186.7M(256.0M)->154.2M(256.0M)]
 [Times: user=0.03 sys=0.00, real=0.01 secs] 
2020-04-16T14:12:18.320+0800: 2581.297: [GC pause (G1 Evacuation Pause) (mixed), 0.0101255 secs]
   [Parallel Time: 9.5 ms, GC Workers: 4]
      [GC Worker Start (ms): Min: 2581297.1, Avg: 2581297.1, Max: 2581297.1, Diff: 0.0]
      [Ext Root Scanning (ms): Min: 0.8, Avg: 0.8, Max: 0.9, Diff: 0.1, Sum: 3.2]
      [Update RS (ms): Min: 0.9, Avg: 1.4, Max: 1.7, Diff: 0.7, Sum: 5.6]
         [Processed Buffers: Min: 2, Avg: 7.8, Max: 11, Diff: 9, Sum: 31]
      [Scan RS (ms): Min: 2.1, Avg: 2.3, Max: 2.4, Diff: 0.3, Sum: 9.3]
      [Code Root Scanning (ms): Min: 0.0, Avg: 0.0, Max: 0.1, Diff: 0.1, Sum: 0.1]
      [Object Copy (ms): Min: 4.7, Avg: 4.9, Max: 5.4, Diff: 0.7, Sum: 19.5]
      [Termination (ms): Min: 0.0, Avg: 0.0, Max: 0.0, Diff: 0.0, Sum: 0.0]
         [Termination Attempts: Min: 1, Avg: 1.0, Max: 1, Diff: 0, Sum: 4]
      [GC Worker Other (ms): Min: 0.0, Avg: 0.0, Max: 0.0, Diff: 0.0, Sum: 0.1]
      [GC Worker Total (ms): Min: 9.4, Avg: 9.4, Max: 9.5, Diff: 0.0, Sum: 37.7]
      [GC Worker End (ms): Min: 2581306.5, Avg: 2581306.5, Max: 2581306.5, Diff: 0.0]
   [Code Root Fixup: 0.0 ms]
   [Code Root Purge: 0.0 ms]
   [Clear CT: 0.1 ms]
   [Other: 0.5 ms]
      [Choose CSet: 0.0 ms]
      [Ref Proc: 0.2 ms]
      [Ref Enq: 0.0 ms]
      [Redirty Cards: 0.1 ms]
      [Humongous Register: 0.0 ms]
      [Humongous Reclaim: 0.0 ms]
      [Free CSet: 0.0 ms]
   [Eden: 9216.0K(9216.0K)->0.0B(74.0M) Survivors: 3072.0K->2048.0K Heap: 163.2M(256.0M)->152.4M(256.0M)]
 [Times: user=0.04 sys=0.00, real=0.01 secs] 
2020-04-16T14:12:40.318+0800: 2603.294: [GC pause (G1 Evacuation Pause) (young), 0.0105428 secs]
   [Parallel Time: 10.0 ms, GC Workers: 4]
      [GC Worker Start (ms): Min: 2603294.3, Avg: 2603294.4, Max: 2603294.6, Diff: 0.2]
      [Ext Root Scanning (ms): Min: 0.4, Avg: 0.7, Max: 1.2, Diff: 0.9, Sum: 2.8]
      [Update RS (ms): Min: 1.0, Avg: 1.6, Max: 1.8, Diff: 0.8, Sum: 6.4]
         [Processed Buffers: Min: 5, Avg: 11.2, Max: 19, Diff: 14, Sum: 45]
      [Scan RS (ms): Min: 2.4, Avg: 2.5, Max: 2.6, Diff: 0.2, Sum: 10.0]
      [Code Root Scanning (ms): Min: 0.0, Avg: 0.0, Max: 0.0, Diff: 0.0, Sum: 0.0]
      [Object Copy (ms): Min: 4.8, Avg: 4.9, Max: 5.0, Diff: 0.1, Sum: 19.6]
      [Termination (ms): Min: 0.0, Avg: 0.1, Max: 0.1, Diff: 0.1, Sum: 0.4]
         [Termination Attempts: Min: 1, Avg: 1.0, Max: 1, Diff: 0, Sum: 4]
      [GC Worker Other (ms): Min: 0.0, Avg: 0.0, Max: 0.0, Diff: 0.0, Sum: 0.1]
      [GC Worker Total (ms): Min: 9.7, Avg: 9.8, Max: 9.9, Diff: 0.2, Sum: 39.3]
      [GC Worker End (ms): Min: 2603304.2, Avg: 2603304.2, Max: 2603304.3, Diff: 0.0]
   [Code Root Fixup: 0.0 ms]
   [Code Root Purge: 0.0 ms]
   [Clear CT: 0.0 ms]
   [Other: 0.5 ms]
      [Choose CSet: 0.0 ms]
      [Ref Proc: 0.2 ms]
      [Ref Enq: 0.0 ms]
      [Redirty Cards: 0.0 ms]
      [Humongous Register: 0.0 ms]
      [Humongous Reclaim: 0.0 ms]
      [Free CSet: 0.1 ms]
   [Eden: 74.0M(74.0M)->0.0B(68.0M) Survivors: 2048.0K->5120.0K Heap: 226.4M(256.0M)->155.1M(256.0M)]
 [Times: user=0.04 sys=0.00, real=0.01 secs] 
2020-04-16T14:12:59.251+0800: 2622.226: [GC pause (G1 Evacuation Pause) (young) (initial-mark), 0.0121144 secs]
   [Parallel Time: 11.5 ms, GC Workers: 4]
      [GC Worker Start (ms): Min: 2622226.6, Avg: 2622226.8, Max: 2622227.1, Diff: 0.5]
      [Ext Root Scanning (ms): Min: 0.7, Avg: 1.0, Max: 1.2, Diff: 0.5, Sum: 3.8]
      [Update RS (ms): Min: 1.6, Avg: 1.7, Max: 1.8, Diff: 0.2, Sum: 6.9]
         [Processed Buffers: Min: 6, Avg: 11.2, Max: 21, Diff: 15, Sum: 45]
      [Scan RS (ms): Min: 2.5, Avg: 2.7, Max: 3.1, Diff: 0.6, Sum: 10.8]
      [Code Root Scanning (ms): Min: 0.0, Avg: 0.0, Max: 0.0, Diff: 0.0, Sum: 0.0]
      [Object Copy (ms): Min: 5.3, Avg: 5.7, Max: 5.9, Diff: 0.6, Sum: 22.7]
      [Termination (ms): Min: 0.0, Avg: 0.2, Max: 0.3, Diff: 0.3, Sum: 0.6]
         [Termination Attempts: Min: 1, Avg: 3.5, Max: 8, Diff: 7, Sum: 14]
      [GC Worker Other (ms): Min: 0.0, Avg: 0.0, Max: 0.0, Diff: 0.0, Sum: 0.0]
      [GC Worker Total (ms): Min: 11.0, Avg: 11.2, Max: 11.4, Diff: 0.4, Sum: 44.9]
      [GC Worker End (ms): Min: 2622238.0, Avg: 2622238.0, Max: 2622238.0, Diff: 0.0]
   [Code Root Fixup: 0.0 ms]
   [Code Root Purge: 0.0 ms]
   [Clear CT: 0.0 ms]
   [Other: 0.6 ms]
      [Choose CSet: 0.0 ms]
      [Ref Proc: 0.3 ms]
      [Ref Enq: 0.0 ms]
      [Redirty Cards: 0.1 ms]
      [Humongous Register: 0.0 ms]
      [Humongous Reclaim: 0.0 ms]
      [Free CSet: 0.1 ms]
   [Eden: 68.0M(68.0M)->0.0B(70.0M) Survivors: 5120.0K->4096.0K Heap: 223.1M(256.0M)->153.9M(256.0M)]
 [Times: user=0.04 sys=0.00, real=0.01 secs] 
2020-04-16T14:12:59.263+0800: 2622.239: [GC concurrent-root-region-scan-start]
2020-04-16T14:12:59.270+0800: 2622.246: [GC concurrent-root-region-scan-end, 0.0065245 secs]
2020-04-16T14:12:59.270+0800: 2622.246: [GC concurrent-mark-start]
2020-04-16T14:12:59.298+0800: 2622.274: [GC concurrent-mark-end, 0.0279496 secs]
2020-04-16T14:12:59.298+0800: 2622.274: [GC remark 2020-04-16T14:12:59.298+0800: 2622.274: [Finalize Marking, 0.0002442 secs] 2020-04-16T14:12:59.298+0800: 2622.274: [GC ref-proc, 0.0000805 secs] 2020-04-16T14:12:59.298+0800: 2622.274: [Unloading, 0.0056777 secs], 0.0074999 secs]
 [Times: user=0.02 sys=0.00, real=0.01 secs] 
2020-04-16T14:12:59.306+0800: 2622.281: [GC cleanup 155M->155M(256M), 0.0003871 secs]
 [Times: user=0.00 sys=0.00, real=0.00 secs] 
2020-04-16T14:13:45.362+0800: 2668.337: [GC pause (G1 Evacuation Pause) (young), 0.0101297 secs]
   [Parallel Time: 9.6 ms, GC Workers: 4]
      [GC Worker Start (ms): Min: 2668337.0, Avg: 2668337.0, Max: 2668337.0, Diff: 0.0]
      [Ext Root Scanning (ms): Min: 0.4, Avg: 0.4, Max: 0.5, Diff: 0.1, Sum: 1.6]
      [Update RS (ms): Min: 1.5, Avg: 1.6, Max: 1.7, Diff: 0.2, Sum: 6.3]
         [Processed Buffers: Min: 2, Avg: 10.5, Max: 20, Diff: 18, Sum: 42]
      [Scan RS (ms): Min: 2.1, Avg: 2.2, Max: 2.4, Diff: 0.2, Sum: 8.8]
      [Code Root Scanning (ms): Min: 0.0, Avg: 0.0, Max: 0.0, Diff: 0.0, Sum: 0.0]
      [Object Copy (ms): Min: 5.3, Avg: 5.3, Max: 5.3, Diff: 0.0, Sum: 21.1]
      [Termination (ms): Min: 0.0, Avg: 0.0, Max: 0.0, Diff: 0.0, Sum: 0.0]
         [Termination Attempts: Min: 1, Avg: 1.0, Max: 1, Diff: 0, Sum: 4]
      [GC Worker Other (ms): Min: 0.0, Avg: 0.0, Max: 0.1, Diff: 0.1, Sum: 0.2]
      [GC Worker Total (ms): Min: 9.5, Avg: 9.5, Max: 9.5, Diff: 0.0, Sum: 38.1]
      [GC Worker End (ms): Min: 2668346.5, Avg: 2668346.5, Max: 2668346.6, Diff: 0.1]
   [Code Root Fixup: 0.0 ms]
   [Code Root Purge: 0.0 ms]
   [Clear CT: 0.1 ms]
   [Other: 0.4 ms]
      [Choose CSet: 0.0 ms]
      [Ref Proc: 0.2 ms]
      [Ref Enq: 0.0 ms]
      [Redirty Cards: 0.1 ms]
      [Humongous Register: 0.0 ms]
      [Humongous Reclaim: 0.0 ms]
      [Free CSet: 0.1 ms]
   [Eden: 70.0M(70.0M)->0.0B(8192.0K) Survivors: 4096.0K->4096.0K Heap: 223.9M(256.0M)->154.4M(256.0M)]
 [Times: user=0.04 sys=0.00, real=0.01 secs] 
2020-04-16T14:13:47.511+0800: 2670.486: [GC pause (G1 Evacuation Pause) (mixed), 0.0150047 secs]
   [Parallel Time: 14.3 ms, GC Workers: 4]
      [GC Worker Start (ms): Min: 2670486.3, Avg: 2670487.5, Max: 2670490.8, Diff: 4.5]
      [Ext Root Scanning (ms): Min: 0.0, Avg: 0.5, Max: 0.7, Diff: 0.7, Sum: 1.9]
      [Update RS (ms): Min: 0.0, Avg: 1.8, Max: 2.4, Diff: 2.4, Sum: 7.0]
         [Processed Buffers: Min: 0, Avg: 7.0, Max: 14, Diff: 14, Sum: 28]
      [Scan RS (ms): Min: 0.6, Avg: 1.6, Max: 2.0, Diff: 1.4, Sum: 6.5]
      [Code Root Scanning (ms): Min: 0.0, Avg: 0.0, Max: 0.0, Diff: 0.0, Sum: 0.0]
      [Object Copy (ms): Min: 9.0, Avg: 9.0, Max: 9.1, Diff: 0.1, Sum: 36.1]
      [Termination (ms): Min: 0.0, Avg: 0.0, Max: 0.0, Diff: 0.0, Sum: 0.0]
         [Termination Attempts: Min: 1, Avg: 1.0, Max: 1, Diff: 0, Sum: 4]
      [GC Worker Other (ms): Min: 0.0, Avg: 0.0, Max: 0.0, Diff: 0.0, Sum: 0.1]
      [GC Worker Total (ms): Min: 9.6, Avg: 12.9, Max: 14.1, Diff: 4.5, Sum: 51.6]
      [GC Worker End (ms): Min: 2670500.4, Avg: 2670500.4, Max: 2670500.4, Diff: 0.0]
   [Code Root Fixup: 0.0 ms]
   [Code Root Purge: 0.0 ms]
   [Clear CT: 0.1 ms]
   [Other: 0.6 ms]
      [Choose CSet: 0.0 ms]
      [Ref Proc: 0.2 ms]
      [Ref Enq: 0.0 ms]
      [Redirty Cards: 0.1 ms]
      [Humongous Register: 0.0 ms]
      [Humongous Reclaim: 0.0 ms]
      [Free CSet: 0.0 ms]
   [Eden: 8192.0K(8192.0K)->0.0B(73.0M) Survivors: 4096.0K->2048.0K Heap: 162.4M(256.0M)->153.6M(256.0M)]
 [Times: user=0.04 sys=0.00, real=0.01 secs] 
2020-04-16T14:14:07.204+0800: 2690.178: [GC pause (G1 Evacuation Pause) (young), 0.0318966 secs]
   [Parallel Time: 21.0 ms, GC Workers: 4]
      [GC Worker Start (ms): Min: 2690178.1, Avg: 2690178.2, Max: 2690178.2, Diff: 0.1]
      [Ext Root Scanning (ms): Min: 0.4, Avg: 0.4, Max: 0.5, Diff: 0.1, Sum: 1.6]
      [Update RS (ms): Min: 2.4, Avg: 2.5, Max: 2.8, Diff: 0.5, Sum: 10.2]
         [Processed Buffers: Min: 2, Avg: 12.0, Max: 27, Diff: 25, Sum: 48]
      [Scan RS (ms): Min: 2.3, Avg: 2.6, Max: 2.7, Diff: 0.4, Sum: 10.2]
      [Code Root Scanning (ms): Min: 0.0, Avg: 0.0, Max: 0.0, Diff: 0.0, Sum: 0.0]
      [Object Copy (ms): Min: 5.2, Avg: 5.3, Max: 5.4, Diff: 0.1, Sum: 21.1]
      [Termination (ms): Min: 0.0, Avg: 7.6, Max: 10.1, Diff: 10.1, Sum: 30.3]
         [Termination Attempts: Min: 1, Avg: 1.5, Max: 3, Diff: 2, Sum: 6]
      [GC Worker Other (ms): Min: 0.0, Avg: 0.0, Max: 0.0, Diff: 0.0, Sum: 0.1]
      [GC Worker Total (ms): Min: 10.8, Avg: 18.4, Max: 20.9, Diff: 10.1, Sum: 73.5]
      [GC Worker End (ms): Min: 2690189.0, Avg: 2690196.5, Max: 2690199.0, Diff: 10.0]
   [Code Root Fixup: 0.0 ms]
   [Code Root Purge: 0.0 ms]
   [Clear CT: 0.1 ms]
   [Other: 10.8 ms]
      [Choose CSet: 0.0 ms]
      [Ref Proc: 10.3 ms]
      [Ref Enq: 0.0 ms]
      [Redirty Cards: 0.2 ms]
      [Humongous Register: 0.0 ms]
      [Humongous Reclaim: 0.0 ms]
      [Free CSet: 0.1 ms]
   [Eden: 73.0M(73.0M)->0.0B(69.0M) Survivors: 2048.0K->4096.0K Heap: 226.6M(256.0M)->154.9M(256.0M)]
 [Times: user=0.04 sys=0.00, real=0.03 secs] 
2020-04-16T14:14:25.833+0800: 2708.806: [GC pause (G1 Evacuation Pause) (young) (initial-mark), 0.0156160 secs]
   [Parallel Time: 14.9 ms, GC Workers: 4]
      [GC Worker Start (ms): Min: 2708806.2, Avg: 2708806.3, Max: 2708806.3, Diff: 0.1]
      [Ext Root Scanning (ms): Min: 1.0, Avg: 1.0, Max: 1.1, Diff: 0.1, Sum: 4.2]
      [Update RS (ms): Min: 3.9, Avg: 4.2, Max: 4.4, Diff: 0.4, Sum: 17.0]
         [Processed Buffers: Min: 3, Avg: 10.8, Max: 17, Diff: 14, Sum: 43]
      [Scan RS (ms): Min: 4.2, Avg: 4.3, Max: 4.4, Diff: 0.2, Sum: 17.1]
      [Code Root Scanning (ms): Min: 0.0, Avg: 0.0, Max: 0.0, Diff: 0.0, Sum: 0.0]
      [Object Copy (ms): Min: 5.0, Avg: 5.2, Max: 5.6, Diff: 0.6, Sum: 20.9]
      [Termination (ms): Min: 0.0, Avg: 0.0, Max: 0.0, Diff: 0.0, Sum: 0.0]
         [Termination Attempts: Min: 1, Avg: 1.0, Max: 1, Diff: 0, Sum: 4]
      [GC Worker Other (ms): Min: 0.0, Avg: 0.0, Max: 0.0, Diff: 0.0, Sum: 0.1]
      [GC Worker Total (ms): Min: 14.8, Avg: 14.8, Max: 14.9, Diff: 0.0, Sum: 59.3]
      [GC Worker End (ms): Min: 2708821.1, Avg: 2708821.1, Max: 2708821.1, Diff: 0.0]
   [Code Root Fixup: 0.0 ms]
   [Code Root Purge: 0.0 ms]
   [Clear CT: 0.1 ms]
   [Other: 0.5 ms]
      [Choose CSet: 0.0 ms]
      [Ref Proc: 0.2 ms]
      [Ref Enq: 0.0 ms]
      [Redirty Cards: 0.1 ms]
      [Humongous Register: 0.0 ms]
      [Humongous Reclaim: 0.0 ms]
      [Free CSet: 0.0 ms]
   [Eden: 69.0M(69.0M)->0.0B(69.0M) Survivors: 4096.0K->4096.0K Heap: 223.9M(256.0M)->155.6M(256.0M)]
 [Times: user=0.04 sys=0.01, real=0.01 secs] 
2020-04-16T14:14:25.849+0800: 2708.822: [GC concurrent-root-region-scan-start]
2020-04-16T14:14:25.861+0800: 2708.834: [GC concurrent-root-region-scan-end, 0.0121403 secs]
2020-04-16T14:14:25.861+0800: 2708.834: [GC concurrent-mark-start]
2020-04-16T14:14:25.888+0800: 2708.861: [GC concurrent-mark-end, 0.0271317 secs]
2020-04-16T14:14:25.888+0800: 2708.861: [GC remark 2020-04-16T14:14:25.888+0800: 2708.861: [Finalize Marking, 0.0003195 secs] 2020-04-16T14:14:25.889+0800: 2708.862: [GC ref-proc, 0.0008318 secs] 2020-04-16T14:14:25.889+0800: 2708.863: [Unloading, 0.0137970 secs], 0.0176456 secs]
 [Times: user=0.03 sys=0.02, real=0.02 secs] 
2020-04-16T14:14:25.906+0800: 2708.879: [GC cleanup 156M->156M(256M), 0.0008839 secs]
 [Times: user=0.00 sys=0.00, real=0.00 secs] 
2020-04-16T14:14:44.359+0800: 2727.332: [GC pause (G1 Evacuation Pause) (young), 0.0106745 secs]
   [Parallel Time: 10.0 ms, GC Workers: 4]
      [GC Worker Start (ms): Min: 2727331.7, Avg: 2727331.8, Max: 2727332.0, Diff: 0.3]
      [Ext Root Scanning (ms): Min: 0.4, Avg: 0.6, Max: 0.9, Diff: 0.5, Sum: 2.4]
      [Update RS (ms): Min: 1.6, Avg: 1.7, Max: 1.7, Diff: 0.2, Sum: 6.7]
         [Processed Buffers: Min: 3, Avg: 10.2, Max: 16, Diff: 13, Sum: 41]
      [Scan RS (ms): Min: 1.8, Avg: 1.9, Max: 1.9, Diff: 0.2, Sum: 7.5]
      [Code Root Scanning (ms): Min: 0.0, Avg: 0.0, Max: 0.0, Diff: 0.0, Sum: 0.0]
      [Object Copy (ms): Min: 5.5, Avg: 5.5, Max: 5.6, Diff: 0.0, Sum: 22.2]
      [Termination (ms): Min: 0.0, Avg: 0.0, Max: 0.0, Diff: 0.0, Sum: 0.0]
         [Termination Attempts: Min: 1, Avg: 1.0, Max: 1, Diff: 0, Sum: 4]
      [GC Worker Other (ms): Min: 0.0, Avg: 0.0, Max: 0.1, Diff: 0.1, Sum: 0.2]
      [GC Worker Total (ms): Min: 9.6, Avg: 9.8, Max: 9.9, Diff: 0.3, Sum: 39.0]
      [GC Worker End (ms): Min: 2727341.6, Avg: 2727341.6, Max: 2727341.6, Diff: 0.0]
   [Code Root Fixup: 0.0 ms]
   [Code Root Purge: 0.0 ms]
   [Clear CT: 0.1 ms]
   [Other: 0.6 ms]
      [Choose CSet: 0.0 ms]
      [Ref Proc: 0.3 ms]
      [Ref Enq: 0.0 ms]
      [Redirty Cards: 0.1 ms]
      [Humongous Register: 0.0 ms]
      [Humongous Reclaim: 0.0 ms]
      [Free CSet: 0.0 ms]
   [Eden: 69.0M(69.0M)->0.0B(7168.0K) Survivors: 4096.0K->5120.0K Heap: 224.6M(256.0M)->156.1M(256.0M)]
 [Times: user=0.04 sys=0.00, real=0.02 secs] 
2020-04-16T14:14:46.265+0800: 2729.237: [GC pause (G1 Evacuation Pause) (mixed), 0.0120681 secs]
   [Parallel Time: 11.6 ms, GC Workers: 4]
      [GC Worker Start (ms): Min: 2729237.4, Avg: 2729237.6, Max: 2729238.1, Diff: 0.7]
      [Ext Root Scanning (ms): Min: 0.0, Avg: 0.5, Max: 0.7, Diff: 0.7, Sum: 2.0]
      [Update RS (ms): Min: 0.9, Avg: 1.1, Max: 1.2, Diff: 0.3, Sum: 4.4]
         [Processed Buffers: Min: 3, Avg: 6.5, Max: 10, Diff: 7, Sum: 26]
      [Scan RS (ms): Min: 2.8, Avg: 2.9, Max: 3.0, Diff: 0.2, Sum: 11.4]
      [Code Root Scanning (ms): Min: 0.0, Avg: 0.0, Max: 0.0, Diff: 0.0, Sum: 0.0]
      [Object Copy (ms): Min: 6.7, Avg: 6.9, Max: 7.2, Diff: 0.4, Sum: 27.7]
      [Termination (ms): Min: 0.0, Avg: 0.0, Max: 0.0, Diff: 0.0, Sum: 0.0]
         [Termination Attempts: Min: 1, Avg: 1.0, Max: 1, Diff: 0, Sum: 4]
      [GC Worker Other (ms): Min: 0.0, Avg: 0.0, Max: 0.0, Diff: 0.0, Sum: 0.1]
      [GC Worker Total (ms): Min: 10.9, Avg: 11.4, Max: 11.6, Diff: 0.7, Sum: 45.6]
      [GC Worker End (ms): Min: 2729249.0, Avg: 2729249.0, Max: 2729249.0, Diff: 0.0]
   [Code Root Fixup: 0.0 ms]
   [Code Root Purge: 0.0 ms]
   [Clear CT: 0.1 ms]
   [Other: 0.3 ms]
      [Choose CSet: 0.0 ms]
      [Ref Proc: 0.1 ms]
      [Ref Enq: 0.0 ms]
      [Redirty Cards: 0.1 ms]
      [Humongous Register: 0.0 ms]
      [Humongous Reclaim: 0.0 ms]
      [Free CSet: 0.0 ms]
   [Eden: 7168.0K(7168.0K)->0.0B(73.0M) Survivors: 5120.0K->2048.0K Heap: 163.1M(256.0M)->154.0M(256.0M)]
 [Times: user=0.04 sys=0.00, real=0.01 secs] 
2020-04-16T14:15:06.001+0800: 2748.973: [GC pause (G1 Evacuation Pause) (young), 0.0128756 secs]
   [Parallel Time: 12.4 ms, GC Workers: 4]
      [GC Worker Start (ms): Min: 2748973.0, Avg: 2748973.8, Max: 2748976.3, Diff: 3.4]
      [Ext Root Scanning (ms): Min: 0.0, Avg: 0.4, Max: 0.6, Diff: 0.6, Sum: 1.7]
      [Update RS (ms): Min: 0.5, Avg: 2.5, Max: 3.3, Diff: 2.9, Sum: 10.1]
         [Processed Buffers: Min: 1, Avg: 12.5, Max: 21, Diff: 20, Sum: 50]
      [Scan RS (ms): Min: 2.1, Avg: 2.1, Max: 2.2, Diff: 0.2, Sum: 8.6]
      [Code Root Scanning (ms): Min: 0.0, Avg: 0.0, Max: 0.1, Diff: 0.1, Sum: 0.1]
      [Object Copy (ms): Min: 6.2, Avg: 6.3, Max: 6.3, Diff: 0.1, Sum: 25.1]
      [Termination (ms): Min: 0.0, Avg: 0.1, Max: 0.1, Diff: 0.1, Sum: 0.4]
         [Termination Attempts: Min: 1, Avg: 3.5, Max: 8, Diff: 7, Sum: 14]
      [GC Worker Other (ms): Min: 0.0, Avg: 0.0, Max: 0.0, Diff: 0.0, Sum: 0.1]
      [GC Worker Total (ms): Min: 9.0, Avg: 11.5, Max: 12.3, Diff: 3.4, Sum: 46.0]
      [GC Worker End (ms): Min: 2748985.3, Avg: 2748985.3, Max: 2748985.3, Diff: 0.0]
   [Code Root Fixup: 0.0 ms]
   [Code Root Purge: 0.0 ms]
   [Clear CT: 0.1 ms]
   [Other: 0.4 ms]
      [Choose CSet: 0.0 ms]
      [Ref Proc: 0.1 ms]
      [Ref Enq: 0.0 ms]
      [Redirty Cards: 0.0 ms]
      [Humongous Register: 0.0 ms]
      [Humongous Reclaim: 0.0 ms]
      [Free CSet: 0.1 ms]
   [Eden: 73.0M(73.0M)->0.0B(71.0M) Survivors: 2048.0K->3072.0K Heap: 227.0M(256.0M)->154.9M(256.0M)]
 [Times: user=0.04 sys=0.00, real=0.01 secs] 
2020-04-16T14:15:25.096+0800: 2768.067: [GC pause (G1 Evacuation Pause) (young) (initial-mark), 0.0115313 secs]
   [Parallel Time: 11.1 ms, GC Workers: 4]
      [GC Worker Start (ms): Min: 2768067.5, Avg: 2768067.8, Max: 2768068.5, Diff: 0.9]
      [Ext Root Scanning (ms): Min: 0.1, Avg: 0.8, Max: 1.0, Diff: 0.9, Sum: 3.0]
      [Update RS (ms): Min: 1.4, Avg: 2.5, Max: 3.1, Diff: 1.8, Sum: 9.9]
         [Processed Buffers: Min: 3, Avg: 9.8, Max: 17, Diff: 14, Sum: 39]
      [Scan RS (ms): Min: 2.0, Avg: 2.4, Max: 2.6, Diff: 0.5, Sum: 9.5]
      [Code Root Scanning (ms): Min: 0.0, Avg: 0.0, Max: 0.1, Diff: 0.1, Sum: 0.1]
      [Object Copy (ms): Min: 4.8, Avg: 5.2, Max: 6.1, Diff: 1.4, Sum: 20.6]
      [Termination (ms): Min: 0.0, Avg: 0.0, Max: 0.0, Diff: 0.0, Sum: 0.0]
         [Termination Attempts: Min: 1, Avg: 1.0, Max: 1, Diff: 0, Sum: 4]
      [GC Worker Other (ms): Min: 0.0, Avg: 0.0, Max: 0.0, Diff: 0.0, Sum: 0.1]
      [GC Worker Total (ms): Min: 10.1, Avg: 10.8, Max: 11.1, Diff: 0.9, Sum: 43.2]
      [GC Worker End (ms): Min: 2768078.6, Avg: 2768078.6, Max: 2768078.6, Diff: 0.0]
   [Code Root Fixup: 0.0 ms]
   [Code Root Purge: 0.0 ms]
   [Clear CT: 0.1 ms]
   [Other: 0.3 ms]
      [Choose CSet: 0.0 ms]
      [Ref Proc: 0.1 ms]
      [Ref Enq: 0.0 ms]
      [Redirty Cards: 0.1 ms]
      [Humongous Register: 0.0 ms]
      [Humongous Reclaim: 0.0 ms]
      [Free CSet: 0.0 ms]
   [Eden: 71.0M(71.0M)->0.0B(67.0M) Survivors: 3072.0K->5120.0K Heap: 225.9M(256.0M)->156.4M(256.0M)]
 [Times: user=0.04 sys=0.01, real=0.01 secs] 
2020-04-16T14:15:25.109+0800: 2768.080: [GC concurrent-root-region-scan-start]
2020-04-16T14:15:25.117+0800: 2768.088: [GC concurrent-root-region-scan-end, 0.0077227 secs]
2020-04-16T14:15:25.117+0800: 2768.088: [GC concurrent-mark-start]
2020-04-16T14:15:25.139+0800: 2768.111: [GC concurrent-mark-end, 0.0228514 secs]
2020-04-16T14:15:25.140+0800: 2768.111: [GC remark 2020-04-16T14:15:25.140+0800: 2768.111: [Finalize Marking, 0.0001046 secs] 2020-04-16T14:15:25.140+0800: 2768.111: [GC ref-proc, 0.0000777 secs] 2020-04-16T14:15:25.140+0800: 2768.111: [Unloading, 0.0065676 secs], 0.0080565 secs]
 [Times: user=0.03 sys=0.00, real=0.00 secs] 
2020-04-16T14:15:25.148+0800: 2768.119: [GC cleanup 157M->157M(256M), 0.0003511 secs]
 [Times: user=0.00 sys=0.00, real=0.00 secs] 
2020-04-16T14:15:42.938+0800: 2785.909: [GC pause (G1 Evacuation Pause) (young), 0.0100482 secs]
   [Parallel Time: 9.4 ms, GC Workers: 4]
      [GC Worker Start (ms): Min: 2785909.4, Avg: 2785909.6, Max: 2785910.5, Diff: 1.1]
      [Ext Root Scanning (ms): Min: 0.0, Avg: 0.6, Max: 0.8, Diff: 0.8, Sum: 2.3]
      [Update RS (ms): Min: 1.6, Avg: 1.7, Max: 1.9, Diff: 0.2, Sum: 6.8]
         [Processed Buffers: Min: 5, Avg: 10.8, Max: 25, Diff: 20, Sum: 43]
      [Scan RS (ms): Min: 1.8, Avg: 2.0, Max: 2.1, Diff: 0.3, Sum: 7.8]
      [Code Root Scanning (ms): Min: 0.0, Avg: 0.0, Max: 0.1, Diff: 0.1, Sum: 0.1]
      [Object Copy (ms): Min: 4.7, Avg: 4.7, Max: 4.8, Diff: 0.1, Sum: 19.0]
      [Termination (ms): Min: 0.0, Avg: 0.0, Max: 0.0, Diff: 0.0, Sum: 0.0]
         [Termination Attempts: Min: 1, Avg: 1.0, Max: 1, Diff: 0, Sum: 4]
      [GC Worker Other (ms): Min: 0.0, Avg: 0.0, Max: 0.0, Diff: 0.0, Sum: 0.1]
      [GC Worker Total (ms): Min: 8.2, Avg: 9.0, Max: 9.3, Diff: 1.1, Sum: 36.1]
      [GC Worker End (ms): Min: 2785918.6, Avg: 2785918.7, Max: 2785918.7, Diff: 0.0]
   [Code Root Fixup: 0.0 ms]
   [Code Root Purge: 0.0 ms]
   [Clear CT: 0.0 ms]
   [Other: 0.5 ms]
      [Choose CSet: 0.0 ms]
      [Ref Proc: 0.2 ms]
      [Ref Enq: 0.0 ms]
      [Redirty Cards: 0.1 ms]
      [Humongous Register: 0.0 ms]
      [Humongous Reclaim: 0.0 ms]
      [Free CSet: 0.1 ms]
   [Eden: 67.0M(67.0M)->0.0B(7168.0K) Survivors: 5120.0K->5120.0K Heap: 223.4M(256.0M)->156.3M(256.0M)]
 [Times: user=0.03 sys=0.00, real=0.01 secs] 
2020-04-16T14:15:44.807+0800: 2787.778: [GC pause (G1 Evacuation Pause) (mixed), 0.0112341 secs]
   [Parallel Time: 10.7 ms, GC Workers: 4]
      [GC Worker Start (ms): Min: 2787778.6, Avg: 2787778.8, Max: 2787779.4, Diff: 0.8]
      [Ext Root Scanning (ms): Min: 0.0, Avg: 0.5, Max: 0.8, Diff: 0.7, Sum: 2.2]
      [Update RS (ms): Min: 0.7, Avg: 1.1, Max: 1.3, Diff: 0.6, Sum: 4.5]
         [Processed Buffers: Min: 3, Avg: 7.8, Max: 11, Diff: 8, Sum: 31]
      [Scan RS (ms): Min: 2.3, Avg: 2.3, Max: 2.4, Diff: 0.1, Sum: 9.3]
      [Code Root Scanning (ms): Min: 0.0, Avg: 0.0, Max: 0.1, Diff: 0.1, Sum: 0.1]
      [Object Copy (ms): Min: 6.2, Avg: 6.4, Max: 6.8, Diff: 0.6, Sum: 25.6]
      [Termination (ms): Min: 0.0, Avg: 0.0, Max: 0.0, Diff: 0.0, Sum: 0.0]
         [Termination Attempts: Min: 1, Avg: 1.2, Max: 2, Diff: 1, Sum: 5]
      [GC Worker Other (ms): Min: 0.0, Avg: 0.0, Max: 0.0, Diff: 0.0, Sum: 0.1]
      [GC Worker Total (ms): Min: 9.8, Avg: 10.4, Max: 10.6, Diff: 0.8, Sum: 41.7]
      [GC Worker End (ms): Min: 2787789.2, Avg: 2787789.2, Max: 2787789.2, Diff: 0.0]
   [Code Root Fixup: 0.0 ms]
   [Code Root Purge: 0.0 ms]
   [Clear CT: 0.1 ms]
   [Other: 0.4 ms]
      [Choose CSet: 0.0 ms]
      [Ref Proc: 0.1 ms]
      [Ref Enq: 0.0 ms]
      [Redirty Cards: 0.1 ms]
      [Humongous Register: 0.0 ms]
      [Humongous Reclaim: 0.0 ms]
      [Free CSet: 0.0 ms]
   [Eden: 7168.0K(7168.0K)->0.0B(72.0M) Survivors: 5120.0K->2048.0K Heap: 163.3M(256.0M)->154.2M(256.0M)]
 [Times: user=0.05 sys=0.00, real=0.01 secs] 
2020-04-16T14:16:04.091+0800: 2807.062: [GC pause (G1 Evacuation Pause) (young), 0.0110200 secs]
   [Parallel Time: 10.4 ms, GC Workers: 4]
      [GC Worker Start (ms): Min: 2807061.9, Avg: 2807062.0, Max: 2807062.0, Diff: 0.1]
      [Ext Root Scanning (ms): Min: 0.8, Avg: 0.9, Max: 1.0, Diff: 0.2, Sum: 3.6]
      [Update RS (ms): Min: 2.9, Avg: 2.9, Max: 3.0, Diff: 0.2, Sum: 11.6]
         [Processed Buffers: Min: 3, Avg: 11.2, Max: 21, Diff: 18, Sum: 45]
      [Scan RS (ms): Min: 2.3, Avg: 2.4, Max: 2.7, Diff: 0.4, Sum: 9.7]
      [Code Root Scanning (ms): Min: 0.0, Avg: 0.0, Max: 0.1, Diff: 0.1, Sum: 0.1]
      [Object Copy (ms): Min: 3.8, Avg: 4.0, Max: 4.1, Diff: 0.3, Sum: 15.9]
      [Termination (ms): Min: 0.0, Avg: 0.0, Max: 0.0, Diff: 0.0, Sum: 0.0]
         [Termination Attempts: Min: 1, Avg: 1.0, Max: 1, Diff: 0, Sum: 4]
      [GC Worker Other (ms): Min: 0.0, Avg: 0.1, Max: 0.1, Diff: 0.0, Sum: 0.2]
      [GC Worker Total (ms): Min: 10.2, Avg: 10.3, Max: 10.3, Diff: 0.1, Sum: 41.2]
      [GC Worker End (ms): Min: 2807072.3, Avg: 2807072.3, Max: 2807072.3, Diff: 0.0]
   [Code Root Fixup: 0.0 ms]
   [Code Root Purge: 0.0 ms]
   [Clear CT: 0.1 ms]
   [Other: 0.6 ms]
      [Choose CSet: 0.0 ms]
      [Ref Proc: 0.2 ms]
      [Ref Enq: 0.0 ms]
      [Redirty Cards: 0.1 ms]
      [Humongous Register: 0.0 ms]
      [Humongous Reclaim: 0.0 ms]
      [Free CSet: 0.1 ms]
   [Eden: 72.0M(72.0M)->0.0B(70.0M) Survivors: 2048.0K->3072.0K Heap: 226.2M(256.0M)->155.1M(256.0M)]
 [Times: user=0.04 sys=0.01, real=0.01 secs] 
2020-04-16T14:16:22.861+0800: 2825.831: [GC pause (G1 Evacuation Pause) (young) (initial-mark), 0.0111402 secs]
   [Parallel Time: 10.5 ms, GC Workers: 4]
      [GC Worker Start (ms): Min: 2825830.9, Avg: 2825831.1, Max: 2825831.3, Diff: 0.4]
      [Ext Root Scanning (ms): Min: 0.6, Avg: 0.9, Max: 1.0, Diff: 0.4, Sum: 3.6]
      [Update RS (ms): Min: 1.6, Avg: 1.9, Max: 2.2, Diff: 0.5, Sum: 7.6]
         [Processed Buffers: Min: 2, Avg: 10.8, Max: 23, Diff: 21, Sum: 43]
      [Scan RS (ms): Min: 1.9, Avg: 2.3, Max: 2.8, Diff: 0.9, Sum: 9.1]
      [Code Root Scanning (ms): Min: 0.0, Avg: 0.0, Max: 0.0, Diff: 0.0, Sum: 0.0]
      [Object Copy (ms): Min: 5.0, Avg: 5.2, Max: 5.3, Diff: 0.4, Sum: 20.8]
      [Termination (ms): Min: 0.0, Avg: 0.0, Max: 0.0, Diff: 0.0, Sum: 0.0]
         [Termination Attempts: Min: 1, Avg: 1.0, Max: 1, Diff: 0, Sum: 4]
      [GC Worker Other (ms): Min: 0.0, Avg: 0.0, Max: 0.0, Diff: 0.0, Sum: 0.1]
      [GC Worker Total (ms): Min: 10.0, Avg: 10.3, Max: 10.4, Diff: 0.4, Sum: 41.1]
      [GC Worker End (ms): Min: 2825841.3, Avg: 2825841.3, Max: 2825841.3, Diff: 0.0]
   [Code Root Fixup: 0.0 ms]
   [Code Root Purge: 0.0 ms]
   [Clear CT: 0.1 ms]
   [Other: 0.6 ms]
      [Choose CSet: 0.0 ms]
      [Ref Proc: 0.2 ms]
      [Ref Enq: 0.0 ms]
      [Redirty Cards: 0.1 ms]
      [Humongous Register: 0.0 ms]
      [Humongous Reclaim: 0.0 ms]
      [Free CSet: 0.1 ms]
   [Eden: 70.0M(70.0M)->0.0B(66.0M) Survivors: 3072.0K->5120.0K Heap: 225.1M(256.0M)->156.6M(256.0M)]
 [Times: user=0.03 sys=0.01, real=0.01 secs] 
2020-04-16T14:16:22.873+0800: 2825.843: [GC concurrent-root-region-scan-start]
2020-04-16T14:16:22.879+0800: 2825.849: [GC concurrent-root-region-scan-end, 0.0055921 secs]
2020-04-16T14:16:22.879+0800: 2825.849: [GC concurrent-mark-start]
2020-04-16T14:16:22.903+0800: 2825.872: [GC concurrent-mark-end, 0.0237222 secs]
2020-04-16T14:16:22.903+0800: 2825.873: [GC remark 2020-04-16T14:16:22.903+0800: 2825.873: [Finalize Marking, 0.0000898 secs] 2020-04-16T14:16:22.903+0800: 2825.873: [GC ref-proc, 0.0000751 secs] 2020-04-16T14:16:22.903+0800: 2825.873: [Unloading, 0.0064768 secs], 0.0080350 secs]
 [Times: user=0.02 sys=0.00, real=0.01 secs] 
2020-04-16T14:16:22.911+0800: 2825.881: [GC cleanup 157M->157M(256M), 0.0003844 secs]
 [Times: user=0.00 sys=0.00, real=0.00 secs] 
2020-04-16T14:16:40.592+0800: 2843.561: [GC pause (G1 Evacuation Pause) (young), 0.0108296 secs]
   [Parallel Time: 10.4 ms, GC Workers: 4]
      [GC Worker Start (ms): Min: 2843561.5, Avg: 2843561.5, Max: 2843561.6, Diff: 0.0]
      [Ext Root Scanning (ms): Min: 0.4, Avg: 0.4, Max: 0.5, Diff: 0.1, Sum: 1.7]
      [Update RS (ms): Min: 1.8, Avg: 1.9, Max: 1.9, Diff: 0.1, Sum: 7.6]
         [Processed Buffers: Min: 3, Avg: 11.0, Max: 18, Diff: 15, Sum: 44]
      [Scan RS (ms): Min: 1.6, Avg: 1.6, Max: 1.7, Diff: 0.1, Sum: 6.5]
      [Code Root Scanning (ms): Min: 0.0, Avg: 0.0, Max: 0.0, Diff: 0.0, Sum: 0.1]
      [Object Copy (ms): Min: 6.2, Avg: 6.3, Max: 6.3, Diff: 0.0, Sum: 25.1]
      [Termination (ms): Min: 0.0, Avg: 0.0, Max: 0.1, Diff: 0.1, Sum: 0.2]
         [Termination Attempts: Min: 1, Avg: 1.0, Max: 1, Diff: 0, Sum: 4]
      [GC Worker Other (ms): Min: 0.0, Avg: 0.0, Max: 0.0, Diff: 0.0, Sum: 0.1]
      [GC Worker Total (ms): Min: 10.3, Avg: 10.3, Max: 10.3, Diff: 0.0, Sum: 41.2]
      [GC Worker End (ms): Min: 2843571.8, Avg: 2843571.8, Max: 2843571.8, Diff: 0.0]
   [Code Root Fixup: 0.0 ms]
   [Code Root Purge: 0.0 ms]
   [Clear CT: 0.1 ms]
   [Other: 0.3 ms]
      [Choose CSet: 0.0 ms]
      [Ref Proc: 0.1 ms]
      [Ref Enq: 0.0 ms]
      [Redirty Cards: 0.1 ms]
      [Humongous Register: 0.0 ms]
      [Humongous Reclaim: 0.0 ms]
      [Free CSet: 0.0 ms]
   [Eden: 66.0M(66.0M)->0.0B(7168.0K) Survivors: 5120.0K->5120.0K Heap: 222.6M(256.0M)->156.5M(256.0M)]
 [Times: user=0.04 sys=0.00, real=0.01 secs] 
2020-04-16T14:16:42.430+0800: 2845.399: [GC pause (G1 Evacuation Pause) (mixed), 0.0127796 secs]
   [Parallel Time: 12.3 ms, GC Workers: 4]
      [GC Worker Start (ms): Min: 2845399.4, Avg: 2845399.5, Max: 2845399.7, Diff: 0.3]
      [Ext Root Scanning (ms): Min: 0.4, Avg: 0.7, Max: 0.9, Diff: 0.5, Sum: 2.7]
      [Update RS (ms): Min: 1.9, Avg: 2.0, Max: 2.2, Diff: 0.3, Sum: 8.1]
         [Processed Buffers: Min: 3, Avg: 7.8, Max: 14, Diff: 11, Sum: 31]
      [Scan RS (ms): Min: 2.1, Avg: 2.3, Max: 2.4, Diff: 0.3, Sum: 9.1]
      [Code Root Scanning (ms): Min: 0.0, Avg: 0.1, Max: 0.1, Diff: 0.1, Sum: 0.2]
      [Object Copy (ms): Min: 6.8, Avg: 6.9, Max: 7.0, Diff: 0.3, Sum: 27.6]
      [Termination (ms): Min: 0.0, Avg: 0.1, Max: 0.1, Diff: 0.1, Sum: 0.3]
         [Termination Attempts: Min: 1, Avg: 1.8, Max: 3, Diff: 2, Sum: 7]
      [GC Worker Other (ms): Min: 0.0, Avg: 0.0, Max: 0.0, Diff: 0.0, Sum: 0.1]
      [GC Worker Total (ms): Min: 11.8, Avg: 12.0, Max: 12.1, Diff: 0.3, Sum: 48.2]
      [GC Worker End (ms): Min: 2845411.6, Avg: 2845411.6, Max: 2845411.6, Diff: 0.0]
   [Code Root Fixup: 0.0 ms]
   [Code Root Purge: 0.0 ms]
   [Clear CT: 0.1 ms]
   [Other: 0.4 ms]
      [Choose CSet: 0.0 ms]
      [Ref Proc: 0.1 ms]
      [Ref Enq: 0.0 ms]
      [Redirty Cards: 0.1 ms]
      [Humongous Register: 0.0 ms]
      [Humongous Reclaim: 0.0 ms]
      [Free CSet: 0.0 ms]
   [Eden: 7168.0K(7168.0K)->0.0B(73.0M) Survivors: 5120.0K->2048.0K Heap: 163.5M(256.0M)->153.4M(256.0M)]
 [Times: user=0.04 sys=0.00, real=0.01 secs] 
2020-04-16T14:17:01.824+0800: 2864.792: [GC pause (G1 Evacuation Pause) (young), 0.0068919 secs]
   [Parallel Time: 6.4 ms, GC Workers: 4]
      [GC Worker Start (ms): Min: 2864792.4, Avg: 2864792.4, Max: 2864792.5, Diff: 0.1]
      [Ext Root Scanning (ms): Min: 0.5, Avg: 0.5, Max: 0.6, Diff: 0.1, Sum: 2.1]
      [Update RS (ms): Min: 2.2, Avg: 2.3, Max: 2.4, Diff: 0.2, Sum: 9.1]
         [Processed Buffers: Min: 6, Avg: 12.2, Max: 25, Diff: 19, Sum: 49]
      [Scan RS (ms): Min: 1.0, Avg: 1.1, Max: 1.3, Diff: 0.2, Sum: 4.5]
      [Code Root Scanning (ms): Min: 0.0, Avg: 0.0, Max: 0.0, Diff: 0.0, Sum: 0.0]
      [Object Copy (ms): Min: 2.3, Avg: 2.3, Max: 2.3, Diff: 0.0, Sum: 9.2]
      [Termination (ms): Min: 0.0, Avg: 0.0, Max: 0.0, Diff: 0.0, Sum: 0.0]
         [Termination Attempts: Min: 1, Avg: 1.0, Max: 1, Diff: 0, Sum: 4]
      [GC Worker Other (ms): Min: 0.0, Avg: 0.1, Max: 0.1, Diff: 0.1, Sum: 0.2]
      [GC Worker Total (ms): Min: 6.2, Avg: 6.3, Max: 6.4, Diff: 0.2, Sum: 25.1]
      [GC Worker End (ms): Min: 2864798.7, Avg: 2864798.7, Max: 2864798.8, Diff: 0.1]
   [Code Root Fixup: 0.0 ms]
   [Code Root Purge: 0.0 ms]
   [Clear CT: 0.1 ms]
   [Other: 0.4 ms]
      [Choose CSet: 0.0 ms]
      [Ref Proc: 0.1 ms]
      [Ref Enq: 0.0 ms]
      [Redirty Cards: 0.1 ms]
      [Humongous Register: 0.0 ms]
      [Humongous Reclaim: 0.0 ms]
      [Free CSet: 0.1 ms]
   [Eden: 73.0M(73.0M)->0.0B(71.0M) Survivors: 2048.0K->3072.0K Heap: 226.4M(256.0M)->153.6M(256.0M)]
 [Times: user=0.02 sys=0.00, real=0.01 secs] 
2020-04-16T14:17:20.864+0800: 2883.832: [GC pause (G1 Evacuation Pause) (young) (initial-mark), 0.0135424 secs]
   [Parallel Time: 12.1 ms, GC Workers: 4]
      [GC Worker Start (ms): Min: 2883832.6, Avg: 2883834.6, Max: 2883836.7, Diff: 4.1]
      [Ext Root Scanning (ms): Min: 0.1, Avg: 3.2, Max: 4.6, Diff: 4.5, Sum: 12.9]
      [Update RS (ms): Min: 0.0, Avg: 2.0, Max: 3.1, Diff: 3.1, Sum: 8.1]
         [Processed Buffers: Min: 0, Avg: 11.5, Max: 22, Diff: 22, Sum: 46]
      [Scan RS (ms): Min: 1.4, Avg: 1.5, Max: 1.7, Diff: 0.3, Sum: 6.0]
      [Code Root Scanning (ms): Min: 0.0, Avg: 0.0, Max: 0.0, Diff: 0.0, Sum: 0.0]
      [Object Copy (ms): Min: 3.2, Avg: 3.2, Max: 3.4, Diff: 0.3, Sum: 13.0]
      [Termination (ms): Min: 0.0, Avg: 0.0, Max: 0.0, Diff: 0.0, Sum: 0.0]
         [Termination Attempts: Min: 1, Avg: 1.0, Max: 1, Diff: 0, Sum: 4]
      [GC Worker Other (ms): Min: 0.0, Avg: 0.1, Max: 0.1, Diff: 0.1, Sum: 0.2]
      [GC Worker Total (ms): Min: 7.9, Avg: 10.1, Max: 12.0, Diff: 4.1, Sum: 40.2]
      [GC Worker End (ms): Min: 2883844.6, Avg: 2883844.6, Max: 2883844.7, Diff: 0.0]
   [Code Root Fixup: 0.0 ms]
   [Code Root Purge: 0.0 ms]
   [Clear CT: 0.1 ms]
   [Other: 1.3 ms]
      [Choose CSet: 0.0 ms]
      [Ref Proc: 0.4 ms]
      [Ref Enq: 0.0 ms]
      [Redirty Cards: 0.1 ms]
      [Humongous Register: 0.2 ms]
      [Humongous Reclaim: 0.0 ms]
      [Free CSet: 0.1 ms]
   [Eden: 71.0M(71.0M)->0.0B(71.0M) Survivors: 3072.0K->3072.0K Heap: 224.6M(256.0M)->154.3M(256.0M)]
 [Times: user=0.03 sys=0.00, real=0.01 secs] 
2020-04-16T14:17:20.878+0800: 2883.846: [GC concurrent-root-region-scan-start]
2020-04-16T14:17:20.885+0800: 2883.853: [GC concurrent-root-region-scan-end, 0.0072144 secs]
2020-04-16T14:17:20.885+0800: 2883.853: [GC concurrent-mark-start]
2020-04-16T14:17:20.909+0800: 2883.877: [GC concurrent-mark-end, 0.0242993 secs]
2020-04-16T14:17:20.909+0800: 2883.877: [GC remark 2020-04-16T14:17:20.909+0800: 2883.877: [Finalize Marking, 0.0001909 secs] 2020-04-16T14:17:20.910+0800: 2883.878: [GC ref-proc, 0.0000932 secs] 2020-04-16T14:17:20.910+0800: 2883.878: [Unloading, 0.0077408 secs], 0.0095970 secs]
 [Times: user=0.02 sys=0.00, real=0.01 secs] 
2020-04-16T14:17:20.919+0800: 2883.887: [GC cleanup 155M->155M(256M), 0.0004278 secs]
 [Times: user=0.00 sys=0.00, real=0.01 secs] 
2020-04-16T14:17:39.720+0800: 2902.688: [GC pause (G1 Evacuation Pause) (young), 0.0233479 secs]
   [Parallel Time: 21.8 ms, GC Workers: 4]
      [GC Worker Start (ms): Min: 2902687.9, Avg: 2902691.3, Max: 2902695.4, Diff: 7.5]
      [Ext Root Scanning (ms): Min: 0.0, Avg: 1.0, Max: 2.1, Diff: 2.1, Sum: 4.0]
      [Update RS (ms): Min: 1.8, Avg: 4.1, Max: 5.6, Diff: 3.8, Sum: 16.6]
         [Processed Buffers: Min: 5, Avg: 11.5, Max: 21, Diff: 16, Sum: 46]
      [Scan RS (ms): Min: 0.1, Avg: 2.6, Max: 4.2, Diff: 4.1, Sum: 10.5]
      [Code Root Scanning (ms): Min: 0.0, Avg: 0.0, Max: 0.0, Diff: 0.0, Sum: 0.0]
      [Object Copy (ms): Min: 8.2, Avg: 8.5, Max: 9.0, Diff: 0.8, Sum: 34.0]
      [Termination (ms): Min: 0.0, Avg: 1.0, Max: 1.4, Diff: 1.4, Sum: 4.1]
         [Termination Attempts: Min: 1, Avg: 1.0, Max: 1, Diff: 0, Sum: 4]
      [GC Worker Other (ms): Min: 0.0, Avg: 0.0, Max: 0.0, Diff: 0.0, Sum: 0.1]
      [GC Worker Total (ms): Min: 13.6, Avg: 17.3, Max: 20.9, Diff: 7.3, Sum: 69.2]
      [GC Worker End (ms): Min: 2902707.7, Avg: 2902708.7, Max: 2902709.0, Diff: 1.3]
   [Code Root Fixup: 0.0 ms]
   [Code Root Purge: 0.0 ms]
   [Clear CT: 0.1 ms]
   [Other: 1.5 ms]
      [Choose CSet: 0.0 ms]
      [Ref Proc: 0.9 ms]
      [Ref Enq: 0.0 ms]
      [Redirty Cards: 0.1 ms]
      [Humongous Register: 0.0 ms]
      [Humongous Reclaim: 0.0 ms]
      [Free CSet: 0.1 ms]
   [Eden: 71.0M(71.0M)->0.0B(9216.0K) Survivors: 3072.0K->3072.0K Heap: 225.3M(256.0M)->154.0M(256.0M)]
 [Times: user=0.04 sys=0.01, real=0.02 secs] 
2020-04-16T14:17:42.169+0800: 2905.136: [GC pause (G1 Evacuation Pause) (mixed), 0.0118187 secs]
   [Parallel Time: 11.3 ms, GC Workers: 4]
      [GC Worker Start (ms): Min: 2905136.6, Avg: 2905137.1, Max: 2905138.2, Diff: 1.6]
      [Ext Root Scanning (ms): Min: 0.0, Avg: 0.8, Max: 1.6, Diff: 1.5, Sum: 3.1]
      [Update RS (ms): Min: 1.4, Avg: 1.6, Max: 2.0, Diff: 0.6, Sum: 6.4]
         [Processed Buffers: Min: 2, Avg: 8.5, Max: 14, Diff: 12, Sum: 34]
      [Scan RS (ms): Min: 2.4, Avg: 2.4, Max: 2.5, Diff: 0.1, Sum: 9.8]
      [Code Root Scanning (ms): Min: 0.0, Avg: 0.0, Max: 0.0, Diff: 0.0, Sum: 0.0]
      [Object Copy (ms): Min: 5.6, Avg: 5.8, Max: 6.4, Diff: 0.8, Sum: 23.4]
      [Termination (ms): Min: 0.0, Avg: 0.1, Max: 0.1, Diff: 0.1, Sum: 0.3]
         [Termination Attempts: Min: 1, Avg: 1.8, Max: 3, Diff: 2, Sum: 7]
      [GC Worker Other (ms): Min: 0.0, Avg: 0.0, Max: 0.0, Diff: 0.0, Sum: 0.1]
      [GC Worker Total (ms): Min: 9.6, Avg: 10.8, Max: 11.3, Diff: 1.6, Sum: 43.1]
      [GC Worker End (ms): Min: 2905147.8, Avg: 2905147.8, Max: 2905147.9, Diff: 0.0]
   [Code Root Fixup: 0.0 ms]
   [Code Root Purge: 0.0 ms]
   [Clear CT: 0.0 ms]
   [Other: 0.4 ms]
      [Choose CSet: 0.0 ms]
      [Ref Proc: 0.2 ms]
      [Ref Enq: 0.0 ms]
      [Redirty Cards: 0.1 ms]
      [Humongous Register: 0.0 ms]
      [Humongous Reclaim: 0.0 ms]
      [Free CSet: 0.0 ms]
   [Eden: 9216.0K(9216.0K)->0.0B(74.0M) Survivors: 3072.0K->2048.0K Heap: 163.0M(256.0M)->152.8M(256.0M)]
 [Times: user=0.04 sys=0.00, real=0.02 secs] 
2020-04-16T14:18:01.851+0800: 2924.818: [GC pause (G1 Evacuation Pause) (young), 0.0094290 secs]
   [Parallel Time: 8.9 ms, GC Workers: 4]
      [GC Worker Start (ms): Min: 2924818.4, Avg: 2924818.4, Max: 2924818.5, Diff: 0.1]
      [Ext Root Scanning (ms): Min: 0.6, Avg: 0.6, Max: 0.7, Diff: 0.1, Sum: 2.5]
      [Update RS (ms): Min: 2.9, Avg: 3.0, Max: 3.0, Diff: 0.2, Sum: 11.9]
         [Processed Buffers: Min: 2, Avg: 10.5, Max: 24, Diff: 22, Sum: 42]
      [Scan RS (ms): Min: 2.2, Avg: 2.2, Max: 2.3, Diff: 0.1, Sum: 9.0]
      [Code Root Scanning (ms): Min: 0.0, Avg: 0.0, Max: 0.0, Diff: 0.0, Sum: 0.0]
      [Object Copy (ms): Min: 2.9, Avg: 2.9, Max: 3.0, Diff: 0.1, Sum: 11.7]
      [Termination (ms): Min: 0.0, Avg: 0.0, Max: 0.0, Diff: 0.0, Sum: 0.0]
         [Termination Attempts: Min: 1, Avg: 1.5, Max: 3, Diff: 2, Sum: 6]
      [GC Worker Other (ms): Min: 0.0, Avg: 0.0, Max: 0.1, Diff: 0.0, Sum: 0.2]
      [GC Worker Total (ms): Min: 8.8, Avg: 8.8, Max: 8.8, Diff: 0.1, Sum: 35.2]
      [GC Worker End (ms): Min: 2924827.2, Avg: 2924827.2, Max: 2924827.2, Diff: 0.0]
   [Code Root Fixup: 0.0 ms]
   [Code Root Purge: 0.0 ms]
   [Clear CT: 0.1 ms]
   [Other: 0.4 ms]
      [Choose CSet: 0.0 ms]
      [Ref Proc: 0.1 ms]
      [Ref Enq: 0.0 ms]
      [Redirty Cards: 0.1 ms]
      [Humongous Register: 0.0 ms]
      [Humongous Reclaim: 0.0 ms]
      [Free CSet: 0.1 ms]
   [Eden: 74.0M(74.0M)->0.0B(72.0M) Survivors: 2048.0K->3072.0K Heap: 226.8M(256.0M)->153.2M(256.0M)]
 [Times: user=0.03 sys=0.00, real=0.01 secs] 
2020-04-16T14:18:21.349+0800: 2944.315: [GC pause (G1 Evacuation Pause) (young) (initial-mark), 0.0105438 secs]
   [Parallel Time: 10.0 ms, GC Workers: 4]
      [GC Worker Start (ms): Min: 2944314.9, Avg: 2944314.9, Max: 2944315.0, Diff: 0.0]
      [Ext Root Scanning (ms): Min: 0.7, Avg: 0.7, Max: 0.8, Diff: 0.0, Sum: 3.0]
      [Update RS (ms): Min: 1.6, Avg: 1.7, Max: 1.8, Diff: 0.1, Sum: 6.8]
         [Processed Buffers: Min: 4, Avg: 10.0, Max: 25, Diff: 21, Sum: 40]
      [Scan RS (ms): Min: 2.1, Avg: 3.4, Max: 6.9, Diff: 4.8, Sum: 13.5]
      [Code Root Scanning (ms): Min: 0.0, Avg: 0.0, Max: 0.0, Diff: 0.0, Sum: 0.0]
      [Object Copy (ms): Min: 0.5, Avg: 4.1, Max: 5.3, Diff: 4.8, Sum: 16.2]
      [Termination (ms): Min: 0.0, Avg: 0.0, Max: 0.0, Diff: 0.0, Sum: 0.0]
         [Termination Attempts: Min: 1, Avg: 4.0, Max: 10, Diff: 9, Sum: 16]
      [GC Worker Other (ms): Min: 0.0, Avg: 0.0, Max: 0.0, Diff: 0.0, Sum: 0.1]
      [GC Worker Total (ms): Min: 9.9, Avg: 9.9, Max: 9.9, Diff: 0.0, Sum: 39.6]
      [GC Worker End (ms): Min: 2944324.8, Avg: 2944324.9, Max: 2944324.9, Diff: 0.0]
   [Code Root Fixup: 0.0 ms]
   [Code Root Purge: 0.0 ms]
   [Clear CT: 0.0 ms]
   [Other: 0.5 ms]
      [Choose CSet: 0.0 ms]
      [Ref Proc: 0.3 ms]
      [Ref Enq: 0.0 ms]
      [Redirty Cards: 0.1 ms]
      [Humongous Register: 0.0 ms]
      [Humongous Reclaim: 0.0 ms]
      [Free CSet: 0.0 ms]
   [Eden: 72.0M(72.0M)->0.0B(72.0M) Survivors: 3072.0K->3072.0K Heap: 225.2M(256.0M)->153.6M(256.0M)]
 [Times: user=0.03 sys=0.00, real=0.02 secs] 
2020-04-16T14:18:21.361+0800: 2944.327: [GC concurrent-root-region-scan-start]
2020-04-16T14:18:21.369+0800: 2944.335: [GC concurrent-root-region-scan-end, 0.0083823 secs]
2020-04-16T14:18:21.369+0800: 2944.335: [GC concurrent-mark-start]
2020-04-16T14:18:21.399+0800: 2944.365: [GC concurrent-mark-end, 0.0298585 secs]
2020-04-16T14:18:21.399+0800: 2944.365: [GC remark 2020-04-16T14:18:21.399+0800: 2944.365: [Finalize Marking, 0.0002133 secs] 2020-04-16T14:18:21.400+0800: 2944.365: [GC ref-proc, 0.0000828 secs] 2020-04-16T14:18:21.400+0800: 2944.365: [Unloading, 0.0076906 secs], 0.0094221 secs]
 [Times: user=0.02 sys=0.00, real=0.01 secs] 
2020-04-16T14:18:21.409+0800: 2944.375: [GC cleanup 154M->154M(256M), 0.0003240 secs]
 [Times: user=0.00 sys=0.00, real=0.00 secs] 
2020-04-16T14:18:40.966+0800: 2963.921: [GC pause (G1 Evacuation Pause) (young), 0.0105406 secs]
   [Parallel Time: 10.0 ms, GC Workers: 4]
      [GC Worker Start (ms): Min: 2963920.7, Avg: 2963920.8, Max: 2963920.9, Diff: 0.2]
      [Ext Root Scanning (ms): Min: 0.3, Avg: 0.4, Max: 0.5, Diff: 0.2, Sum: 1.7]
      [Update RS (ms): Min: 1.6, Avg: 1.7, Max: 1.9, Diff: 0.2, Sum: 6.9]
         [Processed Buffers: Min: 2, Avg: 10.8, Max: 27, Diff: 25, Sum: 43]
      [Scan RS (ms): Min: 1.6, Avg: 1.7, Max: 1.9, Diff: 0.3, Sum: 6.9]
      [Code Root Scanning (ms): Min: 0.0, Avg: 0.0, Max: 0.0, Diff: 0.0, Sum: 0.0]
      [Object Copy (ms): Min: 5.9, Avg: 6.0, Max: 6.0, Diff: 0.1, Sum: 23.8]
      [Termination (ms): Min: 0.0, Avg: 0.0, Max: 0.0, Diff: 0.0, Sum: 0.0]
         [Termination Attempts: Min: 1, Avg: 1.0, Max: 1, Diff: 0, Sum: 4]
      [GC Worker Other (ms): Min: 0.0, Avg: 0.0, Max: 0.0, Diff: 0.0, Sum: 0.0]
      [GC Worker Total (ms): Min: 9.7, Avg: 9.9, Max: 9.9, Diff: 0.2, Sum: 39.5]
      [GC Worker End (ms): Min: 2963930.7, Avg: 2963930.7, Max: 2963930.7, Diff: 0.0]
   [Code Root Fixup: 0.0 ms]
   [Code Root Purge: 0.0 ms]
   [Clear CT: 0.1 ms]
   [Other: 0.5 ms]
      [Choose CSet: 0.0 ms]
      [Ref Proc: 0.3 ms]
      [Ref Enq: 0.0 ms]
      [Redirty Cards: 0.1 ms]
      [Humongous Register: 0.0 ms]
      [Humongous Reclaim: 0.0 ms]
      [Free CSet: 0.0 ms]
   [Eden: 72.0M(72.0M)->0.0B(7168.0K) Survivors: 3072.0K->5120.0K Heap: 225.6M(256.0M)->155.2M(256.0M)]
 [Times: user=0.04 sys=0.00, real=0.01 secs] 
2020-04-16T14:18:42.885+0800: 2965.839: [GC pause (G1 Evacuation Pause) (mixed), 0.0109577 secs]
   [Parallel Time: 10.5 ms, GC Workers: 4]
      [GC Worker Start (ms): Min: 2965839.2, Avg: 2965839.2, Max: 2965839.2, Diff: 0.0]
      [Ext Root Scanning (ms): Min: 0.4, Avg: 0.5, Max: 0.5, Diff: 0.1, Sum: 1.9]
      [Update RS (ms): Min: 1.1, Avg: 1.3, Max: 1.5, Diff: 0.4, Sum: 5.0]
         [Processed Buffers: Min: 1, Avg: 8.2, Max: 16, Diff: 15, Sum: 33]
      [Scan RS (ms): Min: 1.8, Avg: 2.0, Max: 2.1, Diff: 0.4, Sum: 7.8]
      [Code Root Scanning (ms): Min: 0.0, Avg: 0.0, Max: 0.0, Diff: 0.0, Sum: 0.0]
      [Object Copy (ms): Min: 6.6, Avg: 6.6, Max: 6.7, Diff: 0.2, Sum: 26.5]
      [Termination (ms): Min: 0.0, Avg: 0.1, Max: 0.2, Diff: 0.2, Sum: 0.4]
         [Termination Attempts: Min: 1, Avg: 1.2, Max: 2, Diff: 1, Sum: 5]
      [GC Worker Other (ms): Min: 0.0, Avg: 0.0, Max: 0.0, Diff: 0.0, Sum: 0.0]
      [GC Worker Total (ms): Min: 10.4, Avg: 10.4, Max: 10.5, Diff: 0.1, Sum: 41.7]
      [GC Worker End (ms): Min: 2965849.6, Avg: 2965849.6, Max: 2965849.6, Diff: 0.0]
   [Code Root Fixup: 0.0 ms]
   [Code Root Purge: 0.0 ms]
   [Clear CT: 0.0 ms]
   [Other: 0.4 ms]
      [Choose CSet: 0.0 ms]
      [Ref Proc: 0.2 ms]
      [Ref Enq: 0.0 ms]
      [Redirty Cards: 0.1 ms]
      [Humongous Register: 0.0 ms]
      [Humongous Reclaim: 0.0 ms]
      [Free CSet: 0.0 ms]
   [Eden: 7168.0K(7168.0K)->0.0B(73.0M) Survivors: 5120.0K->2048.0K Heap: 162.2M(256.0M)->153.5M(256.0M)]
 [Times: user=0.04 sys=0.00, real=0.01 secs] 
2020-04-16T14:19:02.712+0800: 2985.663: [GC pause (G1 Evacuation Pause) (young), 0.0098468 secs]
   [Parallel Time: 9.4 ms, GC Workers: 4]
      [GC Worker Start (ms): Min: 2985663.5, Avg: 2985663.5, Max: 2985663.6, Diff: 0.1]
      [Ext Root Scanning (ms): Min: 0.5, Avg: 0.6, Max: 0.6, Diff: 0.1, Sum: 2.4]
      [Update RS (ms): Min: 2.5, Avg: 3.5, Max: 6.2, Diff: 3.7, Sum: 13.9]
         [Processed Buffers: Min: 1, Avg: 11.8, Max: 32, Diff: 31, Sum: 47]
      [Scan RS (ms): Min: 0.0, Avg: 1.7, Max: 2.4, Diff: 2.4, Sum: 6.9]
      [Code Root Scanning (ms): Min: 0.0, Avg: 0.0, Max: 0.0, Diff: 0.0, Sum: 0.0]
      [Object Copy (ms): Min: 2.4, Avg: 3.5, Max: 3.8, Diff: 1.4, Sum: 13.9]
      [Termination (ms): Min: 0.0, Avg: 0.0, Max: 0.0, Diff: 0.0, Sum: 0.0]
         [Termination Attempts: Min: 1, Avg: 1.5, Max: 2, Diff: 1, Sum: 6]
      [GC Worker Other (ms): Min: 0.0, Avg: 0.0, Max: 0.0, Diff: 0.0, Sum: 0.1]
      [GC Worker Total (ms): Min: 9.2, Avg: 9.3, Max: 9.3, Diff: 0.1, Sum: 37.2]
      [GC Worker End (ms): Min: 2985672.8, Avg: 2985672.8, Max: 2985672.8, Diff: 0.0]
   [Code Root Fixup: 0.0 ms]
   [Code Root Purge: 0.0 ms]
   [Clear CT: 0.1 ms]
   [Other: 0.4 ms]
      [Choose CSet: 0.0 ms]
      [Ref Proc: 0.1 ms]
      [Ref Enq: 0.0 ms]
      [Redirty Cards: 0.0 ms]
      [Humongous Register: 0.0 ms]
      [Humongous Reclaim: 0.0 ms]
      [Free CSet: 0.0 ms]
   [Eden: 73.0M(73.0M)->0.0B(67.0M) Survivors: 2048.0K->5120.0K Heap: 226.5M(256.0M)->155.8M(256.0M)]
 [Times: user=0.03 sys=0.00, real=0.01 secs] 
2020-04-16T14:19:20.978+0800: 3003.928: [GC pause (G1 Evacuation Pause) (young) (initial-mark), 0.0098588 secs]
   [Parallel Time: 9.0 ms, GC Workers: 4]
      [GC Worker Start (ms): Min: 3003927.8, Avg: 3003927.8, Max: 3003927.8, Diff: 0.1]
      [Ext Root Scanning (ms): Min: 0.5, Avg: 0.6, Max: 0.6, Diff: 0.1, Sum: 2.3]
      [Update RS (ms): Min: 1.9, Avg: 2.3, Max: 3.4, Diff: 1.5, Sum: 9.0]
         [Processed Buffers: Min: 2, Avg: 10.5, Max: 19, Diff: 17, Sum: 42]
      [Scan RS (ms): Min: 0.4, Avg: 1.5, Max: 2.0, Diff: 1.5, Sum: 6.2]
      [Code Root Scanning (ms): Min: 0.0, Avg: 0.0, Max: 0.0, Diff: 0.0, Sum: 0.0]
      [Object Copy (ms): Min: 4.1, Avg: 4.1, Max: 4.2, Diff: 0.1, Sum: 16.6]
      [Termination (ms): Min: 0.0, Avg: 0.0, Max: 0.0, Diff: 0.0, Sum: 0.0]
         [Termination Attempts: Min: 1, Avg: 1.2, Max: 2, Diff: 1, Sum: 5]
      [GC Worker Other (ms): Min: 0.0, Avg: 0.2, Max: 0.4, Diff: 0.3, Sum: 0.7]
      [GC Worker Total (ms): Min: 8.6, Avg: 8.7, Max: 8.9, Diff: 0.3, Sum: 34.9]
      [GC Worker End (ms): Min: 3003936.4, Avg: 3003936.5, Max: 3003936.7, Diff: 0.3]
   [Code Root Fixup: 0.0 ms]
   [Code Root Purge: 0.0 ms]
   [Clear CT: 0.1 ms]
   [Other: 0.8 ms]
      [Choose CSet: 0.0 ms]
      [Ref Proc: 0.5 ms]
      [Ref Enq: 0.0 ms]
      [Redirty Cards: 0.0 ms]
      [Humongous Register: 0.0 ms]
      [Humongous Reclaim: 0.0 ms]
      [Free CSet: 0.0 ms]
   [Eden: 67.0M(67.0M)->0.0B(71.0M) Survivors: 5120.0K->3072.0K Heap: 222.8M(256.0M)->154.3M(256.0M)]
 [Times: user=0.03 sys=0.00, real=0.01 secs] 
2020-04-16T14:19:20.988+0800: 3003.938: [GC concurrent-root-region-scan-start]
2020-04-16T14:19:20.994+0800: 3003.944: [GC concurrent-root-region-scan-end, 0.0062316 secs]
2020-04-16T14:19:20.994+0800: 3003.944: [GC concurrent-mark-start]
2020-04-16T14:19:21.030+0800: 3003.980: [GC concurrent-mark-end, 0.0357566 secs]
2020-04-16T14:19:21.030+0800: 3003.980: [GC remark 2020-04-16T14:19:21.030+0800: 3003.980: [Finalize Marking, 0.0000952 secs] 2020-04-16T14:19:21.030+0800: 3003.980: [GC ref-proc, 0.0000760 secs] 2020-04-16T14:19:21.030+0800: 3003.980: [Unloading, 0.0055662 secs], 0.0070939 secs]
 [Times: user=0.02 sys=0.00, real=0.00 secs] 
2020-04-16T14:19:21.037+0800: 3003.987: [GC cleanup 155M->155M(256M), 0.0004535 secs]
 [Times: user=0.01 sys=0.00, real=0.00 secs] 
2020-04-16T14:19:40.064+0800: 3023.013: [GC pause (G1 Evacuation Pause) (young), 0.0107987 secs]
   [Parallel Time: 10.3 ms, GC Workers: 4]
      [GC Worker Start (ms): Min: 3023013.3, Avg: 3023013.3, Max: 3023013.6, Diff: 0.3]
      [Ext Root Scanning (ms): Min: 0.6, Avg: 0.9, Max: 1.3, Diff: 0.8, Sum: 3.6]
      [Update RS (ms): Min: 1.6, Avg: 1.9, Max: 2.1, Diff: 0.5, Sum: 7.6]
         [Processed Buffers: Min: 5, Avg: 11.8, Max: 26, Diff: 21, Sum: 47]
      [Scan RS (ms): Min: 2.0, Avg: 3.4, Max: 7.2, Diff: 5.2, Sum: 13.5]
      [Code Root Scanning (ms): Min: 0.0, Avg: 0.0, Max: 0.0, Diff: 0.0, Sum: 0.1]
      [Object Copy (ms): Min: 0.1, Avg: 3.8, Max: 5.1, Diff: 5.0, Sum: 15.4]
      [Termination (ms): Min: 0.0, Avg: 0.1, Max: 0.1, Diff: 0.1, Sum: 0.4]
         [Termination Attempts: Min: 1, Avg: 5.8, Max: 9, Diff: 8, Sum: 23]
      [GC Worker Other (ms): Min: 0.0, Avg: 0.0, Max: 0.0, Diff: 0.0, Sum: 0.1]
      [GC Worker Total (ms): Min: 9.9, Avg: 10.1, Max: 10.2, Diff: 0.3, Sum: 40.6]
      [GC Worker End (ms): Min: 3023023.5, Avg: 3023023.5, Max: 3023023.5, Diff: 0.0]
   [Code Root Fixup: 0.0 ms]
   [Code Root Purge: 0.0 ms]
   [Clear CT: 0.1 ms]
   [Other: 0.4 ms]
      [Choose CSet: 0.0 ms]
      [Ref Proc: 0.1 ms]
      [Ref Enq: 0.0 ms]
      [Redirty Cards: 0.1 ms]
      [Humongous Register: 0.0 ms]
      [Humongous Reclaim: 0.0 ms]
      [Free CSet: 0.0 ms]
   [Eden: 71.0M(71.0M)->0.0B(7168.0K) Survivors: 3072.0K->5120.0K Heap: 225.3M(256.0M)->155.9M(256.0M)]
 [Times: user=0.03 sys=0.00, real=0.01 secs] 
2020-04-16T14:19:41.988+0800: 3024.937: [GC pause (G1 Evacuation Pause) (mixed), 0.0145160 secs]
   [Parallel Time: 12.3 ms, GC Workers: 4]
      [GC Worker Start (ms): Min: 3024937.4, Avg: 3024937.5, Max: 3024937.9, Diff: 0.5]
      [Ext Root Scanning (ms): Min: 0.3, Avg: 0.7, Max: 0.9, Diff: 0.6, Sum: 2.7]
      [Update RS (ms): Min: 1.5, Avg: 1.7, Max: 1.7, Diff: 0.2, Sum: 6.6]
         [Processed Buffers: Min: 4, Avg: 7.5, Max: 15, Diff: 11, Sum: 30]
      [Scan RS (ms): Min: 2.3, Avg: 2.4, Max: 2.4, Diff: 0.1, Sum: 9.4]
      [Code Root Scanning (ms): Min: 0.0, Avg: 0.0, Max: 0.1, Diff: 0.1, Sum: 0.2]
      [Object Copy (ms): Min: 7.2, Avg: 7.3, Max: 7.4, Diff: 0.2, Sum: 29.3]
      [Termination (ms): Min: 0.0, Avg: 0.0, Max: 0.0, Diff: 0.0, Sum: 0.0]
         [Termination Attempts: Min: 1, Avg: 2.2, Max: 4, Diff: 3, Sum: 9]
      [GC Worker Other (ms): Min: 0.0, Avg: 0.0, Max: 0.0, Diff: 0.0, Sum: 0.1]
      [GC Worker Total (ms): Min: 11.7, Avg: 12.1, Max: 12.2, Diff: 0.5, Sum: 48.3]
      [GC Worker End (ms): Min: 3024949.6, Avg: 3024949.6, Max: 3024949.6, Diff: 0.0]
   [Code Root Fixup: 0.0 ms]
   [Code Root Purge: 0.0 ms]
   [Clear CT: 0.1 ms]
   [Other: 2.1 ms]
      [Choose CSet: 0.0 ms]
      [Ref Proc: 1.7 ms]
      [Ref Enq: 0.0 ms]
      [Redirty Cards: 0.2 ms]
      [Humongous Register: 0.0 ms]
      [Humongous Reclaim: 0.0 ms]
      [Free CSet: 0.0 ms]
   [Eden: 7168.0K(7168.0K)->0.0B(73.0M) Survivors: 5120.0K->2048.0K Heap: 162.9M(256.0M)->153.2M(256.0M)]
 [Times: user=0.04 sys=0.00, real=0.02 secs] 
2020-04-16T14:20:01.591+0800: 3044.539: [GC pause (G1 Evacuation Pause) (young), 0.0333280 secs]
   [Parallel Time: 22.3 ms, GC Workers: 4]
      [GC Worker Start (ms): Min: 3044539.2, Avg: 3044539.5, Max: 3044540.4, Diff: 1.2]
      [Ext Root Scanning (ms): Min: 0.5, Avg: 1.6, Max: 2.7, Diff: 2.2, Sum: 6.5]
      [Update RS (ms): Min: 2.0, Avg: 2.8, Max: 3.1, Diff: 1.1, Sum: 11.4]
         [Processed Buffers: Min: 3, Avg: 11.8, Max: 21, Diff: 18, Sum: 47]
      [Scan RS (ms): Min: 1.8, Avg: 1.9, Max: 1.9, Diff: 0.2, Sum: 7.4]
      [Code Root Scanning (ms): Min: 0.0, Avg: 0.0, Max: 0.0, Diff: 0.0, Sum: 0.1]
      [Object Copy (ms): Min: 5.3, Avg: 5.4, Max: 5.6, Diff: 0.2, Sum: 21.7]
      [Termination (ms): Min: 0.0, Avg: 5.1, Max: 10.1, Diff: 10.1, Sum: 20.3]
         [Termination Attempts: Min: 1, Avg: 1.0, Max: 1, Diff: 0, Sum: 4]
      [GC Worker Other (ms): Min: 0.0, Avg: 0.0, Max: 0.0, Diff: 0.0, Sum: 0.1]
      [GC Worker Total (ms): Min: 11.0, Avg: 16.9, Max: 22.2, Diff: 11.2, Sum: 67.5]
      [GC Worker End (ms): Min: 3044551.4, Avg: 3044556.4, Max: 3044561.4, Diff: 10.0]
   [Code Root Fixup: 0.0 ms]
   [Code Root Purge: 0.0 ms]
   [Clear CT: 0.1 ms]
   [Other: 10.9 ms]
      [Choose CSet: 0.0 ms]
      [Ref Proc: 10.5 ms]
      [Ref Enq: 0.0 ms]
      [Redirty Cards: 0.1 ms]
      [Humongous Register: 0.0 ms]
      [Humongous Reclaim: 0.0 ms]
      [Free CSet: 0.1 ms]
   [Eden: 73.0M(73.0M)->0.0B(28.0M) Survivors: 2048.0K->5120.0K Heap: 226.2M(256.0M)->155.8M(256.0M)]
 [Times: user=0.04 sys=0.00, real=0.03 secs] 
2020-04-16T14:20:09.072+0800: 3052.020: [GC pause (G1 Evacuation Pause) (young) (initial-mark), 0.0076393 secs]
   [Parallel Time: 7.1 ms, GC Workers: 4]
      [GC Worker Start (ms): Min: 3052020.5, Avg: 3052020.6, Max: 3052020.6, Diff: 0.1]
      [Ext Root Scanning (ms): Min: 0.6, Avg: 0.7, Max: 0.7, Diff: 0.1, Sum: 2.6]
      [Update RS (ms): Min: 1.6, Avg: 1.7, Max: 1.8, Diff: 0.3, Sum: 6.9]
         [Processed Buffers: Min: 3, Avg: 9.0, Max: 19, Diff: 16, Sum: 36]
      [Scan RS (ms): Min: 1.6, Avg: 1.7, Max: 1.9, Diff: 0.3, Sum: 7.0]
      [Code Root Scanning (ms): Min: 0.0, Avg: 0.0, Max: 0.0, Diff: 0.0, Sum: 0.1]
      [Object Copy (ms): Min: 2.8, Avg: 2.8, Max: 2.8, Diff: 0.0, Sum: 11.3]
      [Termination (ms): Min: 0.0, Avg: 0.0, Max: 0.0, Diff: 0.0, Sum: 0.0]
         [Termination Attempts: Min: 1, Avg: 1.0, Max: 1, Diff: 0, Sum: 4]
      [GC Worker Other (ms): Min: 0.0, Avg: 0.0, Max: 0.0, Diff: 0.0, Sum: 0.1]
      [GC Worker Total (ms): Min: 6.9, Avg: 7.0, Max: 7.0, Diff: 0.1, Sum: 27.9]
      [GC Worker End (ms): Min: 3052027.5, Avg: 3052027.5, Max: 3052027.5, Diff: 0.0]
   [Code Root Fixup: 0.0 ms]
   [Code Root Purge: 0.0 ms]
   [Clear CT: 0.1 ms]
   [Other: 0.5 ms]
      [Choose CSet: 0.0 ms]
      [Ref Proc: 0.1 ms]
      [Ref Enq: 0.0 ms]
      [Redirty Cards: 0.1 ms]
      [Humongous Register: 0.0 ms]
      [Humongous Reclaim: 0.0 ms]
      [Free CSet: 0.0 ms]
   [Eden: 28.0M(28.0M)->0.0B(71.0M) Survivors: 5120.0K->3072.0K Heap: 183.8M(256.0M)->154.0M(256.0M)]
 [Times: user=0.03 sys=0.00, real=0.01 secs] 
2020-04-16T14:20:09.080+0800: 3052.028: [GC concurrent-root-region-scan-start]
2020-04-16T14:20:09.086+0800: 3052.034: [GC concurrent-root-region-scan-end, 0.0057033 secs]
2020-04-16T14:20:09.086+0800: 3052.034: [GC concurrent-mark-start]
2020-04-16T14:20:09.106+0800: 3052.055: [GC concurrent-mark-end, 0.0204257 secs]
2020-04-16T14:20:09.106+0800: 3052.055: [GC remark 2020-04-16T14:20:09.106+0800: 3052.055: [Finalize Marking, 0.0001144 secs] 2020-04-16T14:20:09.107+0800: 3052.055: [GC ref-proc, 0.0000760 secs] 2020-04-16T14:20:09.107+0800: 3052.055: [Unloading, 0.0052843 secs], 0.0068733 secs]
 [Times: user=0.02 sys=0.00, real=0.01 secs] 
2020-04-16T14:20:09.114+0800: 3052.062: [GC cleanup 155M->155M(256M), 0.0003295 secs]
 [Times: user=0.00 sys=0.00, real=0.00 secs] 
2020-04-16T14:20:27.955+0800: 3070.903: [GC pause (G1 Evacuation Pause) (young), 0.0120319 secs]
   [Parallel Time: 11.3 ms, GC Workers: 4]
      [GC Worker Start (ms): Min: 3070903.3, Avg: 3070903.6, Max: 3070904.5, Diff: 1.2]
      [Ext Root Scanning (ms): Min: 0.0, Avg: 0.6, Max: 0.8, Diff: 0.8, Sum: 2.3]
      [Update RS (ms): Min: 2.5, Avg: 3.4, Max: 5.3, Diff: 2.8, Sum: 13.6]
         [Processed Buffers: Min: 0, Avg: 9.5, Max: 17, Diff: 17, Sum: 38]
      [Scan RS (ms): Min: 0.0, Avg: 1.4, Max: 1.9, Diff: 1.9, Sum: 5.5]
      [Code Root Scanning (ms): Min: 0.0, Avg: 0.0, Max: 0.1, Diff: 0.1, Sum: 0.1]
      [Object Copy (ms): Min: 5.0, Avg: 5.5, Max: 5.7, Diff: 0.7, Sum: 21.9]
      [Termination (ms): Min: 0.0, Avg: 0.1, Max: 0.1, Diff: 0.1, Sum: 0.3]
         [Termination Attempts: Min: 1, Avg: 1.0, Max: 1, Diff: 0, Sum: 4]
      [GC Worker Other (ms): Min: 0.0, Avg: 0.0, Max: 0.0, Diff: 0.0, Sum: 0.1]
      [GC Worker Total (ms): Min: 10.0, Avg: 10.9, Max: 11.2, Diff: 1.2, Sum: 43.8]
      [GC Worker End (ms): Min: 3070914.6, Avg: 3070914.6, Max: 3070914.6, Diff: 0.0]
   [Code Root Fixup: 0.0 ms]
   [Code Root Purge: 0.0 ms]
   [Clear CT: 0.0 ms]
   [Other: 0.7 ms]
      [Choose CSet: 0.0 ms]
      [Ref Proc: 0.2 ms]
      [Ref Enq: 0.0 ms]
      [Redirty Cards: 0.1 ms]
      [Humongous Register: 0.0 ms]
      [Humongous Reclaim: 0.0 ms]
      [Free CSet: 0.1 ms]
   [Eden: 71.0M(71.0M)->0.0B(8192.0K) Survivors: 3072.0K->4096.0K Heap: 225.0M(256.0M)->154.7M(256.0M)]
 [Times: user=0.04 sys=0.00, real=0.01 secs] 
2020-04-16T14:20:30.033+0800: 3072.981: [GC pause (G1 Evacuation Pause) (mixed), 0.0118572 secs]
   [Parallel Time: 11.4 ms, GC Workers: 4]
      [GC Worker Start (ms): Min: 3072981.0, Avg: 3072981.0, Max: 3072981.0, Diff: 0.0]
      [Ext Root Scanning (ms): Min: 0.5, Avg: 0.6, Max: 0.7, Diff: 0.2, Sum: 2.2]
      [Update RS (ms): Min: 1.0, Avg: 1.7, Max: 3.5, Diff: 2.5, Sum: 6.9]
         [Processed Buffers: Min: 3, Avg: 8.0, Max: 15, Diff: 12, Sum: 32]
      [Scan RS (ms): Min: 2.7, Avg: 3.8, Max: 4.4, Diff: 1.7, Sum: 15.1]
      [Code Root Scanning (ms): Min: 0.0, Avg: 0.0, Max: 0.1, Diff: 0.1, Sum: 0.1]
      [Object Copy (ms): Min: 4.5, Avg: 5.1, Max: 5.8, Diff: 1.3, Sum: 20.4]
      [Termination (ms): Min: 0.0, Avg: 0.0, Max: 0.0, Diff: 0.0, Sum: 0.0]
         [Termination Attempts: Min: 1, Avg: 2.5, Max: 6, Diff: 5, Sum: 10]
      [GC Worker Other (ms): Min: 0.0, Avg: 0.0, Max: 0.0, Diff: 0.0, Sum: 0.1]
      [GC Worker Total (ms): Min: 11.2, Avg: 11.2, Max: 11.2, Diff: 0.0, Sum: 44.9]
      [GC Worker End (ms): Min: 3072992.2, Avg: 3072992.2, Max: 3072992.2, Diff: 0.0]
   [Code Root Fixup: 0.0 ms]
   [Code Root Purge: 0.0 ms]
   [Clear CT: 0.0 ms]
   [Other: 0.4 ms]
      [Choose CSet: 0.0 ms]
      [Ref Proc: 0.2 ms]
      [Ref Enq: 0.0 ms]
      [Redirty Cards: 0.1 ms]
      [Humongous Register: 0.0 ms]
      [Humongous Reclaim: 0.0 ms]
      [Free CSet: 0.0 ms]
   [Eden: 8192.0K(8192.0K)->0.0B(73.0M) Survivors: 4096.0K->2048.0K Heap: 162.7M(256.0M)->153.2M(256.0M)]
 [Times: user=0.03 sys=0.00, real=0.01 secs] 
2020-04-16T14:20:49.642+0800: 3092.589: [GC pause (G1 Evacuation Pause) (young), 0.0079254 secs]
   [Parallel Time: 7.3 ms, GC Workers: 4]
      [GC Worker Start (ms): Min: 3092589.0, Avg: 3092589.1, Max: 3092589.4, Diff: 0.4]
      [Ext Root Scanning (ms): Min: 0.1, Avg: 0.4, Max: 0.6, Diff: 0.4, Sum: 1.8]
      [Update RS (ms): Min: 2.1, Avg: 2.4, Max: 2.5, Diff: 0.4, Sum: 9.5]
         [Processed Buffers: Min: 3, Avg: 11.8, Max: 21, Diff: 18, Sum: 47]
      [Scan RS (ms): Min: 1.3, Avg: 1.4, Max: 1.6, Diff: 0.3, Sum: 5.5]
      [Code Root Scanning (ms): Min: 0.0, Avg: 0.0, Max: 0.0, Diff: 0.0, Sum: 0.0]
      [Object Copy (ms): Min: 2.8, Avg: 2.8, Max: 2.9, Diff: 0.0, Sum: 11.3]
      [Termination (ms): Min: 0.0, Avg: 0.0, Max: 0.0, Diff: 0.0, Sum: 0.0]
         [Termination Attempts: Min: 1, Avg: 1.0, Max: 1, Diff: 0, Sum: 4]
      [GC Worker Other (ms): Min: 0.0, Avg: 0.0, Max: 0.0, Diff: 0.0, Sum: 0.1]
      [GC Worker Total (ms): Min: 6.7, Avg: 7.0, Max: 7.2, Diff: 0.4, Sum: 28.2]
      [GC Worker End (ms): Min: 3092596.2, Avg: 3092596.2, Max: 3092596.2, Diff: 0.0]
   [Code Root Fixup: 0.0 ms]
   [Code Root Purge: 0.0 ms]
   [Clear CT: 0.1 ms]
   [Other: 0.6 ms]
      [Choose CSet: 0.0 ms]
      [Ref Proc: 0.3 ms]
      [Ref Enq: 0.0 ms]
      [Redirty Cards: 0.1 ms]
      [Humongous Register: 0.0 ms]
      [Humongous Reclaim: 0.0 ms]
      [Free CSet: 0.1 ms]
   [Eden: 73.0M(73.0M)->0.0B(71.0M) Survivors: 2048.0K->3072.0K Heap: 226.2M(256.0M)->153.4M(256.0M)]
 [Times: user=0.03 sys=0.00, real=0.01 secs] 
2020-04-16T14:21:08.577+0800: 3111.523: [GC pause (G1 Evacuation Pause) (young) (initial-mark), 0.0087967 secs]
   [Parallel Time: 8.3 ms, GC Workers: 4]
      [GC Worker Start (ms): Min: 3111523.1, Avg: 3111523.1, Max: 3111523.1, Diff: 0.0]
      [Ext Root Scanning (ms): Min: 0.7, Avg: 0.7, Max: 0.7, Diff: 0.0, Sum: 2.9]
      [Update RS (ms): Min: 1.9, Avg: 2.1, Max: 2.3, Diff: 0.3, Sum: 8.3]
         [Processed Buffers: Min: 9, Avg: 11.5, Max: 15, Diff: 6, Sum: 46]
      [Scan RS (ms): Min: 1.8, Avg: 1.9, Max: 2.1, Diff: 0.3, Sum: 7.7]
      [Code Root Scanning (ms): Min: 0.0, Avg: 0.0, Max: 0.0, Diff: 0.0, Sum: 0.0]
      [Object Copy (ms): Min: 3.5, Avg: 3.5, Max: 3.6, Diff: 0.1, Sum: 14.1]
      [Termination (ms): Min: 0.0, Avg: 0.0, Max: 0.0, Diff: 0.0, Sum: 0.0]
         [Termination Attempts: Min: 1, Avg: 1.0, Max: 1, Diff: 0, Sum: 4]
      [GC Worker Other (ms): Min: 0.0, Avg: 0.0, Max: 0.0, Diff: 0.0, Sum: 0.1]
      [GC Worker Total (ms): Min: 8.3, Avg: 8.3, Max: 8.3, Diff: 0.0, Sum: 33.1]
      [GC Worker End (ms): Min: 3111531.4, Avg: 3111531.4, Max: 3111531.4, Diff: 0.0]
   [Code Root Fixup: 0.0 ms]
   [Code Root Purge: 0.0 ms]
   [Clear CT: 0.1 ms]
   [Other: 0.4 ms]
      [Choose CSet: 0.0 ms]
      [Ref Proc: 0.1 ms]
      [Ref Enq: 0.0 ms]
      [Redirty Cards: 0.1 ms]
      [Humongous Register: 0.0 ms]
      [Humongous Reclaim: 0.0 ms]
      [Free CSet: 0.1 ms]
   [Eden: 71.0M(71.0M)->0.0B(71.0M) Survivors: 3072.0K->3072.0K Heap: 224.4M(256.0M)->154.1M(256.0M)]
 [Times: user=0.03 sys=0.01, real=0.01 secs] 
2020-04-16T14:21:08.585+0800: 3111.532: [GC concurrent-root-region-scan-start]
2020-04-16T14:21:08.590+0800: 3111.536: [GC concurrent-root-region-scan-end, 0.0045145 secs]
2020-04-16T14:21:08.590+0800: 3111.536: [GC concurrent-mark-start]
2020-04-16T14:21:08.610+0800: 3111.557: [GC concurrent-mark-end, 0.0201767 secs]
2020-04-16T14:21:08.610+0800: 3111.557: [GC remark 2020-04-16T14:21:08.610+0800: 3111.557: [Finalize Marking, 0.0001105 secs] 2020-04-16T14:21:08.611+0800: 3111.557: [GC ref-proc, 0.0000788 secs] 2020-04-16T14:21:08.611+0800: 3111.557: [Unloading, 0.0049832 secs], 0.0067299 secs]
 [Times: user=0.02 sys=0.00, real=0.00 secs] 
2020-04-16T14:21:08.617+0800: 3111.564: [GC cleanup 154M->154M(256M), 0.0004291 secs]
 [Times: user=0.00 sys=0.00, real=0.00 secs] 
2020-04-16T14:21:27.588+0800: 3130.534: [GC pause (G1 Evacuation Pause) (young), 0.0101473 secs]
   [Parallel Time: 9.6 ms, GC Workers: 4]
      [GC Worker Start (ms): Min: 3130534.4, Avg: 3130534.5, Max: 3130534.7, Diff: 0.4]
      [Ext Root Scanning (ms): Min: 0.5, Avg: 1.1, Max: 2.0, Diff: 1.5, Sum: 4.4]
      [Update RS (ms): Min: 1.5, Avg: 2.2, Max: 2.6, Diff: 1.1, Sum: 8.8]
         [Processed Buffers: Min: 4, Avg: 11.0, Max: 16, Diff: 12, Sum: 44]
      [Scan RS (ms): Min: 1.9, Avg: 2.0, Max: 2.2, Diff: 0.3, Sum: 8.1]
      [Code Root Scanning (ms): Min: 0.0, Avg: 0.0, Max: 0.0, Diff: 0.0, Sum: 0.0]
      [Object Copy (ms): Min: 4.0, Avg: 4.0, Max: 4.1, Diff: 0.1, Sum: 16.1]
      [Termination (ms): Min: 0.0, Avg: 0.0, Max: 0.0, Diff: 0.0, Sum: 0.0]
         [Termination Attempts: Min: 1, Avg: 1.0, Max: 1, Diff: 0, Sum: 4]
      [GC Worker Other (ms): Min: 0.0, Avg: 0.0, Max: 0.0, Diff: 0.0, Sum: 0.1]
      [GC Worker Total (ms): Min: 9.2, Avg: 9.4, Max: 9.5, Diff: 0.4, Sum: 37.7]
      [GC Worker End (ms): Min: 3130543.9, Avg: 3130543.9, Max: 3130543.9, Diff: 0.0]
   [Code Root Fixup: 0.0 ms]
   [Code Root Purge: 0.0 ms]
   [Clear CT: 0.1 ms]
   [Other: 0.4 ms]
      [Choose CSet: 0.0 ms]
      [Ref Proc: 0.1 ms]
      [Ref Enq: 0.0 ms]
      [Redirty Cards: 0.1 ms]
      [Humongous Register: 0.0 ms]
      [Humongous Reclaim: 0.0 ms]
      [Free CSet: 0.0 ms]
   [Eden: 71.0M(71.0M)->0.0B(7168.0K) Survivors: 3072.0K->5120.0K Heap: 225.1M(256.0M)->155.6M(256.0M)]
 [Times: user=0.04 sys=0.00, real=0.01 secs] 
2020-04-16T14:21:29.508+0800: 3132.454: [GC pause (G1 Evacuation Pause) (mixed), 0.0111038 secs]
   [Parallel Time: 10.7 ms, GC Workers: 4]
      [GC Worker Start (ms): Min: 3132453.6, Avg: 3132453.8, Max: 3132454.4, Diff: 0.8]
      [Ext Root Scanning (ms): Min: 0.1, Avg: 0.7, Max: 0.9, Diff: 0.7, Sum: 2.7]
      [Update RS (ms): Min: 1.5, Avg: 1.5, Max: 1.6, Diff: 0.1, Sum: 6.2]
         [Processed Buffers: Min: 2, Avg: 9.0, Max: 14, Diff: 12, Sum: 36]
      [Scan RS (ms): Min: 2.6, Avg: 2.6, Max: 2.7, Diff: 0.1, Sum: 10.5]
      [Code Root Scanning (ms): Min: 0.0, Avg: 0.0, Max: 0.1, Diff: 0.1, Sum: 0.1]
      [Object Copy (ms): Min: 5.5, Avg: 5.5, Max: 5.6, Diff: 0.1, Sum: 22.2]
      [Termination (ms): Min: 0.0, Avg: 0.0, Max: 0.0, Diff: 0.0, Sum: 0.0]
         [Termination Attempts: Min: 1, Avg: 1.2, Max: 2, Diff: 1, Sum: 5]
      [GC Worker Other (ms): Min: 0.0, Avg: 0.0, Max: 0.0, Diff: 0.0, Sum: 0.1]
      [GC Worker Total (ms): Min: 9.9, Avg: 10.4, Max: 10.6, Diff: 0.7, Sum: 41.7]
      [GC Worker End (ms): Min: 3132464.2, Avg: 3132464.2, Max: 3132464.3, Diff: 0.0]
   [Code Root Fixup: 0.0 ms]
   [Code Root Purge: 0.0 ms]
   [Clear CT: 0.1 ms]
   [Other: 0.3 ms]
      [Choose CSet: 0.0 ms]
      [Ref Proc: 0.1 ms]
      [Ref Enq: 0.0 ms]
      [Redirty Cards: 0.1 ms]
      [Humongous Register: 0.0 ms]
      [Humongous Reclaim: 0.0 ms]
      [Free CSet: 0.0 ms]
   [Eden: 7168.0K(7168.0K)->0.0B(74.0M) Survivors: 5120.0K->2048.0K Heap: 162.6M(256.0M)->152.6M(256.0M)]
 [Times: user=0.04 sys=0.00, real=0.01 secs] 
2020-04-16T14:21:49.448+0800: 3152.393: [GC pause (G1 Evacuation Pause) (young), 0.0123577 secs]
   [Parallel Time: 11.1 ms, GC Workers: 4]
      [GC Worker Start (ms): Min: 3152393.4, Avg: 3152393.4, Max: 3152393.5, Diff: 0.1]
      [Ext Root Scanning (ms): Min: 0.4, Avg: 0.5, Max: 0.5, Diff: 0.1, Sum: 1.9]
      [Update RS (ms): Min: 1.7, Avg: 1.9, Max: 2.0, Diff: 0.3, Sum: 7.5]
         [Processed Buffers: Min: 2, Avg: 11.5, Max: 27, Diff: 25, Sum: 46]
      [Scan RS (ms): Min: 2.3, Avg: 2.4, Max: 2.6, Diff: 0.3, Sum: 9.6]
      [Code Root Scanning (ms): Min: 0.0, Avg: 0.0, Max: 0.0, Diff: 0.0, Sum: 0.0]
      [Object Copy (ms): Min: 5.9, Avg: 5.9, Max: 6.0, Diff: 0.1, Sum: 23.7]
      [Termination (ms): Min: 0.0, Avg: 0.2, Max: 0.3, Diff: 0.3, Sum: 0.9]
         [Termination Attempts: Min: 1, Avg: 1.0, Max: 1, Diff: 0, Sum: 4]
      [GC Worker Other (ms): Min: 0.0, Avg: 0.0, Max: 0.0, Diff: 0.0, Sum: 0.1]
      [GC Worker Total (ms): Min: 10.8, Avg: 10.9, Max: 11.0, Diff: 0.3, Sum: 43.8]
      [GC Worker End (ms): Min: 3152404.2, Avg: 3152404.4, Max: 3152404.4, Diff: 0.2]
   [Code Root Fixup: 0.0 ms]
   [Code Root Purge: 0.0 ms]
   [Clear CT: 0.2 ms]
   [Other: 1.1 ms]
      [Choose CSet: 0.0 ms]
      [Ref Proc: 0.7 ms]
      [Ref Enq: 0.0 ms]
      [Redirty Cards: 0.1 ms]
      [Humongous Register: 0.0 ms]
      [Humongous Reclaim: 0.0 ms]
      [Free CSet: 0.1 ms]
   [Eden: 74.0M(74.0M)->0.0B(72.0M) Survivors: 2048.0K->3072.0K Heap: 226.6M(256.0M)->153.3M(256.0M)]
 [Times: user=0.03 sys=0.00, real=0.02 secs] 
2020-04-16T14:22:08.682+0800: 3171.627: [GC pause (G1 Evacuation Pause) (young) (initial-mark), 0.0345710 secs]
   [Parallel Time: 23.6 ms, GC Workers: 4]
      [GC Worker Start (ms): Min: 3171627.1, Avg: 3171627.8, Max: 3171628.9, Diff: 1.9]
      [Ext Root Scanning (ms): Min: 0.6, Avg: 2.0, Max: 3.3, Diff: 2.7, Sum: 7.9]
      [Update RS (ms): Min: 1.5, Avg: 2.0, Max: 2.4, Diff: 0.9, Sum: 8.1]
         [Processed Buffers: Min: 3, Avg: 11.8, Max: 19, Diff: 16, Sum: 47]
      [Scan RS (ms): Min: 1.8, Avg: 1.9, Max: 1.9, Diff: 0.2, Sum: 7.5]
      [Code Root Scanning (ms): Min: 0.0, Avg: 0.0, Max: 0.0, Diff: 0.0, Sum: 0.0]
      [Object Copy (ms): Min: 6.5, Avg: 6.6, Max: 6.8, Diff: 0.3, Sum: 26.4]
      [Termination (ms): Min: 0.0, Avg: 7.7, Max: 10.3, Diff: 10.3, Sum: 31.0]
         [Termination Attempts: Min: 1, Avg: 1.0, Max: 1, Diff: 0, Sum: 4]
      [GC Worker Other (ms): Min: 0.0, Avg: 0.0, Max: 0.0, Diff: 0.0, Sum: 0.1]
      [GC Worker Total (ms): Min: 12.8, Avg: 20.2, Max: 23.5, Diff: 10.8, Sum: 81.0]
      [GC Worker End (ms): Min: 3171640.4, Avg: 3171648.0, Max: 3171650.6, Diff: 10.2]
   [Code Root Fixup: 0.0 ms]
   [Code Root Purge: 0.0 ms]
   [Clear CT: 0.2 ms]
   [Other: 10.7 ms]
      [Choose CSet: 0.0 ms]
      [Ref Proc: 10.4 ms]
      [Ref Enq: 0.0 ms]
      [Redirty Cards: 0.1 ms]
      [Humongous Register: 0.0 ms]
      [Humongous Reclaim: 0.0 ms]
      [Free CSet: 0.1 ms]
   [Eden: 72.0M(72.0M)->0.0B(70.0M) Survivors: 3072.0K->4096.0K Heap: 225.3M(256.0M)->154.1M(256.0M)]
 [Times: user=0.04 sys=0.00, real=0.03 secs] 
2020-04-16T14:22:08.718+0800: 3171.663: [GC concurrent-root-region-scan-start]
2020-04-16T14:22:08.727+0800: 3171.672: [GC concurrent-root-region-scan-end, 0.0091650 secs]
2020-04-16T14:22:08.727+0800: 3171.672: [GC concurrent-mark-start]
2020-04-16T14:22:08.779+0800: 3171.724: [GC concurrent-mark-end, 0.0517368 secs]
2020-04-16T14:22:08.779+0800: 3171.724: [GC remark 2020-04-16T14:22:08.779+0800: 3171.724: [Finalize Marking, 0.0140787 secs] 2020-04-16T14:22:08.793+0800: 3171.738: [GC ref-proc, 0.0001271 secs] 2020-04-16T14:22:08.793+0800: 3171.738: [Unloading, 0.0069124 secs], 0.0229342 secs]
 [Times: user=0.02 sys=0.00, real=0.03 secs] 
2020-04-16T14:22:08.802+0800: 3171.747: [GC cleanup 155M->155M(256M), 0.0013030 secs]
 [Times: user=0.00 sys=0.00, real=0.00 secs] 
2020-04-16T14:22:27.391+0800: 3190.335: [GC pause (G1 Evacuation Pause) (young), 0.0121343 secs]
   [Parallel Time: 11.6 ms, GC Workers: 4]
      [GC Worker Start (ms): Min: 3190335.0, Avg: 3190335.0, Max: 3190335.0, Diff: 0.1]
      [Ext Root Scanning (ms): Min: 0.6, Avg: 0.6, Max: 0.7, Diff: 0.1, Sum: 2.6]
      [Update RS (ms): Min: 2.4, Avg: 2.6, Max: 2.8, Diff: 0.5, Sum: 10.5]
         [Processed Buffers: Min: 2, Avg: 10.5, Max: 15, Diff: 13, Sum: 42]
      [Scan RS (ms): Min: 2.0, Avg: 2.3, Max: 2.6, Diff: 0.5, Sum: 9.2]
      [Code Root Scanning (ms): Min: 0.0, Avg: 0.0, Max: 0.0, Diff: 0.0, Sum: 0.0]
      [Object Copy (ms): Min: 5.9, Avg: 5.9, Max: 5.9, Diff: 0.1, Sum: 23.6]
      [Termination (ms): Min: 0.0, Avg: 0.0, Max: 0.0, Diff: 0.0, Sum: 0.0]
         [Termination Attempts: Min: 1, Avg: 1.0, Max: 1, Diff: 0, Sum: 4]
      [GC Worker Other (ms): Min: 0.0, Avg: 0.0, Max: 0.0, Diff: 0.0, Sum: 0.1]
      [GC Worker Total (ms): Min: 11.5, Avg: 11.5, Max: 11.5, Diff: 0.0, Sum: 46.0]
      [GC Worker End (ms): Min: 3190346.5, Avg: 3190346.5, Max: 3190346.5, Diff: 0.0]
   [Code Root Fixup: 0.0 ms]
   [Code Root Purge: 0.0 ms]
   [Clear CT: 0.1 ms]
   [Other: 0.4 ms]
      [Choose CSet: 0.0 ms]
      [Ref Proc: 0.1 ms]
      [Ref Enq: 0.0 ms]
      [Redirty Cards: 0.1 ms]
      [Humongous Register: 0.0 ms]
      [Humongous Reclaim: 0.0 ms]
      [Free CSet: 0.0 ms]
   [Eden: 70.0M(70.0M)->0.0B(7168.0K) Survivors: 4096.0K->5120.0K Heap: 224.1M(256.0M)->155.1M(256.0M)]
 [Times: user=0.05 sys=0.00, real=0.01 secs] 
2020-04-16T14:22:29.275+0800: 3192.219: [GC pause (G1 Evacuation Pause) (mixed), 0.0093973 secs]
   [Parallel Time: 9.0 ms, GC Workers: 4]
      [GC Worker Start (ms): Min: 3192219.1, Avg: 3192219.2, Max: 3192219.5, Diff: 0.4]
      [Ext Root Scanning (ms): Min: 0.2, Avg: 0.5, Max: 0.7, Diff: 0.5, Sum: 2.0]
      [Update RS (ms): Min: 1.0, Avg: 1.0, Max: 1.1, Diff: 0.1, Sum: 4.1]
         [Processed Buffers: Min: 2, Avg: 7.0, Max: 14, Diff: 12, Sum: 28]
      [Scan RS (ms): Min: 2.1, Avg: 2.3, Max: 2.4, Diff: 0.3, Sum: 9.0]
      [Code Root Scanning (ms): Min: 0.0, Avg: 0.0, Max: 0.0, Diff: 0.0, Sum: 0.0]
      [Object Copy (ms): Min: 5.0, Avg: 5.0, Max: 5.1, Diff: 0.1, Sum: 20.1]
      [Termination (ms): Min: 0.0, Avg: 0.0, Max: 0.0, Diff: 0.0, Sum: 0.0]
         [Termination Attempts: Min: 1, Avg: 1.0, Max: 1, Diff: 0, Sum: 4]
      [GC Worker Other (ms): Min: 0.0, Avg: 0.0, Max: 0.0, Diff: 0.0, Sum: 0.1]
      [GC Worker Total (ms): Min: 8.5, Avg: 8.8, Max: 8.9, Diff: 0.4, Sum: 35.2]
      [GC Worker End (ms): Min: 3192228.0, Avg: 3192228.0, Max: 3192228.0, Diff: 0.0]
   [Code Root Fixup: 0.0 ms]
   [Code Root Purge: 0.0 ms]
   [Clear CT: 0.1 ms]
   [Other: 0.3 ms]
      [Choose CSet: 0.0 ms]
      [Ref Proc: 0.1 ms]
      [Ref Enq: 0.0 ms]
      [Redirty Cards: 0.1 ms]
      [Humongous Register: 0.0 ms]
      [Humongous Reclaim: 0.0 ms]
      [Free CSet: 0.0 ms]
   [Eden: 7168.0K(7168.0K)->0.0B(73.0M) Survivors: 5120.0K->2048.0K Heap: 162.1M(256.0M)->153.6M(256.0M)]
 [Times: user=0.03 sys=0.01, real=0.01 secs] 
2020-04-16T14:22:48.821+0800: 3211.765: [GC pause (G1 Evacuation Pause) (young), 0.0067486 secs]
   [Parallel Time: 6.3 ms, GC Workers: 4]
      [GC Worker Start (ms): Min: 3211764.6, Avg: 3211764.7, Max: 3211764.7, Diff: 0.1]
      [Ext Root Scanning (ms): Min: 0.4, Avg: 0.4, Max: 0.4, Diff: 0.1, Sum: 1.6]
      [Update RS (ms): Min: 1.9, Avg: 2.1, Max: 2.2, Diff: 0.3, Sum: 8.2]
         [Processed Buffers: Min: 3, Avg: 11.2, Max: 23, Diff: 20, Sum: 45]
      [Scan RS (ms): Min: 1.4, Avg: 1.5, Max: 1.7, Diff: 0.3, Sum: 6.1]
      [Code Root Scanning (ms): Min: 0.0, Avg: 0.0, Max: 0.0, Diff: 0.0, Sum: 0.0]
      [Object Copy (ms): Min: 2.1, Avg: 2.2, Max: 2.2, Diff: 0.1, Sum: 8.7]
      [Termination (ms): Min: 0.0, Avg: 0.0, Max: 0.0, Diff: 0.0, Sum: 0.0]
         [Termination Attempts: Min: 1, Avg: 1.0, Max: 1, Diff: 0, Sum: 4]
      [GC Worker Other (ms): Min: 0.0, Avg: 0.0, Max: 0.1, Diff: 0.0, Sum: 0.2]
      [GC Worker Total (ms): Min: 6.2, Avg: 6.2, Max: 6.2, Diff: 0.0, Sum: 24.8]
      [GC Worker End (ms): Min: 3211770.9, Avg: 3211770.9, Max: 3211770.9, Diff: 0.0]
   [Code Root Fixup: 0.0 ms]
   [Code Root Purge: 0.0 ms]
   [Clear CT: 0.1 ms]
   [Other: 0.3 ms]
      [Choose CSet: 0.0 ms]
      [Ref Proc: 0.1 ms]
      [Ref Enq: 0.0 ms]
      [Redirty Cards: 0.1 ms]
      [Humongous Register: 0.0 ms]
      [Humongous Reclaim: 0.0 ms]
      [Free CSet: 0.1 ms]
   [Eden: 73.0M(73.0M)->0.0B(73.0M) Survivors: 2048.0K->2048.0K Heap: 226.6M(256.0M)->153.4M(256.0M)]
 [Times: user=0.02 sys=0.00, real=0.00 secs] 
2020-04-16T14:23:08.363+0800: 3231.306: [GC pause (G1 Evacuation Pause) (young) (initial-mark), 0.0086343 secs]
   [Parallel Time: 8.1 ms, GC Workers: 4]
      [GC Worker Start (ms): Min: 3231305.9, Avg: 3231305.9, Max: 3231306.0, Diff: 0.2]
      [Ext Root Scanning (ms): Min: 0.5, Avg: 0.6, Max: 0.7, Diff: 0.2, Sum: 2.5]
      [Update RS (ms): Min: 1.4, Avg: 1.6, Max: 1.8, Diff: 0.4, Sum: 6.5]
         [Processed Buffers: Min: 7, Avg: 11.2, Max: 15, Diff: 8, Sum: 45]
      [Scan RS (ms): Min: 2.2, Avg: 2.4, Max: 2.5, Diff: 0.3, Sum: 9.5]
      [Code Root Scanning (ms): Min: 0.0, Avg: 0.0, Max: 0.0, Diff: 0.0, Sum: 0.0]
      [Object Copy (ms): Min: 3.3, Avg: 3.3, Max: 3.3, Diff: 0.1, Sum: 13.2]
      [Termination (ms): Min: 0.0, Avg: 0.0, Max: 0.0, Diff: 0.0, Sum: 0.0]
         [Termination Attempts: Min: 1, Avg: 2.8, Max: 4, Diff: 3, Sum: 11]
      [GC Worker Other (ms): Min: 0.0, Avg: 0.0, Max: 0.1, Diff: 0.0, Sum: 0.1]
      [GC Worker Total (ms): Min: 7.8, Avg: 8.0, Max: 8.0, Diff: 0.2, Sum: 31.8]
      [GC Worker End (ms): Min: 3231313.9, Avg: 3231313.9, Max: 3231313.9, Diff: 0.0]
   [Code Root Fixup: 0.0 ms]
   [Code Root Purge: 0.0 ms]
   [Clear CT: 0.1 ms]
   [Other: 0.5 ms]
      [Choose CSet: 0.0 ms]
      [Ref Proc: 0.1 ms]
      [Ref Enq: 0.0 ms]
      [Redirty Cards: 0.1 ms]
      [Humongous Register: 0.0 ms]
      [Humongous Reclaim: 0.0 ms]
      [Free CSet: 0.1 ms]
   [Eden: 73.0M(73.0M)->0.0B(73.0M) Survivors: 2048.0K->2048.0K Heap: 226.4M(256.0M)->153.6M(256.0M)]
 [Times: user=0.04 sys=0.00, real=0.01 secs] 
2020-04-16T14:23:08.372+0800: 3231.315: [GC concurrent-root-region-scan-start]
2020-04-16T14:23:08.376+0800: 3231.319: [GC concurrent-root-region-scan-end, 0.0043290 secs]
2020-04-16T14:23:08.376+0800: 3231.319: [GC concurrent-mark-start]
2020-04-16T14:23:08.396+0800: 3231.339: [GC concurrent-mark-end, 0.0204213 secs]
2020-04-16T14:23:08.397+0800: 3231.339: [GC remark 2020-04-16T14:23:08.397+0800: 3231.339: [Finalize Marking, 0.0001023 secs] 2020-04-16T14:23:08.397+0800: 3231.340: [GC ref-proc, 0.0000824 secs] 2020-04-16T14:23:08.397+0800: 3231.340: [Unloading, 0.0052614 secs], 0.0067812 secs]
 [Times: user=0.02 sys=0.00, real=0.01 secs] 
2020-04-16T14:23:08.404+0800: 3231.346: [GC cleanup 154M->154M(256M), 0.0003006 secs]
 [Times: user=0.00 sys=0.00, real=0.00 secs] 
2020-04-16T14:23:27.820+0800: 3250.762: [GC pause (G1 Evacuation Pause) (young), 0.0090268 secs]
   [Parallel Time: 8.5 ms, GC Workers: 4]
      [GC Worker Start (ms): Min: 3250761.9, Avg: 3250762.0, Max: 3250762.0, Diff: 0.1]
      [Ext Root Scanning (ms): Min: 0.5, Avg: 0.5, Max: 0.5, Diff: 0.1, Sum: 2.0]
      [Update RS (ms): Min: 1.7, Avg: 1.8, Max: 2.0, Diff: 0.3, Sum: 7.3]
         [Processed Buffers: Min: 2, Avg: 11.0, Max: 18, Diff: 16, Sum: 44]
      [Scan RS (ms): Min: 1.9, Avg: 2.0, Max: 2.2, Diff: 0.3, Sum: 8.2]
      [Code Root Scanning (ms): Min: 0.0, Avg: 0.0, Max: 0.0, Diff: 0.0, Sum: 0.0]
      [Object Copy (ms): Min: 4.0, Avg: 4.0, Max: 4.0, Diff: 0.0, Sum: 16.0]
      [Termination (ms): Min: 0.0, Avg: 0.0, Max: 0.0, Diff: 0.0, Sum: 0.0]
         [Termination Attempts: Min: 1, Avg: 1.0, Max: 1, Diff: 0, Sum: 4]
      [GC Worker Other (ms): Min: 0.0, Avg: 0.0, Max: 0.0, Diff: 0.0, Sum: 0.1]
      [GC Worker Total (ms): Min: 8.4, Avg: 8.4, Max: 8.5, Diff: 0.1, Sum: 33.7]
      [GC Worker End (ms): Min: 3250770.4, Avg: 3250770.4, Max: 3250770.4, Diff: 0.0]
   [Code Root Fixup: 0.0 ms]
   [Code Root Purge: 0.0 ms]
   [Clear CT: 0.1 ms]
   [Other: 0.5 ms]
      [Choose CSet: 0.0 ms]
      [Ref Proc: 0.1 ms]
      [Ref Enq: 0.0 ms]
      [Redirty Cards: 0.1 ms]
      [Humongous Register: 0.0 ms]
      [Humongous Reclaim: 0.0 ms]
      [Free CSet: 0.0 ms]
   [Eden: 73.0M(73.0M)->0.0B(9216.0K) Survivors: 2048.0K->3072.0K Heap: 226.6M(256.0M)->154.5M(256.0M)]
 [Times: user=0.03 sys=0.00, real=0.00 secs] 
2020-04-16T14:23:30.244+0800: 3253.186: [GC pause (G1 Evacuation Pause) (mixed), 0.0092839 secs]
   [Parallel Time: 8.8 ms, GC Workers: 4]
      [GC Worker Start (ms): Min: 3253186.1, Avg: 3253186.2, Max: 3253186.2, Diff: 0.1]
      [Ext Root Scanning (ms): Min: 0.6, Avg: 0.7, Max: 0.7, Diff: 0.1, Sum: 2.7]
      [Update RS (ms): Min: 1.5, Avg: 1.5, Max: 1.5, Diff: 0.1, Sum: 6.0]
         [Processed Buffers: Min: 6, Avg: 10.0, Max: 13, Diff: 7, Sum: 40]
      [Scan RS (ms): Min: 2.3, Avg: 2.4, Max: 2.5, Diff: 0.2, Sum: 9.5]
      [Code Root Scanning (ms): Min: 0.0, Avg: 0.0, Max: 0.0, Diff: 0.0, Sum: 0.0]
      [Object Copy (ms): Min: 3.9, Avg: 4.1, Max: 4.2, Diff: 0.3, Sum: 16.4]
      [Termination (ms): Min: 0.0, Avg: 0.0, Max: 0.0, Diff: 0.0, Sum: 0.0]
         [Termination Attempts: Min: 1, Avg: 1.0, Max: 1, Diff: 0, Sum: 4]
      [GC Worker Other (ms): Min: 0.0, Avg: 0.0, Max: 0.0, Diff: 0.0, Sum: 0.1]
      [GC Worker Total (ms): Min: 8.6, Avg: 8.7, Max: 8.7, Diff: 0.1, Sum: 34.8]
      [GC Worker End (ms): Min: 3253194.8, Avg: 3253194.8, Max: 3253194.9, Diff: 0.0]
   [Code Root Fixup: 0.0 ms]
   [Code Root Purge: 0.0 ms]
   [Clear CT: 0.0 ms]
   [Other: 0.4 ms]
      [Choose CSet: 0.0 ms]
      [Ref Proc: 0.1 ms]
      [Ref Enq: 0.0 ms]
      [Redirty Cards: 0.2 ms]
      [Humongous Register: 0.0 ms]
      [Humongous Reclaim: 0.0 ms]
      [Free CSet: 0.0 ms]
   [Eden: 9216.0K(9216.0K)->0.0B(74.0M) Survivors: 3072.0K->2048.0K Heap: 163.5M(256.0M)->152.7M(256.0M)]
 [Times: user=0.03 sys=0.00, real=0.01 secs] 
2020-04-16T14:23:50.128+0800: 3273.070: [GC pause (G1 Evacuation Pause) (young), 0.0096349 secs]
   [Parallel Time: 9.1 ms, GC Workers: 4]
      [GC Worker Start (ms): Min: 3273069.7, Avg: 3273069.8, Max: 3273070.1, Diff: 0.4]
      [Ext Root Scanning (ms): Min: 0.4, Avg: 0.8, Max: 0.9, Diff: 0.4, Sum: 3.0]
      [Update RS (ms): Min: 2.6, Avg: 2.7, Max: 2.9, Diff: 0.3, Sum: 11.0]
         [Processed Buffers: Min: 5, Avg: 11.5, Max: 18, Diff: 13, Sum: 46]
      [Scan RS (ms): Min: 2.0, Avg: 2.1, Max: 2.3, Diff: 0.3, Sum: 8.4]
      [Code Root Scanning (ms): Min: 0.0, Avg: 0.0, Max: 0.0, Diff: 0.0, Sum: 0.0]
      [Object Copy (ms): Min: 3.2, Avg: 3.2, Max: 3.3, Diff: 0.1, Sum: 12.9]
      [Termination (ms): Min: 0.0, Avg: 0.0, Max: 0.0, Diff: 0.0, Sum: 0.0]
         [Termination Attempts: Min: 1, Avg: 2.0, Max: 3, Diff: 2, Sum: 8]
      [GC Worker Other (ms): Min: 0.0, Avg: 0.0, Max: 0.0, Diff: 0.0, Sum: 0.1]
      [GC Worker Total (ms): Min: 8.6, Avg: 8.8, Max: 9.0, Diff: 0.4, Sum: 35.4]
      [GC Worker End (ms): Min: 3273078.6, Avg: 3273078.6, Max: 3273078.6, Diff: 0.0]
   [Code Root Fixup: 0.0 ms]
   [Code Root Purge: 0.0 ms]
   [Clear CT: 0.1 ms]
   [Other: 0.5 ms]
      [Choose CSet: 0.0 ms]
      [Ref Proc: 0.2 ms]
      [Ref Enq: 0.0 ms]
      [Redirty Cards: 0.0 ms]
      [Humongous Register: 0.0 ms]
      [Humongous Reclaim: 0.0 ms]
      [Free CSet: 0.1 ms]
   [Eden: 74.0M(74.0M)->0.0B(74.0M) Survivors: 2048.0K->2048.0K Heap: 226.7M(256.0M)->152.5M(256.0M)]
 [Times: user=0.03 sys=0.00, real=0.01 secs] 
2020-04-16T14:24:10.010+0800: 3292.951: [GC pause (G1 Evacuation Pause) (young) (initial-mark), 0.0104880 secs]
   [Parallel Time: 9.9 ms, GC Workers: 4]
      [GC Worker Start (ms): Min: 3292950.8, Avg: 3292951.1, Max: 3292951.4, Diff: 0.5]
      [Ext Root Scanning (ms): Min: 0.4, Avg: 0.7, Max: 0.9, Diff: 0.5, Sum: 2.7]
      [Update RS (ms): Min: 1.9, Avg: 2.0, Max: 2.1, Diff: 0.2, Sum: 8.0]
         [Processed Buffers: Min: 3, Avg: 11.0, Max: 21, Diff: 18, Sum: 44]
      [Scan RS (ms): Min: 2.3, Avg: 2.9, Max: 4.5, Diff: 2.3, Sum: 11.4]
      [Code Root Scanning (ms): Min: 0.0, Avg: 0.0, Max: 0.0, Diff: 0.0, Sum: 0.0]
      [Object Copy (ms): Min: 2.3, Avg: 4.1, Max: 4.7, Diff: 2.4, Sum: 16.2]
      [Termination (ms): Min: 0.0, Avg: 0.0, Max: 0.0, Diff: 0.0, Sum: 0.0]
         [Termination Attempts: Min: 1, Avg: 1.0, Max: 1, Diff: 0, Sum: 4]
      [GC Worker Other (ms): Min: 0.0, Avg: 0.0, Max: 0.0, Diff: 0.0, Sum: 0.1]
      [GC Worker Total (ms): Min: 9.3, Avg: 9.6, Max: 9.9, Diff: 0.5, Sum: 38.5]
      [GC Worker End (ms): Min: 3292960.7, Avg: 3292960.7, Max: 3292960.7, Diff: 0.0]
   [Code Root Fixup: 0.0 ms]
   [Code Root Purge: 0.0 ms]
   [Clear CT: 0.1 ms]
   [Other: 0.5 ms]
      [Choose CSet: 0.0 ms]
      [Ref Proc: 0.1 ms]
      [Ref Enq: 0.0 ms]
      [Redirty Cards: 0.1 ms]
      [Humongous Register: 0.0 ms]
      [Humongous Reclaim: 0.0 ms]
      [Free CSet: 0.0 ms]
   [Eden: 74.0M(74.0M)->0.0B(72.0M) Survivors: 2048.0K->3072.0K Heap: 226.5M(256.0M)->153.6M(256.0M)]
 [Times: user=0.04 sys=0.00, real=0.01 secs] 
2020-04-16T14:24:10.020+0800: 3292.961: [GC concurrent-root-region-scan-start]
2020-04-16T14:24:10.026+0800: 3292.967: [GC concurrent-root-region-scan-end, 0.0058186 secs]
2020-04-16T14:24:10.026+0800: 3292.967: [GC concurrent-mark-start]
2020-04-16T14:24:10.047+0800: 3292.988: [GC concurrent-mark-end, 0.0213523 secs]
2020-04-16T14:24:10.048+0800: 3292.989: [GC remark 2020-04-16T14:24:10.048+0800: 3292.989: [Finalize Marking, 0.0001673 secs] 2020-04-16T14:24:10.048+0800: 3292.989: [GC ref-proc, 0.0000792 secs] 2020-04-16T14:24:10.048+0800: 3292.989: [Unloading, 0.0053791 secs], 0.0069893 secs]
 [Times: user=0.03 sys=0.00, real=0.01 secs] 
2020-04-16T14:24:10.055+0800: 3292.996: [GC cleanup 154M->154M(256M), 0.0002833 secs]
 [Times: user=0.00 sys=0.00, real=0.00 secs] 
2020-04-16T14:24:29.450+0800: 3312.390: [GC pause (G1 Evacuation Pause) (young), 0.0107049 secs]
   [Parallel Time: 10.3 ms, GC Workers: 4]
      [GC Worker Start (ms): Min: 3312390.3, Avg: 3312390.4, Max: 3312390.4, Diff: 0.1]
      [Ext Root Scanning (ms): Min: 0.5, Avg: 0.6, Max: 0.6, Diff: 0.1, Sum: 2.3]
      [Update RS (ms): Min: 2.4, Avg: 2.5, Max: 2.5, Diff: 0.1, Sum: 9.9]
         [Processed Buffers: Min: 2, Avg: 10.8, Max: 17, Diff: 15, Sum: 43]
      [Scan RS (ms): Min: 2.1, Avg: 2.1, Max: 2.2, Diff: 0.1, Sum: 8.6]
      [Code Root Scanning (ms): Min: 0.0, Avg: 0.0, Max: 0.0, Diff: 0.0, Sum: 0.0]
      [Object Copy (ms): Min: 4.9, Avg: 5.0, Max: 5.0, Diff: 0.1, Sum: 19.9]
      [Termination (ms): Min: 0.0, Avg: 0.0, Max: 0.0, Diff: 0.0, Sum: 0.0]
         [Termination Attempts: Min: 1, Avg: 1.0, Max: 1, Diff: 0, Sum: 4]
      [GC Worker Other (ms): Min: 0.0, Avg: 0.0, Max: 0.0, Diff: 0.0, Sum: 0.1]
      [GC Worker Total (ms): Min: 10.2, Avg: 10.2, Max: 10.2, Diff: 0.1, Sum: 40.8]
      [GC Worker End (ms): Min: 3312400.6, Avg: 3312400.6, Max: 3312400.6, Diff: 0.0]
   [Code Root Fixup: 0.0 ms]
   [Code Root Purge: 0.0 ms]
   [Clear CT: 0.1 ms]
   [Other: 0.3 ms]
      [Choose CSet: 0.0 ms]
      [Ref Proc: 0.1 ms]
      [Ref Enq: 0.0 ms]
      [Redirty Cards: 0.0 ms]
      [Humongous Register: 0.0 ms]
      [Humongous Reclaim: 0.0 ms]
      [Free CSet: 0.0 ms]
   [Eden: 72.0M(72.0M)->0.0B(7168.0K) Survivors: 3072.0K->5120.0K Heap: 225.6M(256.0M)->155.2M(256.0M)]
 [Times: user=0.04 sys=0.00, real=0.01 secs] 
2020-04-16T14:24:31.377+0800: 3314.318: [GC pause (G1 Evacuation Pause) (mixed), 0.0116110 secs]
   [Parallel Time: 11.2 ms, GC Workers: 4]
      [GC Worker Start (ms): Min: 3314317.6, Avg: 3314317.6, Max: 3314317.7, Diff: 0.0]
      [Ext Root Scanning (ms): Min: 0.4, Avg: 0.8, Max: 1.0, Diff: 0.6, Sum: 3.2]
      [Update RS (ms): Min: 1.5, Avg: 1.5, Max: 1.6, Diff: 0.1, Sum: 6.1]
         [Processed Buffers: Min: 2, Avg: 6.2, Max: 13, Diff: 11, Sum: 25]
      [Scan RS (ms): Min: 2.1, Avg: 2.2, Max: 2.3, Diff: 0.2, Sum: 8.9]
      [Code Root Scanning (ms): Min: 0.0, Avg: 0.0, Max: 0.2, Diff: 0.1, Sum: 0.2]
      [Object Copy (ms): Min: 6.3, Avg: 6.5, Max: 6.8, Diff: 0.5, Sum: 25.9]
      [Termination (ms): Min: 0.0, Avg: 0.0, Max: 0.0, Diff: 0.0, Sum: 0.0]
         [Termination Attempts: Min: 1, Avg: 2.0, Max: 3, Diff: 2, Sum: 8]
      [GC Worker Other (ms): Min: 0.0, Avg: 0.0, Max: 0.0, Diff: 0.0, Sum: 0.1]
      [GC Worker Total (ms): Min: 11.1, Avg: 11.1, Max: 11.1, Diff: 0.0, Sum: 44.4]
      [GC Worker End (ms): Min: 3314328.7, Avg: 3314328.7, Max: 3314328.7, Diff: 0.0]
   [Code Root Fixup: 0.0 ms]
   [Code Root Purge: 0.0 ms]
   [Clear CT: 0.1 ms]
   [Other: 0.4 ms]
      [Choose CSet: 0.0 ms]
      [Ref Proc: 0.1 ms]
      [Ref Enq: 0.0 ms]
      [Redirty Cards: 0.0 ms]
      [Humongous Register: 0.0 ms]
      [Humongous Reclaim: 0.0 ms]
      [Free CSet: 0.0 ms]
   [Eden: 7168.0K(7168.0K)->0.0B(73.0M) Survivors: 5120.0K->2048.0K Heap: 162.2M(256.0M)->153.8M(256.0M)]
 [Times: user=0.04 sys=0.00, real=0.01 secs] 
2020-04-16T14:24:50.919+0800: 3333.859: [GC pause (G1 Evacuation Pause) (young), 0.0113488 secs]
   [Parallel Time: 10.8 ms, GC Workers: 4]
      [GC Worker Start (ms): Min: 3333858.9, Avg: 3333859.0, Max: 3333859.2, Diff: 0.3]
      [Ext Root Scanning (ms): Min: 0.5, Avg: 0.7, Max: 0.8, Diff: 0.4, Sum: 2.9]
      [Update RS (ms): Min: 2.9, Avg: 3.0, Max: 3.2, Diff: 0.3, Sum: 12.2]
         [Processed Buffers: Min: 3, Avg: 12.0, Max: 17, Diff: 14, Sum: 48]
      [Scan RS (ms): Min: 2.3, Avg: 2.5, Max: 2.6, Diff: 0.3, Sum: 9.8]
      [Code Root Scanning (ms): Min: 0.0, Avg: 0.0, Max: 0.0, Diff: 0.0, Sum: 0.0]
      [Object Copy (ms): Min: 4.4, Avg: 4.4, Max: 4.5, Diff: 0.1, Sum: 17.7]
      [Termination (ms): Min: 0.0, Avg: 0.0, Max: 0.0, Diff: 0.0, Sum: 0.0]
         [Termination Attempts: Min: 1, Avg: 2.5, Max: 6, Diff: 5, Sum: 10]
      [GC Worker Other (ms): Min: 0.0, Avg: 0.0, Max: 0.0, Diff: 0.0, Sum: 0.1]
      [GC Worker Total (ms): Min: 10.4, Avg: 10.7, Max: 10.8, Diff: 0.3, Sum: 42.7]
      [GC Worker End (ms): Min: 3333869.6, Avg: 3333869.6, Max: 3333869.6, Diff: 0.0]
   [Code Root Fixup: 0.0 ms]
   [Code Root Purge: 0.0 ms]
   [Clear CT: 0.1 ms]
   [Other: 0.4 ms]
      [Choose CSet: 0.0 ms]
      [Ref Proc: 0.1 ms]
      [Ref Enq: 0.0 ms]
      [Redirty Cards: 0.0 ms]
      [Humongous Register: 0.0 ms]
      [Humongous Reclaim: 0.0 ms]
      [Free CSet: 0.1 ms]
   [Eden: 73.0M(73.0M)->0.0B(67.0M) Survivors: 2048.0K->5120.0K Heap: 226.8M(256.0M)->156.2M(256.0M)]
 [Times: user=0.04 sys=0.00, real=0.02 secs] 
2020-04-16T14:25:08.924+0800: 3351.863: [GC pause (G1 Evacuation Pause) (young) (initial-mark), 0.0108326 secs]
   [Parallel Time: 10.3 ms, GC Workers: 4]
      [GC Worker Start (ms): Min: 3351863.5, Avg: 3351863.6, Max: 3351863.8, Diff: 0.2]
      [Ext Root Scanning (ms): Min: 1.0, Avg: 1.2, Max: 1.2, Diff: 0.2, Sum: 4.7]
      [Update RS (ms): Min: 1.8, Avg: 1.9, Max: 1.9, Diff: 0.1, Sum: 7.5]
         [Processed Buffers: Min: 4, Avg: 11.2, Max: 19, Diff: 15, Sum: 45]
      [Scan RS (ms): Min: 2.6, Avg: 2.7, Max: 2.7, Diff: 0.1, Sum: 10.7]
      [Code Root Scanning (ms): Min: 0.0, Avg: 0.0, Max: 0.0, Diff: 0.0, Sum: 0.0]
      [Object Copy (ms): Min: 4.4, Avg: 4.4, Max: 4.4, Diff: 0.0, Sum: 17.5]
      [Termination (ms): Min: 0.0, Avg: 0.0, Max: 0.0, Diff: 0.0, Sum: 0.0]
         [Termination Attempts: Min: 1, Avg: 3.5, Max: 6, Diff: 5, Sum: 14]
      [GC Worker Other (ms): Min: 0.0, Avg: 0.0, Max: 0.0, Diff: 0.0, Sum: 0.2]
      [GC Worker Total (ms): Min: 10.0, Avg: 10.1, Max: 10.2, Diff: 0.2, Sum: 40.5]
      [GC Worker End (ms): Min: 3351873.7, Avg: 3351873.7, Max: 3351873.7, Diff: 0.0]
   [Code Root Fixup: 0.0 ms]
   [Code Root Purge: 0.0 ms]
   [Clear CT: 0.1 ms]
   [Other: 0.5 ms]
      [Choose CSet: 0.0 ms]
      [Ref Proc: 0.2 ms]
      [Ref Enq: 0.0 ms]
      [Redirty Cards: 0.1 ms]
      [Humongous Register: 0.0 ms]
      [Humongous Reclaim: 0.0 ms]
      [Free CSet: 0.1 ms]
   [Eden: 67.0M(67.0M)->0.0B(69.0M) Survivors: 5120.0K->4096.0K Heap: 223.2M(256.0M)->155.3M(256.0M)]
 [Times: user=0.04 sys=0.01, real=0.01 secs] 
2020-04-16T14:25:08.935+0800: 3351.874: [GC concurrent-root-region-scan-start]
2020-04-16T14:25:08.942+0800: 3351.881: [GC concurrent-root-region-scan-end, 0.0069223 secs]
2020-04-16T14:25:08.942+0800: 3351.881: [GC concurrent-mark-start]
2020-04-16T14:25:08.962+0800: 3351.902: [GC concurrent-mark-end, 0.0202489 secs]
2020-04-16T14:25:08.962+0800: 3351.902: [GC remark 2020-04-16T14:25:08.963+0800: 3351.902: [Finalize Marking, 0.0001173 secs] 2020-04-16T14:25:08.963+0800: 3351.902: [GC ref-proc, 0.0000753 secs] 2020-04-16T14:25:08.963+0800: 3351.902: [Unloading, 0.0052402 secs], 0.0067856 secs]
 [Times: user=0.03 sys=0.00, real=0.00 secs] 
2020-04-16T14:25:08.969+0800: 3351.909: [GC cleanup 156M->156M(256M), 0.0003386 secs]
 [Times: user=0.00 sys=0.00, real=0.01 secs] 
2020-04-16T14:25:27.649+0800: 3370.588: [GC pause (G1 Evacuation Pause) (young), 0.0110968 secs]
   [Parallel Time: 10.5 ms, GC Workers: 4]
      [GC Worker Start (ms): Min: 3370588.2, Avg: 3370588.6, Max: 3370589.2, Diff: 1.0]
      [Ext Root Scanning (ms): Min: 0.0, Avg: 0.6, Max: 1.0, Diff: 1.0, Sum: 2.4]
      [Update RS (ms): Min: 1.2, Avg: 1.4, Max: 1.5, Diff: 0.2, Sum: 5.5]
         [Processed Buffers: Min: 2, Avg: 9.2, Max: 15, Diff: 13, Sum: 37]
      [Scan RS (ms): Min: 2.1, Avg: 3.1, Max: 5.9, Diff: 3.8, Sum: 12.4]
      [Code Root Scanning (ms): Min: 0.0, Avg: 0.0, Max: 0.0, Diff: 0.0, Sum: 0.0]
      [Object Copy (ms): Min: 2.0, Avg: 4.9, Max: 5.9, Diff: 3.8, Sum: 19.5]
      [Termination (ms): Min: 0.0, Avg: 0.0, Max: 0.0, Diff: 0.0, Sum: 0.0]
         [Termination Attempts: Min: 1, Avg: 3.2, Max: 6, Diff: 5, Sum: 13]
      [GC Worker Other (ms): Min: 0.0, Avg: 0.0, Max: 0.0, Diff: 0.0, Sum: 0.1]
      [GC Worker Total (ms): Min: 9.4, Avg: 10.0, Max: 10.4, Diff: 1.0, Sum: 39.8]
      [GC Worker End (ms): Min: 3370598.6, Avg: 3370598.6, Max: 3370598.6, Diff: 0.0]
   [Code Root Fixup: 0.0 ms]
   [Code Root Purge: 0.0 ms]
   [Clear CT: 0.1 ms]
   [Other: 0.5 ms]
      [Choose CSet: 0.0 ms]
      [Ref Proc: 0.2 ms]
      [Ref Enq: 0.0 ms]
      [Redirty Cards: 0.1 ms]
      [Humongous Register: 0.0 ms]
      [Humongous Reclaim: 0.0 ms]
      [Free CSet: 0.1 ms]
   [Eden: 69.0M(69.0M)->0.0B(9216.0K) Survivors: 4096.0K->3072.0K Heap: 224.3M(256.0M)->154.8M(256.0M)]
 [Times: user=0.03 sys=0.00, real=0.02 secs] 
2020-04-16T14:25:30.056+0800: 3372.994: [GC pause (G1 Evacuation Pause) (mixed), 0.0281310 secs]
   [Parallel Time: 27.6 ms, GC Workers: 4]
      [GC Worker Start (ms): Min: 3372994.4, Avg: 3372994.7, Max: 3372995.2, Diff: 0.9]
      [Ext Root Scanning (ms): Min: 0.0, Avg: 0.5, Max: 0.8, Diff: 0.8, Sum: 2.0]
      [Update RS (ms): Min: 0.0, Avg: 3.1, Max: 8.9, Diff: 8.9, Sum: 12.2]
         [Processed Buffers: Min: 0, Avg: 7.8, Max: 13, Diff: 13, Sum: 31]
      [Scan RS (ms): Min: 0.0, Avg: 2.2, Max: 3.0, Diff: 3.0, Sum: 8.6]
      [Code Root Scanning (ms): Min: 0.0, Avg: 0.0, Max: 0.0, Diff: 0.0, Sum: 0.0]
      [Object Copy (ms): Min: 9.7, Avg: 13.4, Max: 15.7, Diff: 6.0, Sum: 53.7]
      [Termination (ms): Min: 0.0, Avg: 6.1, Max: 8.1, Diff: 8.1, Sum: 24.3]
         [Termination Attempts: Min: 1, Avg: 1.2, Max: 2, Diff: 1, Sum: 5]
      [GC Worker Other (ms): Min: 0.0, Avg: 0.0, Max: 0.0, Diff: 0.0, Sum: 0.1]
      [GC Worker Total (ms): Min: 19.1, Avg: 25.2, Max: 27.6, Diff: 8.5, Sum: 100.9]
      [GC Worker End (ms): Min: 3373013.9, Avg: 3373019.9, Max: 3373022.0, Diff: 8.0]
   [Code Root Fixup: 0.0 ms]
   [Code Root Purge: 0.0 ms]
   [Clear CT: 0.1 ms]
   [Other: 0.4 ms]
      [Choose CSet: 0.0 ms]
      [Ref Proc: 0.2 ms]
      [Ref Enq: 0.0 ms]
      [Redirty Cards: 0.1 ms]
      [Humongous Register: 0.0 ms]
      [Humongous Reclaim: 0.0 ms]
      [Free CSet: 0.0 ms]
   [Eden: 9216.0K(9216.0K)->0.0B(73.0M) Survivors: 3072.0K->2048.0K Heap: 163.8M(256.0M)->153.8M(256.0M)]
 [Times: user=0.04 sys=0.01, real=0.03 secs] 
2020-04-16T14:25:49.760+0800: 3392.698: [GC pause (G1 Evacuation Pause) (young), 0.0098647 secs]
   [Parallel Time: 9.4 ms, GC Workers: 4]
      [GC Worker Start (ms): Min: 3392697.9, Avg: 3392697.9, Max: 3392697.9, Diff: 0.0]
      [Ext Root Scanning (ms): Min: 0.4, Avg: 0.4, Max: 0.5, Diff: 0.1, Sum: 1.7]
      [Update RS (ms): Min: 1.9, Avg: 2.0, Max: 2.3, Diff: 0.4, Sum: 8.1]
         [Processed Buffers: Min: 3, Avg: 12.0, Max: 20, Diff: 17, Sum: 48]
      [Scan RS (ms): Min: 2.2, Avg: 2.4, Max: 2.5, Diff: 0.4, Sum: 9.7]
      [Code Root Scanning (ms): Min: 0.0, Avg: 0.0, Max: 0.0, Diff: 0.0, Sum: 0.0]
      [Object Copy (ms): Min: 4.4, Avg: 4.4, Max: 4.4, Diff: 0.1, Sum: 17.6]
      [Termination (ms): Min: 0.0, Avg: 0.0, Max: 0.0, Diff: 0.0, Sum: 0.0]
         [Termination Attempts: Min: 1, Avg: 1.0, Max: 1, Diff: 0, Sum: 4]
      [GC Worker Other (ms): Min: 0.0, Avg: 0.0, Max: 0.0, Diff: 0.0, Sum: 0.1]
      [GC Worker Total (ms): Min: 9.3, Avg: 9.3, Max: 9.3, Diff: 0.0, Sum: 37.2]
      [GC Worker End (ms): Min: 3392707.2, Avg: 3392707.2, Max: 3392707.2, Diff: 0.0]
   [Code Root Fixup: 0.0 ms]
   [Code Root Purge: 0.0 ms]
   [Clear CT: 0.1 ms]
   [Other: 0.4 ms]
      [Choose CSet: 0.0 ms]
      [Ref Proc: 0.1 ms]
      [Ref Enq: 0.0 ms]
      [Redirty Cards: 0.1 ms]
      [Humongous Register: 0.0 ms]
      [Humongous Reclaim: 0.0 ms]
      [Free CSet: 0.1 ms]
   [Eden: 73.0M(73.0M)->0.0B(67.0M) Survivors: 2048.0K->5120.0K Heap: 226.8M(256.0M)->156.2M(256.0M)]
 [Times: user=0.04 sys=0.00, real=0.01 secs] 
2020-04-16T14:26:07.784+0800: 3410.721: [GC pause (G1 Evacuation Pause) (young) (initial-mark), 0.0132039 secs]
   [Parallel Time: 12.4 ms, GC Workers: 4]
      [GC Worker Start (ms): Min: 3410721.2, Avg: 3410721.5, Max: 3410722.2, Diff: 1.0]
      [Ext Root Scanning (ms): Min: 1.5, Avg: 3.1, Max: 4.0, Diff: 2.5, Sum: 12.4]
      [Update RS (ms): Min: 0.6, Avg: 1.4, Max: 3.4, Diff: 2.8, Sum: 5.8]
         [Processed Buffers: Min: 5, Avg: 11.5, Max: 21, Diff: 16, Sum: 46]
      [Scan RS (ms): Min: 2.2, Avg: 2.3, Max: 2.3, Diff: 0.1, Sum: 9.1]
      [Code Root Scanning (ms): Min: 0.0, Avg: 0.0, Max: 0.0, Diff: 0.0, Sum: 0.0]
      [Object Copy (ms): Min: 4.7, Avg: 4.8, Max: 4.9, Diff: 0.2, Sum: 19.4]
      [Termination (ms): Min: 0.0, Avg: 0.2, Max: 0.3, Diff: 0.3, Sum: 0.9]
         [Termination Attempts: Min: 1, Avg: 1.0, Max: 1, Diff: 0, Sum: 4]
      [GC Worker Other (ms): Min: 0.0, Avg: 0.0, Max: 0.0, Diff: 0.0, Sum: 0.1]
      [GC Worker Total (ms): Min: 11.2, Avg: 11.9, Max: 12.2, Diff: 1.0, Sum: 47.7]
      [GC Worker End (ms): Min: 3410733.3, Avg: 3410733.4, Max: 3410733.5, Diff: 0.2]
   [Code Root Fixup: 0.0 ms]
   [Code Root Purge: 0.0 ms]
   [Clear CT: 0.1 ms]
   [Other: 0.7 ms]
      [Choose CSet: 0.0 ms]
      [Ref Proc: 0.4 ms]
      [Ref Enq: 0.0 ms]
      [Redirty Cards: 0.1 ms]
      [Humongous Register: 0.0 ms]
      [Humongous Reclaim: 0.0 ms]
      [Free CSet: 0.1 ms]
   [Eden: 67.0M(67.0M)->0.0B(69.0M) Survivors: 5120.0K->4096.0K Heap: 223.2M(256.0M)->155.8M(256.0M)]
 [Times: user=0.03 sys=0.00, real=0.01 secs] 
2020-04-16T14:26:07.798+0800: 3410.735: [GC concurrent-root-region-scan-start]
2020-04-16T14:26:07.806+0800: 3410.744: [GC concurrent-root-region-scan-end, 0.0087938 secs]
2020-04-16T14:26:07.806+0800: 3410.744: [GC concurrent-mark-start]
2020-04-16T14:26:07.919+0800: 3410.857: [GC concurrent-mark-end, 0.1129802 secs]
2020-04-16T14:26:07.920+0800: 3410.857: [GC remark 2020-04-16T14:26:07.920+0800: 3410.857: [Finalize Marking, 0.0003632 secs] 2020-04-16T14:26:07.920+0800: 3410.858: [GC ref-proc, 0.0001859 secs] 2020-04-16T14:26:07.920+0800: 3410.858: [Unloading, 0.0071421 secs], 0.0094945 secs]
 [Times: user=0.02 sys=0.00, real=0.00 secs] 
2020-04-16T14:26:07.929+0800: 3410.867: [GC cleanup 157M->157M(256M), 0.0003232 secs]
 [Times: user=0.00 sys=0.00, real=0.01 secs] 
2020-04-16T14:26:26.385+0800: 3429.322: [GC pause (G1 Evacuation Pause) (young), 0.0098171 secs]
   [Parallel Time: 9.3 ms, GC Workers: 4]
      [GC Worker Start (ms): Min: 3429322.1, Avg: 3429322.1, Max: 3429322.2, Diff: 0.1]
      [Ext Root Scanning (ms): Min: 0.6, Avg: 0.6, Max: 0.7, Diff: 0.1, Sum: 2.5]
      [Update RS (ms): Min: 1.9, Avg: 1.9, Max: 2.0, Diff: 0.1, Sum: 7.7]
         [Processed Buffers: Min: 4, Avg: 10.5, Max: 22, Diff: 18, Sum: 42]
      [Scan RS (ms): Min: 1.9, Avg: 2.0, Max: 2.0, Diff: 0.1, Sum: 7.9]
      [Code Root Scanning (ms): Min: 0.0, Avg: 0.0, Max: 0.0, Diff: 0.0, Sum: 0.0]
      [Object Copy (ms): Min: 4.6, Avg: 4.6, Max: 4.7, Diff: 0.1, Sum: 18.5]
      [Termination (ms): Min: 0.0, Avg: 0.0, Max: 0.0, Diff: 0.0, Sum: 0.0]
         [Termination Attempts: Min: 1, Avg: 1.0, Max: 1, Diff: 0, Sum: 4]
      [GC Worker Other (ms): Min: 0.0, Avg: 0.0, Max: 0.0, Diff: 0.0, Sum: 0.1]
      [GC Worker Total (ms): Min: 9.2, Avg: 9.2, Max: 9.2, Diff: 0.1, Sum: 36.7]
      [GC Worker End (ms): Min: 3429331.3, Avg: 3429331.3, Max: 3429331.3, Diff: 0.0]
   [Code Root Fixup: 0.0 ms]
   [Code Root Purge: 0.0 ms]
   [Clear CT: 0.1 ms]
   [Other: 0.4 ms]
      [Choose CSet: 0.0 ms]
      [Ref Proc: 0.1 ms]
      [Ref Enq: 0.0 ms]
      [Redirty Cards: 0.1 ms]
      [Humongous Register: 0.0 ms]
      [Humongous Reclaim: 0.0 ms]
      [Free CSet: 0.0 ms]
   [Eden: 69.0M(69.0M)->0.0B(9216.0K) Survivors: 4096.0K->3072.0K Heap: 224.8M(256.0M)->154.8M(256.0M)]
 [Times: user=0.04 sys=0.00, real=0.01 secs] 
2020-04-16T14:26:28.771+0800: 3431.708: [GC pause (G1 Evacuation Pause) (mixed), 0.0166472 secs]
   [Parallel Time: 16.0 ms, GC Workers: 4]
      [GC Worker Start (ms): Min: 3431708.0, Avg: 3431708.6, Max: 3431708.9, Diff: 0.9]
      [Ext Root Scanning (ms): Min: 0.4, Avg: 0.9, Max: 1.3, Diff: 0.9, Sum: 3.5]
      [Update RS (ms): Min: 0.0, Avg: 1.1, Max: 1.7, Diff: 1.7, Sum: 4.6]
         [Processed Buffers: Min: 0, Avg: 8.2, Max: 25, Diff: 25, Sum: 33]
      [Scan RS (ms): Min: 0.3, Avg: 1.9, Max: 2.4, Diff: 2.1, Sum: 7.5]
      [Code Root Scanning (ms): Min: 0.0, Avg: 0.0, Max: 0.1, Diff: 0.1, Sum: 0.1]
      [Object Copy (ms): Min: 10.3, Avg: 11.3, Max: 14.1, Diff: 3.8, Sum: 45.2]
      [Termination (ms): Min: 0.0, Avg: 0.1, Max: 0.2, Diff: 0.2, Sum: 0.3]
         [Termination Attempts: Min: 1, Avg: 1.0, Max: 1, Diff: 0, Sum: 4]
      [GC Worker Other (ms): Min: 0.0, Avg: 0.0, Max: 0.0, Diff: 0.0, Sum: 0.1]
      [GC Worker Total (ms): Min: 15.0, Avg: 15.3, Max: 15.9, Diff: 1.0, Sum: 61.3]
      [GC Worker End (ms): Min: 3431723.8, Avg: 3431723.9, Max: 3431723.9, Diff: 0.1]
   [Code Root Fixup: 0.0 ms]
   [Code Root Purge: 0.0 ms]
   [Clear CT: 0.0 ms]
   [Other: 0.5 ms]
      [Choose CSet: 0.0 ms]
      [Ref Proc: 0.2 ms]
      [Ref Enq: 0.0 ms]
      [Redirty Cards: 0.1 ms]
      [Humongous Register: 0.0 ms]
      [Humongous Reclaim: 0.0 ms]
      [Free CSet: 0.0 ms]
   [Eden: 9216.0K(9216.0K)->0.0B(73.0M) Survivors: 3072.0K->2048.0K Heap: 163.8M(256.0M)->153.7M(256.0M)]
 [Times: user=0.04 sys=0.00, real=0.01 secs] 
2020-04-16T14:26:48.289+0800: 3451.225: [GC pause (G1 Evacuation Pause) (young), 0.0204838 secs]
   [Parallel Time: 19.5 ms, GC Workers: 4]
      [GC Worker Start (ms): Min: 3451226.4, Avg: 3451229.9, Max: 3451236.7, Diff: 10.3]
      [Ext Root Scanning (ms): Min: 0.0, Avg: 0.7, Max: 2.3, Diff: 2.3, Sum: 2.8]
      [Update RS (ms): Min: 0.0, Avg: 2.4, Max: 4.2, Diff: 4.2, Sum: 9.6]
         [Processed Buffers: Min: 0, Avg: 12.5, Max: 29, Diff: 29, Sum: 50]
      [Scan RS (ms): Min: 0.0, Avg: 1.7, Max: 2.3, Diff: 2.3, Sum: 6.6]
      [Code Root Scanning (ms): Min: 0.0, Avg: 0.0, Max: 0.0, Diff: 0.0, Sum: 0.0]
      [Object Copy (ms): Min: 0.6, Avg: 2.7, Max: 3.4, Diff: 2.8, Sum: 10.9]
      [Termination (ms): Min: 0.0, Avg: 3.7, Max: 7.3, Diff: 7.3, Sum: 14.8]
         [Termination Attempts: Min: 1, Avg: 1.5, Max: 3, Diff: 2, Sum: 6]
      [GC Worker Other (ms): Min: 0.0, Avg: 0.0, Max: 0.1, Diff: 0.1, Sum: 0.2]
      [GC Worker Total (ms): Min: 8.0, Avg: 11.2, Max: 18.3, Diff: 10.4, Sum: 44.9]
      [GC Worker End (ms): Min: 3451237.4, Avg: 3451241.1, Max: 3451244.7, Diff: 7.3]
   [Code Root Fixup: 0.0 ms]
   [Code Root Purge: 0.0 ms]
   [Clear CT: 0.3 ms]
   [Other: 0.7 ms]
      [Choose CSet: 0.0 ms]
      [Ref Proc: 0.2 ms]
      [Ref Enq: 0.0 ms]
      [Redirty Cards: 0.1 ms]
      [Humongous Register: 0.0 ms]
      [Humongous Reclaim: 0.0 ms]
      [Free CSet: 0.1 ms]
   [Eden: 73.0M(73.0M)->0.0B(71.0M) Survivors: 2048.0K->3072.0K Heap: 226.7M(256.0M)->154.5M(256.0M)]
 [Times: user=0.02 sys=0.00, real=0.02 secs] 
2020-04-16T14:27:07.235+0800: 3470.170: [GC pause (G1 Evacuation Pause) (young) (initial-mark), 0.0112073 secs]
   [Parallel Time: 10.8 ms, GC Workers: 4]
      [GC Worker Start (ms): Min: 3470170.6, Avg: 3470170.6, Max: 3470170.6, Diff: 0.0]
      [Ext Root Scanning (ms): Min: 0.6, Avg: 0.6, Max: 0.6, Diff: 0.1, Sum: 2.5]
      [Update RS (ms): Min: 2.0, Avg: 2.2, Max: 2.3, Diff: 0.3, Sum: 8.7]
         [Processed Buffers: Min: 3, Avg: 11.2, Max: 17, Diff: 14, Sum: 45]
      [Scan RS (ms): Min: 2.0, Avg: 2.1, Max: 2.4, Diff: 0.3, Sum: 8.6]
      [Code Root Scanning (ms): Min: 0.0, Avg: 0.0, Max: 0.0, Diff: 0.0, Sum: 0.0]
      [Object Copy (ms): Min: 5.6, Avg: 5.7, Max: 5.7, Diff: 0.1, Sum: 22.7]
      [Termination (ms): Min: 0.0, Avg: 0.0, Max: 0.0, Diff: 0.0, Sum: 0.0]
         [Termination Attempts: Min: 1, Avg: 1.0, Max: 1, Diff: 0, Sum: 4]
      [GC Worker Other (ms): Min: 0.0, Avg: 0.0, Max: 0.0, Diff: 0.0, Sum: 0.1]
      [GC Worker Total (ms): Min: 10.6, Avg: 10.6, Max: 10.7, Diff: 0.0, Sum: 42.5]
      [GC Worker End (ms): Min: 3470181.2, Avg: 3470181.2, Max: 3470181.3, Diff: 0.0]
   [Code Root Fixup: 0.0 ms]
   [Code Root Purge: 0.0 ms]
   [Clear CT: 0.1 ms]
   [Other: 0.4 ms]
      [Choose CSet: 0.0 ms]
      [Ref Proc: 0.1 ms]
      [Ref Enq: 0.0 ms]
      [Redirty Cards: 0.1 ms]
      [Humongous Register: 0.0 ms]
      [Humongous Reclaim: 0.0 ms]
      [Free CSet: 0.0 ms]
   [Eden: 71.0M(71.0M)->0.0B(69.0M) Survivors: 3072.0K->4096.0K Heap: 225.5M(256.0M)->155.5M(256.0M)]
 [Times: user=0.03 sys=0.00, real=0.01 secs] 
2020-04-16T14:27:07.246+0800: 3470.182: [GC concurrent-root-region-scan-start]
2020-04-16T14:27:07.252+0800: 3470.188: [GC concurrent-root-region-scan-end, 0.0057910 secs]
2020-04-16T14:27:07.252+0800: 3470.188: [GC concurrent-mark-start]
2020-04-16T14:27:07.272+0800: 3470.208: [GC concurrent-mark-end, 0.0203082 secs]
2020-04-16T14:27:07.272+0800: 3470.208: [GC remark 2020-04-16T14:27:07.272+0800: 3470.208: [Finalize Marking, 0.0000961 secs] 2020-04-16T14:27:07.273+0800: 3470.208: [GC ref-proc, 0.0000818 secs] 2020-04-16T14:27:07.273+0800: 3470.208: [Unloading, 0.0055706 secs], 0.0071208 secs]
 [Times: user=0.02 sys=0.00, real=0.01 secs] 
2020-04-16T14:27:07.280+0800: 3470.215: [GC cleanup 155M->155M(256M), 0.0003847 secs]
 [Times: user=0.00 sys=0.00, real=0.00 secs] 
2020-04-16T14:27:25.834+0800: 3488.769: [GC pause (G1 Evacuation Pause) (young), 0.0189228 secs]
   [Parallel Time: 18.4 ms, GC Workers: 4]
      [GC Worker Start (ms): Min: 3488768.8, Avg: 3488769.0, Max: 3488769.4, Diff: 0.6]
      [Ext Root Scanning (ms): Min: 0.0, Avg: 0.5, Max: 0.6, Diff: 0.6, Sum: 1.8]
      [Update RS (ms): Min: 1.5, Avg: 2.7, Max: 5.9, Diff: 4.4, Sum: 10.6]
         [Processed Buffers: Min: 2, Avg: 10.5, Max: 18, Diff: 16, Sum: 42]
      [Scan RS (ms): Min: 0.0, Avg: 1.6, Max: 2.2, Diff: 2.1, Sum: 6.2]
      [Code Root Scanning (ms): Min: 0.0, Avg: 0.0, Max: 0.0, Diff: 0.0, Sum: 0.0]
      [Object Copy (ms): Min: 5.7, Avg: 8.5, Max: 12.2, Diff: 6.4, Sum: 34.0]
      [Termination (ms): Min: 0.0, Avg: 4.5, Max: 6.0, Diff: 6.0, Sum: 18.1]
         [Termination Attempts: Min: 1, Avg: 1.0, Max: 1, Diff: 0, Sum: 4]
      [GC Worker Other (ms): Min: 0.0, Avg: 0.0, Max: 0.0, Diff: 0.0, Sum: 0.1]
      [GC Worker Total (ms): Min: 15.9, Avg: 17.7, Max: 18.3, Diff: 2.5, Sum: 70.8]
      [GC Worker End (ms): Min: 3488785.3, Avg: 3488786.7, Max: 3488787.2, Diff: 1.9]
   [Code Root Fixup: 0.0 ms]
   [Code Root Purge: 0.0 ms]
   [Clear CT: 0.1 ms]
   [Other: 0.5 ms]
      [Choose CSet: 0.0 ms]
      [Ref Proc: 0.1 ms]
      [Ref Enq: 0.0 ms]
      [Redirty Cards: 0.1 ms]
      [Humongous Register: 0.0 ms]
      [Humongous Reclaim: 0.0 ms]
      [Free CSet: 0.1 ms]
   [Eden: 69.0M(69.0M)->0.0B(8192.0K) Survivors: 4096.0K->4096.0K Heap: 224.5M(256.0M)->155.7M(256.0M)]
 [Times: user=0.03 sys=0.00, real=0.02 secs] 
2020-04-16T14:27:28.053+0800: 3490.988: [GC pause (G1 Evacuation Pause) (mixed), 0.0112626 secs]
   [Parallel Time: 10.4 ms, GC Workers: 4]
      [GC Worker Start (ms): Min: 3490988.5, Avg: 3490990.5, Max: 3490996.3, Diff: 7.8]
      [Ext Root Scanning (ms): Min: 0.0, Avg: 0.6, Max: 0.9, Diff: 0.9, Sum: 2.4]
      [Update RS (ms): Min: 0.0, Avg: 0.9, Max: 1.3, Diff: 1.3, Sum: 3.6]
         [Processed Buffers: Min: 0, Avg: 7.8, Max: 19, Diff: 19, Sum: 31]
      [Scan RS (ms): Min: 0.0, Avg: 2.2, Max: 3.0, Diff: 3.0, Sum: 8.7]
      [Code Root Scanning (ms): Min: 0.0, Avg: 0.0, Max: 0.1, Diff: 0.1, Sum: 0.1]
      [Object Copy (ms): Min: 2.5, Avg: 4.6, Max: 5.3, Diff: 2.8, Sum: 18.4]
      [Termination (ms): Min: 0.0, Avg: 0.0, Max: 0.0, Diff: 0.0, Sum: 0.0]
         [Termination Attempts: Min: 1, Avg: 1.0, Max: 1, Diff: 0, Sum: 4]
      [GC Worker Other (ms): Min: 0.0, Avg: 0.0, Max: 0.0, Diff: 0.0, Sum: 0.1]
      [GC Worker Total (ms): Min: 2.6, Avg: 8.3, Max: 10.4, Diff: 7.8, Sum: 33.3]
      [GC Worker End (ms): Min: 3490998.8, Avg: 3490998.8, Max: 3490998.8, Diff: 0.0]
   [Code Root Fixup: 0.0 ms]
   [Code Root Purge: 0.0 ms]
   [Clear CT: 0.1 ms]
   [Other: 0.7 ms]
      [Choose CSet: 0.0 ms]
      [Ref Proc: 0.2 ms]
      [Ref Enq: 0.0 ms]
      [Redirty Cards: 0.2 ms]
      [Humongous Register: 0.0 ms]
      [Humongous Reclaim: 0.0 ms]
      [Free CSet: 0.0 ms]
   [Eden: 8192.0K(8192.0K)->0.0B(73.0M) Survivors: 4096.0K->2048.0K Heap: 163.7M(256.0M)->153.9M(256.0M)]
 [Times: user=0.03 sys=0.00, real=0.01 secs] 
2020-04-16T14:27:47.643+0800: 3510.577: [GC pause (G1 Evacuation Pause) (young), 0.0075987 secs]
   [Parallel Time: 7.1 ms, GC Workers: 4]
      [GC Worker Start (ms): Min: 3510577.4, Avg: 3510577.4, Max: 3510577.4, Diff: 0.1]
      [Ext Root Scanning (ms): Min: 0.6, Avg: 0.6, Max: 0.7, Diff: 0.1, Sum: 2.5]
      [Update RS (ms): Min: 1.8, Avg: 1.9, Max: 2.0, Diff: 0.1, Sum: 7.6]
         [Processed Buffers: Min: 2, Avg: 11.8, Max: 23, Diff: 21, Sum: 47]
      [Scan RS (ms): Min: 1.6, Avg: 1.7, Max: 1.8, Diff: 0.2, Sum: 6.7]
      [Code Root Scanning (ms): Min: 0.0, Avg: 0.0, Max: 0.0, Diff: 0.0, Sum: 0.0]
      [Object Copy (ms): Min: 2.7, Avg: 2.8, Max: 2.9, Diff: 0.1, Sum: 11.3]
      [Termination (ms): Min: 0.0, Avg: 0.0, Max: 0.0, Diff: 0.0, Sum: 0.0]
         [Termination Attempts: Min: 1, Avg: 2.0, Max: 5, Diff: 4, Sum: 8]
      [GC Worker Other (ms): Min: 0.0, Avg: 0.0, Max: 0.0, Diff: 0.0, Sum: 0.1]
      [GC Worker Total (ms): Min: 7.0, Avg: 7.0, Max: 7.1, Diff: 0.1, Sum: 28.2]
      [GC Worker End (ms): Min: 3510584.5, Avg: 3510584.5, Max: 3510584.5, Diff: 0.0]
   [Code Root Fixup: 0.0 ms]
   [Code Root Purge: 0.0 ms]
   [Clear CT: 0.1 ms]
   [Other: 0.4 ms]
      [Choose CSet: 0.0 ms]
      [Ref Proc: 0.1 ms]
      [Ref Enq: 0.0 ms]
      [Redirty Cards: 0.0 ms]
      [Humongous Register: 0.0 ms]
      [Humongous Reclaim: 0.0 ms]
      [Free CSet: 0.1 ms]
   [Eden: 73.0M(73.0M)->0.0B(73.0M) Survivors: 2048.0K->2048.0K Heap: 226.9M(256.0M)->153.4M(256.0M)]
 [Times: user=0.03 sys=0.00, real=0.01 secs] 
Heap
 garbage-first heap   total 262144K, used 220592K [0x0000000780000000, 0x0000000780100800, 0x00000007c0000000)
  region size 1024K, 65 young (66560K), 2 survivors (2048K)
 Metaspace       used 30006K, capacity 30194K, committed 30592K, reserved 1075200K
  class space    used 4087K, capacity 4157K, committed 4224K, reserved 1048576K
